-- The C compiler identification is GNU 11.4.0
-- The CXX compiler identification is GNU 11.4.0
-- Detecting C compiler ABI info
-- Detecting C compiler ABI info - done
-- Check for working C compiler: /usr/bin/cc - skipped
-- Detecting C compile features
-- Detecting C compile features - done
-- Detecting CXX compiler ABI info
-- Detecting CXX compiler ABI info - done
-- Check for working CXX compiler: /usr/bin/c++ - skipped
-- Detecting CXX compile features
-- Detecting CXX compile features - done
-- Found ament_cmake: 1.3.14 (/opt/ros/humble/share/ament_cmake/cmake)
-- Found Python3: /usr/bin/python3 (found version "3.10.12") found components: Interpreter 
-- Override CMake install command with custom implementation using symlinks instead of copying resources
-- Found nav2_common: 1.1.20 (/opt/ros/humble/share/nav2_common/cmake)
-- Found angles: 1.15.0 (/opt/ros/humble/share/angles/cmake)
-- Found gac_nav2_costmap_2d: 1.1.14 (/home/zr/code/src/install/gac_nav2_costmap_2d/share/gac_nav2_costmap_2d/cmake)
-- Found rosidl_generator_c: 3.1.8 (/opt/ros/humble/share/rosidl_generator_c/cmake)
-- Found rosidl_adapter: 3.1.8 (/opt/ros/humble/share/rosidl_adapter/cmake)
-- Found rosidl_generator_cpp: 3.1.8 (/opt/ros/humble/share/rosidl_generator_cpp/cmake)
-- Using all available rosidl_typesupport_c: rosidl_typesupport_fastrtps_c;rosidl_typesupport_introspection_c
-- Using all available rosidl_typesupport_cpp: rosidl_typesupport_fastrtps_cpp;rosidl_typesupport_introspection_cpp
-- Found rmw_implementation_cmake: 6.1.2 (/opt/ros/humble/share/rmw_implementation_cmake/cmake)
-- Found rmw_fastrtps_cpp: 6.2.10 (/opt/ros/humble/share/rmw_fastrtps_cpp/cmake)
-- Found OpenSSL: /usr/lib/x86_64-linux-gnu/libcrypto.so (found version "3.0.2")  
-- Found FastRTPS: /opt/ros/humble/include  
-- Using RMW implementation 'rmw_fastrtps_cpp' as default
-- Looking for pthread.h
-- Looking for pthread.h - found
-- Performing Test CMAKE_HAVE_LIBC_PTHREAD
-- Performing Test CMAKE_HAVE_LIBC_PTHREAD - Success
-- Found Threads: TRUE  
-- Found Eigen3: TRUE (found version "3.4.0") 
-- Ensuring Eigen3 include directory is part of orocos-kdl CMake target
-- Found costmap_queue: 1.1.14 (/home/zr/code/src/install/costmap_queue/share/costmap_queue/cmake)
-- Found dwb_core: 1.1.14 (/home/zr/code/src/install/dwb_core/share/dwb_core/cmake)
-- Setting build type to Release as none was specified.
-- Configuring done
-- Generating done
-- Build files have been written to: /home/zr/code/src/build/dwb_critics
[ 15%] [32mBuilding CXX object CMakeFiles/dwb_critics.dir/src/path_dist.cpp.o[0m
[ 15%] [32mBuilding CXX object CMakeFiles/dwb_critics.dir/src/goal_dist.cpp.o[0m
[ 30%] [32mBuilding CXX object CMakeFiles/dwb_critics.dir/src/obstacle_footprint.cpp.o[0m
[ 30%] [32mBuilding CXX object CMakeFiles/dwb_critics.dir/src/base_obstacle.cpp.o[0m
[ 38%] [32mBuilding CXX object CMakeFiles/dwb_critics.dir/src/oscillation.cpp.o[0m
[ 46%] [32mBuilding CXX object CMakeFiles/dwb_critics.dir/src/map_grid.cpp.o[0m
[ 53%] [32mBuilding CXX object CMakeFiles/dwb_critics.dir/src/twirling.cpp.o[0m
[ 61%] [32mBuilding CXX object CMakeFiles/dwb_critics.dir/src/goal_align.cpp.o[0m
[ 69%] [32mBuilding CXX object CMakeFiles/dwb_critics.dir/src/rotate_to_goal.cpp.o[0m
[ 76%] [32mBuilding CXX object CMakeFiles/dwb_critics.dir/src/prefer_forward.cpp.o[0m
[ 84%] [32mBuilding CXX object CMakeFiles/dwb_critics.dir/src/alignment_util.cpp.o[0m
[ 92%] [32mBuilding CXX object CMakeFiles/dwb_critics.dir/src/path_align.cpp.o[0m
[100%] [32m[1mLinking CXX shared library libdwb_critics.so[0m
[100%] Built target dwb_critics
-- Install configuration: "Release"
-- Execute custom install script
-- Symlinking: /home/zr/code/src/install/dwb_critics/lib/libdwb_critics.so
-- Symlinking: /home/zr/code/src/install/dwb_critics/include//dwb_critics/alignment_util.hpp
-- Symlinking: /home/zr/code/src/install/dwb_critics/include//dwb_critics/base_obstacle.hpp
-- Symlinking: /home/zr/code/src/install/dwb_critics/include//dwb_critics/goal_align.hpp
-- Symlinking: /home/zr/code/src/install/dwb_critics/include//dwb_critics/goal_dist.hpp
-- Symlinking: /home/zr/code/src/install/dwb_critics/include//dwb_critics/line_iterator.hpp
-- Symlinking: /home/zr/code/src/install/dwb_critics/include//dwb_critics/map_grid.hpp
-- Symlinking: /home/zr/code/src/install/dwb_critics/include//dwb_critics/obstacle_footprint.hpp
-- Symlinking: /home/zr/code/src/install/dwb_critics/include//dwb_critics/oscillation.hpp
-- Symlinking: /home/zr/code/src/install/dwb_critics/include//dwb_critics/path_align.hpp
-- Symlinking: /home/zr/code/src/install/dwb_critics/include//dwb_critics/path_dist.hpp
-- Symlinking: /home/zr/code/src/install/dwb_critics/include//dwb_critics/prefer_forward.hpp
-- Symlinking: /home/zr/code/src/install/dwb_critics/include//dwb_critics/rotate_to_goal.hpp
-- Symlinking: /home/zr/code/src/install/dwb_critics/include//dwb_critics/twirling.hpp
-- Symlinking: /home/zr/code/src/install/dwb_critics/share/dwb_critics/default_critics.xml
-- Symlinking: /home/zr/code/src/install/dwb_critics/share/dwb_critics/environment/library_path.sh
-- Symlinking: /home/zr/code/src/install/dwb_critics/share/dwb_critics/environment/library_path.dsv
-- Up-to-date symlink: /home/zr/code/src/install/dwb_critics/share/dwb_critics//default_critics.xml
-- Symlinking: /home/zr/code/src/install/dwb_critics/share/ament_index/resource_index/package_run_dependencies/dwb_critics
-- Symlinking: /home/zr/code/src/install/dwb_critics/share/ament_index/resource_index/parent_prefix_path/dwb_critics
-- Symlinking: /home/zr/code/src/install/dwb_critics/share/dwb_critics/environment/ament_prefix_path.sh
-- Symlinking: /home/zr/code/src/install/dwb_critics/share/dwb_critics/environment/ament_prefix_path.dsv
-- Symlinking: /home/zr/code/src/install/dwb_critics/share/dwb_critics/environment/path.sh
-- Symlinking: /home/zr/code/src/install/dwb_critics/share/dwb_critics/environment/path.dsv
-- Symlinking: /home/zr/code/src/install/dwb_critics/share/dwb_critics/local_setup.bash
-- Symlinking: /home/zr/code/src/install/dwb_critics/share/dwb_critics/local_setup.sh
-- Symlinking: /home/zr/code/src/install/dwb_critics/share/dwb_critics/local_setup.zsh
-- Symlinking: /home/zr/code/src/install/dwb_critics/share/dwb_critics/local_setup.dsv
-- Symlinking: /home/zr/code/src/install/dwb_critics/share/dwb_critics/package.dsv
-- Symlinking: /home/zr/code/src/install/dwb_critics/share/ament_index/resource_index/packages/dwb_critics
-- Symlinking: /home/zr/code/src/install/dwb_critics/share/ament_index/resource_index/dwb_core__pluginlib__plugin/dwb_critics
-- Symlinking: /home/zr/code/src/install/dwb_critics/share/dwb_critics/cmake/ament_cmake_export_include_directories-extras.cmake
-- Symlinking: /home/zr/code/src/install/dwb_critics/share/dwb_critics/cmake/ament_cmake_export_libraries-extras.cmake
-- Symlinking: /home/zr/code/src/install/dwb_critics/share/dwb_critics/cmake/ament_cmake_export_dependencies-extras.cmake
-- Symlinking: /home/zr/code/src/install/dwb_critics/share/dwb_critics/cmake/dwb_criticsConfig.cmake
-- Symlinking: /home/zr/code/src/install/dwb_critics/share/dwb_critics/cmake/dwb_criticsConfig-version.cmake
-- Symlinking: /home/zr/code/src/install/dwb_critics/share/dwb_critics/package.xml
