[0.012s] Invoking command in '/home/zr/code/src/build/vizanti': AMENT_PREFIX_PATH=/home/zr/code/src/install/vizanti_server:/home/zr/code/src/install/vizanti_msgs:${AMENT_PREFIX_PATH} CMAKE_PREFIX_PATH=/home/zr/code/src/install/vizanti_server:/home/zr/code/src/install/vizanti_msgs:/opt/ros/humble LD_LIBRARY_PATH=/home/zr/code/src/install/vizanti_server/lib:/home/zr/code/src/install/vizanti_msgs/lib:${LD_LIBRARY_PATH} PYTHONPATH=/home/zr/code/src/install/vizanti_server/local/lib/python3.10/dist-packages:/home/zr/code/src/install/vizanti_msgs/local/lib/python3.10/dist-packages:${PYTHONPATH} /usr/bin/cmake /home/zr/code/src/vizanti_server/src/vizanti/vizanti -DAMENT_CMAKE_SYMLINK_INSTALL=1 -DCMAKE_INSTALL_PREFIX=/home/zr/code/src/install/vizanti
[0.040s] -- Found ament_cmake_core: 1.3.14 (/opt/ros/humble/share/ament_cmake_core/cmake)
[0.182s] -- Found Python3: /usr/bin/python3 (found version "3.10.12") found components: Interpreter 
[0.239s] -- Override CMake install command with custom implementation using symlinks instead of copying resources
[0.291s] -- Configuring done
[0.293s] -- Generating done
[0.295s] -- Build files have been written to: /home/zr/code/src/build/vizanti
[0.297s] Invoked command in '/home/zr/code/src/build/vizanti' returned '0': AMENT_PREFIX_PATH=/home/zr/code/src/install/vizanti_server:/home/zr/code/src/install/vizanti_msgs:${AMENT_PREFIX_PATH} CMAKE_PREFIX_PATH=/home/zr/code/src/install/vizanti_server:/home/zr/code/src/install/vizanti_msgs:/opt/ros/humble LD_LIBRARY_PATH=/home/zr/code/src/install/vizanti_server/lib:/home/zr/code/src/install/vizanti_msgs/lib:${LD_LIBRARY_PATH} PYTHONPATH=/home/zr/code/src/install/vizanti_server/local/lib/python3.10/dist-packages:/home/zr/code/src/install/vizanti_msgs/local/lib/python3.10/dist-packages:${PYTHONPATH} /usr/bin/cmake /home/zr/code/src/vizanti_server/src/vizanti/vizanti -DAMENT_CMAKE_SYMLINK_INSTALL=1 -DCMAKE_INSTALL_PREFIX=/home/zr/code/src/install/vizanti
[0.299s] Invoking command in '/home/zr/code/src/build/vizanti': AMENT_PREFIX_PATH=/home/zr/code/src/install/vizanti_server:/home/zr/code/src/install/vizanti_msgs:${AMENT_PREFIX_PATH} CMAKE_PREFIX_PATH=/home/zr/code/src/install/vizanti_server:/home/zr/code/src/install/vizanti_msgs:/opt/ros/humble LD_LIBRARY_PATH=/home/zr/code/src/install/vizanti_server/lib:/home/zr/code/src/install/vizanti_msgs/lib:${LD_LIBRARY_PATH} PYTHONPATH=/home/zr/code/src/install/vizanti_server/local/lib/python3.10/dist-packages:/home/zr/code/src/install/vizanti_msgs/local/lib/python3.10/dist-packages:${PYTHONPATH} /usr/bin/cmake --build /home/zr/code/src/build/vizanti -- -j16 -l16
[0.340s] Invoked command in '/home/zr/code/src/build/vizanti' returned '0': AMENT_PREFIX_PATH=/home/zr/code/src/install/vizanti_server:/home/zr/code/src/install/vizanti_msgs:${AMENT_PREFIX_PATH} CMAKE_PREFIX_PATH=/home/zr/code/src/install/vizanti_server:/home/zr/code/src/install/vizanti_msgs:/opt/ros/humble LD_LIBRARY_PATH=/home/zr/code/src/install/vizanti_server/lib:/home/zr/code/src/install/vizanti_msgs/lib:${LD_LIBRARY_PATH} PYTHONPATH=/home/zr/code/src/install/vizanti_server/local/lib/python3.10/dist-packages:/home/zr/code/src/install/vizanti_msgs/local/lib/python3.10/dist-packages:${PYTHONPATH} /usr/bin/cmake --build /home/zr/code/src/build/vizanti -- -j16 -l16
[0.341s] Invoking command in '/home/zr/code/src/build/vizanti': AMENT_PREFIX_PATH=/home/zr/code/src/install/vizanti_server:/home/zr/code/src/install/vizanti_msgs:${AMENT_PREFIX_PATH} CMAKE_PREFIX_PATH=/home/zr/code/src/install/vizanti_server:/home/zr/code/src/install/vizanti_msgs:/opt/ros/humble LD_LIBRARY_PATH=/home/zr/code/src/install/vizanti_server/lib:/home/zr/code/src/install/vizanti_msgs/lib:${LD_LIBRARY_PATH} PYTHONPATH=/home/zr/code/src/install/vizanti_server/local/lib/python3.10/dist-packages:/home/zr/code/src/install/vizanti_msgs/local/lib/python3.10/dist-packages:${PYTHONPATH} /usr/bin/cmake --install /home/zr/code/src/build/vizanti
[0.350s] -- Install configuration: ""
[0.350s] -- Execute custom install script
[0.350s] -- Symlinking: /home/zr/code/src/install/vizanti/share/ament_index/resource_index/package_run_dependencies/vizanti
[0.359s] -- Symlinking: /home/zr/code/src/install/vizanti/share/ament_index/resource_index/parent_prefix_path/vizanti
[0.368s] -- Symlinking: /home/zr/code/src/install/vizanti/share/vizanti/environment/ament_prefix_path.sh
[0.376s] -- Symlinking: /home/zr/code/src/install/vizanti/share/vizanti/environment/ament_prefix_path.dsv
[0.386s] -- Symlinking: /home/zr/code/src/install/vizanti/share/vizanti/environment/path.sh
[0.396s] -- Symlinking: /home/zr/code/src/install/vizanti/share/vizanti/environment/path.dsv
[0.406s] -- Symlinking: /home/zr/code/src/install/vizanti/share/vizanti/local_setup.bash
[0.416s] -- Symlinking: /home/zr/code/src/install/vizanti/share/vizanti/local_setup.sh
[0.426s] -- Symlinking: /home/zr/code/src/install/vizanti/share/vizanti/local_setup.zsh
[0.437s] -- Symlinking: /home/zr/code/src/install/vizanti/share/vizanti/local_setup.dsv
[0.446s] -- Symlinking: /home/zr/code/src/install/vizanti/share/vizanti/package.dsv
[0.456s] -- Symlinking: /home/zr/code/src/install/vizanti/share/ament_index/resource_index/packages/vizanti
[0.466s] -- Symlinking: /home/zr/code/src/install/vizanti/share/vizanti/cmake/vizantiConfig.cmake
[0.475s] -- Symlinking: /home/zr/code/src/install/vizanti/share/vizanti/cmake/vizantiConfig-version.cmake
[0.484s] -- Symlinking: /home/zr/code/src/install/vizanti/share/vizanti/package.xml
[0.497s] Invoked command in '/home/zr/code/src/build/vizanti' returned '0': AMENT_PREFIX_PATH=/home/zr/code/src/install/vizanti_server:/home/zr/code/src/install/vizanti_msgs:${AMENT_PREFIX_PATH} CMAKE_PREFIX_PATH=/home/zr/code/src/install/vizanti_server:/home/zr/code/src/install/vizanti_msgs:/opt/ros/humble LD_LIBRARY_PATH=/home/zr/code/src/install/vizanti_server/lib:/home/zr/code/src/install/vizanti_msgs/lib:${LD_LIBRARY_PATH} PYTHONPATH=/home/zr/code/src/install/vizanti_server/local/lib/python3.10/dist-packages:/home/zr/code/src/install/vizanti_msgs/local/lib/python3.10/dist-packages:${PYTHONPATH} /usr/bin/cmake --install /home/zr/code/src/build/vizanti
