running develop
running egg_info
writing robot_relate_python.egg-info/PKG-INFO
writing dependency_links to robot_relate_python.egg-info/dependency_links.txt
writing entry points to robot_relate_python.egg-info/entry_points.txt
writing requirements to robot_relate_python.egg-info/requires.txt
writing top-level names to robot_relate_python.egg-info/top_level.txt
reading manifest file 'robot_relate_python.egg-info/SOURCES.txt'
writing manifest file 'robot_relate_python.egg-info/SOURCES.txt'
running build_ext
Creating /home/zr/code/src/install/robot_relate_python/lib/python3.10/site-packages/robot-relate-python.egg-link (link to .)
Installing cancel_navigation script to /home/zr/code/src/install/robot_relate_python/lib/robot_relate_python
Installing get_realtime_pose script to /home/zr/code/src/install/robot_relate_python/lib/robot_relate_python
Installing navigation_to_pose script to /home/zr/code/src/install/robot_relate_python/lib/robot_relate_python
Installing set_initpose script to /home/zr/code/src/install/robot_relate_python/lib/robot_relate_python
Installing waypoint_follow script to /home/zr/code/src/install/robot_relate_python/lib/robot_relate_python

Installed /home/zr/code/src/build/robot_relate_python
running symlink_data
symbolically linking /home/zr/code/src/build/robot_relate_python/resource/robot_relate_python -> /home/zr/code/src/install/robot_relate_python/share/ament_index/resource_index/packages
symbolically linking /home/zr/code/src/build/robot_relate_python/package.xml -> /home/zr/code/src/install/robot_relate_python/share/robot_relate_python
