-- The C compiler identification is GNU 11.4.0
-- The CXX compiler identification is GNU 11.4.0
-- Detecting C compiler ABI info
-- Detecting C compiler ABI info - done
-- Check for working C compiler: /usr/bin/cc - skipped
-- Detecting C compile features
-- Detecting C compile features - done
-- Detecting CXX compiler ABI info
-- Detecting CXX compiler ABI info - done
-- Check for working CXX compiler: /usr/bin/c++ - skipped
-- Detecting CXX compile features
-- Detecting CXX compile features - done
-- Found ament_cmake: 1.3.14 (/opt/ros/humble/share/ament_cmake/cmake)
-- Found Python3: /usr/bin/python3 (found version "3.10.12") found components: Interpreter 
-- Override CMake install command with custom implementation using symlinks instead of copying resources
-- Found geometry_msgs: 4.9.1 (/opt/ros/humble/share/geometry_msgs/cmake)
-- Found rosidl_generator_c: 3.1.8 (/opt/ros/humble/share/rosidl_generator_c/cmake)
-- Found rosidl_adapter: 3.1.8 (/opt/ros/humble/share/rosidl_adapter/cmake)
-- Found rosidl_generator_cpp: 3.1.8 (/opt/ros/humble/share/rosidl_generator_cpp/cmake)
-- Using all available rosidl_typesupport_c: rosidl_typesupport_fastrtps_c;rosidl_typesupport_introspection_c
-- Using all available rosidl_typesupport_cpp: rosidl_typesupport_fastrtps_cpp;rosidl_typesupport_introspection_cpp
-- Found laser_geometry: 2.4.1 (/opt/ros/humble/share/laser_geometry/cmake)
-- Found rmw_implementation_cmake: 6.1.2 (/opt/ros/humble/share/rmw_implementation_cmake/cmake)
-- Found rmw_fastrtps_cpp: 6.2.10 (/opt/ros/humble/share/rmw_fastrtps_cpp/cmake)
-- Found OpenSSL: /usr/lib/x86_64-linux-gnu/libcrypto.so (found version "3.0.2")  
-- Found FastRTPS: /opt/ros/humble/include  
-- Using RMW implementation 'rmw_fastrtps_cpp' as default
-- Looking for pthread.h
-- Looking for pthread.h - found
-- Performing Test CMAKE_HAVE_LIBC_PTHREAD
-- Performing Test CMAKE_HAVE_LIBC_PTHREAD - Success
-- Found Threads: TRUE  
-- Found map_msgs: 2.1.0 (/opt/ros/humble/share/map_msgs/cmake)
-- Found message_filters: 4.3.15 (/opt/ros/humble/share/message_filters/cmake)
-- Found nav2_common: 1.1.20 (/opt/ros/humble/share/nav2_common/cmake)
-- Found nav2_msgs: 1.1.20 (/opt/ros/humble/share/nav2_msgs/cmake)
-- Found nav2_util: 1.1.14 (/home/zr/code/src/install/nav2_util/share/nav2_util/cmake)
-- Found Eigen3: TRUE (found version "3.4.0") 
-- Ensuring Eigen3 include directory is part of orocos-kdl CMake target
-- Found gac_nav2_voxel_grid: 1.1.14 (/home/zr/code/src/install/gac_nav2_voxel_grid/share/gac_nav2_voxel_grid/cmake)
-- Found pluginlib: 5.1.3 (/opt/ros/humble/share/pluginlib/cmake)
-- Found std_srvs: 4.9.1 (/opt/ros/humble/share/std_srvs/cmake)
-- Found tf2_sensor_msgs: 0.25.20 (/opt/ros/humble/share/tf2_sensor_msgs/cmake)
-- Found visualization_msgs: 4.9.1 (/opt/ros/humble/share/visualization_msgs/cmake)
-- Found angles: 1.15.0 (/opt/ros/humble/share/angles/cmake)
-- Found Eigen3: TRUE (found suitable version "3.4.0", minimum required is "3.3") 
-- Setting build type to Release as none was specified.
-- Configuring done
-- Generating done
-- Build files have been written to: /home/zr/code/src/build/gac_nav2_costmap_2d
[  2%] [32mBuilding CXX object CMakeFiles/nav2_costmap_2d_core.dir/src/array_parser.cpp.o[0m
[  5%] [32mBuilding CXX object CMakeFiles/nav2_costmap_2d_core.dir/src/costmap_2d.cpp.o[0m
[  7%] [32mBuilding CXX object CMakeFiles/nav2_costmap_2d_core.dir/src/layer.cpp.o[0m
[ 10%] [32mBuilding CXX object CMakeFiles/nav2_costmap_2d_core.dir/src/costmap_2d_ros.cpp.o[0m
[ 13%] [32mBuilding CXX object CMakeFiles/nav2_costmap_2d_core.dir/src/layered_costmap.cpp.o[0m
[ 23%] [32mBuilding CXX object CMakeFiles/nav2_costmap_2d_core.dir/src/clear_costmap_service.cpp.o[0m
[ 23%] [32mBuilding CXX object CMakeFiles/nav2_costmap_2d_core.dir/src/footprint_collision_checker.cpp.o[0m
[ 23%] [32mBuilding CXX object CMakeFiles/nav2_costmap_2d_core.dir/plugins/costmap_filters/costmap_filter.cpp.o[0m
[ 23%] [32mBuilding CXX object CMakeFiles/nav2_costmap_2d_core.dir/include/dynamicvoronoi/dynamicvoronoi.cpp.o[0m
[ 26%] [32mBuilding CXX object CMakeFiles/nav2_costmap_2d_core.dir/src/observation_buffer.cpp.o[0m
[ 31%] [32mBuilding CXX object CMakeFiles/nav2_costmap_2d_core.dir/src/costmap_layer.cpp.o[0m
[ 31%] [32mBuilding CXX object CMakeFiles/nav2_costmap_2d_core.dir/src/footprint.cpp.o[0m
[ 34%] [32mBuilding CXX object CMakeFiles/nav2_costmap_2d_core.dir/src/costmap_math.cpp.o[0m
[ 36%] [32mBuilding CXX object CMakeFiles/nav2_costmap_2d_core.dir/src/costmap_2d_publisher.cpp.o[0m
[ 39%] [32m[1mLinking CXX shared library libnav2_costmap_2d_core.so[0m
[ 39%] Built target nav2_costmap_2d_core
[ 68%] [32mBuilding CXX object CMakeFiles/nav2_costmap_2d_cloud.dir/src/costmap_2d_cloud.cpp.o[0m
[ 68%] [32mBuilding CXX object CMakeFiles/filters.dir/plugins/costmap_filters/speed_filter.cpp.o[0m
[ 68%] [32mBuilding CXX object CMakeFiles/nav2_costmap_2d_client.dir/src/costmap_subscriber.cpp.o[0m
[ 68%] [32mBuilding CXX object CMakeFiles/nav2_costmap_2d_client.dir/src/costmap_topic_collision_checker.cpp.o[0m
[ 68%] [32mBuilding CXX object CMakeFiles/filters.dir/plugins/costmap_filters/binary_filter.cpp.o[0m
[ 68%] [32mBuilding CXX object CMakeFiles/layers.dir/src/observation_buffer.cpp.o[0m
[ 68%] [32mBuilding CXX object CMakeFiles/layers.dir/plugins/obstacle_layer.cpp.o[0m
[ 68%] [32mBuilding CXX object CMakeFiles/nav2_costmap_2d_markers.dir/src/costmap_2d_markers.cpp.o[0m
[ 68%] [32mBuilding CXX object CMakeFiles/filters.dir/plugins/costmap_filters/keepout_filter.cpp.o[0m
[ 68%] [32mBuilding CXX object CMakeFiles/layers.dir/plugins/inflation_layer.cpp.o[0m
[ 68%] [32mBuilding CXX object CMakeFiles/nav2_costmap_2d_client.dir/src/footprint_subscriber.cpp.o[0m
[ 76%] [32mBuilding CXX object CMakeFiles/layers.dir/plugins/static_layer.cpp.o[0m
[ 76%] [32mBuilding CXX object CMakeFiles/layers.dir/plugins/voxel_layer.cpp.o[0m
[ 76%] [32mBuilding CXX object CMakeFiles/layers.dir/plugins/range_sensor_layer.cpp.o[0m
[ 78%] [32mBuilding CXX object CMakeFiles/layers.dir/plugins/denoise_layer.cpp.o[0m
[ 81%] [32mBuilding CXX object CMakeFiles/layers.dir/plugins/voronoi_layer.cpp.o[0m
[ 84%] [32m[1mLinking CXX shared library liblayers.so[0m
[ 84%] Built target layers
[ 86%] [32m[1mLinking CXX executable nav2_costmap_2d_markers[0m
[ 89%] [32m[1mLinking CXX executable nav2_costmap_2d_cloud[0m
[ 89%] Built target nav2_costmap_2d_markers
[ 89%] Built target nav2_costmap_2d_cloud
[ 92%] [32m[1mLinking CXX shared library libnav2_costmap_2d_client.so[0m
[ 92%] Built target nav2_costmap_2d_client
[ 94%] [32m[1mLinking CXX shared library libfilters.so[0m
[ 94%] Built target filters
[ 97%] [32mBuilding CXX object CMakeFiles/nav2_costmap_2d.dir/src/costmap_2d_node.cpp.o[0m
[100%] [32m[1mLinking CXX executable nav2_costmap_2d[0m
[100%] Built target nav2_costmap_2d
-- Install configuration: "Release"
-- Execute custom install script
-- Symlinking: /home/zr/code/src/install/gac_nav2_costmap_2d/lib/gac_nav2_costmap_2d/nav2_costmap_2d_markers
-- Symlinking: /home/zr/code/src/install/gac_nav2_costmap_2d/lib/gac_nav2_costmap_2d/nav2_costmap_2d_cloud
-- Symlinking: /home/zr/code/src/install/gac_nav2_costmap_2d/lib/gac_nav2_costmap_2d/nav2_costmap_2d
-- Symlinking: /home/zr/code/src/install/gac_nav2_costmap_2d/share/gac_nav2_costmap_2d/costmap_plugins.xml
-- Symlinking: /home/zr/code/src/install/gac_nav2_costmap_2d/include/gac_nav2_costmap_2d/dynamicvoronoi/bucketedqueue.h
-- Symlinking: /home/zr/code/src/install/gac_nav2_costmap_2d/include/gac_nav2_costmap_2d/dynamicvoronoi/bucketedqueue.hxx
-- Symlinking: /home/zr/code/src/install/gac_nav2_costmap_2d/include/gac_nav2_costmap_2d/dynamicvoronoi/dynamicvoronoi.cpp
-- Symlinking: /home/zr/code/src/install/gac_nav2_costmap_2d/include/gac_nav2_costmap_2d/dynamicvoronoi/dynamicvoronoi.h
-- Symlinking: /home/zr/code/src/install/gac_nav2_costmap_2d/include/gac_nav2_costmap_2d/dynamicvoronoi/point.h
-- Symlinking: /home/zr/code/src/install/gac_nav2_costmap_2d/include/gac_nav2_costmap_2d/nav2_costmap_2d/array_parser.hpp
-- Symlinking: /home/zr/code/src/install/gac_nav2_costmap_2d/include/gac_nav2_costmap_2d/nav2_costmap_2d/clear_costmap_service.hpp
-- Symlinking: /home/zr/code/src/install/gac_nav2_costmap_2d/include/gac_nav2_costmap_2d/nav2_costmap_2d/cost_values.hpp
-- Symlinking: /home/zr/code/src/install/gac_nav2_costmap_2d/include/gac_nav2_costmap_2d/nav2_costmap_2d/costmap_2d.hpp
-- Symlinking: /home/zr/code/src/install/gac_nav2_costmap_2d/include/gac_nav2_costmap_2d/nav2_costmap_2d/costmap_2d_publisher.hpp
-- Symlinking: /home/zr/code/src/install/gac_nav2_costmap_2d/include/gac_nav2_costmap_2d/nav2_costmap_2d/costmap_2d_ros.hpp
-- Symlinking: /home/zr/code/src/install/gac_nav2_costmap_2d/include/gac_nav2_costmap_2d/nav2_costmap_2d/costmap_filters/binary_filter.hpp
-- Symlinking: /home/zr/code/src/install/gac_nav2_costmap_2d/include/gac_nav2_costmap_2d/nav2_costmap_2d/costmap_filters/costmap_filter.hpp
-- Symlinking: /home/zr/code/src/install/gac_nav2_costmap_2d/include/gac_nav2_costmap_2d/nav2_costmap_2d/costmap_filters/filter_values.hpp
-- Symlinking: /home/zr/code/src/install/gac_nav2_costmap_2d/include/gac_nav2_costmap_2d/nav2_costmap_2d/costmap_filters/keepout_filter.hpp
-- Symlinking: /home/zr/code/src/install/gac_nav2_costmap_2d/include/gac_nav2_costmap_2d/nav2_costmap_2d/costmap_filters/speed_filter.hpp
-- Symlinking: /home/zr/code/src/install/gac_nav2_costmap_2d/include/gac_nav2_costmap_2d/nav2_costmap_2d/costmap_layer.hpp
-- Symlinking: /home/zr/code/src/install/gac_nav2_costmap_2d/include/gac_nav2_costmap_2d/nav2_costmap_2d/costmap_math.hpp
-- Symlinking: /home/zr/code/src/install/gac_nav2_costmap_2d/include/gac_nav2_costmap_2d/nav2_costmap_2d/costmap_subscriber.hpp
-- Symlinking: /home/zr/code/src/install/gac_nav2_costmap_2d/include/gac_nav2_costmap_2d/nav2_costmap_2d/costmap_topic_collision_checker.hpp
-- Symlinking: /home/zr/code/src/install/gac_nav2_costmap_2d/include/gac_nav2_costmap_2d/nav2_costmap_2d/denoise/image.hpp
-- Symlinking: /home/zr/code/src/install/gac_nav2_costmap_2d/include/gac_nav2_costmap_2d/nav2_costmap_2d/denoise/image_processing.hpp
-- Symlinking: /home/zr/code/src/install/gac_nav2_costmap_2d/include/gac_nav2_costmap_2d/nav2_costmap_2d/denoise_layer.hpp
-- Symlinking: /home/zr/code/src/install/gac_nav2_costmap_2d/include/gac_nav2_costmap_2d/nav2_costmap_2d/exceptions.hpp
-- Symlinking: /home/zr/code/src/install/gac_nav2_costmap_2d/include/gac_nav2_costmap_2d/nav2_costmap_2d/footprint.hpp
-- Symlinking: /home/zr/code/src/install/gac_nav2_costmap_2d/include/gac_nav2_costmap_2d/nav2_costmap_2d/footprint_collision_checker.hpp
-- Symlinking: /home/zr/code/src/install/gac_nav2_costmap_2d/include/gac_nav2_costmap_2d/nav2_costmap_2d/footprint_subscriber.hpp
-- Symlinking: /home/zr/code/src/install/gac_nav2_costmap_2d/include/gac_nav2_costmap_2d/nav2_costmap_2d/inflation_layer.hpp
-- Symlinking: /home/zr/code/src/install/gac_nav2_costmap_2d/include/gac_nav2_costmap_2d/nav2_costmap_2d/layer.hpp
-- Symlinking: /home/zr/code/src/install/gac_nav2_costmap_2d/include/gac_nav2_costmap_2d/nav2_costmap_2d/layered_costmap.hpp
-- Symlinking: /home/zr/code/src/install/gac_nav2_costmap_2d/include/gac_nav2_costmap_2d/nav2_costmap_2d/observation.hpp
-- Symlinking: /home/zr/code/src/install/gac_nav2_costmap_2d/include/gac_nav2_costmap_2d/nav2_costmap_2d/observation_buffer.hpp
-- Symlinking: /home/zr/code/src/install/gac_nav2_costmap_2d/include/gac_nav2_costmap_2d/nav2_costmap_2d/obstacle_layer.hpp
-- Symlinking: /home/zr/code/src/install/gac_nav2_costmap_2d/include/gac_nav2_costmap_2d/nav2_costmap_2d/range_sensor_layer.hpp
-- Symlinking: /home/zr/code/src/install/gac_nav2_costmap_2d/include/gac_nav2_costmap_2d/nav2_costmap_2d/static_layer.hpp
-- Symlinking: /home/zr/code/src/install/gac_nav2_costmap_2d/include/gac_nav2_costmap_2d/nav2_costmap_2d/voronoi_layer.hpp
-- Symlinking: /home/zr/code/src/install/gac_nav2_costmap_2d/include/gac_nav2_costmap_2d/nav2_costmap_2d/voxel_layer.hpp
-- Symlinking: /home/zr/code/src/install/gac_nav2_costmap_2d/share/gac_nav2_costmap_2d/environment/library_path.sh
-- Symlinking: /home/zr/code/src/install/gac_nav2_costmap_2d/share/gac_nav2_costmap_2d/environment/library_path.dsv
-- Up-to-date symlink: /home/zr/code/src/install/gac_nav2_costmap_2d/share/gac_nav2_costmap_2d//costmap_plugins.xml
-- Symlinking: /home/zr/code/src/install/gac_nav2_costmap_2d/share/ament_index/resource_index/package_run_dependencies/gac_nav2_costmap_2d
-- Symlinking: /home/zr/code/src/install/gac_nav2_costmap_2d/share/ament_index/resource_index/parent_prefix_path/gac_nav2_costmap_2d
-- Symlinking: /home/zr/code/src/install/gac_nav2_costmap_2d/share/gac_nav2_costmap_2d/environment/ament_prefix_path.sh
-- Symlinking: /home/zr/code/src/install/gac_nav2_costmap_2d/share/gac_nav2_costmap_2d/environment/ament_prefix_path.dsv
-- Symlinking: /home/zr/code/src/install/gac_nav2_costmap_2d/share/gac_nav2_costmap_2d/environment/path.sh
-- Symlinking: /home/zr/code/src/install/gac_nav2_costmap_2d/share/gac_nav2_costmap_2d/environment/path.dsv
-- Symlinking: /home/zr/code/src/install/gac_nav2_costmap_2d/share/gac_nav2_costmap_2d/local_setup.bash
-- Symlinking: /home/zr/code/src/install/gac_nav2_costmap_2d/share/gac_nav2_costmap_2d/local_setup.sh
-- Symlinking: /home/zr/code/src/install/gac_nav2_costmap_2d/share/gac_nav2_costmap_2d/local_setup.zsh
-- Symlinking: /home/zr/code/src/install/gac_nav2_costmap_2d/share/gac_nav2_costmap_2d/local_setup.dsv
-- Symlinking: /home/zr/code/src/install/gac_nav2_costmap_2d/share/gac_nav2_costmap_2d/package.dsv
-- Symlinking: /home/zr/code/src/install/gac_nav2_costmap_2d/share/ament_index/resource_index/packages/gac_nav2_costmap_2d
-- Symlinking: /home/zr/code/src/install/gac_nav2_costmap_2d/share/ament_index/resource_index/gac_nav2_costmap_2d__pluginlib__plugin/gac_nav2_costmap_2d
-- Symlinking: /home/zr/code/src/install/gac_nav2_costmap_2d/share/gac_nav2_costmap_2d/cmake/ament_cmake_export_targets-extras.cmake
-- Symlinking: /home/zr/code/src/install/gac_nav2_costmap_2d/share/gac_nav2_costmap_2d/cmake/ament_cmake_export_dependencies-extras.cmake
-- Symlinking: /home/zr/code/src/install/gac_nav2_costmap_2d/share/gac_nav2_costmap_2d/cmake/gac_nav2_costmap_2dConfig.cmake
-- Symlinking: /home/zr/code/src/install/gac_nav2_costmap_2d/share/gac_nav2_costmap_2d/cmake/gac_nav2_costmap_2dConfig-version.cmake
-- Symlinking: /home/zr/code/src/install/gac_nav2_costmap_2d/share/gac_nav2_costmap_2d/package.xml
-- Installing: /home/zr/code/src/install/gac_nav2_costmap_2d/lib/liblayers.so
-- Set runtime path of "/home/zr/code/src/install/gac_nav2_costmap_2d/lib/liblayers.so" to ""
-- Installing: /home/zr/code/src/install/gac_nav2_costmap_2d/lib/libfilters.so
-- Set runtime path of "/home/zr/code/src/install/gac_nav2_costmap_2d/lib/libfilters.so" to ""
-- Installing: /home/zr/code/src/install/gac_nav2_costmap_2d/lib/libnav2_costmap_2d_core.so
-- Set runtime path of "/home/zr/code/src/install/gac_nav2_costmap_2d/lib/libnav2_costmap_2d_core.so" to ""
-- Installing: /home/zr/code/src/install/gac_nav2_costmap_2d/lib/libnav2_costmap_2d_client.so
-- Set runtime path of "/home/zr/code/src/install/gac_nav2_costmap_2d/lib/libnav2_costmap_2d_client.so" to ""
-- Installing: /home/zr/code/src/install/gac_nav2_costmap_2d/share/gac_nav2_costmap_2d/cmake/export_gac_nav2_costmap_2dExport.cmake
-- Installing: /home/zr/code/src/install/gac_nav2_costmap_2d/share/gac_nav2_costmap_2d/cmake/export_gac_nav2_costmap_2dExport-release.cmake
