[0.019s] Invoking command in '/home/zr/code/src/build/gac_nav2_costmap_2d': AMENT_PREFIX_PATH=/home/zr/code/src/install/nav2_map_server:/home/zr/code/src/install/nav2_lifecycle_manager:/home/zr/code/src/install/nav2_util:/home/zr/code/src/install/gac_nav2_voxel_grid:${AMENT_PREFIX_PATH} CMAKE_PREFIX_PATH=/home/zr/code/src/install/nav2_map_server:/home/zr/code/src/install/nav2_lifecycle_manager:/home/zr/code/src/install/nav2_util:/home/zr/code/src/install/gac_nav2_voxel_grid:/opt/ros/humble LD_LIBRARY_PATH=/home/zr/code/src/install/nav2_map_server/lib:/home/zr/code/src/install/nav2_lifecycle_manager/lib:/home/zr/code/src/install/nav2_util/lib:/home/zr/code/src/install/gac_nav2_voxel_grid/lib:${LD_LIBRARY_PATH} /usr/bin/cmake /home/zr/code/src/nav_ws_gazebo/src/gac_navigation2/gac_nav2_costmap_2d -DBUILD_TESTING=OFF -DCMAKE_C_COMPILER_LAUNCHER=ccache -DCMAKE_CXX_COMPILER_LAUNCHER=ccache -DAMENT_CMAKE_SYMLINK_INSTALL=1 -DCMAKE_INSTALL_PREFIX=/home/zr/code/src/install/gac_nav2_costmap_2d
[0.087s] -- The C compiler identification is GNU 11.4.0
[0.141s] -- The CXX compiler identification is GNU 11.4.0
[0.151s] -- Detecting C compiler ABI info
[0.227s] -- Detecting C compiler ABI info - done
[0.235s] -- Check for working C compiler: /usr/bin/cc - skipped
[0.235s] -- Detecting C compile features
[0.235s] -- Detecting C compile features - done
[0.238s] -- Detecting CXX compiler ABI info
[0.330s] -- Detecting CXX compiler ABI info - done
[0.340s] -- Check for working CXX compiler: /usr/bin/c++ - skipped
[0.341s] -- Detecting CXX compile features
[0.341s] -- Detecting CXX compile features - done
[0.345s] -- Found ament_cmake: 1.3.14 (/opt/ros/humble/share/ament_cmake/cmake)
[0.500s] -- Found Python3: /usr/bin/python3 (found version "3.10.12") found components: Interpreter 
[0.567s] -- Override CMake install command with custom implementation using symlinks instead of copying resources
[0.605s] -- Found geometry_msgs: 4.9.1 (/opt/ros/humble/share/geometry_msgs/cmake)
[0.655s] -- Found rosidl_generator_c: 3.1.8 (/opt/ros/humble/share/rosidl_generator_c/cmake)
[0.661s] -- Found rosidl_adapter: 3.1.8 (/opt/ros/humble/share/rosidl_adapter/cmake)
[0.670s] -- Found rosidl_generator_cpp: 3.1.8 (/opt/ros/humble/share/rosidl_generator_cpp/cmake)
[0.683s] -- Using all available rosidl_typesupport_c: rosidl_typesupport_fastrtps_c;rosidl_typesupport_introspection_c
[0.699s] -- Using all available rosidl_typesupport_cpp: rosidl_typesupport_fastrtps_cpp;rosidl_typesupport_introspection_cpp
[0.734s] -- Found laser_geometry: 2.4.1 (/opt/ros/humble/share/laser_geometry/cmake)
[0.797s] -- Found rmw_implementation_cmake: 6.1.2 (/opt/ros/humble/share/rmw_implementation_cmake/cmake)
[0.801s] -- Found rmw_fastrtps_cpp: 6.2.10 (/opt/ros/humble/share/rmw_fastrtps_cpp/cmake)
[0.915s] -- Found OpenSSL: /usr/lib/x86_64-linux-gnu/libcrypto.so (found version "3.0.2")  
[0.953s] -- Found FastRTPS: /opt/ros/humble/include  
[1.002s] -- Using RMW implementation 'rmw_fastrtps_cpp' as default
[1.012s] -- Looking for pthread.h
[1.093s] -- Looking for pthread.h - found
[1.094s] -- Performing Test CMAKE_HAVE_LIBC_PTHREAD
[1.176s] -- Performing Test CMAKE_HAVE_LIBC_PTHREAD - Success
[1.177s] -- Found Threads: TRUE  
[1.252s] -- Found map_msgs: 2.1.0 (/opt/ros/humble/share/map_msgs/cmake)
[1.290s] -- Found message_filters: 4.3.15 (/opt/ros/humble/share/message_filters/cmake)
[1.294s] -- Found nav2_common: 1.1.20 (/opt/ros/humble/share/nav2_common/cmake)
[1.297s] -- Found nav2_msgs: 1.1.20 (/opt/ros/humble/share/nav2_msgs/cmake)
[1.345s] -- Found nav2_util: 1.1.14 (/home/zr/code/src/install/nav2_util/share/nav2_util/cmake)
[1.421s] -- Found Eigen3: TRUE (found version "3.4.0") 
[1.422s] -- Ensuring Eigen3 include directory is part of orocos-kdl CMake target
[1.478s] -- Found gac_nav2_voxel_grid: 1.1.14 (/home/zr/code/src/install/gac_nav2_voxel_grid/share/gac_nav2_voxel_grid/cmake)
[1.482s] -- Found pluginlib: 5.1.3 (/opt/ros/humble/share/pluginlib/cmake)
[1.503s] -- Found std_srvs: 4.9.1 (/opt/ros/humble/share/std_srvs/cmake)
[1.513s] -- Found tf2_sensor_msgs: 0.25.20 (/opt/ros/humble/share/tf2_sensor_msgs/cmake)
[1.519s] -- Found visualization_msgs: 4.9.1 (/opt/ros/humble/share/visualization_msgs/cmake)
[1.544s] -- Found angles: 1.15.0 (/opt/ros/humble/share/angles/cmake)
[1.546s] -- Found Eigen3: TRUE (found suitable version "3.4.0", minimum required is "3.3") 
[1.546s] -- Setting build type to Release as none was specified.
[1.743s] -- Configuring done
[2.016s] -- Generating done
[2.050s] -- Build files have been written to: /home/zr/code/src/build/gac_nav2_costmap_2d
[2.066s] Invoked command in '/home/zr/code/src/build/gac_nav2_costmap_2d' returned '0': AMENT_PREFIX_PATH=/home/zr/code/src/install/nav2_map_server:/home/zr/code/src/install/nav2_lifecycle_manager:/home/zr/code/src/install/nav2_util:/home/zr/code/src/install/gac_nav2_voxel_grid:${AMENT_PREFIX_PATH} CMAKE_PREFIX_PATH=/home/zr/code/src/install/nav2_map_server:/home/zr/code/src/install/nav2_lifecycle_manager:/home/zr/code/src/install/nav2_util:/home/zr/code/src/install/gac_nav2_voxel_grid:/opt/ros/humble LD_LIBRARY_PATH=/home/zr/code/src/install/nav2_map_server/lib:/home/zr/code/src/install/nav2_lifecycle_manager/lib:/home/zr/code/src/install/nav2_util/lib:/home/zr/code/src/install/gac_nav2_voxel_grid/lib:${LD_LIBRARY_PATH} /usr/bin/cmake /home/zr/code/src/nav_ws_gazebo/src/gac_navigation2/gac_nav2_costmap_2d -DBUILD_TESTING=OFF -DCMAKE_C_COMPILER_LAUNCHER=ccache -DCMAKE_CXX_COMPILER_LAUNCHER=ccache -DAMENT_CMAKE_SYMLINK_INSTALL=1 -DCMAKE_INSTALL_PREFIX=/home/zr/code/src/install/gac_nav2_costmap_2d
[2.068s] Invoking command in '/home/zr/code/src/build/gac_nav2_costmap_2d': AMENT_PREFIX_PATH=/home/zr/code/src/install/nav2_map_server:/home/zr/code/src/install/nav2_lifecycle_manager:/home/zr/code/src/install/nav2_util:/home/zr/code/src/install/gac_nav2_voxel_grid:${AMENT_PREFIX_PATH} CMAKE_PREFIX_PATH=/home/zr/code/src/install/nav2_map_server:/home/zr/code/src/install/nav2_lifecycle_manager:/home/zr/code/src/install/nav2_util:/home/zr/code/src/install/gac_nav2_voxel_grid:/opt/ros/humble LD_LIBRARY_PATH=/home/zr/code/src/install/nav2_map_server/lib:/home/zr/code/src/install/nav2_lifecycle_manager/lib:/home/zr/code/src/install/nav2_util/lib:/home/zr/code/src/install/gac_nav2_voxel_grid/lib:${LD_LIBRARY_PATH} /usr/bin/cmake --build /home/zr/code/src/build/gac_nav2_costmap_2d -- -j16 -l16
[2.135s] [  2%] [32mBuilding CXX object CMakeFiles/nav2_costmap_2d_core.dir/src/array_parser.cpp.o[0m
[2.140s] [  5%] [32mBuilding CXX object CMakeFiles/nav2_costmap_2d_core.dir/src/costmap_2d.cpp.o[0m
[2.140s] [  7%] [32mBuilding CXX object CMakeFiles/nav2_costmap_2d_core.dir/src/layer.cpp.o[0m
[2.140s] [ 10%] [32mBuilding CXX object CMakeFiles/nav2_costmap_2d_core.dir/src/costmap_2d_ros.cpp.o[0m
[2.140s] [ 13%] [32mBuilding CXX object CMakeFiles/nav2_costmap_2d_core.dir/src/layered_costmap.cpp.o[0m
[2.352s] [ 23%] [32mBuilding CXX object CMakeFiles/nav2_costmap_2d_core.dir/src/clear_costmap_service.cpp.o[0m
[2.353s] [ 23%] [32mBuilding CXX object CMakeFiles/nav2_costmap_2d_core.dir/src/footprint_collision_checker.cpp.o[0m
[2.353s] [ 23%] [32mBuilding CXX object CMakeFiles/nav2_costmap_2d_core.dir/plugins/costmap_filters/costmap_filter.cpp.o[0m
[2.353s] [ 23%] [32mBuilding CXX object CMakeFiles/nav2_costmap_2d_core.dir/include/dynamicvoronoi/dynamicvoronoi.cpp.o[0m
[2.428s] [ 26%] [32mBuilding CXX object CMakeFiles/nav2_costmap_2d_core.dir/src/observation_buffer.cpp.o[0m
[2.658s] [ 31%] [32mBuilding CXX object CMakeFiles/nav2_costmap_2d_core.dir/src/costmap_layer.cpp.o[0m
[2.658s] [ 31%] [32mBuilding CXX object CMakeFiles/nav2_costmap_2d_core.dir/src/footprint.cpp.o[0m
[2.695s] [ 34%] [32mBuilding CXX object CMakeFiles/nav2_costmap_2d_core.dir/src/costmap_math.cpp.o[0m
[2.907s] [ 36%] [32mBuilding CXX object CMakeFiles/nav2_costmap_2d_core.dir/src/costmap_2d_publisher.cpp.o[0m
[19.035s] [ 39%] [32m[1mLinking CXX shared library libnav2_costmap_2d_core.so[0m
[19.333s] [ 39%] Built target nav2_costmap_2d_core
[19.359s] [ 68%] [32mBuilding CXX object CMakeFiles/nav2_costmap_2d_cloud.dir/src/costmap_2d_cloud.cpp.o[0m
[19.359s] [ 68%] [32mBuilding CXX object CMakeFiles/filters.dir/plugins/costmap_filters/speed_filter.cpp.o[0m
[19.359s] [ 68%] [32mBuilding CXX object CMakeFiles/nav2_costmap_2d_client.dir/src/costmap_subscriber.cpp.o[0m
[19.359s] [ 68%] [32mBuilding CXX object CMakeFiles/nav2_costmap_2d_client.dir/src/costmap_topic_collision_checker.cpp.o[0m
[19.359s] [ 68%] [32mBuilding CXX object CMakeFiles/filters.dir/plugins/costmap_filters/binary_filter.cpp.o[0m
[19.359s] [ 68%] [32mBuilding CXX object CMakeFiles/layers.dir/src/observation_buffer.cpp.o[0m
[19.359s] [ 68%] [32mBuilding CXX object CMakeFiles/layers.dir/plugins/obstacle_layer.cpp.o[0m
[19.359s] [ 68%] [32mBuilding CXX object CMakeFiles/nav2_costmap_2d_markers.dir/src/costmap_2d_markers.cpp.o[0m
[19.359s] [ 68%] [32mBuilding CXX object CMakeFiles/filters.dir/plugins/costmap_filters/keepout_filter.cpp.o[0m
[19.359s] [ 68%] [32mBuilding CXX object CMakeFiles/layers.dir/plugins/inflation_layer.cpp.o[0m
[19.359s] [ 68%] [32mBuilding CXX object CMakeFiles/nav2_costmap_2d_client.dir/src/footprint_subscriber.cpp.o[0m
[19.359s] [ 76%] [32mBuilding CXX object CMakeFiles/layers.dir/plugins/static_layer.cpp.o[0m
[19.359s] [ 76%] [32mBuilding CXX object CMakeFiles/layers.dir/plugins/voxel_layer.cpp.o[0m
[19.360s] [ 76%] [32mBuilding CXX object CMakeFiles/layers.dir/plugins/range_sensor_layer.cpp.o[0m
[19.362s] [ 78%] [32mBuilding CXX object CMakeFiles/layers.dir/plugins/denoise_layer.cpp.o[0m
[19.363s] [ 81%] [32mBuilding CXX object CMakeFiles/layers.dir/plugins/voronoi_layer.cpp.o[0m
[29.174s] [ 84%] [32m[1mLinking CXX shared library liblayers.so[0m
[29.737s] [ 84%] Built target layers
[30.787s] [ 86%] [32m[1mLinking CXX executable nav2_costmap_2d_markers[0m
[30.875s] [ 89%] [32m[1mLinking CXX executable nav2_costmap_2d_cloud[0m
[31.037s] [ 89%] Built target nav2_costmap_2d_markers
[31.123s] [ 89%] Built target nav2_costmap_2d_cloud
[31.344s] [ 92%] [32m[1mLinking CXX shared library libnav2_costmap_2d_client.so[0m
[31.701s] [ 92%] Built target nav2_costmap_2d_client
[34.464s] [ 94%] [32m[1mLinking CXX shared library libfilters.so[0m
[34.829s] [ 94%] Built target filters
[34.855s] [ 97%] [32mBuilding CXX object CMakeFiles/nav2_costmap_2d.dir/src/costmap_2d_node.cpp.o[0m
[39.377s] [100%] [32m[1mLinking CXX executable nav2_costmap_2d[0m
[39.621s] [100%] Built target nav2_costmap_2d
[39.660s] Invoked command in '/home/zr/code/src/build/gac_nav2_costmap_2d' returned '0': AMENT_PREFIX_PATH=/home/zr/code/src/install/nav2_map_server:/home/zr/code/src/install/nav2_lifecycle_manager:/home/zr/code/src/install/nav2_util:/home/zr/code/src/install/gac_nav2_voxel_grid:${AMENT_PREFIX_PATH} CMAKE_PREFIX_PATH=/home/zr/code/src/install/nav2_map_server:/home/zr/code/src/install/nav2_lifecycle_manager:/home/zr/code/src/install/nav2_util:/home/zr/code/src/install/gac_nav2_voxel_grid:/opt/ros/humble LD_LIBRARY_PATH=/home/zr/code/src/install/nav2_map_server/lib:/home/zr/code/src/install/nav2_lifecycle_manager/lib:/home/zr/code/src/install/nav2_util/lib:/home/zr/code/src/install/gac_nav2_voxel_grid/lib:${LD_LIBRARY_PATH} /usr/bin/cmake --build /home/zr/code/src/build/gac_nav2_costmap_2d -- -j16 -l16
[39.664s] Invoking command in '/home/zr/code/src/build/gac_nav2_costmap_2d': AMENT_PREFIX_PATH=/home/zr/code/src/install/nav2_map_server:/home/zr/code/src/install/nav2_lifecycle_manager:/home/zr/code/src/install/nav2_util:/home/zr/code/src/install/gac_nav2_voxel_grid:${AMENT_PREFIX_PATH} CMAKE_PREFIX_PATH=/home/zr/code/src/install/nav2_map_server:/home/zr/code/src/install/nav2_lifecycle_manager:/home/zr/code/src/install/nav2_util:/home/zr/code/src/install/gac_nav2_voxel_grid:/opt/ros/humble LD_LIBRARY_PATH=/home/zr/code/src/install/nav2_map_server/lib:/home/zr/code/src/install/nav2_lifecycle_manager/lib:/home/zr/code/src/install/nav2_util/lib:/home/zr/code/src/install/gac_nav2_voxel_grid/lib:${LD_LIBRARY_PATH} /usr/bin/cmake --install /home/zr/code/src/build/gac_nav2_costmap_2d
[39.672s] -- Install configuration: "Release"
[39.672s] -- Execute custom install script
[39.673s] -- Symlinking: /home/zr/code/src/install/gac_nav2_costmap_2d/lib/gac_nav2_costmap_2d/nav2_costmap_2d_markers
[39.684s] -- Symlinking: /home/zr/code/src/install/gac_nav2_costmap_2d/lib/gac_nav2_costmap_2d/nav2_costmap_2d_cloud
[39.694s] -- Symlinking: /home/zr/code/src/install/gac_nav2_costmap_2d/lib/gac_nav2_costmap_2d/nav2_costmap_2d
[39.703s] -- Symlinking: /home/zr/code/src/install/gac_nav2_costmap_2d/share/gac_nav2_costmap_2d/costmap_plugins.xml
[39.715s] -- Symlinking: /home/zr/code/src/install/gac_nav2_costmap_2d/include/gac_nav2_costmap_2d/dynamicvoronoi/bucketedqueue.h
[39.724s] -- Symlinking: /home/zr/code/src/install/gac_nav2_costmap_2d/include/gac_nav2_costmap_2d/dynamicvoronoi/bucketedqueue.hxx
[39.733s] -- Symlinking: /home/zr/code/src/install/gac_nav2_costmap_2d/include/gac_nav2_costmap_2d/dynamicvoronoi/dynamicvoronoi.cpp
[39.741s] -- Symlinking: /home/zr/code/src/install/gac_nav2_costmap_2d/include/gac_nav2_costmap_2d/dynamicvoronoi/dynamicvoronoi.h
[39.749s] -- Symlinking: /home/zr/code/src/install/gac_nav2_costmap_2d/include/gac_nav2_costmap_2d/dynamicvoronoi/point.h
[39.759s] -- Symlinking: /home/zr/code/src/install/gac_nav2_costmap_2d/include/gac_nav2_costmap_2d/nav2_costmap_2d/array_parser.hpp
[39.770s] -- Symlinking: /home/zr/code/src/install/gac_nav2_costmap_2d/include/gac_nav2_costmap_2d/nav2_costmap_2d/clear_costmap_service.hpp
[39.781s] -- Symlinking: /home/zr/code/src/install/gac_nav2_costmap_2d/include/gac_nav2_costmap_2d/nav2_costmap_2d/cost_values.hpp
[39.791s] -- Symlinking: /home/zr/code/src/install/gac_nav2_costmap_2d/include/gac_nav2_costmap_2d/nav2_costmap_2d/costmap_2d.hpp
[39.802s] -- Symlinking: /home/zr/code/src/install/gac_nav2_costmap_2d/include/gac_nav2_costmap_2d/nav2_costmap_2d/costmap_2d_publisher.hpp
[39.811s] -- Symlinking: /home/zr/code/src/install/gac_nav2_costmap_2d/include/gac_nav2_costmap_2d/nav2_costmap_2d/costmap_2d_ros.hpp
[39.820s] -- Symlinking: /home/zr/code/src/install/gac_nav2_costmap_2d/include/gac_nav2_costmap_2d/nav2_costmap_2d/costmap_filters/binary_filter.hpp
[39.830s] -- Symlinking: /home/zr/code/src/install/gac_nav2_costmap_2d/include/gac_nav2_costmap_2d/nav2_costmap_2d/costmap_filters/costmap_filter.hpp
[39.839s] -- Symlinking: /home/zr/code/src/install/gac_nav2_costmap_2d/include/gac_nav2_costmap_2d/nav2_costmap_2d/costmap_filters/filter_values.hpp
[39.848s] -- Symlinking: /home/zr/code/src/install/gac_nav2_costmap_2d/include/gac_nav2_costmap_2d/nav2_costmap_2d/costmap_filters/keepout_filter.hpp
[39.857s] -- Symlinking: /home/zr/code/src/install/gac_nav2_costmap_2d/include/gac_nav2_costmap_2d/nav2_costmap_2d/costmap_filters/speed_filter.hpp
[39.869s] -- Symlinking: /home/zr/code/src/install/gac_nav2_costmap_2d/include/gac_nav2_costmap_2d/nav2_costmap_2d/costmap_layer.hpp
[39.879s] -- Symlinking: /home/zr/code/src/install/gac_nav2_costmap_2d/include/gac_nav2_costmap_2d/nav2_costmap_2d/costmap_math.hpp
[39.889s] -- Symlinking: /home/zr/code/src/install/gac_nav2_costmap_2d/include/gac_nav2_costmap_2d/nav2_costmap_2d/costmap_subscriber.hpp
[39.898s] -- Symlinking: /home/zr/code/src/install/gac_nav2_costmap_2d/include/gac_nav2_costmap_2d/nav2_costmap_2d/costmap_topic_collision_checker.hpp
[39.907s] -- Symlinking: /home/zr/code/src/install/gac_nav2_costmap_2d/include/gac_nav2_costmap_2d/nav2_costmap_2d/denoise/image.hpp
[39.917s] -- Symlinking: /home/zr/code/src/install/gac_nav2_costmap_2d/include/gac_nav2_costmap_2d/nav2_costmap_2d/denoise/image_processing.hpp
[39.925s] -- Symlinking: /home/zr/code/src/install/gac_nav2_costmap_2d/include/gac_nav2_costmap_2d/nav2_costmap_2d/denoise_layer.hpp
[39.934s] -- Symlinking: /home/zr/code/src/install/gac_nav2_costmap_2d/include/gac_nav2_costmap_2d/nav2_costmap_2d/exceptions.hpp
[39.943s] -- Symlinking: /home/zr/code/src/install/gac_nav2_costmap_2d/include/gac_nav2_costmap_2d/nav2_costmap_2d/footprint.hpp
[39.952s] -- Symlinking: /home/zr/code/src/install/gac_nav2_costmap_2d/include/gac_nav2_costmap_2d/nav2_costmap_2d/footprint_collision_checker.hpp
[39.961s] -- Symlinking: /home/zr/code/src/install/gac_nav2_costmap_2d/include/gac_nav2_costmap_2d/nav2_costmap_2d/footprint_subscriber.hpp
[39.972s] -- Symlinking: /home/zr/code/src/install/gac_nav2_costmap_2d/include/gac_nav2_costmap_2d/nav2_costmap_2d/inflation_layer.hpp
[39.983s] -- Symlinking: /home/zr/code/src/install/gac_nav2_costmap_2d/include/gac_nav2_costmap_2d/nav2_costmap_2d/layer.hpp
[39.992s] -- Symlinking: /home/zr/code/src/install/gac_nav2_costmap_2d/include/gac_nav2_costmap_2d/nav2_costmap_2d/layered_costmap.hpp
[40.000s] -- Symlinking: /home/zr/code/src/install/gac_nav2_costmap_2d/include/gac_nav2_costmap_2d/nav2_costmap_2d/observation.hpp
[40.008s] -- Symlinking: /home/zr/code/src/install/gac_nav2_costmap_2d/include/gac_nav2_costmap_2d/nav2_costmap_2d/observation_buffer.hpp
[40.018s] -- Symlinking: /home/zr/code/src/install/gac_nav2_costmap_2d/include/gac_nav2_costmap_2d/nav2_costmap_2d/obstacle_layer.hpp
[40.026s] -- Symlinking: /home/zr/code/src/install/gac_nav2_costmap_2d/include/gac_nav2_costmap_2d/nav2_costmap_2d/range_sensor_layer.hpp
[40.035s] -- Symlinking: /home/zr/code/src/install/gac_nav2_costmap_2d/include/gac_nav2_costmap_2d/nav2_costmap_2d/static_layer.hpp
[40.042s] -- Symlinking: /home/zr/code/src/install/gac_nav2_costmap_2d/include/gac_nav2_costmap_2d/nav2_costmap_2d/voronoi_layer.hpp
[40.052s] -- Symlinking: /home/zr/code/src/install/gac_nav2_costmap_2d/include/gac_nav2_costmap_2d/nav2_costmap_2d/voxel_layer.hpp
[40.062s] -- Symlinking: /home/zr/code/src/install/gac_nav2_costmap_2d/share/gac_nav2_costmap_2d/environment/library_path.sh
[40.073s] -- Symlinking: /home/zr/code/src/install/gac_nav2_costmap_2d/share/gac_nav2_costmap_2d/environment/library_path.dsv
[40.083s] -- Up-to-date symlink: /home/zr/code/src/install/gac_nav2_costmap_2d/share/gac_nav2_costmap_2d//costmap_plugins.xml
[40.084s] -- Symlinking: /home/zr/code/src/install/gac_nav2_costmap_2d/share/ament_index/resource_index/package_run_dependencies/gac_nav2_costmap_2d
[40.093s] -- Symlinking: /home/zr/code/src/install/gac_nav2_costmap_2d/share/ament_index/resource_index/parent_prefix_path/gac_nav2_costmap_2d
[40.101s] -- Symlinking: /home/zr/code/src/install/gac_nav2_costmap_2d/share/gac_nav2_costmap_2d/environment/ament_prefix_path.sh
[40.109s] -- Symlinking: /home/zr/code/src/install/gac_nav2_costmap_2d/share/gac_nav2_costmap_2d/environment/ament_prefix_path.dsv
[40.118s] -- Symlinking: /home/zr/code/src/install/gac_nav2_costmap_2d/share/gac_nav2_costmap_2d/environment/path.sh
[40.126s] -- Symlinking: /home/zr/code/src/install/gac_nav2_costmap_2d/share/gac_nav2_costmap_2d/environment/path.dsv
[40.133s] -- Symlinking: /home/zr/code/src/install/gac_nav2_costmap_2d/share/gac_nav2_costmap_2d/local_setup.bash
[40.141s] -- Symlinking: /home/zr/code/src/install/gac_nav2_costmap_2d/share/gac_nav2_costmap_2d/local_setup.sh
[40.149s] -- Symlinking: /home/zr/code/src/install/gac_nav2_costmap_2d/share/gac_nav2_costmap_2d/local_setup.zsh
[40.158s] -- Symlinking: /home/zr/code/src/install/gac_nav2_costmap_2d/share/gac_nav2_costmap_2d/local_setup.dsv
[40.168s] -- Symlinking: /home/zr/code/src/install/gac_nav2_costmap_2d/share/gac_nav2_costmap_2d/package.dsv
[40.179s] -- Symlinking: /home/zr/code/src/install/gac_nav2_costmap_2d/share/ament_index/resource_index/packages/gac_nav2_costmap_2d
[40.189s] -- Symlinking: /home/zr/code/src/install/gac_nav2_costmap_2d/share/ament_index/resource_index/gac_nav2_costmap_2d__pluginlib__plugin/gac_nav2_costmap_2d
[40.199s] -- Symlinking: /home/zr/code/src/install/gac_nav2_costmap_2d/share/gac_nav2_costmap_2d/cmake/ament_cmake_export_targets-extras.cmake
[40.206s] -- Symlinking: /home/zr/code/src/install/gac_nav2_costmap_2d/share/gac_nav2_costmap_2d/cmake/ament_cmake_export_dependencies-extras.cmake
[40.215s] -- Symlinking: /home/zr/code/src/install/gac_nav2_costmap_2d/share/gac_nav2_costmap_2d/cmake/gac_nav2_costmap_2dConfig.cmake
[40.223s] -- Symlinking: /home/zr/code/src/install/gac_nav2_costmap_2d/share/gac_nav2_costmap_2d/cmake/gac_nav2_costmap_2dConfig-version.cmake
[40.231s] -- Symlinking: /home/zr/code/src/install/gac_nav2_costmap_2d/share/gac_nav2_costmap_2d/package.xml
[40.241s] -- Installing: /home/zr/code/src/install/gac_nav2_costmap_2d/lib/liblayers.so
[40.245s] -- Set runtime path of "/home/zr/code/src/install/gac_nav2_costmap_2d/lib/liblayers.so" to ""
[40.245s] -- Installing: /home/zr/code/src/install/gac_nav2_costmap_2d/lib/libfilters.so
[40.247s] -- Set runtime path of "/home/zr/code/src/install/gac_nav2_costmap_2d/lib/libfilters.so" to ""
[40.247s] -- Installing: /home/zr/code/src/install/gac_nav2_costmap_2d/lib/libnav2_costmap_2d_core.so
[40.250s] -- Set runtime path of "/home/zr/code/src/install/gac_nav2_costmap_2d/lib/libnav2_costmap_2d_core.so" to ""
[40.250s] -- Installing: /home/zr/code/src/install/gac_nav2_costmap_2d/lib/libnav2_costmap_2d_client.so
[40.252s] -- Set runtime path of "/home/zr/code/src/install/gac_nav2_costmap_2d/lib/libnav2_costmap_2d_client.so" to ""
[40.252s] -- Installing: /home/zr/code/src/install/gac_nav2_costmap_2d/share/gac_nav2_costmap_2d/cmake/export_gac_nav2_costmap_2dExport.cmake
[40.252s] -- Installing: /home/zr/code/src/install/gac_nav2_costmap_2d/share/gac_nav2_costmap_2d/cmake/export_gac_nav2_costmap_2dExport-release.cmake
[40.255s] Invoked command in '/home/zr/code/src/build/gac_nav2_costmap_2d' returned '0': AMENT_PREFIX_PATH=/home/zr/code/src/install/nav2_map_server:/home/zr/code/src/install/nav2_lifecycle_manager:/home/zr/code/src/install/nav2_util:/home/zr/code/src/install/gac_nav2_voxel_grid:${AMENT_PREFIX_PATH} CMAKE_PREFIX_PATH=/home/zr/code/src/install/nav2_map_server:/home/zr/code/src/install/nav2_lifecycle_manager:/home/zr/code/src/install/nav2_util:/home/zr/code/src/install/gac_nav2_voxel_grid:/opt/ros/humble LD_LIBRARY_PATH=/home/zr/code/src/install/nav2_map_server/lib:/home/zr/code/src/install/nav2_lifecycle_manager/lib:/home/zr/code/src/install/nav2_util/lib:/home/zr/code/src/install/gac_nav2_voxel_grid/lib:${LD_LIBRARY_PATH} /usr/bin/cmake --install /home/zr/code/src/build/gac_nav2_costmap_2d
