[0.028s] Invoking command in '/home/zr/code/src/build/gac_nav2_bt_navigator': AMENT_PREFIX_PATH=/home/zr/code/src/install/gac_nav2_core:/home/zr/code/src/install/gac_nav2_costmap_2d:/home/zr/code/src/install/nav2_map_server:/home/zr/code/src/install/nav2_lifecycle_manager:/home/zr/code/src/install/gac_nav2_behavior_tree:/home/zr/code/src/install/nav2_util:/home/zr/code/src/install/gac_nav2_voxel_grid:${AMENT_PREFIX_PATH} CMAKE_PREFIX_PATH=/home/zr/code/src/install/gac_nav2_core:/home/zr/code/src/install/gac_nav2_costmap_2d:/home/zr/code/src/install/nav2_map_server:/home/zr/code/src/install/nav2_lifecycle_manager:/home/zr/code/src/install/gac_nav2_behavior_tree:/home/zr/code/src/install/nav2_util:/home/zr/code/src/install/gac_nav2_voxel_grid:/opt/ros/humble LD_LIBRARY_PATH=/home/zr/code/src/install/gac_nav2_costmap_2d/lib:/home/zr/code/src/install/nav2_map_server/lib:/home/zr/code/src/install/nav2_lifecycle_manager/lib:/home/zr/code/src/install/gac_nav2_behavior_tree/lib:/home/zr/code/src/install/nav2_util/lib:/home/zr/code/src/install/gac_nav2_voxel_grid/lib:${LD_LIBRARY_PATH} /usr/bin/cmake /home/zr/code/src/nav_ws_gazebo/src/gac_navigation2/gac_nav2_bt_navigator -DBUILD_TESTING=OFF -DCMAKE_C_COMPILER_LAUNCHER=ccache -DCMAKE_CXX_COMPILER_LAUNCHER=ccache -DAMENT_CMAKE_SYMLINK_INSTALL=1 -DCMAKE_INSTALL_PREFIX=/home/zr/code/src/install/gac_nav2_bt_navigator
[0.087s] -- The C compiler identification is GNU 11.4.0
[0.145s] -- The CXX compiler identification is GNU 11.4.0
[0.153s] -- Detecting C compiler ABI info
[0.223s] -- Detecting C compiler ABI info - done
[0.239s] -- Check for working C compiler: /usr/bin/cc - skipped
[0.239s] -- Detecting C compile features
[0.239s] -- Detecting C compile features - done
[0.243s] -- Detecting CXX compiler ABI info
[0.342s] -- Detecting CXX compiler ABI info - done
[0.348s] -- Check for working CXX compiler: /usr/bin/c++ - skipped
[0.348s] -- Detecting CXX compile features
[0.349s] -- Detecting CXX compile features - done
[0.353s] -- Found ament_cmake: 1.3.14 (/opt/ros/humble/share/ament_cmake/cmake)
[0.489s] -- Found Python3: /usr/bin/python3 (found version "3.10.12") found components: Interpreter 
[0.548s] -- Override CMake install command with custom implementation using symlinks instead of copying resources
[0.590s] -- Found nav2_common: 1.1.20 (/opt/ros/humble/share/nav2_common/cmake)
[0.593s] -- Found rclcpp: 16.0.19 (/opt/ros/humble/share/rclcpp/cmake)
[0.657s] -- Found rosidl_generator_c: 3.1.8 (/opt/ros/humble/share/rosidl_generator_c/cmake)
[0.663s] -- Found rosidl_adapter: 3.1.8 (/opt/ros/humble/share/rosidl_adapter/cmake)
[0.674s] -- Found rosidl_generator_cpp: 3.1.8 (/opt/ros/humble/share/rosidl_generator_cpp/cmake)
[0.687s] -- Using all available rosidl_typesupport_c: rosidl_typesupport_fastrtps_c;rosidl_typesupport_introspection_c
[0.705s] -- Using all available rosidl_typesupport_cpp: rosidl_typesupport_fastrtps_cpp;rosidl_typesupport_introspection_cpp
[0.763s] -- Found rmw_implementation_cmake: 6.1.2 (/opt/ros/humble/share/rmw_implementation_cmake/cmake)
[0.767s] -- Found rmw_fastrtps_cpp: 6.2.10 (/opt/ros/humble/share/rmw_fastrtps_cpp/cmake)
[0.872s] -- Found OpenSSL: /usr/lib/x86_64-linux-gnu/libcrypto.so (found version "3.0.2")  
[0.913s] -- Found FastRTPS: /opt/ros/humble/include  
[0.976s] -- Using RMW implementation 'rmw_fastrtps_cpp' as default
[0.989s] -- Looking for pthread.h
[1.069s] -- Looking for pthread.h - found
[1.069s] -- Performing Test CMAKE_HAVE_LIBC_PTHREAD
[1.149s] -- Performing Test CMAKE_HAVE_LIBC_PTHREAD - Success
[1.150s] -- Found Threads: TRUE  
[1.199s] -- Found rclcpp_action: 16.0.19 (/opt/ros/humble/share/rclcpp_action/cmake)
[1.238s] -- Found rclcpp_lifecycle: 16.0.19 (/opt/ros/humble/share/rclcpp_lifecycle/cmake)
[1.266s] -- Found rclcpp_components: 16.0.19 (/opt/ros/humble/share/rclcpp_components/cmake)
[1.302s] -- Found geometry_msgs: 4.9.1 (/opt/ros/humble/share/geometry_msgs/cmake)
[1.316s] -- Found gac_nav2_behavior_tree: 1.1.14 (/home/zr/code/src/install/gac_nav2_behavior_tree/share/gac_nav2_behavior_tree/cmake)
[1.452s] -- Found eigen3_cmake_module: 0.1.1 (/opt/ros/humble/share/eigen3_cmake_module/cmake)
[1.453s] -- Found Eigen3: TRUE (found version "3.4.0") 
[1.453s] -- Ensuring Eigen3 include directory is part of orocos-kdl CMake target
[1.503s] -- Found gac_nav2_core: 1.1.14 (/home/zr/code/src/install/gac_nav2_core/share/gac_nav2_core/cmake)
[1.610s] -- Setting build type to Release as none was specified.
[2.109s] -- Configuring done
[2.315s] -- Generating done
[2.338s] -- Build files have been written to: /home/zr/code/src/build/gac_nav2_bt_navigator
[2.369s] Invoked command in '/home/zr/code/src/build/gac_nav2_bt_navigator' returned '0': AMENT_PREFIX_PATH=/home/zr/code/src/install/gac_nav2_core:/home/zr/code/src/install/gac_nav2_costmap_2d:/home/zr/code/src/install/nav2_map_server:/home/zr/code/src/install/nav2_lifecycle_manager:/home/zr/code/src/install/gac_nav2_behavior_tree:/home/zr/code/src/install/nav2_util:/home/zr/code/src/install/gac_nav2_voxel_grid:${AMENT_PREFIX_PATH} CMAKE_PREFIX_PATH=/home/zr/code/src/install/gac_nav2_core:/home/zr/code/src/install/gac_nav2_costmap_2d:/home/zr/code/src/install/nav2_map_server:/home/zr/code/src/install/nav2_lifecycle_manager:/home/zr/code/src/install/gac_nav2_behavior_tree:/home/zr/code/src/install/nav2_util:/home/zr/code/src/install/gac_nav2_voxel_grid:/opt/ros/humble LD_LIBRARY_PATH=/home/zr/code/src/install/gac_nav2_costmap_2d/lib:/home/zr/code/src/install/nav2_map_server/lib:/home/zr/code/src/install/nav2_lifecycle_manager/lib:/home/zr/code/src/install/gac_nav2_behavior_tree/lib:/home/zr/code/src/install/nav2_util/lib:/home/zr/code/src/install/gac_nav2_voxel_grid/lib:${LD_LIBRARY_PATH} /usr/bin/cmake /home/zr/code/src/nav_ws_gazebo/src/gac_navigation2/gac_nav2_bt_navigator -DBUILD_TESTING=OFF -DCMAKE_C_COMPILER_LAUNCHER=ccache -DCMAKE_CXX_COMPILER_LAUNCHER=ccache -DAMENT_CMAKE_SYMLINK_INSTALL=1 -DCMAKE_INSTALL_PREFIX=/home/zr/code/src/install/gac_nav2_bt_navigator
[2.370s] Invoking command in '/home/zr/code/src/build/gac_nav2_bt_navigator': AMENT_PREFIX_PATH=/home/zr/code/src/install/gac_nav2_core:/home/zr/code/src/install/gac_nav2_costmap_2d:/home/zr/code/src/install/nav2_map_server:/home/zr/code/src/install/nav2_lifecycle_manager:/home/zr/code/src/install/gac_nav2_behavior_tree:/home/zr/code/src/install/nav2_util:/home/zr/code/src/install/gac_nav2_voxel_grid:${AMENT_PREFIX_PATH} CMAKE_PREFIX_PATH=/home/zr/code/src/install/gac_nav2_core:/home/zr/code/src/install/gac_nav2_costmap_2d:/home/zr/code/src/install/nav2_map_server:/home/zr/code/src/install/nav2_lifecycle_manager:/home/zr/code/src/install/gac_nav2_behavior_tree:/home/zr/code/src/install/nav2_util:/home/zr/code/src/install/gac_nav2_voxel_grid:/opt/ros/humble LD_LIBRARY_PATH=/home/zr/code/src/install/gac_nav2_costmap_2d/lib:/home/zr/code/src/install/nav2_map_server/lib:/home/zr/code/src/install/nav2_lifecycle_manager/lib:/home/zr/code/src/install/gac_nav2_behavior_tree/lib:/home/zr/code/src/install/nav2_util/lib:/home/zr/code/src/install/gac_nav2_voxel_grid/lib:${LD_LIBRARY_PATH} /usr/bin/cmake --build /home/zr/code/src/build/gac_nav2_bt_navigator -- -j16 -l16
[2.467s] [ 33%] [32mBuilding CXX object CMakeFiles/bt_navigator_core.dir/src/navigators/navigate_to_pose.cpp.o[0m
[2.467s] [ 50%] [32mBuilding CXX object CMakeFiles/bt_navigator_core.dir/src/navigators/navigate_through_poses.cpp.o[0m
[2.469s] [ 50%] [32mBuilding CXX object CMakeFiles/bt_navigator_core.dir/src/bt_navigator.cpp.o[0m
[27.656s] [ 66%] [32m[1mLinking CXX shared library libbt_navigator_core.so[0m
[28.143s] [ 66%] Built target bt_navigator_core
[28.169s] [ 83%] [32mBuilding CXX object CMakeFiles/bt_navigator.dir/src/main.cpp.o[0m
[34.998s] [100%] [32m[1mLinking CXX executable bt_navigator[0m
[35.453s] [100%] Built target bt_navigator
[35.491s] Invoked command in '/home/zr/code/src/build/gac_nav2_bt_navigator' returned '0': AMENT_PREFIX_PATH=/home/zr/code/src/install/gac_nav2_core:/home/zr/code/src/install/gac_nav2_costmap_2d:/home/zr/code/src/install/nav2_map_server:/home/zr/code/src/install/nav2_lifecycle_manager:/home/zr/code/src/install/gac_nav2_behavior_tree:/home/zr/code/src/install/nav2_util:/home/zr/code/src/install/gac_nav2_voxel_grid:${AMENT_PREFIX_PATH} CMAKE_PREFIX_PATH=/home/zr/code/src/install/gac_nav2_core:/home/zr/code/src/install/gac_nav2_costmap_2d:/home/zr/code/src/install/nav2_map_server:/home/zr/code/src/install/nav2_lifecycle_manager:/home/zr/code/src/install/gac_nav2_behavior_tree:/home/zr/code/src/install/nav2_util:/home/zr/code/src/install/gac_nav2_voxel_grid:/opt/ros/humble LD_LIBRARY_PATH=/home/zr/code/src/install/gac_nav2_costmap_2d/lib:/home/zr/code/src/install/nav2_map_server/lib:/home/zr/code/src/install/nav2_lifecycle_manager/lib:/home/zr/code/src/install/gac_nav2_behavior_tree/lib:/home/zr/code/src/install/nav2_util/lib:/home/zr/code/src/install/gac_nav2_voxel_grid/lib:${LD_LIBRARY_PATH} /usr/bin/cmake --build /home/zr/code/src/build/gac_nav2_bt_navigator -- -j16 -l16
[35.492s] Invoking command in '/home/zr/code/src/build/gac_nav2_bt_navigator': AMENT_PREFIX_PATH=/home/zr/code/src/install/gac_nav2_core:/home/zr/code/src/install/gac_nav2_costmap_2d:/home/zr/code/src/install/nav2_map_server:/home/zr/code/src/install/nav2_lifecycle_manager:/home/zr/code/src/install/gac_nav2_behavior_tree:/home/zr/code/src/install/nav2_util:/home/zr/code/src/install/gac_nav2_voxel_grid:${AMENT_PREFIX_PATH} CMAKE_PREFIX_PATH=/home/zr/code/src/install/gac_nav2_core:/home/zr/code/src/install/gac_nav2_costmap_2d:/home/zr/code/src/install/nav2_map_server:/home/zr/code/src/install/nav2_lifecycle_manager:/home/zr/code/src/install/gac_nav2_behavior_tree:/home/zr/code/src/install/nav2_util:/home/zr/code/src/install/gac_nav2_voxel_grid:/opt/ros/humble LD_LIBRARY_PATH=/home/zr/code/src/install/gac_nav2_costmap_2d/lib:/home/zr/code/src/install/nav2_map_server/lib:/home/zr/code/src/install/nav2_lifecycle_manager/lib:/home/zr/code/src/install/gac_nav2_behavior_tree/lib:/home/zr/code/src/install/nav2_util/lib:/home/zr/code/src/install/gac_nav2_voxel_grid/lib:${LD_LIBRARY_PATH} /usr/bin/cmake --install /home/zr/code/src/build/gac_nav2_bt_navigator
[35.501s] -- Install configuration: "Release"
[35.502s] -- Execute custom install script
[35.502s] -- Symlinking: /home/zr/code/src/install/gac_nav2_bt_navigator/lib/libbt_navigator_core.so
[35.514s] -- Symlinking: /home/zr/code/src/install/gac_nav2_bt_navigator/lib/gac_nav2_bt_navigator/bt_navigator
[35.526s] -- Symlinking: /home/zr/code/src/install/gac_nav2_bt_navigator/include//nav2_bt_navigator/bt_navigator.hpp
[35.539s] -- Symlinking: /home/zr/code/src/install/gac_nav2_bt_navigator/include//nav2_bt_navigator/navigator.hpp
[35.549s] -- Symlinking: /home/zr/code/src/install/gac_nav2_bt_navigator/include//nav2_bt_navigator/navigators/navigate_through_poses.hpp
[35.559s] -- Symlinking: /home/zr/code/src/install/gac_nav2_bt_navigator/include//nav2_bt_navigator/navigators/navigate_to_pose.hpp
[35.570s] -- Symlinking: /home/zr/code/src/install/gac_nav2_bt_navigator/share/gac_nav2_bt_navigator/behavior_trees/12_test.xml
[35.580s] -- Symlinking: /home/zr/code/src/install/gac_nav2_bt_navigator/share/gac_nav2_bt_navigator/behavior_trees/13_test.xml
[35.590s] -- Symlinking: /home/zr/code/src/install/gac_nav2_bt_navigator/share/gac_nav2_bt_navigator/behavior_trees/13_test_back.xml
[35.599s] -- Symlinking: /home/zr/code/src/install/gac_nav2_bt_navigator/share/gac_nav2_bt_navigator/behavior_trees/follow_point.xml
[35.609s] -- Symlinking: /home/zr/code/src/install/gac_nav2_bt_navigator/share/gac_nav2_bt_navigator/behavior_trees/nav_to_pose_with_consistent_replanning_and_if_path_becomes_invalid.xml
[35.621s] -- Symlinking: /home/zr/code/src/install/gac_nav2_bt_navigator/share/gac_nav2_bt_navigator/behavior_trees/navigate_through_poses_w_replanning_and_recovery.xml
[35.633s] -- Symlinking: /home/zr/code/src/install/gac_nav2_bt_navigator/share/gac_nav2_bt_navigator/behavior_trees/navigate_to_pose_w_replanning_and_recovery.xml
[35.644s] -- Symlinking: /home/zr/code/src/install/gac_nav2_bt_navigator/share/gac_nav2_bt_navigator/behavior_trees/navigate_to_pose_w_replanning_goal_patience_and_recovery.xml
[35.655s] -- Symlinking: /home/zr/code/src/install/gac_nav2_bt_navigator/share/gac_nav2_bt_navigator/behavior_trees/navigate_w_recovery_and_replanning_only_if_path_becomes_invalid.xml
[35.666s] -- Symlinking: /home/zr/code/src/install/gac_nav2_bt_navigator/share/gac_nav2_bt_navigator/behavior_trees/navigate_w_replanning_distance.xml
[35.676s] -- Symlinking: /home/zr/code/src/install/gac_nav2_bt_navigator/share/gac_nav2_bt_navigator/behavior_trees/navigate_w_replanning_only_if_goal_is_updated.xml
[35.686s] -- Symlinking: /home/zr/code/src/install/gac_nav2_bt_navigator/share/gac_nav2_bt_navigator/behavior_trees/navigate_w_replanning_only_if_path_becomes_invalid.xml
[35.695s] -- Symlinking: /home/zr/code/src/install/gac_nav2_bt_navigator/share/gac_nav2_bt_navigator/behavior_trees/navigate_w_replanning_speed.xml
[35.706s] -- Symlinking: /home/zr/code/src/install/gac_nav2_bt_navigator/share/gac_nav2_bt_navigator/behavior_trees/navigate_w_replanning_time.xml
[35.717s] -- Symlinking: /home/zr/code/src/install/gac_nav2_bt_navigator/share/gac_nav2_bt_navigator/behavior_trees/odometry_calibration.xml
[35.730s] -- Symlinking: /home/zr/code/src/install/gac_nav2_bt_navigator/share/gac_nav2_bt_navigator/environment/library_path.sh
[35.741s] -- Symlinking: /home/zr/code/src/install/gac_nav2_bt_navigator/share/gac_nav2_bt_navigator/environment/library_path.dsv
[35.752s] -- Symlinking: /home/zr/code/src/install/gac_nav2_bt_navigator/share/ament_index/resource_index/package_run_dependencies/gac_nav2_bt_navigator
[35.763s] -- Symlinking: /home/zr/code/src/install/gac_nav2_bt_navigator/share/ament_index/resource_index/parent_prefix_path/gac_nav2_bt_navigator
[35.773s] -- Symlinking: /home/zr/code/src/install/gac_nav2_bt_navigator/share/gac_nav2_bt_navigator/environment/ament_prefix_path.sh
[35.784s] -- Symlinking: /home/zr/code/src/install/gac_nav2_bt_navigator/share/gac_nav2_bt_navigator/environment/ament_prefix_path.dsv
[35.795s] -- Symlinking: /home/zr/code/src/install/gac_nav2_bt_navigator/share/gac_nav2_bt_navigator/environment/path.sh
[35.804s] -- Symlinking: /home/zr/code/src/install/gac_nav2_bt_navigator/share/gac_nav2_bt_navigator/environment/path.dsv
[35.815s] -- Symlinking: /home/zr/code/src/install/gac_nav2_bt_navigator/share/gac_nav2_bt_navigator/local_setup.bash
[35.827s] -- Symlinking: /home/zr/code/src/install/gac_nav2_bt_navigator/share/gac_nav2_bt_navigator/local_setup.sh
[35.839s] -- Symlinking: /home/zr/code/src/install/gac_nav2_bt_navigator/share/gac_nav2_bt_navigator/local_setup.zsh
[35.850s] -- Symlinking: /home/zr/code/src/install/gac_nav2_bt_navigator/share/gac_nav2_bt_navigator/local_setup.dsv
[35.860s] -- Symlinking: /home/zr/code/src/install/gac_nav2_bt_navigator/share/gac_nav2_bt_navigator/package.dsv
[35.870s] -- Symlinking: /home/zr/code/src/install/gac_nav2_bt_navigator/share/ament_index/resource_index/packages/gac_nav2_bt_navigator
[35.880s] -- Symlinking: /home/zr/code/src/install/gac_nav2_bt_navigator/share/ament_index/resource_index/rclcpp_components/gac_nav2_bt_navigator
[35.890s] -- Symlinking: /home/zr/code/src/install/gac_nav2_bt_navigator/share/gac_nav2_bt_navigator/cmake/ament_cmake_export_include_directories-extras.cmake
[35.901s] -- Symlinking: /home/zr/code/src/install/gac_nav2_bt_navigator/share/gac_nav2_bt_navigator/cmake/ament_cmake_export_libraries-extras.cmake
[35.911s] -- Symlinking: /home/zr/code/src/install/gac_nav2_bt_navigator/share/gac_nav2_bt_navigator/cmake/ament_cmake_export_dependencies-extras.cmake
[35.923s] -- Symlinking: /home/zr/code/src/install/gac_nav2_bt_navigator/share/gac_nav2_bt_navigator/cmake/gac_nav2_bt_navigatorConfig.cmake
[35.936s] -- Symlinking: /home/zr/code/src/install/gac_nav2_bt_navigator/share/gac_nav2_bt_navigator/cmake/gac_nav2_bt_navigatorConfig-version.cmake
[35.947s] -- Symlinking: /home/zr/code/src/install/gac_nav2_bt_navigator/share/gac_nav2_bt_navigator/package.xml
[35.960s] Invoked command in '/home/zr/code/src/build/gac_nav2_bt_navigator' returned '0': AMENT_PREFIX_PATH=/home/zr/code/src/install/gac_nav2_core:/home/zr/code/src/install/gac_nav2_costmap_2d:/home/zr/code/src/install/nav2_map_server:/home/zr/code/src/install/nav2_lifecycle_manager:/home/zr/code/src/install/gac_nav2_behavior_tree:/home/zr/code/src/install/nav2_util:/home/zr/code/src/install/gac_nav2_voxel_grid:${AMENT_PREFIX_PATH} CMAKE_PREFIX_PATH=/home/zr/code/src/install/gac_nav2_core:/home/zr/code/src/install/gac_nav2_costmap_2d:/home/zr/code/src/install/nav2_map_server:/home/zr/code/src/install/nav2_lifecycle_manager:/home/zr/code/src/install/gac_nav2_behavior_tree:/home/zr/code/src/install/nav2_util:/home/zr/code/src/install/gac_nav2_voxel_grid:/opt/ros/humble LD_LIBRARY_PATH=/home/zr/code/src/install/gac_nav2_costmap_2d/lib:/home/zr/code/src/install/nav2_map_server/lib:/home/zr/code/src/install/nav2_lifecycle_manager/lib:/home/zr/code/src/install/gac_nav2_behavior_tree/lib:/home/zr/code/src/install/nav2_util/lib:/home/zr/code/src/install/gac_nav2_voxel_grid/lib:${LD_LIBRARY_PATH} /usr/bin/cmake --install /home/zr/code/src/build/gac_nav2_bt_navigator
