[0.019s] Invoking command in '/home/zr/code/src/build/gac_nav2_core': AMENT_PREFIX_PATH=/home/zr/code/src/install/gac_nav2_costmap_2d:/home/zr/code/src/install/nav2_map_server:/home/zr/code/src/install/nav2_lifecycle_manager:/home/zr/code/src/install/nav2_util:/home/zr/code/src/install/gac_nav2_voxel_grid:${AMENT_PREFIX_PATH} CMAKE_PREFIX_PATH=/home/zr/code/src/install/gac_nav2_costmap_2d:/home/zr/code/src/install/nav2_map_server:/home/zr/code/src/install/nav2_lifecycle_manager:/home/zr/code/src/install/nav2_util:/home/zr/code/src/install/gac_nav2_voxel_grid:/opt/ros/humble LD_LIBRARY_PATH=/home/zr/code/src/install/gac_nav2_costmap_2d/lib:/home/zr/code/src/install/nav2_map_server/lib:/home/zr/code/src/install/nav2_lifecycle_manager/lib:/home/zr/code/src/install/nav2_util/lib:/home/zr/code/src/install/gac_nav2_voxel_grid/lib:${LD_LIBRARY_PATH} /usr/bin/cmake /home/zr/code/src/nav_ws_gazebo/src/gac_navigation2/gac_nav2_core -DBUILD_TESTING=OFF -DCMAKE_C_COMPILER_LAUNCHER=ccache -DCMAKE_CXX_COMPILER_LAUNCHER=ccache -DAMENT_CMAKE_SYMLINK_INSTALL=1 -DCMAKE_INSTALL_PREFIX=/home/zr/code/src/install/gac_nav2_core
[0.075s] -- The C compiler identification is GNU 11.4.0
[0.130s] -- The CXX compiler identification is GNU 11.4.0
[0.136s] -- Detecting C compiler ABI info
[0.207s] -- Detecting C compiler ABI info - done
[0.213s] -- Check for working C compiler: /usr/bin/cc - skipped
[0.213s] -- Detecting C compile features
[0.213s] -- Detecting C compile features - done
[0.215s] -- Detecting CXX compiler ABI info
[0.291s] -- Detecting CXX compiler ABI info - done
[0.298s] -- Check for working CXX compiler: /usr/bin/c++ - skipped
[0.298s] -- Detecting CXX compile features
[0.298s] -- Detecting CXX compile features - done
[0.301s] -- Found ament_cmake: 1.3.14 (/opt/ros/humble/share/ament_cmake/cmake)
[0.432s] -- Found Python3: /usr/bin/python3 (found version "3.10.12") found components: Interpreter 
[0.487s] -- Override CMake install command with custom implementation using symlinks instead of copying resources
[0.528s] -- Found nav2_common: 1.1.20 (/opt/ros/humble/share/nav2_common/cmake)
[0.531s] -- Found rclcpp: 16.0.19 (/opt/ros/humble/share/rclcpp/cmake)
[0.582s] -- Found rosidl_generator_c: 3.1.8 (/opt/ros/humble/share/rosidl_generator_c/cmake)
[0.588s] -- Found rosidl_adapter: 3.1.8 (/opt/ros/humble/share/rosidl_adapter/cmake)
[0.599s] -- Found rosidl_generator_cpp: 3.1.8 (/opt/ros/humble/share/rosidl_generator_cpp/cmake)
[0.614s] -- Using all available rosidl_typesupport_c: rosidl_typesupport_fastrtps_c;rosidl_typesupport_introspection_c
[0.629s] -- Using all available rosidl_typesupport_cpp: rosidl_typesupport_fastrtps_cpp;rosidl_typesupport_introspection_cpp
[0.673s] -- Found rmw_implementation_cmake: 6.1.2 (/opt/ros/humble/share/rmw_implementation_cmake/cmake)
[0.676s] -- Found rmw_fastrtps_cpp: 6.2.10 (/opt/ros/humble/share/rmw_fastrtps_cpp/cmake)
[0.773s] -- Found OpenSSL: /usr/lib/x86_64-linux-gnu/libcrypto.so (found version "3.0.2")  
[0.808s] -- Found FastRTPS: /opt/ros/humble/include  
[0.851s] -- Using RMW implementation 'rmw_fastrtps_cpp' as default
[0.862s] -- Looking for pthread.h
[0.936s] -- Looking for pthread.h - found
[0.936s] -- Performing Test CMAKE_HAVE_LIBC_PTHREAD
[1.011s] -- Performing Test CMAKE_HAVE_LIBC_PTHREAD - Success
[1.012s] -- Found Threads: TRUE  
[1.059s] -- Found rclcpp_lifecycle: 16.0.19 (/opt/ros/humble/share/rclcpp_lifecycle/cmake)
[1.078s] -- Found geometry_msgs: 4.9.1 (/opt/ros/humble/share/geometry_msgs/cmake)
[1.088s] -- Found gac_nav2_costmap_2d: 1.1.14 (/home/zr/code/src/install/gac_nav2_costmap_2d/share/gac_nav2_costmap_2d/cmake)
[1.293s] -- Found Eigen3: TRUE (found version "3.4.0") 
[1.293s] -- Ensuring Eigen3 include directory is part of orocos-kdl CMake target
[1.390s] -- Setting build type to Release as none was specified.
[1.449s] -- Configuring done
[1.455s] -- Generating done
[1.457s] -- Build files have been written to: /home/zr/code/src/build/gac_nav2_core
[1.469s] Invoked command in '/home/zr/code/src/build/gac_nav2_core' returned '0': AMENT_PREFIX_PATH=/home/zr/code/src/install/gac_nav2_costmap_2d:/home/zr/code/src/install/nav2_map_server:/home/zr/code/src/install/nav2_lifecycle_manager:/home/zr/code/src/install/nav2_util:/home/zr/code/src/install/gac_nav2_voxel_grid:${AMENT_PREFIX_PATH} CMAKE_PREFIX_PATH=/home/zr/code/src/install/gac_nav2_costmap_2d:/home/zr/code/src/install/nav2_map_server:/home/zr/code/src/install/nav2_lifecycle_manager:/home/zr/code/src/install/nav2_util:/home/zr/code/src/install/gac_nav2_voxel_grid:/opt/ros/humble LD_LIBRARY_PATH=/home/zr/code/src/install/gac_nav2_costmap_2d/lib:/home/zr/code/src/install/nav2_map_server/lib:/home/zr/code/src/install/nav2_lifecycle_manager/lib:/home/zr/code/src/install/nav2_util/lib:/home/zr/code/src/install/gac_nav2_voxel_grid/lib:${LD_LIBRARY_PATH} /usr/bin/cmake /home/zr/code/src/nav_ws_gazebo/src/gac_navigation2/gac_nav2_core -DBUILD_TESTING=OFF -DCMAKE_C_COMPILER_LAUNCHER=ccache -DCMAKE_CXX_COMPILER_LAUNCHER=ccache -DAMENT_CMAKE_SYMLINK_INSTALL=1 -DCMAKE_INSTALL_PREFIX=/home/zr/code/src/install/gac_nav2_core
[1.470s] Invoking command in '/home/zr/code/src/build/gac_nav2_core': AMENT_PREFIX_PATH=/home/zr/code/src/install/gac_nav2_costmap_2d:/home/zr/code/src/install/nav2_map_server:/home/zr/code/src/install/nav2_lifecycle_manager:/home/zr/code/src/install/nav2_util:/home/zr/code/src/install/gac_nav2_voxel_grid:${AMENT_PREFIX_PATH} CMAKE_PREFIX_PATH=/home/zr/code/src/install/gac_nav2_costmap_2d:/home/zr/code/src/install/nav2_map_server:/home/zr/code/src/install/nav2_lifecycle_manager:/home/zr/code/src/install/nav2_util:/home/zr/code/src/install/gac_nav2_voxel_grid:/opt/ros/humble LD_LIBRARY_PATH=/home/zr/code/src/install/gac_nav2_costmap_2d/lib:/home/zr/code/src/install/nav2_map_server/lib:/home/zr/code/src/install/nav2_lifecycle_manager/lib:/home/zr/code/src/install/nav2_util/lib:/home/zr/code/src/install/gac_nav2_voxel_grid/lib:${LD_LIBRARY_PATH} /usr/bin/cmake --build /home/zr/code/src/build/gac_nav2_core -- -j16 -l16
[1.524s] Invoked command in '/home/zr/code/src/build/gac_nav2_core' returned '0': AMENT_PREFIX_PATH=/home/zr/code/src/install/gac_nav2_costmap_2d:/home/zr/code/src/install/nav2_map_server:/home/zr/code/src/install/nav2_lifecycle_manager:/home/zr/code/src/install/nav2_util:/home/zr/code/src/install/gac_nav2_voxel_grid:${AMENT_PREFIX_PATH} CMAKE_PREFIX_PATH=/home/zr/code/src/install/gac_nav2_costmap_2d:/home/zr/code/src/install/nav2_map_server:/home/zr/code/src/install/nav2_lifecycle_manager:/home/zr/code/src/install/nav2_util:/home/zr/code/src/install/gac_nav2_voxel_grid:/opt/ros/humble LD_LIBRARY_PATH=/home/zr/code/src/install/gac_nav2_costmap_2d/lib:/home/zr/code/src/install/nav2_map_server/lib:/home/zr/code/src/install/nav2_lifecycle_manager/lib:/home/zr/code/src/install/nav2_util/lib:/home/zr/code/src/install/gac_nav2_voxel_grid/lib:${LD_LIBRARY_PATH} /usr/bin/cmake --build /home/zr/code/src/build/gac_nav2_core -- -j16 -l16
[1.526s] Invoking command in '/home/zr/code/src/build/gac_nav2_core': AMENT_PREFIX_PATH=/home/zr/code/src/install/gac_nav2_costmap_2d:/home/zr/code/src/install/nav2_map_server:/home/zr/code/src/install/nav2_lifecycle_manager:/home/zr/code/src/install/nav2_util:/home/zr/code/src/install/gac_nav2_voxel_grid:${AMENT_PREFIX_PATH} CMAKE_PREFIX_PATH=/home/zr/code/src/install/gac_nav2_costmap_2d:/home/zr/code/src/install/nav2_map_server:/home/zr/code/src/install/nav2_lifecycle_manager:/home/zr/code/src/install/nav2_util:/home/zr/code/src/install/gac_nav2_voxel_grid:/opt/ros/humble LD_LIBRARY_PATH=/home/zr/code/src/install/gac_nav2_costmap_2d/lib:/home/zr/code/src/install/nav2_map_server/lib:/home/zr/code/src/install/nav2_lifecycle_manager/lib:/home/zr/code/src/install/nav2_util/lib:/home/zr/code/src/install/gac_nav2_voxel_grid/lib:${LD_LIBRARY_PATH} /usr/bin/cmake --install /home/zr/code/src/build/gac_nav2_core
[1.533s] -- Install configuration: "Release"
[1.533s] -- Execute custom install script
[1.534s] -- Symlinking: /home/zr/code/src/install/gac_nav2_core/include//nav2_core/behavior.hpp
[1.544s] -- Symlinking: /home/zr/code/src/install/gac_nav2_core/include//nav2_core/controller.hpp
[1.554s] -- Symlinking: /home/zr/code/src/install/gac_nav2_core/include//nav2_core/exceptions.hpp
[1.563s] -- Symlinking: /home/zr/code/src/install/gac_nav2_core/include//nav2_core/global_planner.hpp
[1.571s] -- Symlinking: /home/zr/code/src/install/gac_nav2_core/include//nav2_core/goal_checker.hpp
[1.586s] -- Symlinking: /home/zr/code/src/install/gac_nav2_core/include//nav2_core/progress_checker.hpp
[1.594s] -- Symlinking: /home/zr/code/src/install/gac_nav2_core/include//nav2_core/smoother.hpp
[1.604s] -- Symlinking: /home/zr/code/src/install/gac_nav2_core/include//nav2_core/waypoint_task_executor.hpp
[1.614s] -- Symlinking: /home/zr/code/src/install/gac_nav2_core/share/ament_index/resource_index/package_run_dependencies/gac_nav2_core
[1.623s] -- Symlinking: /home/zr/code/src/install/gac_nav2_core/share/ament_index/resource_index/parent_prefix_path/gac_nav2_core
[1.632s] -- Symlinking: /home/zr/code/src/install/gac_nav2_core/share/gac_nav2_core/environment/ament_prefix_path.sh
[1.640s] -- Symlinking: /home/zr/code/src/install/gac_nav2_core/share/gac_nav2_core/environment/ament_prefix_path.dsv
[1.648s] -- Symlinking: /home/zr/code/src/install/gac_nav2_core/share/gac_nav2_core/environment/path.sh
[1.656s] -- Symlinking: /home/zr/code/src/install/gac_nav2_core/share/gac_nav2_core/environment/path.dsv
[1.666s] -- Symlinking: /home/zr/code/src/install/gac_nav2_core/share/gac_nav2_core/local_setup.bash
[1.681s] -- Symlinking: /home/zr/code/src/install/gac_nav2_core/share/gac_nav2_core/local_setup.sh
[1.705s] -- Symlinking: /home/zr/code/src/install/gac_nav2_core/share/gac_nav2_core/local_setup.zsh
[1.718s] -- Symlinking: /home/zr/code/src/install/gac_nav2_core/share/gac_nav2_core/local_setup.dsv
[1.731s] -- Symlinking: /home/zr/code/src/install/gac_nav2_core/share/gac_nav2_core/package.dsv
[1.744s] -- Symlinking: /home/zr/code/src/install/gac_nav2_core/share/ament_index/resource_index/packages/gac_nav2_core
[1.756s] -- Symlinking: /home/zr/code/src/install/gac_nav2_core/share/gac_nav2_core/cmake/ament_cmake_export_include_directories-extras.cmake
[1.768s] -- Symlinking: /home/zr/code/src/install/gac_nav2_core/share/gac_nav2_core/cmake/ament_cmake_export_dependencies-extras.cmake
[1.785s] -- Symlinking: /home/zr/code/src/install/gac_nav2_core/share/gac_nav2_core/cmake/gac_nav2_coreConfig.cmake
[1.798s] -- Symlinking: /home/zr/code/src/install/gac_nav2_core/share/gac_nav2_core/cmake/gac_nav2_coreConfig-version.cmake
[1.810s] -- Symlinking: /home/zr/code/src/install/gac_nav2_core/share/gac_nav2_core/package.xml
[1.823s] Invoked command in '/home/zr/code/src/build/gac_nav2_core' returned '0': AMENT_PREFIX_PATH=/home/zr/code/src/install/gac_nav2_costmap_2d:/home/zr/code/src/install/nav2_map_server:/home/zr/code/src/install/nav2_lifecycle_manager:/home/zr/code/src/install/nav2_util:/home/zr/code/src/install/gac_nav2_voxel_grid:${AMENT_PREFIX_PATH} CMAKE_PREFIX_PATH=/home/zr/code/src/install/gac_nav2_costmap_2d:/home/zr/code/src/install/nav2_map_server:/home/zr/code/src/install/nav2_lifecycle_manager:/home/zr/code/src/install/nav2_util:/home/zr/code/src/install/gac_nav2_voxel_grid:/opt/ros/humble LD_LIBRARY_PATH=/home/zr/code/src/install/gac_nav2_costmap_2d/lib:/home/zr/code/src/install/nav2_map_server/lib:/home/zr/code/src/install/nav2_lifecycle_manager/lib:/home/zr/code/src/install/nav2_util/lib:/home/zr/code/src/install/gac_nav2_voxel_grid/lib:${LD_LIBRARY_PATH} /usr/bin/cmake --install /home/zr/code/src/build/gac_nav2_core
