[0.023s] Invoking command in '/home/zr/code/src/build/nav2_navfn_planner': AMENT_PREFIX_PATH=/home/zr/code/src/install/gac_nav2_core:/home/zr/code/src/install/gac_nav2_costmap_2d:/home/zr/code/src/install/nav2_map_server:/home/zr/code/src/install/nav2_lifecycle_manager:/home/zr/code/src/install/nav2_util:/home/zr/code/src/install/gac_nav2_voxel_grid:${AMENT_PREFIX_PATH} CMAKE_PREFIX_PATH=/home/zr/code/src/install/gac_nav2_core:/home/zr/code/src/install/gac_nav2_costmap_2d:/home/zr/code/src/install/nav2_map_server:/home/zr/code/src/install/nav2_lifecycle_manager:/home/zr/code/src/install/nav2_util:/home/zr/code/src/install/gac_nav2_voxel_grid:/opt/ros/humble LD_LIBRARY_PATH=/home/zr/code/src/install/gac_nav2_costmap_2d/lib:/home/zr/code/src/install/nav2_map_server/lib:/home/zr/code/src/install/nav2_lifecycle_manager/lib:/home/zr/code/src/install/nav2_util/lib:/home/zr/code/src/install/gac_nav2_voxel_grid/lib:${LD_LIBRARY_PATH} /usr/bin/cmake /home/zr/code/src/nav_ws_gazebo/src/gac_navigation2/nav2_navfn_planner -DBUILD_TESTING=OFF -DCMAKE_C_COMPILER_LAUNCHER=ccache -DCMAKE_CXX_COMPILER_LAUNCHER=ccache -DAMENT_CMAKE_SYMLINK_INSTALL=1 -DCMAKE_INSTALL_PREFIX=/home/zr/code/src/install/nav2_navfn_planner
[0.084s] -- The C compiler identification is GNU 11.4.0
[0.143s] -- The CXX compiler identification is GNU 11.4.0
[0.151s] -- Detecting C compiler ABI info
[0.228s] -- Detecting C compiler ABI info - done
[0.234s] -- Check for working C compiler: /usr/bin/cc - skipped
[0.234s] -- Detecting C compile features
[0.234s] -- Detecting C compile features - done
[0.236s] -- Detecting CXX compiler ABI info
[0.325s] -- Detecting CXX compiler ABI info - done
[0.331s] -- Check for working CXX compiler: /usr/bin/c++ - skipped
[0.331s] -- Detecting CXX compile features
[0.331s] -- Detecting CXX compile features - done
[0.335s] -- Found ament_cmake: 1.3.14 (/opt/ros/humble/share/ament_cmake/cmake)
[0.473s] -- Found Python3: /usr/bin/python3 (found version "3.10.12") found components: Interpreter 
[0.536s] -- Override CMake install command with custom implementation using symlinks instead of copying resources
[0.574s] -- Found nav2_common: 1.1.20 (/opt/ros/humble/share/nav2_common/cmake)
[0.577s] -- Found rclcpp: 16.0.19 (/opt/ros/humble/share/rclcpp/cmake)
[0.633s] -- Found rosidl_generator_c: 3.1.8 (/opt/ros/humble/share/rosidl_generator_c/cmake)
[0.639s] -- Found rosidl_adapter: 3.1.8 (/opt/ros/humble/share/rosidl_adapter/cmake)
[0.649s] -- Found rosidl_generator_cpp: 3.1.8 (/opt/ros/humble/share/rosidl_generator_cpp/cmake)
[0.661s] -- Using all available rosidl_typesupport_c: rosidl_typesupport_fastrtps_c;rosidl_typesupport_introspection_c
[0.677s] -- Using all available rosidl_typesupport_cpp: rosidl_typesupport_fastrtps_cpp;rosidl_typesupport_introspection_cpp
[0.731s] -- Found rmw_implementation_cmake: 6.1.2 (/opt/ros/humble/share/rmw_implementation_cmake/cmake)
[0.735s] -- Found rmw_fastrtps_cpp: 6.2.10 (/opt/ros/humble/share/rmw_fastrtps_cpp/cmake)
[0.840s] -- Found OpenSSL: /usr/lib/x86_64-linux-gnu/libcrypto.so (found version "3.0.2")  
[0.873s] -- Found FastRTPS: /opt/ros/humble/include  
[0.924s] -- Using RMW implementation 'rmw_fastrtps_cpp' as default
[0.935s] -- Looking for pthread.h
[1.016s] -- Looking for pthread.h - found
[1.017s] -- Performing Test CMAKE_HAVE_LIBC_PTHREAD
[1.099s] -- Performing Test CMAKE_HAVE_LIBC_PTHREAD - Success
[1.101s] -- Found Threads: TRUE  
[1.157s] -- Found rclcpp_action: 16.0.19 (/opt/ros/humble/share/rclcpp_action/cmake)
[1.188s] -- Found rclcpp_lifecycle: 16.0.19 (/opt/ros/humble/share/rclcpp_lifecycle/cmake)
[1.212s] -- Found visualization_msgs: 4.9.1 (/opt/ros/humble/share/visualization_msgs/cmake)
[1.259s] -- Found nav2_util: 1.1.14 (/home/zr/code/src/install/nav2_util/share/nav2_util/cmake)
[1.384s] -- Found eigen3_cmake_module: 0.1.1 (/opt/ros/humble/share/eigen3_cmake_module/cmake)
[1.385s] -- Found Eigen3: TRUE (found version "3.4.0") 
[1.385s] -- Ensuring Eigen3 include directory is part of orocos-kdl CMake target
[1.420s] -- Found gac_nav2_core: 1.1.14 (/home/zr/code/src/install/gac_nav2_core/share/gac_nav2_core/cmake)
[1.516s] -- Setting build type to Release as none was specified.
[1.698s] -- Configuring done
[1.760s] -- Generating done
[1.767s] -- Build files have been written to: /home/zr/code/src/build/nav2_navfn_planner
[1.780s] Invoked command in '/home/zr/code/src/build/nav2_navfn_planner' returned '0': AMENT_PREFIX_PATH=/home/zr/code/src/install/gac_nav2_core:/home/zr/code/src/install/gac_nav2_costmap_2d:/home/zr/code/src/install/nav2_map_server:/home/zr/code/src/install/nav2_lifecycle_manager:/home/zr/code/src/install/nav2_util:/home/zr/code/src/install/gac_nav2_voxel_grid:${AMENT_PREFIX_PATH} CMAKE_PREFIX_PATH=/home/zr/code/src/install/gac_nav2_core:/home/zr/code/src/install/gac_nav2_costmap_2d:/home/zr/code/src/install/nav2_map_server:/home/zr/code/src/install/nav2_lifecycle_manager:/home/zr/code/src/install/nav2_util:/home/zr/code/src/install/gac_nav2_voxel_grid:/opt/ros/humble LD_LIBRARY_PATH=/home/zr/code/src/install/gac_nav2_costmap_2d/lib:/home/zr/code/src/install/nav2_map_server/lib:/home/zr/code/src/install/nav2_lifecycle_manager/lib:/home/zr/code/src/install/nav2_util/lib:/home/zr/code/src/install/gac_nav2_voxel_grid/lib:${LD_LIBRARY_PATH} /usr/bin/cmake /home/zr/code/src/nav_ws_gazebo/src/gac_navigation2/nav2_navfn_planner -DBUILD_TESTING=OFF -DCMAKE_C_COMPILER_LAUNCHER=ccache -DCMAKE_CXX_COMPILER_LAUNCHER=ccache -DAMENT_CMAKE_SYMLINK_INSTALL=1 -DCMAKE_INSTALL_PREFIX=/home/zr/code/src/install/nav2_navfn_planner
[1.782s] Invoking command in '/home/zr/code/src/build/nav2_navfn_planner': AMENT_PREFIX_PATH=/home/zr/code/src/install/gac_nav2_core:/home/zr/code/src/install/gac_nav2_costmap_2d:/home/zr/code/src/install/nav2_map_server:/home/zr/code/src/install/nav2_lifecycle_manager:/home/zr/code/src/install/nav2_util:/home/zr/code/src/install/gac_nav2_voxel_grid:${AMENT_PREFIX_PATH} CMAKE_PREFIX_PATH=/home/zr/code/src/install/gac_nav2_core:/home/zr/code/src/install/gac_nav2_costmap_2d:/home/zr/code/src/install/nav2_map_server:/home/zr/code/src/install/nav2_lifecycle_manager:/home/zr/code/src/install/nav2_util:/home/zr/code/src/install/gac_nav2_voxel_grid:/opt/ros/humble LD_LIBRARY_PATH=/home/zr/code/src/install/gac_nav2_costmap_2d/lib:/home/zr/code/src/install/nav2_map_server/lib:/home/zr/code/src/install/nav2_lifecycle_manager/lib:/home/zr/code/src/install/nav2_util/lib:/home/zr/code/src/install/gac_nav2_voxel_grid/lib:${LD_LIBRARY_PATH} /usr/bin/cmake --build /home/zr/code/src/build/nav2_navfn_planner -- -j16 -l16
[1.850s] [ 66%] [32mBuilding CXX object CMakeFiles/nav2_navfn_planner.dir/src/navfn.cpp.o[0m
[1.850s] [ 66%] [32mBuilding CXX object CMakeFiles/nav2_navfn_planner.dir/src/navfn_planner.cpp.o[0m
[8.252s] [100%] [32m[1mLinking CXX shared library libnav2_navfn_planner.so[0m
[8.697s] [100%] Built target nav2_navfn_planner
[8.741s] Invoked command in '/home/zr/code/src/build/nav2_navfn_planner' returned '0': AMENT_PREFIX_PATH=/home/zr/code/src/install/gac_nav2_core:/home/zr/code/src/install/gac_nav2_costmap_2d:/home/zr/code/src/install/nav2_map_server:/home/zr/code/src/install/nav2_lifecycle_manager:/home/zr/code/src/install/nav2_util:/home/zr/code/src/install/gac_nav2_voxel_grid:${AMENT_PREFIX_PATH} CMAKE_PREFIX_PATH=/home/zr/code/src/install/gac_nav2_core:/home/zr/code/src/install/gac_nav2_costmap_2d:/home/zr/code/src/install/nav2_map_server:/home/zr/code/src/install/nav2_lifecycle_manager:/home/zr/code/src/install/nav2_util:/home/zr/code/src/install/gac_nav2_voxel_grid:/opt/ros/humble LD_LIBRARY_PATH=/home/zr/code/src/install/gac_nav2_costmap_2d/lib:/home/zr/code/src/install/nav2_map_server/lib:/home/zr/code/src/install/nav2_lifecycle_manager/lib:/home/zr/code/src/install/nav2_util/lib:/home/zr/code/src/install/gac_nav2_voxel_grid/lib:${LD_LIBRARY_PATH} /usr/bin/cmake --build /home/zr/code/src/build/nav2_navfn_planner -- -j16 -l16
[8.742s] Invoking command in '/home/zr/code/src/build/nav2_navfn_planner': AMENT_PREFIX_PATH=/home/zr/code/src/install/gac_nav2_core:/home/zr/code/src/install/gac_nav2_costmap_2d:/home/zr/code/src/install/nav2_map_server:/home/zr/code/src/install/nav2_lifecycle_manager:/home/zr/code/src/install/nav2_util:/home/zr/code/src/install/gac_nav2_voxel_grid:${AMENT_PREFIX_PATH} CMAKE_PREFIX_PATH=/home/zr/code/src/install/gac_nav2_core:/home/zr/code/src/install/gac_nav2_costmap_2d:/home/zr/code/src/install/nav2_map_server:/home/zr/code/src/install/nav2_lifecycle_manager:/home/zr/code/src/install/nav2_util:/home/zr/code/src/install/gac_nav2_voxel_grid:/opt/ros/humble LD_LIBRARY_PATH=/home/zr/code/src/install/gac_nav2_costmap_2d/lib:/home/zr/code/src/install/nav2_map_server/lib:/home/zr/code/src/install/nav2_lifecycle_manager/lib:/home/zr/code/src/install/nav2_util/lib:/home/zr/code/src/install/gac_nav2_voxel_grid/lib:${LD_LIBRARY_PATH} /usr/bin/cmake --install /home/zr/code/src/build/nav2_navfn_planner
[8.752s] -- Install configuration: "Release"
[8.752s] -- Execute custom install script
[8.752s] -- Symlinking: /home/zr/code/src/install/nav2_navfn_planner/share/nav2_navfn_planner//global_planner_plugin.xml
[8.768s] -- Symlinking: /home/zr/code/src/install/nav2_navfn_planner/lib/libnav2_navfn_planner.so
[8.782s] -- Symlinking: /home/zr/code/src/install/nav2_navfn_planner/include//nav2_navfn_planner/navfn.hpp
[8.796s] -- Symlinking: /home/zr/code/src/install/nav2_navfn_planner/include//nav2_navfn_planner/navfn_planner.hpp
[8.810s] -- Up-to-date symlink: /home/zr/code/src/install/nav2_navfn_planner/share/nav2_navfn_planner/global_planner_plugin.xml
[8.811s] -- Symlinking: /home/zr/code/src/install/nav2_navfn_planner/share/nav2_navfn_planner/environment/library_path.sh
[8.826s] -- Symlinking: /home/zr/code/src/install/nav2_navfn_planner/share/nav2_navfn_planner/environment/library_path.dsv
[8.848s] -- Symlinking: /home/zr/code/src/install/nav2_navfn_planner/share/ament_index/resource_index/package_run_dependencies/nav2_navfn_planner
[8.871s] -- Symlinking: /home/zr/code/src/install/nav2_navfn_planner/share/ament_index/resource_index/parent_prefix_path/nav2_navfn_planner
[8.890s] -- Symlinking: /home/zr/code/src/install/nav2_navfn_planner/share/nav2_navfn_planner/environment/ament_prefix_path.sh
[8.903s] -- Symlinking: /home/zr/code/src/install/nav2_navfn_planner/share/nav2_navfn_planner/environment/ament_prefix_path.dsv
[8.917s] -- Symlinking: /home/zr/code/src/install/nav2_navfn_planner/share/nav2_navfn_planner/environment/path.sh
[8.929s] -- Symlinking: /home/zr/code/src/install/nav2_navfn_planner/share/nav2_navfn_planner/environment/path.dsv
[8.946s] -- Symlinking: /home/zr/code/src/install/nav2_navfn_planner/share/nav2_navfn_planner/local_setup.bash
[8.971s] -- Symlinking: /home/zr/code/src/install/nav2_navfn_planner/share/nav2_navfn_planner/local_setup.sh
[8.988s] -- Symlinking: /home/zr/code/src/install/nav2_navfn_planner/share/nav2_navfn_planner/local_setup.zsh
[9.005s] -- Symlinking: /home/zr/code/src/install/nav2_navfn_planner/share/nav2_navfn_planner/local_setup.dsv
[9.018s] -- Symlinking: /home/zr/code/src/install/nav2_navfn_planner/share/nav2_navfn_planner/package.dsv
[9.030s] -- Symlinking: /home/zr/code/src/install/nav2_navfn_planner/share/ament_index/resource_index/packages/nav2_navfn_planner
[9.042s] -- Symlinking: /home/zr/code/src/install/nav2_navfn_planner/share/ament_index/resource_index/gac_nav2_core__pluginlib__plugin/nav2_navfn_planner
[9.056s] -- Symlinking: /home/zr/code/src/install/nav2_navfn_planner/share/nav2_navfn_planner/cmake/ament_cmake_export_include_directories-extras.cmake
[9.070s] -- Symlinking: /home/zr/code/src/install/nav2_navfn_planner/share/nav2_navfn_planner/cmake/ament_cmake_export_libraries-extras.cmake
[9.090s] -- Symlinking: /home/zr/code/src/install/nav2_navfn_planner/share/nav2_navfn_planner/cmake/ament_cmake_export_dependencies-extras.cmake
[9.103s] -- Symlinking: /home/zr/code/src/install/nav2_navfn_planner/share/nav2_navfn_planner/cmake/nav2_navfn_plannerConfig.cmake
[9.116s] -- Symlinking: /home/zr/code/src/install/nav2_navfn_planner/share/nav2_navfn_planner/cmake/nav2_navfn_plannerConfig-version.cmake
[9.131s] -- Symlinking: /home/zr/code/src/install/nav2_navfn_planner/share/nav2_navfn_planner/package.xml
[9.150s] Invoked command in '/home/zr/code/src/build/nav2_navfn_planner' returned '0': AMENT_PREFIX_PATH=/home/zr/code/src/install/gac_nav2_core:/home/zr/code/src/install/gac_nav2_costmap_2d:/home/zr/code/src/install/nav2_map_server:/home/zr/code/src/install/nav2_lifecycle_manager:/home/zr/code/src/install/nav2_util:/home/zr/code/src/install/gac_nav2_voxel_grid:${AMENT_PREFIX_PATH} CMAKE_PREFIX_PATH=/home/zr/code/src/install/gac_nav2_core:/home/zr/code/src/install/gac_nav2_costmap_2d:/home/zr/code/src/install/nav2_map_server:/home/zr/code/src/install/nav2_lifecycle_manager:/home/zr/code/src/install/nav2_util:/home/zr/code/src/install/gac_nav2_voxel_grid:/opt/ros/humble LD_LIBRARY_PATH=/home/zr/code/src/install/gac_nav2_costmap_2d/lib:/home/zr/code/src/install/nav2_map_server/lib:/home/zr/code/src/install/nav2_lifecycle_manager/lib:/home/zr/code/src/install/nav2_util/lib:/home/zr/code/src/install/gac_nav2_voxel_grid/lib:${LD_LIBRARY_PATH} /usr/bin/cmake --install /home/zr/code/src/build/nav2_navfn_planner
