-- Found ament_cmake: 1.3.14 (/opt/ros/humble/share/ament_cmake/cmake)
-- Override CMake install command with custom implementation using symlinks instead of copying resources
-- Found rclcpp: 16.0.19 (/opt/ros/humble/share/rclcpp/cmake)
-- Found rosidl_generator_c: 3.1.8 (/opt/ros/humble/share/rosidl_generator_c/cmake)
-- Found rosidl_adapter: 3.1.8 (/opt/ros/humble/share/rosidl_adapter/cmake)
-- Found rosidl_generator_cpp: 3.1.8 (/opt/ros/humble/share/rosidl_generator_cpp/cmake)
-- Using all available rosidl_typesupport_c: rosidl_typesupport_fastrtps_c;rosidl_typesupport_introspection_c
-- Using all available rosidl_typesupport_cpp: rosidl_typesupport_fastrtps_cpp;rosidl_typesupport_introspection_cpp
-- Found rmw_implementation_cmake: 6.1.2 (/opt/ros/humble/share/rmw_implementation_cmake/cmake)
-- Found rmw_fastrtps_cpp: 6.2.10 (/opt/ros/humble/share/rmw_fastrtps_cpp/cmake)
-- Using RMW implementation 'rmw_fastrtps_cpp' as default
-- Found action_msgs: 1.2.2 (/opt/ros/humble/share/action_msgs/cmake)
-- Configuring done
-- Generating done
-- Build files have been written to: /home/zr/code/src/build/nav_status_bridge
[ 50%] Building CXX object CMakeFiles/status_bridge_node.dir/src/status_bridge_node.cpp.o
[100%] Linking CXX executable status_bridge_node
[100%] Built target status_bridge_node
-- Install configuration: ""
-- Execute custom install script
-- Symlinking: /home/zr/code/src/install/nav_status_bridge/lib/nav_status_bridge/status_bridge_node
CMake Error at ament_cmake_symlink_install/ament_cmake_symlink_install.cmake:105 (message):
  ament_cmake_symlink_install_directory() can't find
  '/home/zr/code/src/nav_ws_gazebo/src/nav_status_bridge/launch'
Call Stack (most recent call first):
  ament_cmake_symlink_install/ament_cmake_symlink_install.cmake:322 (ament_cmake_symlink_install_directory)
  cmake_install.cmake:46 (include)


