[0.131s] DEBUG:colcon:Command line arguments: ['/usr/bin/colcon', 'build', '--base-paths', 'sim/defender_3a', '--symlink-install', '--cmake-args', '-DBUILD_TESTING=OFF', '-DCMAKE_C_COMPILER_LAUNCHER=ccache', '-DCMAKE_CXX_COMPILER_LAUNCHER=ccache']
[0.131s] DEBUG:colcon:Parsed command line arguments: Namespace(log_base=None, log_level=None, verb_name='build', build_base='build', install_base='install', merge_install=False, symlink_install=True, test_result_base=None, continue_on_error=False, executor='parallel', parallel_workers=16, event_handlers=None, ignore_user_meta=False, metas=['./colcon.meta'], base_paths=['sim/defender_3a'], packages_ignore=None, packages_ignore_regex=None, paths=None, packages_up_to=None, packages_up_to_regex=None, packages_above=None, packages_above_and_dependencies=None, packages_above_depth=None, packages_select_by_dep=None, packages_skip_by_dep=None, packages_skip_up_to=None, packages_select_build_failed=False, packages_skip_build_finished=False, packages_select_test_failures=False, packages_skip_test_passed=False, packages_select=None, packages_skip=None, packages_select_regex=None, packages_skip_regex=None, packages_start=None, packages_end=None, allow_overriding=[], cmake_args=['-DBUILD_TESTING=OFF', '-DCMAKE_C_COMPILER_LAUNCHER=ccache', '-DCMAKE_CXX_COMPILER_LAUNCHER=ccache'], cmake_target=None, cmake_target_skip_unavailable=False, cmake_clean_cache=False, cmake_clean_first=False, cmake_force_configure=False, ament_cmake_args=None, catkin_cmake_args=None, catkin_skip_building_tests=False, verb_parser=<colcon_defaults.argument_parser.defaults.DefaultArgumentsDecorator object at 0x7f8330138f10>, verb_extension=<colcon_core.verb.build.BuildVerb object at 0x7f8330138970>, main=<bound method BuildVerb.main of <colcon_core.verb.build.BuildVerb object at 0x7f8330138970>>)
[0.452s] Level 1:colcon.colcon_core.package_discovery:discover_packages(colcon_meta) check parameters
[0.452s] Level 1:colcon.colcon_core.package_discovery:discover_packages(recursive) check parameters
[0.452s] Level 1:colcon.colcon_core.package_discovery:discover_packages(ignore) check parameters
[0.452s] Level 1:colcon.colcon_core.package_discovery:discover_packages(path) check parameters
[0.452s] Level 1:colcon.colcon_core.package_discovery:discover_packages(recursive) discover
[0.452s] INFO:colcon.colcon_core.package_discovery:Crawling recursively for packages in '/home/zr/code/src/sim/sim/defender_3a'
[0.452s] Level 1:colcon.colcon_core.package_discovery:discover_packages(recursive) using defaults
[0.481s] Level 1:colcon.colcon_core.package_discovery:discover_packages(prefix_path) check parameters
[0.481s] Level 1:colcon.colcon_core.package_discovery:discover_packages(prefix_path) discover
[0.485s] DEBUG:colcon.colcon_installed_package_information.package_discovery:Found 34 installed packages in /home/zr/code/src/install
[0.487s] DEBUG:colcon.colcon_installed_package_information.package_discovery:Found 448 installed packages in /opt/ros/humble
[0.489s] Level 1:colcon.colcon_core.package_discovery:discover_packages(prefix_path) using defaults
[0.535s] INFO:colcon.colcon_core.executor:Executing jobs using 'parallel' executor
[0.536s] DEBUG:colcon.colcon_parallel_executor.executor.parallel:run_until_complete
[0.536s] DEBUG:colcon.colcon_parallel_executor.executor.parallel:closing loop
[0.536s] DEBUG:colcon.colcon_parallel_executor.executor.parallel:loop closed
[0.536s] DEBUG:colcon.colcon_parallel_executor.executor.parallel:run_until_complete finished with '0'
[0.536s] DEBUG:colcon.colcon_core.event_reactor:joining thread
[0.540s] INFO:colcon.colcon_core.plugin_system:Skipping extension 'colcon_notification.desktop_notification.terminal_notifier': Not used on non-Darwin systems
[0.541s] INFO:colcon.colcon_core.plugin_system:Skipping extension 'colcon_notification.desktop_notification.win32': Not used on non-Windows systems
[0.541s] INFO:colcon.colcon_notification.desktop_notification:Sending desktop notification using 'notify2'
[0.551s] DEBUG:colcon.colcon_core.event_reactor:joined thread
[0.555s] INFO:colcon.colcon_core.plugin_system:Skipping extension 'colcon_core.shell.bat': Not used on non-Windows systems
[0.555s] INFO:colcon.colcon_core.shell:Creating prefix script '/home/zr/code/src/sim/install/local_setup.ps1'
[0.556s] INFO:colcon.colcon_core.shell:Creating prefix util module '/home/zr/code/src/sim/install/_local_setup_util_ps1.py'
[0.556s] INFO:colcon.colcon_core.shell:Creating prefix chain script '/home/zr/code/src/sim/install/setup.ps1'
[0.558s] INFO:colcon.colcon_core.shell:Creating prefix script '/home/zr/code/src/sim/install/local_setup.sh'
[0.559s] INFO:colcon.colcon_core.shell:Creating prefix util module '/home/zr/code/src/sim/install/_local_setup_util_sh.py'
[0.559s] INFO:colcon.colcon_core.shell:Creating prefix chain script '/home/zr/code/src/sim/install/setup.sh'
[0.561s] INFO:colcon.colcon_core.shell:Creating prefix script '/home/zr/code/src/sim/install/local_setup.bash'
[0.561s] INFO:colcon.colcon_core.shell:Creating prefix chain script '/home/zr/code/src/sim/install/setup.bash'
[0.563s] INFO:colcon.colcon_core.shell:Creating prefix script '/home/zr/code/src/sim/install/local_setup.zsh'
[0.563s] INFO:colcon.colcon_core.shell:Creating prefix chain script '/home/zr/code/src/sim/install/setup.zsh'
