-- The C compiler identification is GNU 11.4.0
-- The CXX compiler identification is GNU 11.4.0
-- Detecting C compiler ABI info
-- Detecting C compiler ABI info - done
-- Check for working C compiler: /usr/bin/cc - skipped
-- Detecting C compile features
-- Detecting C compile features - done
-- Detecting CXX compiler ABI info
-- Detecting CXX compiler ABI info - done
-- Check for working CXX compiler: /usr/bin/c++ - skipped
-- Detecting CXX compile features
-- Detecting CXX compile features - done
-- Found ament_cmake: 1.3.14 (/opt/ros/humble/share/ament_cmake/cmake)
-- Found Python3: /usr/bin/python3 (found version "3.10.12") found components: Interpreter 
-- Override CMake install command with custom implementation using symlinks instead of copying resources
-- Found nav2_common: 1.1.20 (/opt/ros/humble/share/nav2_common/cmake)
-- Found rclcpp: 16.0.19 (/opt/ros/humble/share/rclcpp/cmake)
-- Found rosidl_generator_c: 3.1.8 (/opt/ros/humble/share/rosidl_generator_c/cmake)
-- Found rosidl_adapter: 3.1.8 (/opt/ros/humble/share/rosidl_adapter/cmake)
-- Found rosidl_generator_cpp: 3.1.8 (/opt/ros/humble/share/rosidl_generator_cpp/cmake)
-- Using all available rosidl_typesupport_c: rosidl_typesupport_fastrtps_c;rosidl_typesupport_introspection_c
-- Using all available rosidl_typesupport_cpp: rosidl_typesupport_fastrtps_cpp;rosidl_typesupport_introspection_cpp
-- Found rmw_implementation_cmake: 6.1.2 (/opt/ros/humble/share/rmw_implementation_cmake/cmake)
-- Found rmw_fastrtps_cpp: 6.2.10 (/opt/ros/humble/share/rmw_fastrtps_cpp/cmake)
-- Found OpenSSL: /usr/lib/x86_64-linux-gnu/libcrypto.so (found version "3.0.2")  
-- Found FastRTPS: /opt/ros/humble/include  
-- Using RMW implementation 'rmw_fastrtps_cpp' as default
-- Looking for pthread.h
-- Looking for pthread.h - found
-- Performing Test CMAKE_HAVE_LIBC_PTHREAD
-- Performing Test CMAKE_HAVE_LIBC_PTHREAD - Success
-- Found Threads: TRUE  
-- Found geometry_msgs: 4.9.1 (/opt/ros/humble/share/geometry_msgs/cmake)
-- Found nav_2d_msgs: 1.1.14 (/home/zr/code/src/install/nav_2d_msgs/share/nav_2d_msgs/cmake)
-- Found dwb_msgs: 1.1.14 (/home/zr/code/src/install/dwb_msgs/share/dwb_msgs/cmake)
-- Found gac_nav2_costmap_2d: 1.1.14 (/home/zr/code/src/install/gac_nav2_costmap_2d/share/gac_nav2_costmap_2d/cmake)
-- Found Eigen3: TRUE (found version "3.4.0") 
-- Ensuring Eigen3 include directory is part of orocos-kdl CMake target
-- Found nav_2d_utils: 1.1.14 (/home/zr/code/src/install/nav_2d_utils/share/nav_2d_utils/cmake)
-- Found gac_nav2_core: 1.1.14 (/home/zr/code/src/install/gac_nav2_core/share/gac_nav2_core/cmake)
-- Setting build type to Release as none was specified.
-- Configuring done
-- Generating done
-- Build files have been written to: /home/zr/code/src/build/dwb_core
[ 40%] [32mBuilding CXX object CMakeFiles/dwb_core.dir/src/illegal_trajectory_tracker.cpp.o[0m
[ 40%] [32mBuilding CXX object CMakeFiles/dwb_core.dir/src/dwb_local_planner.cpp.o[0m
[ 60%] [32mBuilding CXX object CMakeFiles/dwb_core.dir/src/trajectory_utils.cpp.o[0m
[ 80%] [32mBuilding CXX object CMakeFiles/dwb_core.dir/src/publisher.cpp.o[0m
[100%] [32m[1mLinking CXX shared library libdwb_core.so[0m
[100%] Built target dwb_core
-- Install configuration: "Release"
-- Execute custom install script
-- Symlinking: /home/zr/code/src/install/dwb_core/lib/libdwb_core.so
-- Symlinking: /home/zr/code/src/install/dwb_core/include//dwb_core/dwb_local_planner.hpp
-- Symlinking: /home/zr/code/src/install/dwb_core/include//dwb_core/exceptions.hpp
-- Symlinking: /home/zr/code/src/install/dwb_core/include//dwb_core/illegal_trajectory_tracker.hpp
-- Symlinking: /home/zr/code/src/install/dwb_core/include//dwb_core/publisher.hpp
-- Symlinking: /home/zr/code/src/install/dwb_core/include//dwb_core/trajectory_critic.hpp
-- Symlinking: /home/zr/code/src/install/dwb_core/include//dwb_core/trajectory_generator.hpp
-- Symlinking: /home/zr/code/src/install/dwb_core/include//dwb_core/trajectory_utils.hpp
-- Symlinking: /home/zr/code/src/install/dwb_core/share/dwb_core/environment/library_path.sh
-- Symlinking: /home/zr/code/src/install/dwb_core/share/dwb_core/environment/library_path.dsv
-- Symlinking: /home/zr/code/src/install/dwb_core/share/dwb_core//local_planner_plugin.xml
-- Symlinking: /home/zr/code/src/install/dwb_core/share/ament_index/resource_index/package_run_dependencies/dwb_core
-- Symlinking: /home/zr/code/src/install/dwb_core/share/ament_index/resource_index/parent_prefix_path/dwb_core
-- Symlinking: /home/zr/code/src/install/dwb_core/share/dwb_core/environment/ament_prefix_path.sh
-- Symlinking: /home/zr/code/src/install/dwb_core/share/dwb_core/environment/ament_prefix_path.dsv
-- Symlinking: /home/zr/code/src/install/dwb_core/share/dwb_core/environment/path.sh
-- Symlinking: /home/zr/code/src/install/dwb_core/share/dwb_core/environment/path.dsv
-- Symlinking: /home/zr/code/src/install/dwb_core/share/dwb_core/local_setup.bash
-- Symlinking: /home/zr/code/src/install/dwb_core/share/dwb_core/local_setup.sh
-- Symlinking: /home/zr/code/src/install/dwb_core/share/dwb_core/local_setup.zsh
-- Symlinking: /home/zr/code/src/install/dwb_core/share/dwb_core/local_setup.dsv
-- Symlinking: /home/zr/code/src/install/dwb_core/share/dwb_core/package.dsv
-- Symlinking: /home/zr/code/src/install/dwb_core/share/ament_index/resource_index/packages/dwb_core
-- Symlinking: /home/zr/code/src/install/dwb_core/share/ament_index/resource_index/gac_nav2_core__pluginlib__plugin/dwb_core
-- Symlinking: /home/zr/code/src/install/dwb_core/share/dwb_core/cmake/ament_cmake_export_include_directories-extras.cmake
-- Symlinking: /home/zr/code/src/install/dwb_core/share/dwb_core/cmake/ament_cmake_export_libraries-extras.cmake
-- Symlinking: /home/zr/code/src/install/dwb_core/share/dwb_core/cmake/ament_cmake_export_dependencies-extras.cmake
-- Symlinking: /home/zr/code/src/install/dwb_core/share/dwb_core/cmake/dwb_coreConfig.cmake
-- Symlinking: /home/zr/code/src/install/dwb_core/share/dwb_core/cmake/dwb_coreConfig-version.cmake
-- Symlinking: /home/zr/code/src/install/dwb_core/share/dwb_core/package.xml
