[0.017s] Invoking command in '/home/zr/code/src/build/mqtt_nav_control_cpp': CMAKE_PREFIX_PATH=${CMAKE_PREFIX_PATH}:/home/zr/code/test/nav2_ws/install/nav2_simple_commander:/opt/ros/humble /usr/bin/cmake /home/zr/code/src/nav_ws_gazebo/src/mqtt_nav_control_cpp -DAMENT_CMAKE_SYMLINK_INSTALL=1 -DCMAKE_INSTALL_PREFIX=/home/zr/code/src/install/mqtt_nav_control_cpp
[0.165s] -- The C compiler identification is GNU 11.4.0
[0.235s] -- The CXX compiler identification is GNU 11.4.0
[0.249s] -- Detecting C compiler ABI info
[0.352s] -- Detecting C compiler ABI info - done
[0.357s] -- Check for working C compiler: /usr/bin/cc - skipped
[0.358s] -- Detecting C compile features
[0.358s] -- Detecting C compile features - done
[0.361s] -- Detecting CXX compiler ABI info
[0.480s] -- Detecting CXX compiler ABI info - done
[0.485s] -- Check for working CXX compiler: /usr/bin/c++ - skipped
[0.485s] -- Detecting CXX compile features
[0.485s] -- Detecting CXX compile features - done
[0.503s] -- Found ament_cmake: 1.3.14 (/opt/ros/humble/share/ament_cmake/cmake)
[0.692s] -- Found Python3: /usr/bin/python3 (found version "3.10.12") found components: Interpreter 
[0.766s] -- Override CMake install command with custom implementation using symlinks instead of copying resources
[0.903s] -- Found rclcpp: 16.0.19 (/opt/ros/humble/share/rclcpp/cmake)
[1.035s] -- Found rosidl_generator_c: 3.1.8 (/opt/ros/humble/share/rosidl_generator_c/cmake)
[1.055s] -- Found rosidl_adapter: 3.1.8 (/opt/ros/humble/share/rosidl_adapter/cmake)
[1.080s] -- Found rosidl_generator_cpp: 3.1.8 (/opt/ros/humble/share/rosidl_generator_cpp/cmake)
[1.112s] -- Using all available rosidl_typesupport_c: rosidl_typesupport_fastrtps_c;rosidl_typesupport_introspection_c
[1.154s] -- Using all available rosidl_typesupport_cpp: rosidl_typesupport_fastrtps_cpp;rosidl_typesupport_introspection_cpp
[1.280s] -- Found rmw_implementation_cmake: 6.1.2 (/opt/ros/humble/share/rmw_implementation_cmake/cmake)
[1.292s] -- Found rmw_fastrtps_cpp: 6.2.10 (/opt/ros/humble/share/rmw_fastrtps_cpp/cmake)
[1.482s] -- Found OpenSSL: /usr/lib/x86_64-linux-gnu/libcrypto.so (found version "3.0.2")  
[1.526s] -- Found FastRTPS: /opt/ros/humble/include  
[1.591s] -- Using RMW implementation 'rmw_fastrtps_cpp' as default
[1.623s] -- Looking for pthread.h
[1.735s] -- Looking for pthread.h - found
[1.735s] -- Performing Test CMAKE_HAVE_LIBC_PTHREAD
[1.841s] -- Performing Test CMAKE_HAVE_LIBC_PTHREAD - Success
[1.842s] -- Found Threads: TRUE  
[1.936s] -- Found rclcpp_action: 16.0.19 (/opt/ros/humble/share/rclcpp_action/cmake)
[1.998s] -- Found nav2_msgs: 1.1.20 (/home/zr/code/test/nav2_ws/install/nav2_msgs/share/nav2_msgs/cmake)
[2.078s] -- jsoncpp_INCLUDE_DIRS: 
[2.078s] -- jsoncpp_LIBRARIES: 
[2.094s] -- Found ament_lint_auto: 0.12.15 (/opt/ros/humble/share/ament_lint_auto/cmake)
[2.223s] -- Added test 'cppcheck' to perform static code analysis on C / C++ code
[2.223s] -- Configured cppcheck include dirs: $<BUILD_INTERFACE:/home/zr/code/src/nav_ws_gazebo/src/mqtt_nav_control_cpp/include>
[2.223s] -- Configured cppcheck exclude dirs and/or files: 
[2.225s] -- Added test 'lint_cmake' to check CMake code style
[2.228s] -- Added test 'uncrustify' to check C / C++ code style
[2.228s] -- Configured uncrustify additional arguments: 
[2.229s] -- Added test 'xmllint' to check XML markup files
[2.233s] -- Configuring done
[2.246s] -- Generating done
[2.250s] -- Build files have been written to: /home/zr/code/src/build/mqtt_nav_control_cpp
[2.269s] Invoked command in '/home/zr/code/src/build/mqtt_nav_control_cpp' returned '0': CMAKE_PREFIX_PATH=${CMAKE_PREFIX_PATH}:/home/zr/code/test/nav2_ws/install/nav2_simple_commander:/opt/ros/humble /usr/bin/cmake /home/zr/code/src/nav_ws_gazebo/src/mqtt_nav_control_cpp -DAMENT_CMAKE_SYMLINK_INSTALL=1 -DCMAKE_INSTALL_PREFIX=/home/zr/code/src/install/mqtt_nav_control_cpp
[2.271s] Invoking command in '/home/zr/code/src/build/mqtt_nav_control_cpp': CMAKE_PREFIX_PATH=${CMAKE_PREFIX_PATH}:/home/zr/code/test/nav2_ws/install/nav2_simple_commander:/opt/ros/humble /usr/bin/cmake --build /home/zr/code/src/build/mqtt_nav_control_cpp -- -j16 -l16
[2.359s] [ 50%] Building CXX object CMakeFiles/mqtt_nav_control_node.dir/src/mqtt_nav_control_node.cpp.o
[15.156s] [100%] Linking CXX executable mqtt_nav_control_node
[15.973s] [100%] Built target mqtt_nav_control_node
[16.008s] Invoked command in '/home/zr/code/src/build/mqtt_nav_control_cpp' returned '0': CMAKE_PREFIX_PATH=${CMAKE_PREFIX_PATH}:/home/zr/code/test/nav2_ws/install/nav2_simple_commander:/opt/ros/humble /usr/bin/cmake --build /home/zr/code/src/build/mqtt_nav_control_cpp -- -j16 -l16
[16.025s] Invoking command in '/home/zr/code/src/build/mqtt_nav_control_cpp': CMAKE_PREFIX_PATH=${CMAKE_PREFIX_PATH}:/home/zr/code/test/nav2_ws/install/nav2_simple_commander:/opt/ros/humble /usr/bin/cmake --install /home/zr/code/src/build/mqtt_nav_control_cpp
[16.038s] -- Install configuration: ""
[16.038s] -- Execute custom install script
[16.039s] -- Symlinking: /home/zr/code/src/install/mqtt_nav_control_cpp/lib/mqtt_nav_control_cpp/mqtt_nav_control_node
[16.056s] -- Symlinking: /home/zr/code/src/install/mqtt_nav_control_cpp/include/mqtt_nav_control_cpp/mqtt_nav_control_cpp/mqtt_nav_control_node.hpp
[16.071s] -- Symlinking: /home/zr/code/src/install/mqtt_nav_control_cpp/share/ament_index/resource_index/package_run_dependencies/mqtt_nav_control_cpp
[16.088s] -- Symlinking: /home/zr/code/src/install/mqtt_nav_control_cpp/share/ament_index/resource_index/parent_prefix_path/mqtt_nav_control_cpp
[16.104s] -- Symlinking: /home/zr/code/src/install/mqtt_nav_control_cpp/share/mqtt_nav_control_cpp/environment/ament_prefix_path.sh
[16.118s] -- Symlinking: /home/zr/code/src/install/mqtt_nav_control_cpp/share/mqtt_nav_control_cpp/environment/ament_prefix_path.dsv
[16.132s] -- Symlinking: /home/zr/code/src/install/mqtt_nav_control_cpp/share/mqtt_nav_control_cpp/environment/path.sh
[16.147s] -- Symlinking: /home/zr/code/src/install/mqtt_nav_control_cpp/share/mqtt_nav_control_cpp/environment/path.dsv
[16.162s] -- Symlinking: /home/zr/code/src/install/mqtt_nav_control_cpp/share/mqtt_nav_control_cpp/local_setup.bash
[16.177s] -- Symlinking: /home/zr/code/src/install/mqtt_nav_control_cpp/share/mqtt_nav_control_cpp/local_setup.sh
[16.191s] -- Symlinking: /home/zr/code/src/install/mqtt_nav_control_cpp/share/mqtt_nav_control_cpp/local_setup.zsh
[16.206s] -- Symlinking: /home/zr/code/src/install/mqtt_nav_control_cpp/share/mqtt_nav_control_cpp/local_setup.dsv
[16.220s] -- Symlinking: /home/zr/code/src/install/mqtt_nav_control_cpp/share/mqtt_nav_control_cpp/package.dsv
[16.236s] -- Symlinking: /home/zr/code/src/install/mqtt_nav_control_cpp/share/ament_index/resource_index/packages/mqtt_nav_control_cpp
[16.252s] -- Symlinking: /home/zr/code/src/install/mqtt_nav_control_cpp/share/mqtt_nav_control_cpp/cmake/mqtt_nav_control_cppConfig.cmake
[16.266s] -- Symlinking: /home/zr/code/src/install/mqtt_nav_control_cpp/share/mqtt_nav_control_cpp/cmake/mqtt_nav_control_cppConfig-version.cmake
[16.282s] -- Symlinking: /home/zr/code/src/install/mqtt_nav_control_cpp/share/mqtt_nav_control_cpp/package.xml
[16.299s] Invoked command in '/home/zr/code/src/build/mqtt_nav_control_cpp' returned '0': CMAKE_PREFIX_PATH=${CMAKE_PREFIX_PATH}:/home/zr/code/test/nav2_ws/install/nav2_simple_commander:/opt/ros/humble /usr/bin/cmake --install /home/zr/code/src/build/mqtt_nav_control_cpp
