-- The C compiler identification is GNU 11.4.0
-- The CXX compiler identification is GNU 11.4.0
-- Detecting C compiler ABI info
-- Detecting C compiler ABI info - done
-- Check for working C compiler: /usr/bin/cc - skipped
-- Detecting C compile features
-- Detecting C compile features - done
-- Detecting CXX compiler ABI info
-- Detecting CXX compiler ABI info - done
-- Check for working CXX compiler: /usr/bin/c++ - skipped
-- Detecting CXX compile features
-- Detecting CXX compile features - done
-- Found OpenCV version 4.5.4
-- Found image_transport: 3.1.12 (/opt/ros/humble/share/image_transport/cmake)
-- Found Python3: /usr/bin/python3 (found version "3.10.12") found components: Interpreter 
-- Override CMake install command with custom implementation using symlinks instead of copying resources
-- Found rosidl_generator_c: 3.1.8 (/opt/ros/humble/share/rosidl_generator_c/cmake)
-- Found rosidl_adapter: 3.1.8 (/opt/ros/humble/share/rosidl_adapter/cmake)
-- Found rosidl_generator_cpp: 3.1.8 (/opt/ros/humble/share/rosidl_generator_cpp/cmake)
-- Using all available rosidl_typesupport_c: rosidl_typesupport_fastrtps_c;rosidl_typesupport_introspection_c
-- Using all available rosidl_typesupport_cpp: rosidl_typesupport_fastrtps_cpp;rosidl_typesupport_introspection_cpp
-- Found rmw_implementation_cmake: 6.1.2 (/opt/ros/humble/share/rmw_implementation_cmake/cmake)
-- Found rmw_fastrtps_cpp: 6.2.10 (/opt/ros/humble/share/rmw_fastrtps_cpp/cmake)
-- Found OpenSSL: /usr/lib/x86_64-linux-gnu/libcrypto.so (found version "3.0.2")  
-- Found FastRTPS: /opt/ros/humble/include  
-- Using RMW implementation 'rmw_fastrtps_cpp' as default
-- Looking for pthread.h
-- Looking for pthread.h - found
-- Performing Test CMAKE_HAVE_LIBC_PTHREAD
-- Performing Test CMAKE_HAVE_LIBC_PTHREAD - Success
-- Found Threads: TRUE  
-- Found cv_bridge: 3.2.1 (/opt/ros/humble/share/cv_bridge/cmake)
-- Found nav2_common: 1.1.20 (/opt/ros/humble/share/nav2_common/cmake)
-- Found rclcpp_action: 16.0.19 (/opt/ros/humble/share/rclcpp_action/cmake)
-- Found rclcpp_lifecycle: 16.0.19 (/opt/ros/humble/share/rclcpp_lifecycle/cmake)
-- Found rclcpp_components: 16.0.19 (/opt/ros/humble/share/rclcpp_components/cmake)
-- Found nav_msgs: 4.9.1 (/opt/ros/humble/share/nav_msgs/cmake)
-- Found nav2_msgs: 1.1.20 (/opt/ros/humble/share/nav2_msgs/cmake)
-- Found nav2_util: 1.1.14 (/home/zr/code/src/install/nav2_util/share/nav2_util/cmake)
-- Found eigen3_cmake_module: 0.1.1 (/opt/ros/humble/share/eigen3_cmake_module/cmake)
-- Found Eigen3: TRUE (found version "3.4.0") 
-- Ensuring Eigen3 include directory is part of orocos-kdl CMake target
-- Found gac_nav2_core: 1.1.14 (/home/zr/code/src/install/gac_nav2_core/share/gac_nav2_core/cmake)
-- Setting build type to Release as none was specified.
-- Configuring done
-- Generating done
-- Build files have been written to: /home/zr/code/src/build/gac_nav2_waypoint_follower
[ 40%] [32mBuilding CXX object CMakeFiles/input_at_waypoint.dir/plugins/input_at_waypoint.cpp.o[0m
[ 40%] [32mBuilding CXX object CMakeFiles/photo_at_waypoint.dir/plugins/photo_at_waypoint.cpp.o[0m
[ 40%] [32mBuilding CXX object CMakeFiles/wait_at_waypoint.dir/plugins/wait_at_waypoint.cpp.o[0m
[ 40%] [32mBuilding CXX object CMakeFiles/waypoint_follower_core.dir/src/waypoint_follower.cpp.o[0m
[ 50%] [32m[1mLinking CXX shared library libinput_at_waypoint.so[0m
[ 60%] [32m[1mLinking CXX shared library libwait_at_waypoint.so[0m
[ 70%] [32m[1mLinking CXX shared library libphoto_at_waypoint.so[0m
[ 70%] Built target wait_at_waypoint
[ 70%] Built target input_at_waypoint
[ 70%] Built target photo_at_waypoint
[ 80%] [32m[1mLinking CXX shared library libwaypoint_follower_core.so[0m
[ 80%] Built target waypoint_follower_core
[ 90%] [32mBuilding CXX object CMakeFiles/waypoint_follower.dir/src/main.cpp.o[0m
[100%] [32m[1mLinking CXX executable waypoint_follower[0m
[100%] Built target waypoint_follower
-- Install configuration: "Release"
-- Execute custom install script
-- Symlinking: /home/zr/code/src/install/gac_nav2_waypoint_follower/lib/gac_nav2_waypoint_follower/waypoint_follower
-- Symlinking: /home/zr/code/src/install/gac_nav2_waypoint_follower/include//nav2_waypoint_follower/plugins/input_at_waypoint.hpp
-- Symlinking: /home/zr/code/src/install/gac_nav2_waypoint_follower/include//nav2_waypoint_follower/plugins/photo_at_waypoint.hpp
-- Symlinking: /home/zr/code/src/install/gac_nav2_waypoint_follower/include//nav2_waypoint_follower/plugins/wait_at_waypoint.hpp
-- Symlinking: /home/zr/code/src/install/gac_nav2_waypoint_follower/include//nav2_waypoint_follower/waypoint_follower.hpp
-- Symlinking: /home/zr/code/src/install/gac_nav2_waypoint_follower/share/gac_nav2_waypoint_follower/environment/library_path.sh
-- Symlinking: /home/zr/code/src/install/gac_nav2_waypoint_follower/share/gac_nav2_waypoint_follower/environment/library_path.dsv
-- Symlinking: /home/zr/code/src/install/gac_nav2_waypoint_follower/share/gac_nav2_waypoint_follower//plugins.xml
-- Symlinking: /home/zr/code/src/install/gac_nav2_waypoint_follower/share/ament_index/resource_index/package_run_dependencies/gac_nav2_waypoint_follower
-- Symlinking: /home/zr/code/src/install/gac_nav2_waypoint_follower/share/ament_index/resource_index/parent_prefix_path/gac_nav2_waypoint_follower
-- Symlinking: /home/zr/code/src/install/gac_nav2_waypoint_follower/share/gac_nav2_waypoint_follower/environment/ament_prefix_path.sh
-- Symlinking: /home/zr/code/src/install/gac_nav2_waypoint_follower/share/gac_nav2_waypoint_follower/environment/ament_prefix_path.dsv
-- Symlinking: /home/zr/code/src/install/gac_nav2_waypoint_follower/share/gac_nav2_waypoint_follower/environment/path.sh
-- Symlinking: /home/zr/code/src/install/gac_nav2_waypoint_follower/share/gac_nav2_waypoint_follower/environment/path.dsv
-- Symlinking: /home/zr/code/src/install/gac_nav2_waypoint_follower/share/gac_nav2_waypoint_follower/local_setup.bash
-- Symlinking: /home/zr/code/src/install/gac_nav2_waypoint_follower/share/gac_nav2_waypoint_follower/local_setup.sh
-- Symlinking: /home/zr/code/src/install/gac_nav2_waypoint_follower/share/gac_nav2_waypoint_follower/local_setup.zsh
-- Symlinking: /home/zr/code/src/install/gac_nav2_waypoint_follower/share/gac_nav2_waypoint_follower/local_setup.dsv
-- Symlinking: /home/zr/code/src/install/gac_nav2_waypoint_follower/share/gac_nav2_waypoint_follower/package.dsv
-- Symlinking: /home/zr/code/src/install/gac_nav2_waypoint_follower/share/ament_index/resource_index/packages/gac_nav2_waypoint_follower
-- Symlinking: /home/zr/code/src/install/gac_nav2_waypoint_follower/share/ament_index/resource_index/gac_nav2_core__pluginlib__plugin/gac_nav2_waypoint_follower
-- Symlinking: /home/zr/code/src/install/gac_nav2_waypoint_follower/share/ament_index/resource_index/rclcpp_components/gac_nav2_waypoint_follower
-- Symlinking: /home/zr/code/src/install/gac_nav2_waypoint_follower/share/gac_nav2_waypoint_follower/cmake/ament_cmake_export_include_directories-extras.cmake
-- Symlinking: /home/zr/code/src/install/gac_nav2_waypoint_follower/share/gac_nav2_waypoint_follower/cmake/ament_cmake_export_libraries-extras.cmake
-- Symlinking: /home/zr/code/src/install/gac_nav2_waypoint_follower/share/gac_nav2_waypoint_follower/cmake/ament_cmake_export_dependencies-extras.cmake
-- Symlinking: /home/zr/code/src/install/gac_nav2_waypoint_follower/share/gac_nav2_waypoint_follower/cmake/ament_cmake_export_targets-extras.cmake
-- Symlinking: /home/zr/code/src/install/gac_nav2_waypoint_follower/share/gac_nav2_waypoint_follower/cmake/gac_nav2_waypoint_followerConfig.cmake
-- Symlinking: /home/zr/code/src/install/gac_nav2_waypoint_follower/share/gac_nav2_waypoint_follower/cmake/gac_nav2_waypoint_followerConfig-version.cmake
-- Symlinking: /home/zr/code/src/install/gac_nav2_waypoint_follower/share/gac_nav2_waypoint_follower/package.xml
-- Installing: /home/zr/code/src/install/gac_nav2_waypoint_follower/lib/libwaypoint_follower_core.so
-- Set runtime path of "/home/zr/code/src/install/gac_nav2_waypoint_follower/lib/libwaypoint_follower_core.so" to ""
-- Installing: /home/zr/code/src/install/gac_nav2_waypoint_follower/lib/libwait_at_waypoint.so
-- Set runtime path of "/home/zr/code/src/install/gac_nav2_waypoint_follower/lib/libwait_at_waypoint.so" to ""
-- Installing: /home/zr/code/src/install/gac_nav2_waypoint_follower/lib/libphoto_at_waypoint.so
-- Set runtime path of "/home/zr/code/src/install/gac_nav2_waypoint_follower/lib/libphoto_at_waypoint.so" to ""
-- Installing: /home/zr/code/src/install/gac_nav2_waypoint_follower/lib/libinput_at_waypoint.so
-- Set runtime path of "/home/zr/code/src/install/gac_nav2_waypoint_follower/lib/libinput_at_waypoint.so" to ""
-- Installing: /home/zr/code/src/install/gac_nav2_waypoint_follower/share/gac_nav2_waypoint_follower/cmake/gac_nav2_waypoint_followerExport.cmake
-- Installing: /home/zr/code/src/install/gac_nav2_waypoint_follower/share/gac_nav2_waypoint_follower/cmake/gac_nav2_waypoint_followerExport-release.cmake
