-- The C compiler identification is GNU 11.4.0
-- The CXX compiler identification is GNU 11.4.0
-- Detecting C compiler ABI info
-- Detecting C compiler ABI info - done
-- Check for working C compiler: /usr/bin/cc - skipped
-- Detecting C compile features
-- Detecting C compile features - done
-- Detecting CXX compiler ABI info
-- Detecting CXX compiler ABI info - done
-- Check for working CXX compiler: /usr/bin/c++ - skipped
-- Detecting CXX compile features
-- Detecting CXX compile features - done
-- Found ament_cmake: 1.3.14 (/opt/ros/humble/share/ament_cmake/cmake)
-- Found Python3: /usr/bin/python3 (found version "3.10.12") found components: Interpreter 
-- Override CMake install command with custom implementation using symlinks instead of copying resources
-- Found nav2_common: 1.1.20 (/opt/ros/humble/share/nav2_common/cmake)
-- Found angles: 1.15.0 (/opt/ros/humble/share/angles/cmake)
-- Found dwb_core: 1.1.14 (/home/zr/code/src/install/dwb_core/share/dwb_core/cmake)
-- Found rosidl_generator_c: 3.1.8 (/opt/ros/humble/share/rosidl_generator_c/cmake)
-- Found rosidl_adapter: 3.1.8 (/opt/ros/humble/share/rosidl_adapter/cmake)
-- Found rosidl_generator_cpp: 3.1.8 (/opt/ros/humble/share/rosidl_generator_cpp/cmake)
-- Using all available rosidl_typesupport_c: rosidl_typesupport_fastrtps_c;rosidl_typesupport_introspection_c
-- Using all available rosidl_typesupport_cpp: rosidl_typesupport_fastrtps_cpp;rosidl_typesupport_introspection_cpp
-- Found rmw_implementation_cmake: 6.1.2 (/opt/ros/humble/share/rmw_implementation_cmake/cmake)
-- Found rmw_fastrtps_cpp: 6.2.10 (/opt/ros/humble/share/rmw_fastrtps_cpp/cmake)
-- Found OpenSSL: /usr/lib/x86_64-linux-gnu/libcrypto.so (found version "3.0.2")  
-- Found FastRTPS: /opt/ros/humble/include  
-- Using RMW implementation 'rmw_fastrtps_cpp' as default
-- Looking for pthread.h
-- Looking for pthread.h - found
-- Performing Test CMAKE_HAVE_LIBC_PTHREAD
-- Performing Test CMAKE_HAVE_LIBC_PTHREAD - Success
-- Found Threads: TRUE  
-- Found Eigen3: TRUE (found version "3.4.0") 
-- Ensuring Eigen3 include directory is part of orocos-kdl CMake target
-- Setting build type to Release as none was specified.
-- Configuring done
-- Generating done
-- Build files have been written to: /home/zr/code/src/build/dwb_plugins
[ 20%] [32mBuilding CXX object CMakeFiles/standard_traj_generator.dir/src/standard_traj_generator.cpp.o[0m
[ 60%] [32mBuilding CXX object CMakeFiles/standard_traj_generator.dir/src/kinematic_parameters.cpp.o[0m
[ 60%] [32mBuilding CXX object CMakeFiles/standard_traj_generator.dir/src/limited_accel_generator.cpp.o[0m
[ 80%] [32mBuilding CXX object CMakeFiles/standard_traj_generator.dir/src/xy_theta_iterator.cpp.o[0m
[100%] [32m[1mLinking CXX shared library libstandard_traj_generator.so[0m
[100%] Built target standard_traj_generator
-- Install configuration: "Release"
-- Execute custom install script
-- Symlinking: /home/zr/code/src/install/dwb_plugins/lib/libstandard_traj_generator.so
-- Symlinking: /home/zr/code/src/install/dwb_plugins/include//dwb_plugins/kinematic_parameters.hpp
-- Symlinking: /home/zr/code/src/install/dwb_plugins/include//dwb_plugins/limited_accel_generator.hpp
-- Symlinking: /home/zr/code/src/install/dwb_plugins/include//dwb_plugins/one_d_velocity_iterator.hpp
-- Symlinking: /home/zr/code/src/install/dwb_plugins/include//dwb_plugins/standard_traj_generator.hpp
-- Symlinking: /home/zr/code/src/install/dwb_plugins/include//dwb_plugins/velocity_iterator.hpp
-- Symlinking: /home/zr/code/src/install/dwb_plugins/include//dwb_plugins/xy_theta_iterator.hpp
-- Symlinking: /home/zr/code/src/install/dwb_plugins/share/dwb_plugins/plugins.xml
-- Symlinking: /home/zr/code/src/install/dwb_plugins/share/dwb_plugins/environment/library_path.sh
-- Symlinking: /home/zr/code/src/install/dwb_plugins/share/dwb_plugins/environment/library_path.dsv
-- Up-to-date symlink: /home/zr/code/src/install/dwb_plugins/share/dwb_plugins//plugins.xml
-- Symlinking: /home/zr/code/src/install/dwb_plugins/share/ament_index/resource_index/package_run_dependencies/dwb_plugins
-- Symlinking: /home/zr/code/src/install/dwb_plugins/share/ament_index/resource_index/parent_prefix_path/dwb_plugins
-- Symlinking: /home/zr/code/src/install/dwb_plugins/share/dwb_plugins/environment/ament_prefix_path.sh
-- Symlinking: /home/zr/code/src/install/dwb_plugins/share/dwb_plugins/environment/ament_prefix_path.dsv
-- Symlinking: /home/zr/code/src/install/dwb_plugins/share/dwb_plugins/environment/path.sh
-- Symlinking: /home/zr/code/src/install/dwb_plugins/share/dwb_plugins/environment/path.dsv
-- Symlinking: /home/zr/code/src/install/dwb_plugins/share/dwb_plugins/local_setup.bash
-- Symlinking: /home/zr/code/src/install/dwb_plugins/share/dwb_plugins/local_setup.sh
-- Symlinking: /home/zr/code/src/install/dwb_plugins/share/dwb_plugins/local_setup.zsh
-- Symlinking: /home/zr/code/src/install/dwb_plugins/share/dwb_plugins/local_setup.dsv
-- Symlinking: /home/zr/code/src/install/dwb_plugins/share/dwb_plugins/package.dsv
-- Symlinking: /home/zr/code/src/install/dwb_plugins/share/ament_index/resource_index/packages/dwb_plugins
-- Symlinking: /home/zr/code/src/install/dwb_plugins/share/ament_index/resource_index/dwb_core__pluginlib__plugin/dwb_plugins
-- Symlinking: /home/zr/code/src/install/dwb_plugins/share/dwb_plugins/cmake/ament_cmake_export_include_directories-extras.cmake
-- Symlinking: /home/zr/code/src/install/dwb_plugins/share/dwb_plugins/cmake/ament_cmake_export_libraries-extras.cmake
-- Symlinking: /home/zr/code/src/install/dwb_plugins/share/dwb_plugins/cmake/dwb_pluginsConfig.cmake
-- Symlinking: /home/zr/code/src/install/dwb_plugins/share/dwb_plugins/cmake/dwb_pluginsConfig-version.cmake
-- Symlinking: /home/zr/code/src/install/dwb_plugins/share/dwb_plugins/package.xml
