[0.060s] Invoking command in '/home/zr/code/src/build/dwb_plugins': AMENT_PREFIX_PATH=/home/zr/code/src/install/dwb_core:/home/zr/code/src/install/gac_nav2_core:/home/zr/code/src/install/gac_nav2_costmap_2d:/home/zr/code/src/install/nav_2d_utils:/home/zr/code/src/install/nav2_map_server:/home/zr/code/src/install/nav2_lifecycle_manager:/home/zr/code/src/install/dwb_msgs:/home/zr/code/src/install/nav_2d_msgs:/home/zr/code/src/install/nav2_util:/home/zr/code/src/install/gac_nav2_voxel_grid:${AMENT_PREFIX_PATH} CMAKE_PREFIX_PATH=/home/zr/code/src/install/dwb_core:/home/zr/code/src/install/gac_nav2_core:/home/zr/code/src/install/gac_nav2_costmap_2d:/home/zr/code/src/install/nav_2d_utils:/home/zr/code/src/install/nav2_map_server:/home/zr/code/src/install/nav2_lifecycle_manager:/home/zr/code/src/install/dwb_msgs:/home/zr/code/src/install/nav_2d_msgs:/home/zr/code/src/install/nav2_util:/home/zr/code/src/install/gac_nav2_voxel_grid:/opt/ros/humble LD_LIBRARY_PATH=/home/zr/code/src/install/dwb_core/lib:/home/zr/code/src/install/gac_nav2_costmap_2d/lib:/home/zr/code/src/install/nav_2d_utils/lib:/home/zr/code/src/install/nav2_map_server/lib:/home/zr/code/src/install/nav2_lifecycle_manager/lib:/home/zr/code/src/install/dwb_msgs/lib:/home/zr/code/src/install/nav_2d_msgs/lib:/home/zr/code/src/install/nav2_util/lib:/home/zr/code/src/install/gac_nav2_voxel_grid/lib:${LD_LIBRARY_PATH} PYTHONPATH=/home/zr/code/src/install/dwb_msgs/local/lib/python3.10/dist-packages:/home/zr/code/src/install/nav_2d_msgs/local/lib/python3.10/dist-packages:${PYTHONPATH} /usr/bin/cmake /home/zr/code/src/nav_ws_gazebo/src/gac_navigation2/nav2_dwb_controller/dwb_plugins -DBUILD_TESTING=OFF -DCMAKE_C_COMPILER_LAUNCHER=ccache -DCMAKE_CXX_COMPILER_LAUNCHER=ccache -DAMENT_CMAKE_SYMLINK_INSTALL=1 -DCMAKE_INSTALL_PREFIX=/home/zr/code/src/install/dwb_plugins
[0.188s] -- The C compiler identification is GNU 11.4.0
[0.294s] -- The CXX compiler identification is GNU 11.4.0
[0.305s] -- Detecting C compiler ABI info
[0.469s] -- Detecting C compiler ABI info - done
[0.480s] -- Check for working C compiler: /usr/bin/cc - skipped
[0.480s] -- Detecting C compile features
[0.481s] -- Detecting C compile features - done
[0.484s] -- Detecting CXX compiler ABI info
[0.650s] -- Detecting CXX compiler ABI info - done
[0.660s] -- Check for working CXX compiler: /usr/bin/c++ - skipped
[0.660s] -- Detecting CXX compile features
[0.661s] -- Detecting CXX compile features - done
[0.671s] -- Found ament_cmake: 1.3.14 (/opt/ros/humble/share/ament_cmake/cmake)
[0.982s] -- Found Python3: /usr/bin/python3 (found version "3.10.12") found components: Interpreter 
[1.104s] -- Override CMake install command with custom implementation using symlinks instead of copying resources
[1.177s] -- Found nav2_common: 1.1.20 (/opt/ros/humble/share/nav2_common/cmake)
[1.180s] -- Found angles: 1.15.0 (/opt/ros/humble/share/angles/cmake)
[1.185s] -- Found dwb_core: 1.1.14 (/home/zr/code/src/install/dwb_core/share/dwb_core/cmake)
[1.275s] -- Found rosidl_generator_c: 3.1.8 (/opt/ros/humble/share/rosidl_generator_c/cmake)
[1.291s] -- Found rosidl_adapter: 3.1.8 (/opt/ros/humble/share/rosidl_adapter/cmake)
[1.305s] -- Found rosidl_generator_cpp: 3.1.8 (/opt/ros/humble/share/rosidl_generator_cpp/cmake)
[1.328s] -- Using all available rosidl_typesupport_c: rosidl_typesupport_fastrtps_c;rosidl_typesupport_introspection_c
[1.361s] -- Using all available rosidl_typesupport_cpp: rosidl_typesupport_fastrtps_cpp;rosidl_typesupport_introspection_cpp
[1.454s] -- Found rmw_implementation_cmake: 6.1.2 (/opt/ros/humble/share/rmw_implementation_cmake/cmake)
[1.462s] -- Found rmw_fastrtps_cpp: 6.2.10 (/opt/ros/humble/share/rmw_fastrtps_cpp/cmake)
[1.654s] -- Found OpenSSL: /usr/lib/x86_64-linux-gnu/libcrypto.so (found version "3.0.2")  
[1.716s] -- Found FastRTPS: /opt/ros/humble/include  
[1.800s] -- Using RMW implementation 'rmw_fastrtps_cpp' as default
[1.821s] -- Looking for pthread.h
[1.975s] -- Looking for pthread.h - found
[1.975s] -- Performing Test CMAKE_HAVE_LIBC_PTHREAD
[2.132s] -- Performing Test CMAKE_HAVE_LIBC_PTHREAD - Success
[2.134s] -- Found Threads: TRUE  
[2.636s] -- Found Eigen3: TRUE (found version "3.4.0") 
[2.638s] -- Ensuring Eigen3 include directory is part of orocos-kdl CMake target
[2.870s] -- Setting build type to Release as none was specified.
[3.565s] -- Configuring done
[3.658s] -- Generating done
[3.667s] -- Build files have been written to: /home/zr/code/src/build/dwb_plugins
[3.697s] Invoked command in '/home/zr/code/src/build/dwb_plugins' returned '0': AMENT_PREFIX_PATH=/home/zr/code/src/install/dwb_core:/home/zr/code/src/install/gac_nav2_core:/home/zr/code/src/install/gac_nav2_costmap_2d:/home/zr/code/src/install/nav_2d_utils:/home/zr/code/src/install/nav2_map_server:/home/zr/code/src/install/nav2_lifecycle_manager:/home/zr/code/src/install/dwb_msgs:/home/zr/code/src/install/nav_2d_msgs:/home/zr/code/src/install/nav2_util:/home/zr/code/src/install/gac_nav2_voxel_grid:${AMENT_PREFIX_PATH} CMAKE_PREFIX_PATH=/home/zr/code/src/install/dwb_core:/home/zr/code/src/install/gac_nav2_core:/home/zr/code/src/install/gac_nav2_costmap_2d:/home/zr/code/src/install/nav_2d_utils:/home/zr/code/src/install/nav2_map_server:/home/zr/code/src/install/nav2_lifecycle_manager:/home/zr/code/src/install/dwb_msgs:/home/zr/code/src/install/nav_2d_msgs:/home/zr/code/src/install/nav2_util:/home/zr/code/src/install/gac_nav2_voxel_grid:/opt/ros/humble LD_LIBRARY_PATH=/home/zr/code/src/install/dwb_core/lib:/home/zr/code/src/install/gac_nav2_costmap_2d/lib:/home/zr/code/src/install/nav_2d_utils/lib:/home/zr/code/src/install/nav2_map_server/lib:/home/zr/code/src/install/nav2_lifecycle_manager/lib:/home/zr/code/src/install/dwb_msgs/lib:/home/zr/code/src/install/nav_2d_msgs/lib:/home/zr/code/src/install/nav2_util/lib:/home/zr/code/src/install/gac_nav2_voxel_grid/lib:${LD_LIBRARY_PATH} PYTHONPATH=/home/zr/code/src/install/dwb_msgs/local/lib/python3.10/dist-packages:/home/zr/code/src/install/nav_2d_msgs/local/lib/python3.10/dist-packages:${PYTHONPATH} /usr/bin/cmake /home/zr/code/src/nav_ws_gazebo/src/gac_navigation2/nav2_dwb_controller/dwb_plugins -DBUILD_TESTING=OFF -DCMAKE_C_COMPILER_LAUNCHER=ccache -DCMAKE_CXX_COMPILER_LAUNCHER=ccache -DAMENT_CMAKE_SYMLINK_INSTALL=1 -DCMAKE_INSTALL_PREFIX=/home/zr/code/src/install/dwb_plugins
[3.698s] Invoking command in '/home/zr/code/src/build/dwb_plugins': AMENT_PREFIX_PATH=/home/zr/code/src/install/dwb_core:/home/zr/code/src/install/gac_nav2_core:/home/zr/code/src/install/gac_nav2_costmap_2d:/home/zr/code/src/install/nav_2d_utils:/home/zr/code/src/install/nav2_map_server:/home/zr/code/src/install/nav2_lifecycle_manager:/home/zr/code/src/install/dwb_msgs:/home/zr/code/src/install/nav_2d_msgs:/home/zr/code/src/install/nav2_util:/home/zr/code/src/install/gac_nav2_voxel_grid:${AMENT_PREFIX_PATH} CMAKE_PREFIX_PATH=/home/zr/code/src/install/dwb_core:/home/zr/code/src/install/gac_nav2_core:/home/zr/code/src/install/gac_nav2_costmap_2d:/home/zr/code/src/install/nav_2d_utils:/home/zr/code/src/install/nav2_map_server:/home/zr/code/src/install/nav2_lifecycle_manager:/home/zr/code/src/install/dwb_msgs:/home/zr/code/src/install/nav_2d_msgs:/home/zr/code/src/install/nav2_util:/home/zr/code/src/install/gac_nav2_voxel_grid:/opt/ros/humble LD_LIBRARY_PATH=/home/zr/code/src/install/dwb_core/lib:/home/zr/code/src/install/gac_nav2_costmap_2d/lib:/home/zr/code/src/install/nav_2d_utils/lib:/home/zr/code/src/install/nav2_map_server/lib:/home/zr/code/src/install/nav2_lifecycle_manager/lib:/home/zr/code/src/install/dwb_msgs/lib:/home/zr/code/src/install/nav_2d_msgs/lib:/home/zr/code/src/install/nav2_util/lib:/home/zr/code/src/install/gac_nav2_voxel_grid/lib:${LD_LIBRARY_PATH} PYTHONPATH=/home/zr/code/src/install/dwb_msgs/local/lib/python3.10/dist-packages:/home/zr/code/src/install/nav_2d_msgs/local/lib/python3.10/dist-packages:${PYTHONPATH} /usr/bin/cmake --build /home/zr/code/src/build/dwb_plugins -- -j16 -l16
[3.824s] [ 20%] [32mBuilding CXX object CMakeFiles/standard_traj_generator.dir/src/standard_traj_generator.cpp.o[0m
[3.831s] [ 60%] [32mBuilding CXX object CMakeFiles/standard_traj_generator.dir/src/kinematic_parameters.cpp.o[0m
[3.831s] [ 60%] [32mBuilding CXX object CMakeFiles/standard_traj_generator.dir/src/limited_accel_generator.cpp.o[0m
[3.834s] [ 80%] [32mBuilding CXX object CMakeFiles/standard_traj_generator.dir/src/xy_theta_iterator.cpp.o[0m
[4.816s] [100%] [32m[1mLinking CXX shared library libstandard_traj_generator.so[0m
[5.304s] [100%] Built target standard_traj_generator
[5.364s] Invoked command in '/home/zr/code/src/build/dwb_plugins' returned '0': AMENT_PREFIX_PATH=/home/zr/code/src/install/dwb_core:/home/zr/code/src/install/gac_nav2_core:/home/zr/code/src/install/gac_nav2_costmap_2d:/home/zr/code/src/install/nav_2d_utils:/home/zr/code/src/install/nav2_map_server:/home/zr/code/src/install/nav2_lifecycle_manager:/home/zr/code/src/install/dwb_msgs:/home/zr/code/src/install/nav_2d_msgs:/home/zr/code/src/install/nav2_util:/home/zr/code/src/install/gac_nav2_voxel_grid:${AMENT_PREFIX_PATH} CMAKE_PREFIX_PATH=/home/zr/code/src/install/dwb_core:/home/zr/code/src/install/gac_nav2_core:/home/zr/code/src/install/gac_nav2_costmap_2d:/home/zr/code/src/install/nav_2d_utils:/home/zr/code/src/install/nav2_map_server:/home/zr/code/src/install/nav2_lifecycle_manager:/home/zr/code/src/install/dwb_msgs:/home/zr/code/src/install/nav_2d_msgs:/home/zr/code/src/install/nav2_util:/home/zr/code/src/install/gac_nav2_voxel_grid:/opt/ros/humble LD_LIBRARY_PATH=/home/zr/code/src/install/dwb_core/lib:/home/zr/code/src/install/gac_nav2_costmap_2d/lib:/home/zr/code/src/install/nav_2d_utils/lib:/home/zr/code/src/install/nav2_map_server/lib:/home/zr/code/src/install/nav2_lifecycle_manager/lib:/home/zr/code/src/install/dwb_msgs/lib:/home/zr/code/src/install/nav_2d_msgs/lib:/home/zr/code/src/install/nav2_util/lib:/home/zr/code/src/install/gac_nav2_voxel_grid/lib:${LD_LIBRARY_PATH} PYTHONPATH=/home/zr/code/src/install/dwb_msgs/local/lib/python3.10/dist-packages:/home/zr/code/src/install/nav_2d_msgs/local/lib/python3.10/dist-packages:${PYTHONPATH} /usr/bin/cmake --build /home/zr/code/src/build/dwb_plugins -- -j16 -l16
[5.365s] Invoking command in '/home/zr/code/src/build/dwb_plugins': AMENT_PREFIX_PATH=/home/zr/code/src/install/dwb_core:/home/zr/code/src/install/gac_nav2_core:/home/zr/code/src/install/gac_nav2_costmap_2d:/home/zr/code/src/install/nav_2d_utils:/home/zr/code/src/install/nav2_map_server:/home/zr/code/src/install/nav2_lifecycle_manager:/home/zr/code/src/install/dwb_msgs:/home/zr/code/src/install/nav_2d_msgs:/home/zr/code/src/install/nav2_util:/home/zr/code/src/install/gac_nav2_voxel_grid:${AMENT_PREFIX_PATH} CMAKE_PREFIX_PATH=/home/zr/code/src/install/dwb_core:/home/zr/code/src/install/gac_nav2_core:/home/zr/code/src/install/gac_nav2_costmap_2d:/home/zr/code/src/install/nav_2d_utils:/home/zr/code/src/install/nav2_map_server:/home/zr/code/src/install/nav2_lifecycle_manager:/home/zr/code/src/install/dwb_msgs:/home/zr/code/src/install/nav_2d_msgs:/home/zr/code/src/install/nav2_util:/home/zr/code/src/install/gac_nav2_voxel_grid:/opt/ros/humble LD_LIBRARY_PATH=/home/zr/code/src/install/dwb_core/lib:/home/zr/code/src/install/gac_nav2_costmap_2d/lib:/home/zr/code/src/install/nav_2d_utils/lib:/home/zr/code/src/install/nav2_map_server/lib:/home/zr/code/src/install/nav2_lifecycle_manager/lib:/home/zr/code/src/install/dwb_msgs/lib:/home/zr/code/src/install/nav_2d_msgs/lib:/home/zr/code/src/install/nav2_util/lib:/home/zr/code/src/install/gac_nav2_voxel_grid/lib:${LD_LIBRARY_PATH} PYTHONPATH=/home/zr/code/src/install/dwb_msgs/local/lib/python3.10/dist-packages:/home/zr/code/src/install/nav_2d_msgs/local/lib/python3.10/dist-packages:${PYTHONPATH} /usr/bin/cmake --install /home/zr/code/src/build/dwb_plugins
[5.391s] -- Install configuration: "Release"
[5.393s] -- Execute custom install script
[5.394s] -- Symlinking: /home/zr/code/src/install/dwb_plugins/lib/libstandard_traj_generator.so
[5.413s] -- Symlinking: /home/zr/code/src/install/dwb_plugins/include//dwb_plugins/kinematic_parameters.hpp
[5.441s] -- Symlinking: /home/zr/code/src/install/dwb_plugins/include//dwb_plugins/limited_accel_generator.hpp
[5.461s] -- Symlinking: /home/zr/code/src/install/dwb_plugins/include//dwb_plugins/one_d_velocity_iterator.hpp
[5.471s] -- Symlinking: /home/zr/code/src/install/dwb_plugins/include//dwb_plugins/standard_traj_generator.hpp
[5.484s] -- Symlinking: /home/zr/code/src/install/dwb_plugins/include//dwb_plugins/velocity_iterator.hpp
[5.500s] -- Symlinking: /home/zr/code/src/install/dwb_plugins/include//dwb_plugins/xy_theta_iterator.hpp
[5.521s] -- Symlinking: /home/zr/code/src/install/dwb_plugins/share/dwb_plugins/plugins.xml
[5.543s] -- Symlinking: /home/zr/code/src/install/dwb_plugins/share/dwb_plugins/environment/library_path.sh
[5.572s] -- Symlinking: /home/zr/code/src/install/dwb_plugins/share/dwb_plugins/environment/library_path.dsv
[5.585s] -- Up-to-date symlink: /home/zr/code/src/install/dwb_plugins/share/dwb_plugins//plugins.xml
[5.585s] -- Symlinking: /home/zr/code/src/install/dwb_plugins/share/ament_index/resource_index/package_run_dependencies/dwb_plugins
[5.600s] -- Symlinking: /home/zr/code/src/install/dwb_plugins/share/ament_index/resource_index/parent_prefix_path/dwb_plugins
[5.621s] -- Symlinking: /home/zr/code/src/install/dwb_plugins/share/dwb_plugins/environment/ament_prefix_path.sh
[5.635s] -- Symlinking: /home/zr/code/src/install/dwb_plugins/share/dwb_plugins/environment/ament_prefix_path.dsv
[5.653s] -- Symlinking: /home/zr/code/src/install/dwb_plugins/share/dwb_plugins/environment/path.sh
[5.672s] -- Symlinking: /home/zr/code/src/install/dwb_plugins/share/dwb_plugins/environment/path.dsv
[5.690s] -- Symlinking: /home/zr/code/src/install/dwb_plugins/share/dwb_plugins/local_setup.bash
[5.705s] -- Symlinking: /home/zr/code/src/install/dwb_plugins/share/dwb_plugins/local_setup.sh
[5.724s] -- Symlinking: /home/zr/code/src/install/dwb_plugins/share/dwb_plugins/local_setup.zsh
[5.756s] -- Symlinking: /home/zr/code/src/install/dwb_plugins/share/dwb_plugins/local_setup.dsv
[5.773s] -- Symlinking: /home/zr/code/src/install/dwb_plugins/share/dwb_plugins/package.dsv
[5.789s] -- Symlinking: /home/zr/code/src/install/dwb_plugins/share/ament_index/resource_index/packages/dwb_plugins
[5.806s] -- Symlinking: /home/zr/code/src/install/dwb_plugins/share/ament_index/resource_index/dwb_core__pluginlib__plugin/dwb_plugins
[5.825s] -- Symlinking: /home/zr/code/src/install/dwb_plugins/share/dwb_plugins/cmake/ament_cmake_export_include_directories-extras.cmake
[5.856s] -- Symlinking: /home/zr/code/src/install/dwb_plugins/share/dwb_plugins/cmake/ament_cmake_export_libraries-extras.cmake
[5.871s] -- Symlinking: /home/zr/code/src/install/dwb_plugins/share/dwb_plugins/cmake/dwb_pluginsConfig.cmake
[5.885s] -- Symlinking: /home/zr/code/src/install/dwb_plugins/share/dwb_plugins/cmake/dwb_pluginsConfig-version.cmake
[5.899s] -- Symlinking: /home/zr/code/src/install/dwb_plugins/share/dwb_plugins/package.xml
[5.935s] Invoked command in '/home/zr/code/src/build/dwb_plugins' returned '0': AMENT_PREFIX_PATH=/home/zr/code/src/install/dwb_core:/home/zr/code/src/install/gac_nav2_core:/home/zr/code/src/install/gac_nav2_costmap_2d:/home/zr/code/src/install/nav_2d_utils:/home/zr/code/src/install/nav2_map_server:/home/zr/code/src/install/nav2_lifecycle_manager:/home/zr/code/src/install/dwb_msgs:/home/zr/code/src/install/nav_2d_msgs:/home/zr/code/src/install/nav2_util:/home/zr/code/src/install/gac_nav2_voxel_grid:${AMENT_PREFIX_PATH} CMAKE_PREFIX_PATH=/home/zr/code/src/install/dwb_core:/home/zr/code/src/install/gac_nav2_core:/home/zr/code/src/install/gac_nav2_costmap_2d:/home/zr/code/src/install/nav_2d_utils:/home/zr/code/src/install/nav2_map_server:/home/zr/code/src/install/nav2_lifecycle_manager:/home/zr/code/src/install/dwb_msgs:/home/zr/code/src/install/nav_2d_msgs:/home/zr/code/src/install/nav2_util:/home/zr/code/src/install/gac_nav2_voxel_grid:/opt/ros/humble LD_LIBRARY_PATH=/home/zr/code/src/install/dwb_core/lib:/home/zr/code/src/install/gac_nav2_costmap_2d/lib:/home/zr/code/src/install/nav_2d_utils/lib:/home/zr/code/src/install/nav2_map_server/lib:/home/zr/code/src/install/nav2_lifecycle_manager/lib:/home/zr/code/src/install/dwb_msgs/lib:/home/zr/code/src/install/nav_2d_msgs/lib:/home/zr/code/src/install/nav2_util/lib:/home/zr/code/src/install/gac_nav2_voxel_grid/lib:${LD_LIBRARY_PATH} PYTHONPATH=/home/zr/code/src/install/dwb_msgs/local/lib/python3.10/dist-packages:/home/zr/code/src/install/nav_2d_msgs/local/lib/python3.10/dist-packages:${PYTHONPATH} /usr/bin/cmake --install /home/zr/code/src/build/dwb_plugins
