[0.018s] Invoking command in '/home/zr/code/src/build/gac_robot_task': CMAKE_PREFIX_PATH=${CMAKE_PREFIX_PATH}:/home/zr/code/test/nav2_ws/install/nav2_simple_commander:/opt/ros/humble /usr/bin/cmake --build /home/zr/code/src/build/gac_robot_task -- -j16 -l16
[0.122s] Consolidate compiler generated dependencies of target gac_robot_task__rosidl_generator_c
[0.137s] [  5%] Built target gac_robot_task__cpp
[0.137s] [  5%] Built target gac_robot_task__rs
[0.148s] [ 12%] Built target gac_robot_task__rosidl_generator_c
[0.149s] [ 12%] Built target ament_cmake_python_symlink_gac_robot_task
[0.157s] Consolidate compiler generated dependencies of target gac_robot_task__rosidl_typesupport_cpp
[0.157s] Consolidate compiler generated dependencies of target gac_robot_task__rosidl_typesupport_introspection_cpp
[0.157s] Consolidate compiler generated dependencies of target gac_robot_task__rosidl_typesupport_fastrtps_cpp
[0.167s] Consolidate compiler generated dependencies of target gac_robot_task__rosidl_typesupport_c
[0.167s] Consolidate compiler generated dependencies of target gac_robot_task__rosidl_typesupport_introspection_c
[0.168s] Consolidate compiler generated dependencies of target gac_robot_task__rosidl_typesupport_fastrtps_c
[0.183s] [ 35%] Built target gac_robot_task__rosidl_typesupport_c
[0.183s] [ 35%] Built target gac_robot_task__rosidl_typesupport_cpp
[0.183s] [ 38%] Built target gac_robot_task__rosidl_typesupport_fastrtps_cpp
[0.183s] [ 43%] Built target gac_robot_task__rosidl_typesupport_introspection_cpp
[0.183s] [ 51%] Built target gac_robot_task__rosidl_typesupport_introspection_c
[0.186s] [ 58%] Built target gac_robot_task__rosidl_typesupport_fastrtps_c
[0.222s] [ 58%] Built target gac_robot_task
[0.254s] Consolidate compiler generated dependencies of target gac_robot_task_node
[0.260s] [ 61%] Built target gac_robot_task__py
[0.280s] Consolidate compiler generated dependencies of target gac_robot_task__rosidl_generator_py
[0.295s] [ 79%] Built target gac_robot_task_node
[0.302s] [ 84%] Built target gac_robot_task__rosidl_generator_py
[0.322s] Consolidate compiler generated dependencies of target gac_robot_task__rosidl_typesupport_c__pyext
[0.322s] Consolidate compiler generated dependencies of target gac_robot_task__rosidl_typesupport_fastrtps_c__pyext
[0.322s] Consolidate compiler generated dependencies of target gac_robot_task__rosidl_typesupport_introspection_c__pyext
[0.340s] [ 94%] Built target gac_robot_task__rosidl_typesupport_introspection_c__pyext
[0.340s] [ 94%] Built target gac_robot_task__rosidl_typesupport_fastrtps_c__pyext
[0.341s] [100%] Built target gac_robot_task__rosidl_typesupport_c__pyext
[0.416s] running egg_info
[0.417s] writing gac_robot_task.egg-info/PKG-INFO
[0.417s] writing dependency_links to gac_robot_task.egg-info/dependency_links.txt
[0.417s] writing top-level names to gac_robot_task.egg-info/top_level.txt
[0.420s] reading manifest file 'gac_robot_task.egg-info/SOURCES.txt'
[0.421s] writing manifest file 'gac_robot_task.egg-info/SOURCES.txt'
[0.458s] [100%] Built target ament_cmake_python_build_gac_robot_task_egg
[0.476s] Invoked command in '/home/zr/code/src/build/gac_robot_task' returned '0': CMAKE_PREFIX_PATH=${CMAKE_PREFIX_PATH}:/home/zr/code/test/nav2_ws/install/nav2_simple_commander:/opt/ros/humble /usr/bin/cmake --build /home/zr/code/src/build/gac_robot_task -- -j16 -l16
[0.491s] Invoking command in '/home/zr/code/src/build/gac_robot_task': CMAKE_PREFIX_PATH=${CMAKE_PREFIX_PATH}:/home/zr/code/test/nav2_ws/install/nav2_simple_commander:/opt/ros/humble /usr/bin/cmake --install /home/zr/code/src/build/gac_robot_task
[0.504s] -- Install configuration: ""
[0.505s] -- Execute custom install script
[0.506s] -- Up-to-date symlink: /home/zr/code/src/install/gac_robot_task/share/ament_index/resource_index/rosidl_interfaces/gac_robot_task
[0.507s] -- Up-to-date symlink: /home/zr/code/src/install/gac_robot_task/include/gac_robot_task/gac_robot_task/action/detail/navigate_tour__functions.h
[0.507s] -- Up-to-date symlink: /home/zr/code/src/install/gac_robot_task/include/gac_robot_task/gac_robot_task/action/detail/navigate_tour__struct.h
[0.507s] -- Up-to-date symlink: /home/zr/code/src/install/gac_robot_task/include/gac_robot_task/gac_robot_task/action/detail/navigate_tour__type_support.h
[0.507s] -- Up-to-date symlink: /home/zr/code/src/install/gac_robot_task/include/gac_robot_task/gac_robot_task/action/navigate_tour.h
[0.507s] -- Up-to-date symlink: /home/zr/code/src/install/gac_robot_task/include/gac_robot_task/gac_robot_task/msg/rosidl_generator_c__visibility_control.h
[0.507s] -- Up-to-date symlink: /home/zr/code/src/install/gac_robot_task/share/gac_robot_task/environment/library_path.sh
[0.507s] -- Up-to-date symlink: /home/zr/code/src/install/gac_robot_task/share/gac_robot_task/environment/library_path.dsv
[0.508s] -- Up-to-date symlink: /home/zr/code/src/install/gac_robot_task/include/gac_robot_task/gac_robot_task/action/detail/navigate_tour__rosidl_typesupport_fastrtps_c.h
[0.508s] -- Up-to-date symlink: /home/zr/code/src/install/gac_robot_task/include/gac_robot_task/gac_robot_task/msg/rosidl_typesupport_fastrtps_c__visibility_control.h
[0.508s] -- Up-to-date symlink: /home/zr/code/src/install/gac_robot_task/include/gac_robot_task/gac_robot_task/action/detail/navigate_tour__builder.hpp
[0.508s] -- Up-to-date symlink: /home/zr/code/src/install/gac_robot_task/include/gac_robot_task/gac_robot_task/action/detail/navigate_tour__struct.hpp
[0.508s] -- Up-to-date symlink: /home/zr/code/src/install/gac_robot_task/include/gac_robot_task/gac_robot_task/action/detail/navigate_tour__traits.hpp
[0.509s] -- Up-to-date symlink: /home/zr/code/src/install/gac_robot_task/include/gac_robot_task/gac_robot_task/action/detail/navigate_tour__type_support.hpp
[0.509s] -- Up-to-date symlink: /home/zr/code/src/install/gac_robot_task/include/gac_robot_task/gac_robot_task/action/navigate_tour.hpp
[0.509s] -- Up-to-date symlink: /home/zr/code/src/install/gac_robot_task/include/gac_robot_task/gac_robot_task/msg/rosidl_generator_cpp__visibility_control.hpp
[0.509s] -- Up-to-date symlink: /home/zr/code/src/install/gac_robot_task/include/gac_robot_task/gac_robot_task/action/detail/navigate_tour__rosidl_typesupport_fastrtps_cpp.hpp
[0.509s] -- Up-to-date symlink: /home/zr/code/src/install/gac_robot_task/include/gac_robot_task/gac_robot_task/msg/rosidl_typesupport_fastrtps_cpp__visibility_control.h
[0.509s] -- Up-to-date symlink: /home/zr/code/src/install/gac_robot_task/include/gac_robot_task/gac_robot_task/action/detail/navigate_tour__rosidl_typesupport_introspection_c.h
[0.510s] -- Up-to-date symlink: /home/zr/code/src/install/gac_robot_task/include/gac_robot_task/gac_robot_task/msg/rosidl_typesupport_introspection_c__visibility_control.h
[0.510s] -- Up-to-date symlink: /home/zr/code/src/install/gac_robot_task/include/gac_robot_task/gac_robot_task/action/detail/navigate_tour__rosidl_typesupport_introspection_cpp.hpp
[0.510s] -- Up-to-date symlink: /home/zr/code/src/install/gac_robot_task/share/gac_robot_task/environment/pythonpath.sh
[0.510s] -- Up-to-date symlink: /home/zr/code/src/install/gac_robot_task/share/gac_robot_task/environment/pythonpath.dsv
[0.510s] -- Up-to-date symlink: /home/zr/code/src/install/gac_robot_task/local/lib/python3.10/dist-packages/gac_robot_task-1.0.3-py3.10.egg-info/PKG-INFO
[0.511s] -- Up-to-date symlink: /home/zr/code/src/install/gac_robot_task/local/lib/python3.10/dist-packages/gac_robot_task-1.0.3-py3.10.egg-info/SOURCES.txt
[0.511s] -- Up-to-date symlink: /home/zr/code/src/install/gac_robot_task/local/lib/python3.10/dist-packages/gac_robot_task-1.0.3-py3.10.egg-info/dependency_links.txt
[0.511s] -- Up-to-date symlink: /home/zr/code/src/install/gac_robot_task/local/lib/python3.10/dist-packages/gac_robot_task-1.0.3-py3.10.egg-info/top_level.txt
[0.511s] -- Up-to-date symlink: /home/zr/code/src/install/gac_robot_task/local/lib/python3.10/dist-packages/gac_robot_task/__init__.py
[0.512s] -- Up-to-date symlink: /home/zr/code/src/install/gac_robot_task/local/lib/python3.10/dist-packages/gac_robot_task/_gac_robot_task_s.ep.rosidl_typesupport_c.c
[0.512s] -- Up-to-date symlink: /home/zr/code/src/install/gac_robot_task/local/lib/python3.10/dist-packages/gac_robot_task/_gac_robot_task_s.ep.rosidl_typesupport_fastrtps_c.c
[0.512s] -- Up-to-date symlink: /home/zr/code/src/install/gac_robot_task/local/lib/python3.10/dist-packages/gac_robot_task/_gac_robot_task_s.ep.rosidl_typesupport_introspection_c.c
[0.512s] -- Up-to-date symlink: /home/zr/code/src/install/gac_robot_task/local/lib/python3.10/dist-packages/gac_robot_task/action/__init__.py
[0.512s] -- Up-to-date symlink: /home/zr/code/src/install/gac_robot_task/local/lib/python3.10/dist-packages/gac_robot_task/action/_navigate_tour.py
[0.512s] -- Up-to-date symlink: /home/zr/code/src/install/gac_robot_task/local/lib/python3.10/dist-packages/gac_robot_task/action/_navigate_tour_s.c
[0.512s] -- Up-to-date symlink: /home/zr/code/src/install/gac_robot_task/local/lib/python3.10/dist-packages/gac_robot_task/gac_robot_task_s__rosidl_typesupport_c.cpython-310-x86_64-linux-gnu.so
[0.513s] -- Up-to-date symlink: /home/zr/code/src/install/gac_robot_task/local/lib/python3.10/dist-packages/gac_robot_task/gac_robot_task_s__rosidl_typesupport_fastrtps_c.cpython-310-x86_64-linux-gnu.so
[0.513s] -- Up-to-date symlink: /home/zr/code/src/install/gac_robot_task/local/lib/python3.10/dist-packages/gac_robot_task/gac_robot_task_s__rosidl_typesupport_introspection_c.cpython-310-x86_64-linux-gnu.so
[0.513s] -- Up-to-date symlink: /home/zr/code/src/install/gac_robot_task/local/lib/python3.10/dist-packages/gac_robot_task/libgac_robot_task__rosidl_generator_py.so
[0.513s] -- Up-to-date symlink: /home/zr/code/src/install/gac_robot_task/local/lib/python3.10/dist-packages/gac_robot_task/gac_robot_task_s__rosidl_typesupport_fastrtps_c.cpython-310-x86_64-linux-gnu.so
[0.513s] -- Up-to-date symlink: /home/zr/code/src/install/gac_robot_task/local/lib/python3.10/dist-packages/gac_robot_task/gac_robot_task_s__rosidl_typesupport_introspection_c.cpython-310-x86_64-linux-gnu.so
[0.514s] -- Up-to-date symlink: /home/zr/code/src/install/gac_robot_task/local/lib/python3.10/dist-packages/gac_robot_task/gac_robot_task_s__rosidl_typesupport_c.cpython-310-x86_64-linux-gnu.so
[0.514s] -- Up-to-date symlink: /home/zr/code/src/install/gac_robot_task/share/ament_index/resource_index/rust_packages/gac_robot_task
[0.514s] -- Up-to-date symlink: /home/zr/code/src/install/gac_robot_task/share/gac_robot_task/rust/Cargo.toml
[0.514s] -- Up-to-date symlink: /home/zr/code/src/install/gac_robot_task/share/gac_robot_task/rust/build.rs
[0.514s] -- Up-to-date symlink: /home/zr/code/src/install/gac_robot_task/share/gac_robot_task/rust/src/action.rs
[0.515s] -- Up-to-date symlink: /home/zr/code/src/install/gac_robot_task/share/gac_robot_task/rust/src/action/rmw.rs
[0.515s] -- Up-to-date symlink: /home/zr/code/src/install/gac_robot_task/share/gac_robot_task/rust/src/lib.rs
[0.515s] -- Up-to-date symlink: /home/zr/code/src/install/gac_robot_task/share/gac_robot_task/action/NavigateTour.idl
[0.515s] -- Up-to-date symlink: /home/zr/code/src/install/gac_robot_task/share/gac_robot_task/action/NavigateTour.action
[0.515s] -- Up-to-date symlink: /home/zr/code/src/install/gac_robot_task/lib/gac_robot_task/gac_robot_task_node
[0.516s] -- Up-to-date symlink: /home/zr/code/src/install/gac_robot_task/include/gac_robot_task/mqtt_pub_sub.hpp
[0.516s] -- Up-to-date symlink: /home/zr/code/src/install/gac_robot_task/include/gac_robot_task/task_executor.hpp
[0.516s] -- Up-to-date symlink: /home/zr/code/src/install/gac_robot_task/include/gac_robot_task/task_manager.hpp
[0.516s] -- Up-to-date symlink: /home/zr/code/src/install/gac_robot_task/include/gac_robot_task/xml_parser.hpp
[0.516s] -- Up-to-date symlink: /home/zr/code/src/install/gac_robot_task/share/gac_robot_task/config/tour_tasks_bk.xml
[0.516s] -- Up-to-date symlink: /home/zr/code/src/install/gac_robot_task/share/gac_robot_task/launch/gac_robot_task_launch.py
[0.516s] -- Up-to-date symlink: /home/zr/code/src/install/gac_robot_task/share/ament_index/resource_index/package_run_dependencies/gac_robot_task
[0.517s] -- Up-to-date symlink: /home/zr/code/src/install/gac_robot_task/share/ament_index/resource_index/parent_prefix_path/gac_robot_task
[0.517s] -- Up-to-date symlink: /home/zr/code/src/install/gac_robot_task/share/gac_robot_task/environment/ament_prefix_path.sh
[0.517s] -- Up-to-date symlink: /home/zr/code/src/install/gac_robot_task/share/gac_robot_task/environment/ament_prefix_path.dsv
[0.517s] -- Up-to-date symlink: /home/zr/code/src/install/gac_robot_task/share/gac_robot_task/environment/path.sh
[0.517s] -- Up-to-date symlink: /home/zr/code/src/install/gac_robot_task/share/gac_robot_task/environment/path.dsv
[0.517s] -- Up-to-date symlink: /home/zr/code/src/install/gac_robot_task/share/gac_robot_task/local_setup.bash
[0.517s] -- Up-to-date symlink: /home/zr/code/src/install/gac_robot_task/share/gac_robot_task/local_setup.sh
[0.517s] -- Up-to-date symlink: /home/zr/code/src/install/gac_robot_task/share/gac_robot_task/local_setup.zsh
[0.518s] -- Up-to-date symlink: /home/zr/code/src/install/gac_robot_task/share/gac_robot_task/local_setup.dsv
[0.518s] -- Symlinking: /home/zr/code/src/install/gac_robot_task/share/gac_robot_task/package.dsv
[0.532s] -- Up-to-date symlink: /home/zr/code/src/install/gac_robot_task/share/ament_index/resource_index/packages/gac_robot_task
[0.532s] -- Up-to-date symlink: /home/zr/code/src/install/gac_robot_task/share/gac_robot_task/cmake/rosidl_cmake-extras.cmake
[0.532s] -- Up-to-date symlink: /home/zr/code/src/install/gac_robot_task/share/gac_robot_task/cmake/ament_cmake_export_dependencies-extras.cmake
[0.532s] -- Up-to-date symlink: /home/zr/code/src/install/gac_robot_task/share/gac_robot_task/cmake/ament_cmake_export_include_directories-extras.cmake
[0.533s] -- Up-to-date symlink: /home/zr/code/src/install/gac_robot_task/share/gac_robot_task/cmake/ament_cmake_export_libraries-extras.cmake
[0.533s] -- Up-to-date symlink: /home/zr/code/src/install/gac_robot_task/share/gac_robot_task/cmake/ament_cmake_export_targets-extras.cmake
[0.533s] -- Up-to-date symlink: /home/zr/code/src/install/gac_robot_task/share/gac_robot_task/cmake/rosidl_cmake_export_typesupport_targets-extras.cmake
[0.533s] -- Up-to-date symlink: /home/zr/code/src/install/gac_robot_task/share/gac_robot_task/cmake/rosidl_cmake_export_typesupport_libraries-extras.cmake
[0.533s] -- Up-to-date symlink: /home/zr/code/src/install/gac_robot_task/share/gac_robot_task/cmake/gac_robot_taskConfig.cmake
[0.533s] -- Up-to-date symlink: /home/zr/code/src/install/gac_robot_task/share/gac_robot_task/cmake/gac_robot_taskConfig-version.cmake
[0.533s] -- Up-to-date symlink: /home/zr/code/src/install/gac_robot_task/share/gac_robot_task/package.xml
[0.534s] -- Up-to-date: /home/zr/code/src/install/gac_robot_task/lib/libgac_robot_task__rosidl_generator_c.so
[0.535s] -- Up-to-date: /home/zr/code/src/install/gac_robot_task/lib/libgac_robot_task__rosidl_typesupport_fastrtps_c.so
[0.536s] -- Up-to-date: /home/zr/code/src/install/gac_robot_task/lib/libgac_robot_task__rosidl_typesupport_fastrtps_cpp.so
[0.537s] -- Up-to-date: /home/zr/code/src/install/gac_robot_task/lib/libgac_robot_task__rosidl_typesupport_introspection_c.so
[0.537s] -- Up-to-date: /home/zr/code/src/install/gac_robot_task/lib/libgac_robot_task__rosidl_typesupport_c.so
[0.538s] -- Up-to-date: /home/zr/code/src/install/gac_robot_task/lib/libgac_robot_task__rosidl_typesupport_introspection_cpp.so
[0.539s] -- Up-to-date: /home/zr/code/src/install/gac_robot_task/lib/libgac_robot_task__rosidl_typesupport_cpp.so
[0.572s] Listing '/home/zr/code/src/install/gac_robot_task/local/lib/python3.10/dist-packages/gac_robot_task'...
[0.572s] Listing '/home/zr/code/src/install/gac_robot_task/local/lib/python3.10/dist-packages/gac_robot_task/action'...
[0.577s] -- Up-to-date: /home/zr/code/src/install/gac_robot_task/lib/libgac_robot_task__rosidl_generator_py.so
[0.577s] -- Up-to-date: /home/zr/code/src/install/gac_robot_task/share/gac_robot_task/cmake/export_gac_robot_task__rosidl_generator_cExport.cmake
[0.577s] -- Up-to-date: /home/zr/code/src/install/gac_robot_task/share/gac_robot_task/cmake/export_gac_robot_task__rosidl_generator_cExport-noconfig.cmake
[0.577s] -- Up-to-date: /home/zr/code/src/install/gac_robot_task/share/gac_robot_task/cmake/export_gac_robot_task__rosidl_typesupport_fastrtps_cExport.cmake
[0.577s] -- Up-to-date: /home/zr/code/src/install/gac_robot_task/share/gac_robot_task/cmake/export_gac_robot_task__rosidl_typesupport_fastrtps_cExport-noconfig.cmake
[0.578s] -- Up-to-date: /home/zr/code/src/install/gac_robot_task/share/gac_robot_task/cmake/export_gac_robot_task__rosidl_generator_cppExport.cmake
[0.578s] -- Up-to-date: /home/zr/code/src/install/gac_robot_task/share/gac_robot_task/cmake/export_gac_robot_task__rosidl_typesupport_fastrtps_cppExport.cmake
[0.578s] -- Up-to-date: /home/zr/code/src/install/gac_robot_task/share/gac_robot_task/cmake/export_gac_robot_task__rosidl_typesupport_fastrtps_cppExport-noconfig.cmake
[0.578s] -- Up-to-date: /home/zr/code/src/install/gac_robot_task/share/gac_robot_task/cmake/gac_robot_task__rosidl_typesupport_introspection_cExport.cmake
[0.579s] -- Up-to-date: /home/zr/code/src/install/gac_robot_task/share/gac_robot_task/cmake/gac_robot_task__rosidl_typesupport_introspection_cExport-noconfig.cmake
[0.579s] -- Up-to-date: /home/zr/code/src/install/gac_robot_task/share/gac_robot_task/cmake/gac_robot_task__rosidl_typesupport_cExport.cmake
[0.579s] -- Up-to-date: /home/zr/code/src/install/gac_robot_task/share/gac_robot_task/cmake/gac_robot_task__rosidl_typesupport_cExport-noconfig.cmake
[0.579s] -- Up-to-date: /home/zr/code/src/install/gac_robot_task/share/gac_robot_task/cmake/gac_robot_task__rosidl_typesupport_introspection_cppExport.cmake
[0.579s] -- Up-to-date: /home/zr/code/src/install/gac_robot_task/share/gac_robot_task/cmake/gac_robot_task__rosidl_typesupport_introspection_cppExport-noconfig.cmake
[0.580s] -- Up-to-date: /home/zr/code/src/install/gac_robot_task/share/gac_robot_task/cmake/gac_robot_task__rosidl_typesupport_cppExport.cmake
[0.580s] -- Up-to-date: /home/zr/code/src/install/gac_robot_task/share/gac_robot_task/cmake/gac_robot_task__rosidl_typesupport_cppExport-noconfig.cmake
[0.580s] -- Up-to-date: /home/zr/code/src/install/gac_robot_task/share/gac_robot_task/cmake/export_gac_robot_task__rosidl_generator_pyExport.cmake
[0.580s] -- Up-to-date: /home/zr/code/src/install/gac_robot_task/share/gac_robot_task/cmake/export_gac_robot_task__rosidl_generator_pyExport-noconfig.cmake
[0.583s] Invoked command in '/home/zr/code/src/build/gac_robot_task' returned '0': CMAKE_PREFIX_PATH=${CMAKE_PREFIX_PATH}:/home/zr/code/test/nav2_ws/install/nav2_simple_commander:/opt/ros/humble /usr/bin/cmake --install /home/zr/code/src/build/gac_robot_task
