[0.008s] Invoking command in '/home/zr/code/src/build/vizanti_cpp': CMAKE_PREFIX_PATH=/opt/ros/humble /usr/bin/cmake /home/zr/code/src/vizanti_server/src/vizanti/vizanti_cpp -DAMENT_CMAKE_SYMLINK_INSTALL=1 -DCMAKE_INSTALL_PREFIX=/home/zr/code/src/install/vizanti_cpp
[0.095s] -- The C compiler identification is GNU 11.4.0
[0.146s] -- The CXX compiler identification is GNU 11.4.0
[0.153s] -- Detecting C compiler ABI info
[0.217s] -- Detecting C compiler ABI info - done
[0.223s] -- Check for working C compiler: /usr/bin/cc - skipped
[0.223s] -- Detecting C compile features
[0.223s] -- Detecting C compile features - done
[0.225s] -- Detecting CXX compiler ABI info
[0.296s] -- Detecting CXX compiler ABI info - done
[0.302s] -- Check for working CXX compiler: /usr/bin/c++ - skipped
[0.303s] -- Detecting CXX compile features
[0.304s] -- Detecting CXX compile features - done
[0.306s] -- Found ament_cmake: 1.3.14 (/opt/ros/humble/share/ament_cmake/cmake)
[0.438s] -- Found Python3: /usr/bin/python3 (found version "3.10.12") found components: Interpreter 
[0.489s] -- Override CMake install command with custom implementation using symlinks instead of copying resources
[0.519s] -- Found rclcpp: 16.0.19 (/opt/ros/humble/share/rclcpp/cmake)
[0.556s] -- Found rosidl_generator_c: 3.1.8 (/opt/ros/humble/share/rosidl_generator_c/cmake)
[0.561s] -- Found rosidl_adapter: 3.1.8 (/opt/ros/humble/share/rosidl_adapter/cmake)
[0.568s] -- Found rosidl_generator_cpp: 3.1.8 (/opt/ros/humble/share/rosidl_generator_cpp/cmake)
[0.578s] -- Using all available rosidl_typesupport_c: rosidl_typesupport_fastrtps_c;rosidl_typesupport_introspection_c
[0.591s] -- Using all available rosidl_typesupport_cpp: rosidl_typesupport_fastrtps_cpp;rosidl_typesupport_introspection_cpp
[0.631s] -- Found rmw_implementation_cmake: 6.1.2 (/opt/ros/humble/share/rmw_implementation_cmake/cmake)
[0.633s] -- Found rmw_fastrtps_cpp: 6.2.10 (/opt/ros/humble/share/rmw_fastrtps_cpp/cmake)
[0.718s] -- Found OpenSSL: /usr/lib/x86_64-linux-gnu/libcrypto.so (found version "3.0.2")  
[0.745s] -- Found FastRTPS: /opt/ros/humble/include  
[0.792s] -- Using RMW implementation 'rmw_fastrtps_cpp' as default
[0.800s] -- Looking for pthread.h
[0.874s] -- Looking for pthread.h - found
[0.874s] -- Performing Test CMAKE_HAVE_LIBC_PTHREAD
[0.950s] -- Performing Test CMAKE_HAVE_LIBC_PTHREAD - Success
[0.950s] -- Found Threads: TRUE  
[0.992s] -- Found tf2_msgs: 0.25.20 (/opt/ros/humble/share/tf2_msgs/cmake)
[1.087s] -- Configuring done
[1.096s] -- Generating done
[1.099s] -- Build files have been written to: /home/zr/code/src/build/vizanti_cpp
[1.111s] Invoked command in '/home/zr/code/src/build/vizanti_cpp' returned '0': CMAKE_PREFIX_PATH=/opt/ros/humble /usr/bin/cmake /home/zr/code/src/vizanti_server/src/vizanti/vizanti_cpp -DAMENT_CMAKE_SYMLINK_INSTALL=1 -DCMAKE_INSTALL_PREFIX=/home/zr/code/src/install/vizanti_cpp
[1.112s] Invoking command in '/home/zr/code/src/build/vizanti_cpp': CMAKE_PREFIX_PATH=/opt/ros/humble /usr/bin/cmake --build /home/zr/code/src/build/vizanti_cpp -- -j16 -l16
[1.164s] [ 50%] [32mBuilding CXX object CMakeFiles/tf_consolidator.dir/src/tf_consolidator.cpp.o[0m
[9.449s] [100%] [32m[1mLinking CXX executable tf_consolidator[0m
[9.792s] [100%] Built target tf_consolidator
[9.804s] Invoked command in '/home/zr/code/src/build/vizanti_cpp' returned '0': CMAKE_PREFIX_PATH=/opt/ros/humble /usr/bin/cmake --build /home/zr/code/src/build/vizanti_cpp -- -j16 -l16
[9.805s] Invoking command in '/home/zr/code/src/build/vizanti_cpp': CMAKE_PREFIX_PATH=/opt/ros/humble /usr/bin/cmake --install /home/zr/code/src/build/vizanti_cpp
[9.812s] -- Install configuration: ""
[9.813s] -- Execute custom install script
[9.813s] -- Symlinking: /home/zr/code/src/install/vizanti_cpp/lib/vizanti_cpp/tf_consolidator
[9.822s] -- Symlinking: /home/zr/code/src/install/vizanti_cpp/share/ament_index/resource_index/package_run_dependencies/vizanti_cpp
[9.831s] -- Symlinking: /home/zr/code/src/install/vizanti_cpp/share/ament_index/resource_index/parent_prefix_path/vizanti_cpp
[9.842s] -- Symlinking: /home/zr/code/src/install/vizanti_cpp/share/vizanti_cpp/environment/ament_prefix_path.sh
[9.852s] -- Symlinking: /home/zr/code/src/install/vizanti_cpp/share/vizanti_cpp/environment/ament_prefix_path.dsv
[9.862s] -- Symlinking: /home/zr/code/src/install/vizanti_cpp/share/vizanti_cpp/environment/path.sh
[9.871s] -- Symlinking: /home/zr/code/src/install/vizanti_cpp/share/vizanti_cpp/environment/path.dsv
[9.880s] -- Symlinking: /home/zr/code/src/install/vizanti_cpp/share/vizanti_cpp/local_setup.bash
[9.890s] -- Symlinking: /home/zr/code/src/install/vizanti_cpp/share/vizanti_cpp/local_setup.sh
[9.898s] -- Symlinking: /home/zr/code/src/install/vizanti_cpp/share/vizanti_cpp/local_setup.zsh
[9.906s] -- Symlinking: /home/zr/code/src/install/vizanti_cpp/share/vizanti_cpp/local_setup.dsv
[9.914s] -- Symlinking: /home/zr/code/src/install/vizanti_cpp/share/vizanti_cpp/package.dsv
[9.923s] -- Symlinking: /home/zr/code/src/install/vizanti_cpp/share/ament_index/resource_index/packages/vizanti_cpp
[9.931s] -- Symlinking: /home/zr/code/src/install/vizanti_cpp/share/vizanti_cpp/cmake/vizanti_cppConfig.cmake
[9.943s] -- Symlinking: /home/zr/code/src/install/vizanti_cpp/share/vizanti_cpp/cmake/vizanti_cppConfig-version.cmake
[9.951s] -- Symlinking: /home/zr/code/src/install/vizanti_cpp/share/vizanti_cpp/package.xml
[9.962s] Invoked command in '/home/zr/code/src/build/vizanti_cpp' returned '0': CMAKE_PREFIX_PATH=/opt/ros/humble /usr/bin/cmake --install /home/zr/code/src/build/vizanti_cpp
