[0.009s] Invoking command in '/home/zr/code/src/build/dwb_msgs': AMENT_PREFIX_PATH=/home/zr/code/src/install/nav_2d_msgs:${AMENT_PREFIX_PATH} CMAKE_PREFIX_PATH=/home/zr/code/src/install/nav_2d_msgs:/opt/ros/humble LD_LIBRARY_PATH=/home/zr/code/src/install/nav_2d_msgs/lib:${LD_LIBRARY_PATH} PYTHONPATH=/home/zr/code/src/install/nav_2d_msgs/local/lib/python3.10/dist-packages:${PYTHONPATH} /usr/bin/cmake /home/zr/code/src/nav_ws_gazebo/src/gac_navigation2/nav2_dwb_controller/dwb_msgs -DBUILD_TESTING=OFF -DCMAKE_C_COMPILER_LAUNCHER=ccache -DCMAKE_CXX_COMPILER_LAUNCHER=ccache -DAMENT_CMAKE_SYMLINK_INSTALL=1 -DCMAKE_INSTALL_PREFIX=/home/zr/code/src/install/dwb_msgs
[0.065s] -- The C compiler identification is GNU 11.4.0
[0.122s] -- The CXX compiler identification is GNU 11.4.0
[0.129s] -- Detecting C compiler ABI info
[0.202s] -- Detecting C compiler ABI info - done
[0.208s] -- Check for working C compiler: /usr/bin/cc - skipped
[0.208s] -- Detecting C compile features
[0.208s] -- Detecting C compile features - done
[0.210s] -- Detecting CXX compiler ABI info
[0.292s] -- Detecting CXX compiler ABI info - done
[0.297s] -- Check for working CXX compiler: /usr/bin/c++ - skipped
[0.297s] -- Detecting CXX compile features
[0.297s] -- Detecting CXX compile features - done
[0.300s] -- Found builtin_interfaces: 1.2.2 (/opt/ros/humble/share/builtin_interfaces/cmake)
[0.430s] -- Found Python3: /usr/bin/python3 (found version "3.10.12") found components: Interpreter 
[0.490s] -- Override CMake install command with custom implementation using symlinks instead of copying resources
[0.549s] -- Found rosidl_generator_c: 3.1.8 (/opt/ros/humble/share/rosidl_generator_c/cmake)
[0.554s] -- Found rosidl_adapter: 3.1.8 (/opt/ros/humble/share/rosidl_adapter/cmake)
[0.564s] -- Found rosidl_generator_cpp: 3.1.8 (/opt/ros/humble/share/rosidl_generator_cpp/cmake)
[0.577s] -- Using all available rosidl_typesupport_c: rosidl_typesupport_fastrtps_c;rosidl_typesupport_introspection_c
[0.591s] -- Using all available rosidl_typesupport_cpp: rosidl_typesupport_fastrtps_cpp;rosidl_typesupport_introspection_cpp
[0.608s] -- Found geometry_msgs: 4.9.1 (/opt/ros/humble/share/geometry_msgs/cmake)
[0.628s] -- Found nav_2d_msgs: 1.1.14 (/home/zr/code/src/install/nav_2d_msgs/share/nav_2d_msgs/cmake)
[0.641s] -- Found nav_msgs: 4.9.1 (/opt/ros/humble/share/nav_msgs/cmake)
[0.654s] -- Found rosidl_default_generators: 1.2.1 (/opt/ros/humble/share/rosidl_default_generators/cmake)
[1.034s] -- Found ament_cmake_ros: 0.10.0 (/opt/ros/humble/share/ament_cmake_ros/cmake)
[1.469s] -- Using all available rosidl_typesupport_c: rosidl_typesupport_fastrtps_c;rosidl_typesupport_introspection_c
[1.633s] -- Using all available rosidl_typesupport_cpp: rosidl_typesupport_fastrtps_cpp;rosidl_typesupport_introspection_cpp
[1.652s] -- Found PythonInterp: /usr/bin/python3 (found suitable version "3.10.12", minimum required is "3.6") 
[1.654s] -- Found python_cmake_module: 0.10.0 (/opt/ros/humble/share/python_cmake_module/cmake)
[1.682s] -- Found PythonLibs: /usr/lib/x86_64-linux-gnu/libpython3.10.so (found suitable version "3.10.12", minimum required is "3.5") 
[1.682s] -- Using PYTHON_EXECUTABLE: /usr/bin/python3
[1.682s] -- Using PYTHON_INCLUDE_DIRS: /usr/include/python3.10
[1.682s] -- Using PYTHON_LIBRARIES: /usr/lib/x86_64-linux-gnu/libpython3.10.so
[1.701s] -- Found PythonExtra: .so  
[1.861s] -- Configuring done
[1.917s] -- Generating done
[1.929s] -- Build files have been written to: /home/zr/code/src/build/dwb_msgs
[1.944s] Invoked command in '/home/zr/code/src/build/dwb_msgs' returned '0': AMENT_PREFIX_PATH=/home/zr/code/src/install/nav_2d_msgs:${AMENT_PREFIX_PATH} CMAKE_PREFIX_PATH=/home/zr/code/src/install/nav_2d_msgs:/opt/ros/humble LD_LIBRARY_PATH=/home/zr/code/src/install/nav_2d_msgs/lib:${LD_LIBRARY_PATH} PYTHONPATH=/home/zr/code/src/install/nav_2d_msgs/local/lib/python3.10/dist-packages:${PYTHONPATH} /usr/bin/cmake /home/zr/code/src/nav_ws_gazebo/src/gac_navigation2/nav2_dwb_controller/dwb_msgs -DBUILD_TESTING=OFF -DCMAKE_C_COMPILER_LAUNCHER=ccache -DCMAKE_CXX_COMPILER_LAUNCHER=ccache -DAMENT_CMAKE_SYMLINK_INSTALL=1 -DCMAKE_INSTALL_PREFIX=/home/zr/code/src/install/dwb_msgs
[1.946s] Invoking command in '/home/zr/code/src/build/dwb_msgs': AMENT_PREFIX_PATH=/home/zr/code/src/install/nav_2d_msgs:${AMENT_PREFIX_PATH} CMAKE_PREFIX_PATH=/home/zr/code/src/install/nav_2d_msgs:/opt/ros/humble LD_LIBRARY_PATH=/home/zr/code/src/install/nav_2d_msgs/lib:${LD_LIBRARY_PATH} PYTHONPATH=/home/zr/code/src/install/nav_2d_msgs/local/lib/python3.10/dist-packages:${PYTHONPATH} /usr/bin/cmake --build /home/zr/code/src/build/dwb_msgs -- -j16 -l16
[1.998s] [  1%] [34m[1mGenerating C code for ROS interfaces[0m
[2.008s] [  3%] [34m[1mGenerating Rust code for ROS interfaces[0m
[2.008s] [  3%] [34m[1mGenerating C++ code for ROS interfaces[0m
[2.024s] [  3%] Built target ament_cmake_python_symlink_dwb_msgs
[2.323s] running egg_info
[2.324s] creating dwb_msgs.egg-info
[2.324s] writing dwb_msgs.egg-info/PKG-INFO
[2.324s] writing dependency_links to dwb_msgs.egg-info/dependency_links.txt
[2.324s] writing top-level names to dwb_msgs.egg-info/top_level.txt
[2.324s] writing manifest file 'dwb_msgs.egg-info/SOURCES.txt'
[2.326s] reading manifest file 'dwb_msgs.egg-info/SOURCES.txt'
[2.327s] writing manifest file 'dwb_msgs.egg-info/SOURCES.txt'
[2.364s] [  3%] Built target ament_cmake_python_build_dwb_msgs_egg
[2.646s] [  3%] Built target dwb_msgs__rs
[3.001s] [  5%] [32mBuilding C object CMakeFiles/dwb_msgs__rosidl_generator_c.dir/rosidl_generator_c/dwb_msgs/msg/detail/critic_score__functions.c.o[0m
[3.002s] [  5%] [32mBuilding C object CMakeFiles/dwb_msgs__rosidl_generator_c.dir/rosidl_generator_c/dwb_msgs/msg/detail/local_plan_evaluation__functions.c.o[0m
[3.002s] [  6%] [32mBuilding C object CMakeFiles/dwb_msgs__rosidl_generator_c.dir/rosidl_generator_c/dwb_msgs/msg/detail/trajectory_score__functions.c.o[0m
[3.004s] [  7%] [32mBuilding C object CMakeFiles/dwb_msgs__rosidl_generator_c.dir/rosidl_generator_c/dwb_msgs/msg/detail/trajectory2_d__functions.c.o[0m
[3.005s] [  8%] [32mBuilding C object CMakeFiles/dwb_msgs__rosidl_generator_c.dir/rosidl_generator_c/dwb_msgs/srv/detail/debug_local_plan__functions.c.o[0m
[3.006s] [ 10%] [32mBuilding C object CMakeFiles/dwb_msgs__rosidl_generator_c.dir/rosidl_generator_c/dwb_msgs/srv/detail/generate_twists__functions.c.o[0m
[3.007s] [ 10%] [32mBuilding C object CMakeFiles/dwb_msgs__rosidl_generator_c.dir/rosidl_generator_c/dwb_msgs/srv/detail/generate_trajectory__functions.c.o[0m
[3.013s] [ 11%] [32mBuilding C object CMakeFiles/dwb_msgs__rosidl_generator_c.dir/rosidl_generator_c/dwb_msgs/srv/detail/get_critic_score__functions.c.o[0m
[3.048s] [ 12%] [32mBuilding C object CMakeFiles/dwb_msgs__rosidl_generator_c.dir/rosidl_generator_c/dwb_msgs/srv/detail/score_trajectory__functions.c.o[0m
[3.099s] [ 13%] [32m[1mLinking C shared library libdwb_msgs__rosidl_generator_c.so[0m
[3.115s] [ 13%] Built target dwb_msgs__cpp
[3.127s] [ 15%] [34m[1mGenerating C++ type support for eProsima Fast-RTPS[0m
[3.128s] [ 15%] [34m[1mGenerating C++ introspection for ROS interfaces[0m
[3.128s] [ 16%] [34m[1mGenerating C++ type support dispatch for ROS interfaces[0m
[3.143s] [ 16%] Built target dwb_msgs__rosidl_generator_c
[3.159s] [ 19%] [34m[1mGenerating C type support dispatch for ROS interfaces[0m
[3.159s] [ 19%] [34m[1mGenerating C type support for eProsima Fast-RTPS[0m
[3.159s] [ 19%] [34m[1mGenerating C introspection for ROS interfaces[0m
[4.008s] [ 20%] [32mBuilding CXX object CMakeFiles/dwb_msgs__rosidl_typesupport_cpp.dir/rosidl_typesupport_cpp/dwb_msgs/msg/trajectory_score__type_support.cpp.o[0m
[4.010s] [ 22%] [32mBuilding CXX object CMakeFiles/dwb_msgs__rosidl_typesupport_cpp.dir/rosidl_typesupport_cpp/dwb_msgs/msg/trajectory2_d__type_support.cpp.o[0m
[4.010s] [ 22%] [32mBuilding CXX object CMakeFiles/dwb_msgs__rosidl_typesupport_cpp.dir/rosidl_typesupport_cpp/dwb_msgs/srv/score_trajectory__type_support.cpp.o[0m
[4.013s] [ 23%] [32mBuilding CXX object CMakeFiles/dwb_msgs__rosidl_typesupport_cpp.dir/rosidl_typesupport_cpp/dwb_msgs/msg/critic_score__type_support.cpp.o[0m
[4.014s] [ 25%] [32mBuilding CXX object CMakeFiles/dwb_msgs__rosidl_typesupport_cpp.dir/rosidl_typesupport_cpp/dwb_msgs/srv/debug_local_plan__type_support.cpp.o[0m
[4.015s] [ 26%] [32mBuilding CXX object CMakeFiles/dwb_msgs__rosidl_typesupport_cpp.dir/rosidl_typesupport_cpp/dwb_msgs/msg/local_plan_evaluation__type_support.cpp.o[0m
[4.015s] [ 27%] [32mBuilding CXX object CMakeFiles/dwb_msgs__rosidl_typesupport_cpp.dir/rosidl_typesupport_cpp/dwb_msgs/srv/generate_trajectory__type_support.cpp.o[0m
[4.017s] [ 28%] [32mBuilding CXX object CMakeFiles/dwb_msgs__rosidl_typesupport_cpp.dir/rosidl_typesupport_cpp/dwb_msgs/srv/generate_twists__type_support.cpp.o[0m
[4.025s] [ 29%] [32mBuilding CXX object CMakeFiles/dwb_msgs__rosidl_typesupport_cpp.dir/rosidl_typesupport_cpp/dwb_msgs/srv/get_critic_score__type_support.cpp.o[0m
[4.118s] [ 30%] [32m[1mLinking CXX shared library libdwb_msgs__rosidl_typesupport_cpp.so[0m
[4.224s] [ 30%] Built target dwb_msgs__rosidl_typesupport_cpp
[4.239s] [ 31%] [32mBuilding CXX object CMakeFiles/dwb_msgs__rosidl_typesupport_c.dir/rosidl_typesupport_c/dwb_msgs/msg/critic_score__type_support.cpp.o[0m
[4.250s] [ 32%] [32mBuilding CXX object CMakeFiles/dwb_msgs__rosidl_typesupport_c.dir/rosidl_typesupport_c/dwb_msgs/msg/local_plan_evaluation__type_support.cpp.o[0m
[4.254s] [ 33%] [32mBuilding CXX object CMakeFiles/dwb_msgs__rosidl_typesupport_c.dir/rosidl_typesupport_c/dwb_msgs/srv/get_critic_score__type_support.cpp.o[0m
[4.257s] [ 34%] [32mBuilding CXX object CMakeFiles/dwb_msgs__rosidl_typesupport_c.dir/rosidl_typesupport_c/dwb_msgs/msg/trajectory_score__type_support.cpp.o[0m
[4.257s] [ 35%] [32mBuilding CXX object CMakeFiles/dwb_msgs__rosidl_typesupport_c.dir/rosidl_typesupport_c/dwb_msgs/msg/trajectory2_d__type_support.cpp.o[0m
[4.261s] [ 36%] [32mBuilding CXX object CMakeFiles/dwb_msgs__rosidl_typesupport_c.dir/rosidl_typesupport_c/dwb_msgs/srv/debug_local_plan__type_support.cpp.o[0m
[4.263s] [ 37%] [32mBuilding CXX object CMakeFiles/dwb_msgs__rosidl_typesupport_c.dir/rosidl_typesupport_c/dwb_msgs/srv/generate_trajectory__type_support.cpp.o[0m
[4.263s] [ 38%] [32mBuilding CXX object CMakeFiles/dwb_msgs__rosidl_typesupport_c.dir/rosidl_typesupport_c/dwb_msgs/srv/generate_twists__type_support.cpp.o[0m
[4.268s] [ 39%] [32mBuilding CXX object CMakeFiles/dwb_msgs__rosidl_typesupport_c.dir/rosidl_typesupport_c/dwb_msgs/srv/score_trajectory__type_support.cpp.o[0m
[4.338s] [ 40%] [32m[1mLinking CXX shared library libdwb_msgs__rosidl_typesupport_c.so[0m
[4.397s] [ 41%] [32mBuilding C object CMakeFiles/dwb_msgs__rosidl_typesupport_introspection_c.dir/rosidl_typesupport_introspection_c/dwb_msgs/msg/detail/critic_score__type_support.c.o[0m
[4.397s] [ 42%] [32mBuilding C object CMakeFiles/dwb_msgs__rosidl_typesupport_introspection_c.dir/rosidl_typesupport_introspection_c/dwb_msgs/msg/detail/local_plan_evaluation__type_support.c.o[0m
[4.397s] [ 45%] [32mBuilding C object CMakeFiles/dwb_msgs__rosidl_typesupport_introspection_c.dir/rosidl_typesupport_introspection_c/dwb_msgs/srv/detail/debug_local_plan__type_support.c.o[0m
[4.398s] [ 45%] [32mBuilding CXX object CMakeFiles/dwb_msgs__rosidl_typesupport_fastrtps_cpp.dir/rosidl_typesupport_fastrtps_cpp/dwb_msgs/msg/detail/dds_fastrtps/trajectory2_d__type_support.cpp.o[0m
[4.398s] [ 45%] [32mBuilding C object CMakeFiles/dwb_msgs__rosidl_typesupport_introspection_c.dir/rosidl_typesupport_introspection_c/dwb_msgs/msg/detail/trajectory_score__type_support.c.o[0m
[4.413s] [ 46%] [32mBuilding C object CMakeFiles/dwb_msgs__rosidl_typesupport_introspection_c.dir/rosidl_typesupport_introspection_c/dwb_msgs/srv/detail/generate_trajectory__type_support.c.o[0m
[4.414s] [ 47%] [32mBuilding CXX object CMakeFiles/dwb_msgs__rosidl_typesupport_fastrtps_cpp.dir/rosidl_typesupport_fastrtps_cpp/dwb_msgs/msg/detail/dds_fastrtps/local_plan_evaluation__type_support.cpp.o[0m
[4.414s] [ 48%] [32mBuilding CXX object CMakeFiles/dwb_msgs__rosidl_typesupport_fastrtps_cpp.dir/rosidl_typesupport_fastrtps_cpp/dwb_msgs/msg/detail/dds_fastrtps/critic_score__type_support.cpp.o[0m
[4.414s] [ 50%] [32mBuilding CXX object CMakeFiles/dwb_msgs__rosidl_typesupport_fastrtps_cpp.dir/rosidl_typesupport_fastrtps_cpp/dwb_msgs/srv/detail/dds_fastrtps/debug_local_plan__type_support.cpp.o[0m
[4.414s] [ 52%] [32mBuilding CXX object CMakeFiles/dwb_msgs__rosidl_typesupport_fastrtps_cpp.dir/rosidl_typesupport_fastrtps_cpp/dwb_msgs/msg/detail/dds_fastrtps/trajectory_score__type_support.cpp.o[0m
[4.414s] [ 52%] [32mBuilding C object CMakeFiles/dwb_msgs__rosidl_typesupport_introspection_c.dir/rosidl_typesupport_introspection_c/dwb_msgs/msg/detail/trajectory2_d__type_support.c.o[0m
[4.414s] [ 53%] [32mBuilding CXX object CMakeFiles/dwb_msgs__rosidl_typesupport_fastrtps_cpp.dir/rosidl_typesupport_fastrtps_cpp/dwb_msgs/srv/detail/dds_fastrtps/generate_trajectory__type_support.cpp.o[0m
[4.424s] [ 54%] [32mBuilding CXX object CMakeFiles/dwb_msgs__rosidl_typesupport_fastrtps_cpp.dir/rosidl_typesupport_fastrtps_cpp/dwb_msgs/srv/detail/dds_fastrtps/generate_twists__type_support.cpp.o[0m
[4.429s] [ 54%] Built target dwb_msgs__rosidl_typesupport_c
[4.439s] [ 55%] [32mBuilding C object CMakeFiles/dwb_msgs__rosidl_typesupport_introspection_c.dir/rosidl_typesupport_introspection_c/dwb_msgs/srv/detail/generate_twists__type_support.c.o[0m
[4.439s] [ 56%] [32mBuilding CXX object CMakeFiles/dwb_msgs__rosidl_typesupport_introspection_cpp.dir/rosidl_typesupport_introspection_cpp/dwb_msgs/msg/detail/trajectory2_d__type_support.cpp.o[0m
[4.441s] [ 57%] [32mBuilding CXX object CMakeFiles/dwb_msgs__rosidl_typesupport_introspection_cpp.dir/rosidl_typesupport_introspection_cpp/dwb_msgs/msg/detail/critic_score__type_support.cpp.o[0m
[4.445s] [ 58%] [32mBuilding CXX object CMakeFiles/dwb_msgs__rosidl_typesupport_introspection_cpp.dir/rosidl_typesupport_introspection_cpp/dwb_msgs/msg/detail/local_plan_evaluation__type_support.cpp.o[0m
[4.446s] [ 59%] [32mBuilding CXX object CMakeFiles/dwb_msgs__rosidl_typesupport_introspection_cpp.dir/rosidl_typesupport_introspection_cpp/dwb_msgs/msg/detail/trajectory_score__type_support.cpp.o[0m
[4.452s] [ 60%] [32mBuilding CXX object CMakeFiles/dwb_msgs__rosidl_typesupport_fastrtps_cpp.dir/rosidl_typesupport_fastrtps_cpp/dwb_msgs/srv/detail/dds_fastrtps/get_critic_score__type_support.cpp.o[0m
[4.457s] [ 61%] [32mBuilding CXX object CMakeFiles/dwb_msgs__rosidl_typesupport_fastrtps_cpp.dir/rosidl_typesupport_fastrtps_cpp/dwb_msgs/srv/detail/dds_fastrtps/score_trajectory__type_support.cpp.o[0m
[4.461s] [ 62%] [32mBuilding CXX object CMakeFiles/dwb_msgs__rosidl_typesupport_introspection_cpp.dir/rosidl_typesupport_introspection_cpp/dwb_msgs/srv/detail/debug_local_plan__type_support.cpp.o[0m
[4.466s] [ 63%] [32mBuilding C object CMakeFiles/dwb_msgs__rosidl_typesupport_introspection_c.dir/rosidl_typesupport_introspection_c/dwb_msgs/srv/detail/score_trajectory__type_support.c.o[0m
[4.468s] [ 65%] [32mBuilding CXX object CMakeFiles/dwb_msgs__rosidl_typesupport_introspection_cpp.dir/rosidl_typesupport_introspection_cpp/dwb_msgs/srv/detail/generate_trajectory__type_support.cpp.o[0m
[4.469s] [ 65%] [32mBuilding C object CMakeFiles/dwb_msgs__rosidl_typesupport_introspection_c.dir/rosidl_typesupport_introspection_c/dwb_msgs/srv/detail/get_critic_score__type_support.c.o[0m
[4.486s] [ 66%] [32mBuilding CXX object CMakeFiles/dwb_msgs__rosidl_typesupport_introspection_cpp.dir/rosidl_typesupport_introspection_cpp/dwb_msgs/srv/detail/get_critic_score__type_support.cpp.o[0m
[4.491s] [ 67%] [32mBuilding CXX object CMakeFiles/dwb_msgs__rosidl_typesupport_introspection_cpp.dir/rosidl_typesupport_introspection_cpp/dwb_msgs/srv/detail/generate_twists__type_support.cpp.o[0m
[4.497s] [ 68%] [32m[1mLinking C shared library libdwb_msgs__rosidl_typesupport_introspection_c.so[0m
[4.497s] [ 69%] [32mBuilding CXX object CMakeFiles/dwb_msgs__rosidl_typesupport_introspection_cpp.dir/rosidl_typesupport_introspection_cpp/dwb_msgs/srv/detail/score_trajectory__type_support.cpp.o[0m
[4.530s] [ 70%] [32m[1mLinking CXX shared library libdwb_msgs__rosidl_typesupport_introspection_cpp.so[0m
[4.535s] [ 71%] [32mBuilding CXX object CMakeFiles/dwb_msgs__rosidl_typesupport_fastrtps_c.dir/rosidl_typesupport_fastrtps_c/dwb_msgs/msg/detail/critic_score__type_support_c.cpp.o[0m
[4.539s] [ 72%] [32mBuilding CXX object CMakeFiles/dwb_msgs__rosidl_typesupport_fastrtps_c.dir/rosidl_typesupport_fastrtps_c/dwb_msgs/msg/detail/local_plan_evaluation__type_support_c.cpp.o[0m
[4.541s] [ 73%] [32mBuilding CXX object CMakeFiles/dwb_msgs__rosidl_typesupport_fastrtps_c.dir/rosidl_typesupport_fastrtps_c/dwb_msgs/msg/detail/trajectory2_d__type_support_c.cpp.o[0m
[4.547s] [ 75%] [32mBuilding CXX object CMakeFiles/dwb_msgs__rosidl_typesupport_fastrtps_c.dir/rosidl_typesupport_fastrtps_c/dwb_msgs/srv/detail/generate_trajectory__type_support_c.cpp.o[0m
[4.549s] [ 76%] [32mBuilding CXX object CMakeFiles/dwb_msgs__rosidl_typesupport_fastrtps_c.dir/rosidl_typesupport_fastrtps_c/dwb_msgs/msg/detail/trajectory_score__type_support_c.cpp.o[0m
[4.553s] [ 77%] [32mBuilding CXX object CMakeFiles/dwb_msgs__rosidl_typesupport_fastrtps_c.dir/rosidl_typesupport_fastrtps_c/dwb_msgs/srv/detail/debug_local_plan__type_support_c.cpp.o[0m
[4.554s] [ 78%] [32mBuilding CXX object CMakeFiles/dwb_msgs__rosidl_typesupport_fastrtps_c.dir/rosidl_typesupport_fastrtps_c/dwb_msgs/srv/detail/generate_twists__type_support_c.cpp.o[0m
[4.562s] [ 79%] [32mBuilding CXX object CMakeFiles/dwb_msgs__rosidl_typesupport_fastrtps_c.dir/rosidl_typesupport_fastrtps_c/dwb_msgs/srv/detail/get_critic_score__type_support_c.cpp.o[0m
[4.566s] [ 79%] Built target dwb_msgs__rosidl_typesupport_introspection_c
[4.575s] [ 80%] [32mBuilding CXX object CMakeFiles/dwb_msgs__rosidl_typesupport_fastrtps_c.dir/rosidl_typesupport_fastrtps_c/dwb_msgs/srv/detail/score_trajectory__type_support_c.cpp.o[0m
[4.609s] [ 81%] [32m[1mLinking CXX shared library libdwb_msgs__rosidl_typesupport_fastrtps_cpp.so[0m
[4.655s] [ 81%] Built target dwb_msgs__rosidl_typesupport_introspection_cpp
[4.658s] [ 82%] [32m[1mLinking CXX shared library libdwb_msgs__rosidl_typesupport_fastrtps_c.so[0m
[4.745s] [ 82%] Built target dwb_msgs__rosidl_typesupport_fastrtps_cpp
[4.772s] [ 82%] Built target dwb_msgs__rosidl_typesupport_fastrtps_c
[4.801s] [ 82%] Built target dwb_msgs
[4.824s] [ 83%] [34m[1mGenerating Python code for ROS interfaces[0m
[6.444s] [ 83%] Built target dwb_msgs__py
[6.470s] [ 86%] [32mBuilding C object CMakeFiles/dwb_msgs__rosidl_generator_py.dir/rosidl_generator_py/dwb_msgs/msg/_trajectory_score_s.c.o[0m
[6.470s] [ 86%] [32mBuilding C object CMakeFiles/dwb_msgs__rosidl_generator_py.dir/rosidl_generator_py/dwb_msgs/msg/_trajectory2_d_s.c.o[0m
[6.470s] [ 87%] [32mBuilding C object CMakeFiles/dwb_msgs__rosidl_generator_py.dir/rosidl_generator_py/dwb_msgs/msg/_critic_score_s.c.o[0m
[6.470s] [ 87%] [32mBuilding C object CMakeFiles/dwb_msgs__rosidl_generator_py.dir/rosidl_generator_py/dwb_msgs/srv/_debug_local_plan_s.c.o[0m
[6.470s] [ 89%] [32mBuilding C object CMakeFiles/dwb_msgs__rosidl_generator_py.dir/rosidl_generator_py/dwb_msgs/srv/_generate_twists_s.c.o[0m
[6.471s] [ 89%] [32mBuilding C object CMakeFiles/dwb_msgs__rosidl_generator_py.dir/rosidl_generator_py/dwb_msgs/srv/_score_trajectory_s.c.o[0m
[6.471s] [ 90%] [32mBuilding C object CMakeFiles/dwb_msgs__rosidl_generator_py.dir/rosidl_generator_py/dwb_msgs/srv/_get_critic_score_s.c.o[0m
[6.472s] [ 91%] [32mBuilding C object CMakeFiles/dwb_msgs__rosidl_generator_py.dir/rosidl_generator_py/dwb_msgs/srv/_generate_trajectory_s.c.o[0m
[6.476s] [ 92%] [32mBuilding C object CMakeFiles/dwb_msgs__rosidl_generator_py.dir/rosidl_generator_py/dwb_msgs/msg/_local_plan_evaluation_s.c.o[0m
[6.494s] [ 93%] [32m[1mLinking C shared library rosidl_generator_py/dwb_msgs/libdwb_msgs__rosidl_generator_py.so[0m
[6.546s] [ 93%] Built target dwb_msgs__rosidl_generator_py
[6.572s] [ 96%] [32mBuilding C object CMakeFiles/dwb_msgs__rosidl_typesupport_c__pyext.dir/rosidl_generator_py/dwb_msgs/_dwb_msgs_s.ep.rosidl_typesupport_c.c.o[0m
[6.572s] [ 96%] [32mBuilding C object CMakeFiles/dwb_msgs__rosidl_typesupport_introspection_c__pyext.dir/rosidl_generator_py/dwb_msgs/_dwb_msgs_s.ep.rosidl_typesupport_introspection_c.c.o[0m
[6.572s] [ 96%] [32mBuilding C object CMakeFiles/dwb_msgs__rosidl_typesupport_fastrtps_c__pyext.dir/rosidl_generator_py/dwb_msgs/_dwb_msgs_s.ep.rosidl_typesupport_fastrtps_c.c.o[0m
[6.592s] [100%] [32m[1mLinking C shared library rosidl_generator_py/dwb_msgs/dwb_msgs_s__rosidl_typesupport_fastrtps_c.cpython-310-x86_64-linux-gnu.so[0m
[6.592s] [100%] [32m[1mLinking C shared library rosidl_generator_py/dwb_msgs/dwb_msgs_s__rosidl_typesupport_introspection_c.cpython-310-x86_64-linux-gnu.so[0m
[6.592s] [100%] [32m[1mLinking C shared library rosidl_generator_py/dwb_msgs/dwb_msgs_s__rosidl_typesupport_c.cpython-310-x86_64-linux-gnu.so[0m
[6.641s] [100%] Built target dwb_msgs__rosidl_typesupport_fastrtps_c__pyext
[6.651s] [100%] Built target dwb_msgs__rosidl_typesupport_c__pyext
[6.652s] [100%] Built target dwb_msgs__rosidl_typesupport_introspection_c__pyext
[6.670s] Invoked command in '/home/zr/code/src/build/dwb_msgs' returned '0': AMENT_PREFIX_PATH=/home/zr/code/src/install/nav_2d_msgs:${AMENT_PREFIX_PATH} CMAKE_PREFIX_PATH=/home/zr/code/src/install/nav_2d_msgs:/opt/ros/humble LD_LIBRARY_PATH=/home/zr/code/src/install/nav_2d_msgs/lib:${LD_LIBRARY_PATH} PYTHONPATH=/home/zr/code/src/install/nav_2d_msgs/local/lib/python3.10/dist-packages:${PYTHONPATH} /usr/bin/cmake --build /home/zr/code/src/build/dwb_msgs -- -j16 -l16
[6.672s] Invoking command in '/home/zr/code/src/build/dwb_msgs': AMENT_PREFIX_PATH=/home/zr/code/src/install/nav_2d_msgs:${AMENT_PREFIX_PATH} CMAKE_PREFIX_PATH=/home/zr/code/src/install/nav_2d_msgs:/opt/ros/humble LD_LIBRARY_PATH=/home/zr/code/src/install/nav_2d_msgs/lib:${LD_LIBRARY_PATH} PYTHONPATH=/home/zr/code/src/install/nav_2d_msgs/local/lib/python3.10/dist-packages:${PYTHONPATH} /usr/bin/cmake --install /home/zr/code/src/build/dwb_msgs
[6.683s] -- Install configuration: ""
[6.683s] -- Execute custom install script
[6.686s] -- Symlinking: /home/zr/code/src/install/dwb_msgs/share/ament_index/resource_index/rosidl_interfaces/dwb_msgs
[6.699s] -- Symlinking: /home/zr/code/src/install/dwb_msgs/include/dwb_msgs/dwb_msgs/msg/critic_score.h
[6.713s] -- Symlinking: /home/zr/code/src/install/dwb_msgs/include/dwb_msgs/dwb_msgs/msg/detail/critic_score__functions.h
[6.724s] -- Symlinking: /home/zr/code/src/install/dwb_msgs/include/dwb_msgs/dwb_msgs/msg/detail/critic_score__struct.h
[6.735s] -- Symlinking: /home/zr/code/src/install/dwb_msgs/include/dwb_msgs/dwb_msgs/msg/detail/critic_score__type_support.h
[6.747s] -- Symlinking: /home/zr/code/src/install/dwb_msgs/include/dwb_msgs/dwb_msgs/msg/detail/local_plan_evaluation__functions.h
[6.759s] -- Symlinking: /home/zr/code/src/install/dwb_msgs/include/dwb_msgs/dwb_msgs/msg/detail/local_plan_evaluation__struct.h
[6.770s] -- Symlinking: /home/zr/code/src/install/dwb_msgs/include/dwb_msgs/dwb_msgs/msg/detail/local_plan_evaluation__type_support.h
[6.784s] -- Symlinking: /home/zr/code/src/install/dwb_msgs/include/dwb_msgs/dwb_msgs/msg/detail/trajectory2_d__functions.h
[6.797s] -- Symlinking: /home/zr/code/src/install/dwb_msgs/include/dwb_msgs/dwb_msgs/msg/detail/trajectory2_d__struct.h
[6.808s] -- Symlinking: /home/zr/code/src/install/dwb_msgs/include/dwb_msgs/dwb_msgs/msg/detail/trajectory2_d__type_support.h
[6.819s] -- Symlinking: /home/zr/code/src/install/dwb_msgs/include/dwb_msgs/dwb_msgs/msg/detail/trajectory_score__functions.h
[6.830s] -- Symlinking: /home/zr/code/src/install/dwb_msgs/include/dwb_msgs/dwb_msgs/msg/detail/trajectory_score__struct.h
[6.841s] -- Symlinking: /home/zr/code/src/install/dwb_msgs/include/dwb_msgs/dwb_msgs/msg/detail/trajectory_score__type_support.h
[6.852s] -- Symlinking: /home/zr/code/src/install/dwb_msgs/include/dwb_msgs/dwb_msgs/msg/local_plan_evaluation.h
[6.862s] -- Symlinking: /home/zr/code/src/install/dwb_msgs/include/dwb_msgs/dwb_msgs/msg/rosidl_generator_c__visibility_control.h
[6.872s] -- Symlinking: /home/zr/code/src/install/dwb_msgs/include/dwb_msgs/dwb_msgs/msg/trajectory2_d.h
[6.885s] -- Symlinking: /home/zr/code/src/install/dwb_msgs/include/dwb_msgs/dwb_msgs/msg/trajectory_score.h
[6.898s] -- Symlinking: /home/zr/code/src/install/dwb_msgs/include/dwb_msgs/dwb_msgs/srv/debug_local_plan.h
[6.909s] -- Symlinking: /home/zr/code/src/install/dwb_msgs/include/dwb_msgs/dwb_msgs/srv/detail/debug_local_plan__functions.h
[6.920s] -- Symlinking: /home/zr/code/src/install/dwb_msgs/include/dwb_msgs/dwb_msgs/srv/detail/debug_local_plan__struct.h
[6.930s] -- Symlinking: /home/zr/code/src/install/dwb_msgs/include/dwb_msgs/dwb_msgs/srv/detail/debug_local_plan__type_support.h
[6.940s] -- Symlinking: /home/zr/code/src/install/dwb_msgs/include/dwb_msgs/dwb_msgs/srv/detail/generate_trajectory__functions.h
[6.951s] -- Symlinking: /home/zr/code/src/install/dwb_msgs/include/dwb_msgs/dwb_msgs/srv/detail/generate_trajectory__struct.h
[6.961s] -- Symlinking: /home/zr/code/src/install/dwb_msgs/include/dwb_msgs/dwb_msgs/srv/detail/generate_trajectory__type_support.h
[6.970s] -- Symlinking: /home/zr/code/src/install/dwb_msgs/include/dwb_msgs/dwb_msgs/srv/detail/generate_twists__functions.h
[6.982s] -- Symlinking: /home/zr/code/src/install/dwb_msgs/include/dwb_msgs/dwb_msgs/srv/detail/generate_twists__struct.h
[6.995s] -- Symlinking: /home/zr/code/src/install/dwb_msgs/include/dwb_msgs/dwb_msgs/srv/detail/generate_twists__type_support.h
[7.007s] -- Symlinking: /home/zr/code/src/install/dwb_msgs/include/dwb_msgs/dwb_msgs/srv/detail/get_critic_score__functions.h
[7.018s] -- Symlinking: /home/zr/code/src/install/dwb_msgs/include/dwb_msgs/dwb_msgs/srv/detail/get_critic_score__struct.h
[7.028s] -- Symlinking: /home/zr/code/src/install/dwb_msgs/include/dwb_msgs/dwb_msgs/srv/detail/get_critic_score__type_support.h
[7.039s] -- Symlinking: /home/zr/code/src/install/dwb_msgs/include/dwb_msgs/dwb_msgs/srv/detail/score_trajectory__functions.h
[7.051s] -- Symlinking: /home/zr/code/src/install/dwb_msgs/include/dwb_msgs/dwb_msgs/srv/detail/score_trajectory__struct.h
[7.060s] -- Symlinking: /home/zr/code/src/install/dwb_msgs/include/dwb_msgs/dwb_msgs/srv/detail/score_trajectory__type_support.h
[7.070s] -- Symlinking: /home/zr/code/src/install/dwb_msgs/include/dwb_msgs/dwb_msgs/srv/generate_trajectory.h
[7.082s] -- Symlinking: /home/zr/code/src/install/dwb_msgs/include/dwb_msgs/dwb_msgs/srv/generate_twists.h
[7.095s] -- Symlinking: /home/zr/code/src/install/dwb_msgs/include/dwb_msgs/dwb_msgs/srv/get_critic_score.h
[7.105s] -- Symlinking: /home/zr/code/src/install/dwb_msgs/include/dwb_msgs/dwb_msgs/srv/score_trajectory.h
[7.115s] -- Symlinking: /home/zr/code/src/install/dwb_msgs/share/dwb_msgs/environment/library_path.sh
[7.125s] -- Symlinking: /home/zr/code/src/install/dwb_msgs/share/dwb_msgs/environment/library_path.dsv
[7.136s] -- Symlinking: /home/zr/code/src/install/dwb_msgs/include/dwb_msgs/dwb_msgs/msg/detail/critic_score__rosidl_typesupport_fastrtps_c.h
[7.146s] -- Symlinking: /home/zr/code/src/install/dwb_msgs/include/dwb_msgs/dwb_msgs/msg/detail/local_plan_evaluation__rosidl_typesupport_fastrtps_c.h
[7.156s] -- Symlinking: /home/zr/code/src/install/dwb_msgs/include/dwb_msgs/dwb_msgs/msg/detail/trajectory2_d__rosidl_typesupport_fastrtps_c.h
[7.166s] -- Symlinking: /home/zr/code/src/install/dwb_msgs/include/dwb_msgs/dwb_msgs/msg/detail/trajectory_score__rosidl_typesupport_fastrtps_c.h
[7.180s] -- Symlinking: /home/zr/code/src/install/dwb_msgs/include/dwb_msgs/dwb_msgs/msg/rosidl_typesupport_fastrtps_c__visibility_control.h
[7.194s] -- Symlinking: /home/zr/code/src/install/dwb_msgs/include/dwb_msgs/dwb_msgs/srv/detail/debug_local_plan__rosidl_typesupport_fastrtps_c.h
[7.207s] -- Symlinking: /home/zr/code/src/install/dwb_msgs/include/dwb_msgs/dwb_msgs/srv/detail/generate_trajectory__rosidl_typesupport_fastrtps_c.h
[7.219s] -- Symlinking: /home/zr/code/src/install/dwb_msgs/include/dwb_msgs/dwb_msgs/srv/detail/generate_twists__rosidl_typesupport_fastrtps_c.h
[7.231s] -- Symlinking: /home/zr/code/src/install/dwb_msgs/include/dwb_msgs/dwb_msgs/srv/detail/get_critic_score__rosidl_typesupport_fastrtps_c.h
[7.242s] -- Symlinking: /home/zr/code/src/install/dwb_msgs/include/dwb_msgs/dwb_msgs/srv/detail/score_trajectory__rosidl_typesupport_fastrtps_c.h
[7.253s] -- Symlinking: /home/zr/code/src/install/dwb_msgs/include/dwb_msgs/dwb_msgs/msg/critic_score.hpp
[7.263s] -- Symlinking: /home/zr/code/src/install/dwb_msgs/include/dwb_msgs/dwb_msgs/msg/detail/critic_score__builder.hpp
[7.274s] -- Symlinking: /home/zr/code/src/install/dwb_msgs/include/dwb_msgs/dwb_msgs/msg/detail/critic_score__struct.hpp
[7.288s] -- Symlinking: /home/zr/code/src/install/dwb_msgs/include/dwb_msgs/dwb_msgs/msg/detail/critic_score__traits.hpp
[7.298s] -- Symlinking: /home/zr/code/src/install/dwb_msgs/include/dwb_msgs/dwb_msgs/msg/detail/critic_score__type_support.hpp
[7.308s] -- Symlinking: /home/zr/code/src/install/dwb_msgs/include/dwb_msgs/dwb_msgs/msg/detail/local_plan_evaluation__builder.hpp
[7.321s] -- Symlinking: /home/zr/code/src/install/dwb_msgs/include/dwb_msgs/dwb_msgs/msg/detail/local_plan_evaluation__struct.hpp
[7.331s] -- Symlinking: /home/zr/code/src/install/dwb_msgs/include/dwb_msgs/dwb_msgs/msg/detail/local_plan_evaluation__traits.hpp
[7.342s] -- Symlinking: /home/zr/code/src/install/dwb_msgs/include/dwb_msgs/dwb_msgs/msg/detail/local_plan_evaluation__type_support.hpp
[7.353s] -- Symlinking: /home/zr/code/src/install/dwb_msgs/include/dwb_msgs/dwb_msgs/msg/detail/trajectory2_d__builder.hpp
[7.364s] -- Symlinking: /home/zr/code/src/install/dwb_msgs/include/dwb_msgs/dwb_msgs/msg/detail/trajectory2_d__struct.hpp
[7.376s] -- Symlinking: /home/zr/code/src/install/dwb_msgs/include/dwb_msgs/dwb_msgs/msg/detail/trajectory2_d__traits.hpp
[7.389s] -- Symlinking: /home/zr/code/src/install/dwb_msgs/include/dwb_msgs/dwb_msgs/msg/detail/trajectory2_d__type_support.hpp
[7.399s] -- Symlinking: /home/zr/code/src/install/dwb_msgs/include/dwb_msgs/dwb_msgs/msg/detail/trajectory_score__builder.hpp
[7.410s] -- Symlinking: /home/zr/code/src/install/dwb_msgs/include/dwb_msgs/dwb_msgs/msg/detail/trajectory_score__struct.hpp
[7.422s] -- Symlinking: /home/zr/code/src/install/dwb_msgs/include/dwb_msgs/dwb_msgs/msg/detail/trajectory_score__traits.hpp
[7.435s] -- Symlinking: /home/zr/code/src/install/dwb_msgs/include/dwb_msgs/dwb_msgs/msg/detail/trajectory_score__type_support.hpp
[7.446s] -- Symlinking: /home/zr/code/src/install/dwb_msgs/include/dwb_msgs/dwb_msgs/msg/local_plan_evaluation.hpp
[7.457s] -- Symlinking: /home/zr/code/src/install/dwb_msgs/include/dwb_msgs/dwb_msgs/msg/rosidl_generator_cpp__visibility_control.hpp
[7.468s] -- Symlinking: /home/zr/code/src/install/dwb_msgs/include/dwb_msgs/dwb_msgs/msg/trajectory2_d.hpp
[7.483s] -- Symlinking: /home/zr/code/src/install/dwb_msgs/include/dwb_msgs/dwb_msgs/msg/trajectory_score.hpp
[7.493s] -- Symlinking: /home/zr/code/src/install/dwb_msgs/include/dwb_msgs/dwb_msgs/srv/debug_local_plan.hpp
[7.504s] -- Symlinking: /home/zr/code/src/install/dwb_msgs/include/dwb_msgs/dwb_msgs/srv/detail/debug_local_plan__builder.hpp
[7.514s] -- Symlinking: /home/zr/code/src/install/dwb_msgs/include/dwb_msgs/dwb_msgs/srv/detail/debug_local_plan__struct.hpp
[7.523s] -- Symlinking: /home/zr/code/src/install/dwb_msgs/include/dwb_msgs/dwb_msgs/srv/detail/debug_local_plan__traits.hpp
[7.533s] -- Symlinking: /home/zr/code/src/install/dwb_msgs/include/dwb_msgs/dwb_msgs/srv/detail/debug_local_plan__type_support.hpp
[7.544s] -- Symlinking: /home/zr/code/src/install/dwb_msgs/include/dwb_msgs/dwb_msgs/srv/detail/generate_trajectory__builder.hpp
[7.554s] -- Symlinking: /home/zr/code/src/install/dwb_msgs/include/dwb_msgs/dwb_msgs/srv/detail/generate_trajectory__struct.hpp
[7.564s] -- Symlinking: /home/zr/code/src/install/dwb_msgs/include/dwb_msgs/dwb_msgs/srv/detail/generate_trajectory__traits.hpp
[7.576s] -- Symlinking: /home/zr/code/src/install/dwb_msgs/include/dwb_msgs/dwb_msgs/srv/detail/generate_trajectory__type_support.hpp
[7.589s] -- Symlinking: /home/zr/code/src/install/dwb_msgs/include/dwb_msgs/dwb_msgs/srv/detail/generate_twists__builder.hpp
[7.599s] -- Symlinking: /home/zr/code/src/install/dwb_msgs/include/dwb_msgs/dwb_msgs/srv/detail/generate_twists__struct.hpp
[7.609s] -- Symlinking: /home/zr/code/src/install/dwb_msgs/include/dwb_msgs/dwb_msgs/srv/detail/generate_twists__traits.hpp
[7.619s] -- Symlinking: /home/zr/code/src/install/dwb_msgs/include/dwb_msgs/dwb_msgs/srv/detail/generate_twists__type_support.hpp
[7.630s] -- Symlinking: /home/zr/code/src/install/dwb_msgs/include/dwb_msgs/dwb_msgs/srv/detail/get_critic_score__builder.hpp
[7.640s] -- Symlinking: /home/zr/code/src/install/dwb_msgs/include/dwb_msgs/dwb_msgs/srv/detail/get_critic_score__struct.hpp
[7.650s] -- Symlinking: /home/zr/code/src/install/dwb_msgs/include/dwb_msgs/dwb_msgs/srv/detail/get_critic_score__traits.hpp
[7.660s] -- Symlinking: /home/zr/code/src/install/dwb_msgs/include/dwb_msgs/dwb_msgs/srv/detail/get_critic_score__type_support.hpp
[7.673s] -- Symlinking: /home/zr/code/src/install/dwb_msgs/include/dwb_msgs/dwb_msgs/srv/detail/score_trajectory__builder.hpp
[7.687s] -- Symlinking: /home/zr/code/src/install/dwb_msgs/include/dwb_msgs/dwb_msgs/srv/detail/score_trajectory__struct.hpp
[7.698s] -- Symlinking: /home/zr/code/src/install/dwb_msgs/include/dwb_msgs/dwb_msgs/srv/detail/score_trajectory__traits.hpp
[7.709s] -- Symlinking: /home/zr/code/src/install/dwb_msgs/include/dwb_msgs/dwb_msgs/srv/detail/score_trajectory__type_support.hpp
[7.719s] -- Symlinking: /home/zr/code/src/install/dwb_msgs/include/dwb_msgs/dwb_msgs/srv/generate_trajectory.hpp
[7.730s] -- Symlinking: /home/zr/code/src/install/dwb_msgs/include/dwb_msgs/dwb_msgs/srv/generate_twists.hpp
[7.740s] -- Symlinking: /home/zr/code/src/install/dwb_msgs/include/dwb_msgs/dwb_msgs/srv/get_critic_score.hpp
[7.750s] -- Symlinking: /home/zr/code/src/install/dwb_msgs/include/dwb_msgs/dwb_msgs/srv/score_trajectory.hpp
[7.762s] -- Symlinking: /home/zr/code/src/install/dwb_msgs/include/dwb_msgs/dwb_msgs/msg/detail/critic_score__rosidl_typesupport_fastrtps_cpp.hpp
[7.772s] -- Symlinking: /home/zr/code/src/install/dwb_msgs/include/dwb_msgs/dwb_msgs/msg/detail/local_plan_evaluation__rosidl_typesupport_fastrtps_cpp.hpp
[7.785s] -- Symlinking: /home/zr/code/src/install/dwb_msgs/include/dwb_msgs/dwb_msgs/msg/detail/trajectory2_d__rosidl_typesupport_fastrtps_cpp.hpp
[7.796s] -- Symlinking: /home/zr/code/src/install/dwb_msgs/include/dwb_msgs/dwb_msgs/msg/detail/trajectory_score__rosidl_typesupport_fastrtps_cpp.hpp
[7.808s] -- Symlinking: /home/zr/code/src/install/dwb_msgs/include/dwb_msgs/dwb_msgs/msg/rosidl_typesupport_fastrtps_cpp__visibility_control.h
[7.819s] -- Symlinking: /home/zr/code/src/install/dwb_msgs/include/dwb_msgs/dwb_msgs/srv/detail/debug_local_plan__rosidl_typesupport_fastrtps_cpp.hpp
[7.829s] -- Symlinking: /home/zr/code/src/install/dwb_msgs/include/dwb_msgs/dwb_msgs/srv/detail/generate_trajectory__rosidl_typesupport_fastrtps_cpp.hpp
[7.839s] -- Symlinking: /home/zr/code/src/install/dwb_msgs/include/dwb_msgs/dwb_msgs/srv/detail/generate_twists__rosidl_typesupport_fastrtps_cpp.hpp
[7.849s] -- Symlinking: /home/zr/code/src/install/dwb_msgs/include/dwb_msgs/dwb_msgs/srv/detail/get_critic_score__rosidl_typesupport_fastrtps_cpp.hpp
[7.861s] -- Symlinking: /home/zr/code/src/install/dwb_msgs/include/dwb_msgs/dwb_msgs/srv/detail/score_trajectory__rosidl_typesupport_fastrtps_cpp.hpp
[7.874s] -- Symlinking: /home/zr/code/src/install/dwb_msgs/include/dwb_msgs/dwb_msgs/msg/detail/critic_score__rosidl_typesupport_introspection_c.h
[7.887s] -- Symlinking: /home/zr/code/src/install/dwb_msgs/include/dwb_msgs/dwb_msgs/msg/detail/local_plan_evaluation__rosidl_typesupport_introspection_c.h
[7.901s] -- Symlinking: /home/zr/code/src/install/dwb_msgs/include/dwb_msgs/dwb_msgs/msg/detail/trajectory2_d__rosidl_typesupport_introspection_c.h
[7.912s] -- Symlinking: /home/zr/code/src/install/dwb_msgs/include/dwb_msgs/dwb_msgs/msg/detail/trajectory_score__rosidl_typesupport_introspection_c.h
[7.924s] -- Symlinking: /home/zr/code/src/install/dwb_msgs/include/dwb_msgs/dwb_msgs/msg/rosidl_typesupport_introspection_c__visibility_control.h
[7.936s] -- Symlinking: /home/zr/code/src/install/dwb_msgs/include/dwb_msgs/dwb_msgs/srv/detail/debug_local_plan__rosidl_typesupport_introspection_c.h
[7.947s] -- Symlinking: /home/zr/code/src/install/dwb_msgs/include/dwb_msgs/dwb_msgs/srv/detail/generate_trajectory__rosidl_typesupport_introspection_c.h
[7.959s] -- Symlinking: /home/zr/code/src/install/dwb_msgs/include/dwb_msgs/dwb_msgs/srv/detail/generate_twists__rosidl_typesupport_introspection_c.h
[7.971s] -- Symlinking: /home/zr/code/src/install/dwb_msgs/include/dwb_msgs/dwb_msgs/srv/detail/get_critic_score__rosidl_typesupport_introspection_c.h
[7.984s] -- Symlinking: /home/zr/code/src/install/dwb_msgs/include/dwb_msgs/dwb_msgs/srv/detail/score_trajectory__rosidl_typesupport_introspection_c.h
[7.998s] -- Symlinking: /home/zr/code/src/install/dwb_msgs/include/dwb_msgs/dwb_msgs/msg/detail/critic_score__rosidl_typesupport_introspection_cpp.hpp
[8.008s] -- Symlinking: /home/zr/code/src/install/dwb_msgs/include/dwb_msgs/dwb_msgs/msg/detail/local_plan_evaluation__rosidl_typesupport_introspection_cpp.hpp
[8.019s] -- Symlinking: /home/zr/code/src/install/dwb_msgs/include/dwb_msgs/dwb_msgs/msg/detail/trajectory2_d__rosidl_typesupport_introspection_cpp.hpp
[8.032s] -- Symlinking: /home/zr/code/src/install/dwb_msgs/include/dwb_msgs/dwb_msgs/msg/detail/trajectory_score__rosidl_typesupport_introspection_cpp.hpp
[8.042s] -- Symlinking: /home/zr/code/src/install/dwb_msgs/include/dwb_msgs/dwb_msgs/srv/detail/debug_local_plan__rosidl_typesupport_introspection_cpp.hpp
[8.054s] -- Symlinking: /home/zr/code/src/install/dwb_msgs/include/dwb_msgs/dwb_msgs/srv/detail/generate_trajectory__rosidl_typesupport_introspection_cpp.hpp
[8.065s] -- Symlinking: /home/zr/code/src/install/dwb_msgs/include/dwb_msgs/dwb_msgs/srv/detail/generate_twists__rosidl_typesupport_introspection_cpp.hpp
[8.077s] -- Symlinking: /home/zr/code/src/install/dwb_msgs/include/dwb_msgs/dwb_msgs/srv/detail/get_critic_score__rosidl_typesupport_introspection_cpp.hpp
[8.093s] -- Symlinking: /home/zr/code/src/install/dwb_msgs/include/dwb_msgs/dwb_msgs/srv/detail/score_trajectory__rosidl_typesupport_introspection_cpp.hpp
[8.109s] -- Symlinking: /home/zr/code/src/install/dwb_msgs/share/dwb_msgs/environment/pythonpath.sh
[8.124s] -- Symlinking: /home/zr/code/src/install/dwb_msgs/share/dwb_msgs/environment/pythonpath.dsv
[8.135s] -- Symlinking: /home/zr/code/src/install/dwb_msgs/local/lib/python3.10/dist-packages/dwb_msgs-1.1.14-py3.10.egg-info/PKG-INFO
[8.147s] -- Symlinking: /home/zr/code/src/install/dwb_msgs/local/lib/python3.10/dist-packages/dwb_msgs-1.1.14-py3.10.egg-info/SOURCES.txt
[8.158s] -- Symlinking: /home/zr/code/src/install/dwb_msgs/local/lib/python3.10/dist-packages/dwb_msgs-1.1.14-py3.10.egg-info/dependency_links.txt
[8.168s] -- Symlinking: /home/zr/code/src/install/dwb_msgs/local/lib/python3.10/dist-packages/dwb_msgs-1.1.14-py3.10.egg-info/top_level.txt
[8.184s] -- Symlinking: /home/zr/code/src/install/dwb_msgs/local/lib/python3.10/dist-packages/dwb_msgs/__init__.py
[8.196s] -- Symlinking: /home/zr/code/src/install/dwb_msgs/local/lib/python3.10/dist-packages/dwb_msgs/_dwb_msgs_s.ep.rosidl_typesupport_c.c
[8.208s] -- Symlinking: /home/zr/code/src/install/dwb_msgs/local/lib/python3.10/dist-packages/dwb_msgs/_dwb_msgs_s.ep.rosidl_typesupport_fastrtps_c.c
[8.219s] -- Symlinking: /home/zr/code/src/install/dwb_msgs/local/lib/python3.10/dist-packages/dwb_msgs/_dwb_msgs_s.ep.rosidl_typesupport_introspection_c.c
[8.232s] -- Symlinking: /home/zr/code/src/install/dwb_msgs/local/lib/python3.10/dist-packages/dwb_msgs/dwb_msgs_s__rosidl_typesupport_c.cpython-310-x86_64-linux-gnu.so
[8.243s] -- Symlinking: /home/zr/code/src/install/dwb_msgs/local/lib/python3.10/dist-packages/dwb_msgs/dwb_msgs_s__rosidl_typesupport_fastrtps_c.cpython-310-x86_64-linux-gnu.so
[8.254s] -- Symlinking: /home/zr/code/src/install/dwb_msgs/local/lib/python3.10/dist-packages/dwb_msgs/dwb_msgs_s__rosidl_typesupport_introspection_c.cpython-310-x86_64-linux-gnu.so
[8.265s] -- Symlinking: /home/zr/code/src/install/dwb_msgs/local/lib/python3.10/dist-packages/dwb_msgs/libdwb_msgs__rosidl_generator_py.so
[8.278s] -- Symlinking: /home/zr/code/src/install/dwb_msgs/local/lib/python3.10/dist-packages/dwb_msgs/msg/__init__.py
[8.291s] -- Symlinking: /home/zr/code/src/install/dwb_msgs/local/lib/python3.10/dist-packages/dwb_msgs/msg/_critic_score.py
[8.302s] -- Symlinking: /home/zr/code/src/install/dwb_msgs/local/lib/python3.10/dist-packages/dwb_msgs/msg/_critic_score_s.c
[8.313s] -- Symlinking: /home/zr/code/src/install/dwb_msgs/local/lib/python3.10/dist-packages/dwb_msgs/msg/_local_plan_evaluation.py
[8.323s] -- Symlinking: /home/zr/code/src/install/dwb_msgs/local/lib/python3.10/dist-packages/dwb_msgs/msg/_local_plan_evaluation_s.c
[8.334s] -- Symlinking: /home/zr/code/src/install/dwb_msgs/local/lib/python3.10/dist-packages/dwb_msgs/msg/_trajectory2_d.py
[8.344s] -- Symlinking: /home/zr/code/src/install/dwb_msgs/local/lib/python3.10/dist-packages/dwb_msgs/msg/_trajectory2_d_s.c
[8.357s] -- Symlinking: /home/zr/code/src/install/dwb_msgs/local/lib/python3.10/dist-packages/dwb_msgs/msg/_trajectory_score.py
[8.373s] -- Symlinking: /home/zr/code/src/install/dwb_msgs/local/lib/python3.10/dist-packages/dwb_msgs/msg/_trajectory_score_s.c
[8.386s] -- Symlinking: /home/zr/code/src/install/dwb_msgs/local/lib/python3.10/dist-packages/dwb_msgs/srv/__init__.py
[8.402s] -- Symlinking: /home/zr/code/src/install/dwb_msgs/local/lib/python3.10/dist-packages/dwb_msgs/srv/_debug_local_plan.py
[8.412s] -- Symlinking: /home/zr/code/src/install/dwb_msgs/local/lib/python3.10/dist-packages/dwb_msgs/srv/_debug_local_plan_s.c
[8.425s] -- Symlinking: /home/zr/code/src/install/dwb_msgs/local/lib/python3.10/dist-packages/dwb_msgs/srv/_generate_trajectory.py
[8.435s] -- Symlinking: /home/zr/code/src/install/dwb_msgs/local/lib/python3.10/dist-packages/dwb_msgs/srv/_generate_trajectory_s.c
[8.448s] -- Symlinking: /home/zr/code/src/install/dwb_msgs/local/lib/python3.10/dist-packages/dwb_msgs/srv/_generate_twists.py
[8.458s] -- Symlinking: /home/zr/code/src/install/dwb_msgs/local/lib/python3.10/dist-packages/dwb_msgs/srv/_generate_twists_s.c
[8.471s] -- Symlinking: /home/zr/code/src/install/dwb_msgs/local/lib/python3.10/dist-packages/dwb_msgs/srv/_get_critic_score.py
[8.486s] -- Symlinking: /home/zr/code/src/install/dwb_msgs/local/lib/python3.10/dist-packages/dwb_msgs/srv/_get_critic_score_s.c
[8.501s] -- Symlinking: /home/zr/code/src/install/dwb_msgs/local/lib/python3.10/dist-packages/dwb_msgs/srv/_score_trajectory.py
[8.512s] -- Symlinking: /home/zr/code/src/install/dwb_msgs/local/lib/python3.10/dist-packages/dwb_msgs/srv/_score_trajectory_s.c
[8.522s] -- Up-to-date symlink: /home/zr/code/src/install/dwb_msgs/local/lib/python3.10/dist-packages/dwb_msgs/dwb_msgs_s__rosidl_typesupport_fastrtps_c.cpython-310-x86_64-linux-gnu.so
[8.523s] -- Up-to-date symlink: /home/zr/code/src/install/dwb_msgs/local/lib/python3.10/dist-packages/dwb_msgs/dwb_msgs_s__rosidl_typesupport_introspection_c.cpython-310-x86_64-linux-gnu.so
[8.523s] -- Up-to-date symlink: /home/zr/code/src/install/dwb_msgs/local/lib/python3.10/dist-packages/dwb_msgs/dwb_msgs_s__rosidl_typesupport_c.cpython-310-x86_64-linux-gnu.so
[8.523s] -- Symlinking: /home/zr/code/src/install/dwb_msgs/share/ament_index/resource_index/rust_packages/dwb_msgs
[8.534s] -- Symlinking: /home/zr/code/src/install/dwb_msgs/share/dwb_msgs/rust/Cargo.toml
[8.548s] -- Symlinking: /home/zr/code/src/install/dwb_msgs/share/dwb_msgs/rust/build.rs
[8.559s] -- Symlinking: /home/zr/code/src/install/dwb_msgs/share/dwb_msgs/rust/src/lib.rs
[8.573s] -- Symlinking: /home/zr/code/src/install/dwb_msgs/share/dwb_msgs/rust/src/msg.rs
[8.586s] -- Symlinking: /home/zr/code/src/install/dwb_msgs/share/dwb_msgs/rust/src/msg/rmw.rs
[8.600s] -- Symlinking: /home/zr/code/src/install/dwb_msgs/share/dwb_msgs/rust/src/srv.rs
[8.610s] -- Symlinking: /home/zr/code/src/install/dwb_msgs/share/dwb_msgs/rust/src/srv/rmw.rs
[8.620s] -- Symlinking: /home/zr/code/src/install/dwb_msgs/share/dwb_msgs/msg/CriticScore.idl
[8.631s] -- Symlinking: /home/zr/code/src/install/dwb_msgs/share/dwb_msgs/msg/LocalPlanEvaluation.idl
[8.644s] -- Symlinking: /home/zr/code/src/install/dwb_msgs/share/dwb_msgs/msg/Trajectory2D.idl
[8.655s] -- Symlinking: /home/zr/code/src/install/dwb_msgs/share/dwb_msgs/msg/TrajectoryScore.idl
[8.667s] -- Symlinking: /home/zr/code/src/install/dwb_msgs/share/dwb_msgs/srv/DebugLocalPlan.idl
[8.678s] -- Symlinking: /home/zr/code/src/install/dwb_msgs/share/dwb_msgs/srv/GenerateTrajectory.idl
[8.691s] -- Symlinking: /home/zr/code/src/install/dwb_msgs/share/dwb_msgs/srv/GenerateTwists.idl
[8.703s] -- Symlinking: /home/zr/code/src/install/dwb_msgs/share/dwb_msgs/srv/GetCriticScore.idl
[8.714s] -- Symlinking: /home/zr/code/src/install/dwb_msgs/share/dwb_msgs/srv/ScoreTrajectory.idl
[8.726s] -- Symlinking: /home/zr/code/src/install/dwb_msgs/share/dwb_msgs/msg/CriticScore.msg
[8.736s] -- Symlinking: /home/zr/code/src/install/dwb_msgs/share/dwb_msgs/msg/LocalPlanEvaluation.msg
[8.748s] -- Symlinking: /home/zr/code/src/install/dwb_msgs/share/dwb_msgs/msg/Trajectory2D.msg
[8.759s] -- Symlinking: /home/zr/code/src/install/dwb_msgs/share/dwb_msgs/msg/TrajectoryScore.msg
[8.773s] -- Symlinking: /home/zr/code/src/install/dwb_msgs/share/dwb_msgs/srv/DebugLocalPlan.srv
[8.787s] -- Symlinking: /home/zr/code/src/install/dwb_msgs/share/dwb_msgs/srv/DebugLocalPlan_Request.msg
[8.799s] -- Symlinking: /home/zr/code/src/install/dwb_msgs/share/dwb_msgs/srv/DebugLocalPlan_Response.msg
[8.810s] -- Symlinking: /home/zr/code/src/install/dwb_msgs/share/dwb_msgs/srv/GenerateTrajectory.srv
[8.820s] -- Symlinking: /home/zr/code/src/install/dwb_msgs/share/dwb_msgs/srv/GenerateTrajectory_Request.msg
[8.831s] -- Symlinking: /home/zr/code/src/install/dwb_msgs/share/dwb_msgs/srv/GenerateTrajectory_Response.msg
[8.841s] -- Symlinking: /home/zr/code/src/install/dwb_msgs/share/dwb_msgs/srv/GenerateTwists.srv
[8.851s] -- Symlinking: /home/zr/code/src/install/dwb_msgs/share/dwb_msgs/srv/GenerateTwists_Request.msg
[8.866s] -- Symlinking: /home/zr/code/src/install/dwb_msgs/share/dwb_msgs/srv/GenerateTwists_Response.msg
[8.879s] -- Symlinking: /home/zr/code/src/install/dwb_msgs/share/dwb_msgs/srv/GetCriticScore.srv
[8.900s] -- Symlinking: /home/zr/code/src/install/dwb_msgs/share/dwb_msgs/srv/GetCriticScore_Request.msg
[8.907s] -- Symlinking: /home/zr/code/src/install/dwb_msgs/share/dwb_msgs/srv/GetCriticScore_Response.msg
[8.921s] -- Symlinking: /home/zr/code/src/install/dwb_msgs/share/dwb_msgs/srv/ScoreTrajectory.srv
[8.937s] -- Symlinking: /home/zr/code/src/install/dwb_msgs/share/dwb_msgs/srv/ScoreTrajectory_Request.msg
[8.952s] -- Symlinking: /home/zr/code/src/install/dwb_msgs/share/dwb_msgs/srv/ScoreTrajectory_Response.msg
[8.966s] -- Symlinking: /home/zr/code/src/install/dwb_msgs/share/ament_index/resource_index/package_run_dependencies/dwb_msgs
[8.979s] -- Symlinking: /home/zr/code/src/install/dwb_msgs/share/ament_index/resource_index/parent_prefix_path/dwb_msgs
[8.992s] -- Symlinking: /home/zr/code/src/install/dwb_msgs/share/dwb_msgs/environment/ament_prefix_path.sh
[9.007s] -- Symlinking: /home/zr/code/src/install/dwb_msgs/share/dwb_msgs/environment/ament_prefix_path.dsv
[9.017s] -- Symlinking: /home/zr/code/src/install/dwb_msgs/share/dwb_msgs/environment/path.sh
[9.028s] -- Symlinking: /home/zr/code/src/install/dwb_msgs/share/dwb_msgs/environment/path.dsv
[9.038s] -- Symlinking: /home/zr/code/src/install/dwb_msgs/share/dwb_msgs/local_setup.bash
[9.048s] -- Symlinking: /home/zr/code/src/install/dwb_msgs/share/dwb_msgs/local_setup.sh
[9.058s] -- Symlinking: /home/zr/code/src/install/dwb_msgs/share/dwb_msgs/local_setup.zsh
[9.069s] -- Symlinking: /home/zr/code/src/install/dwb_msgs/share/dwb_msgs/local_setup.dsv
[9.081s] -- Symlinking: /home/zr/code/src/install/dwb_msgs/share/dwb_msgs/package.dsv
[9.096s] -- Symlinking: /home/zr/code/src/install/dwb_msgs/share/ament_index/resource_index/packages/dwb_msgs
[9.107s] -- Symlinking: /home/zr/code/src/install/dwb_msgs/share/dwb_msgs/cmake/rosidl_cmake-extras.cmake
[9.118s] -- Symlinking: /home/zr/code/src/install/dwb_msgs/share/dwb_msgs/cmake/ament_cmake_export_dependencies-extras.cmake
[9.128s] -- Symlinking: /home/zr/code/src/install/dwb_msgs/share/dwb_msgs/cmake/ament_cmake_export_include_directories-extras.cmake
[9.139s] -- Symlinking: /home/zr/code/src/install/dwb_msgs/share/dwb_msgs/cmake/ament_cmake_export_libraries-extras.cmake
[9.149s] -- Symlinking: /home/zr/code/src/install/dwb_msgs/share/dwb_msgs/cmake/ament_cmake_export_targets-extras.cmake
[9.160s] -- Symlinking: /home/zr/code/src/install/dwb_msgs/share/dwb_msgs/cmake/rosidl_cmake_export_typesupport_targets-extras.cmake
[9.171s] -- Symlinking: /home/zr/code/src/install/dwb_msgs/share/dwb_msgs/cmake/rosidl_cmake_export_typesupport_libraries-extras.cmake
[9.184s] -- Symlinking: /home/zr/code/src/install/dwb_msgs/share/dwb_msgs/cmake/dwb_msgsConfig.cmake
[9.196s] -- Symlinking: /home/zr/code/src/install/dwb_msgs/share/dwb_msgs/cmake/dwb_msgsConfig-version.cmake
[9.206s] -- Symlinking: /home/zr/code/src/install/dwb_msgs/share/dwb_msgs/package.xml
[9.216s] -- Installing: /home/zr/code/src/install/dwb_msgs/lib/libdwb_msgs__rosidl_generator_c.so
[9.216s] -- Set runtime path of "/home/zr/code/src/install/dwb_msgs/lib/libdwb_msgs__rosidl_generator_c.so" to ""
[9.216s] -- Installing: /home/zr/code/src/install/dwb_msgs/lib/libdwb_msgs__rosidl_typesupport_fastrtps_c.so
[9.217s] -- Set runtime path of "/home/zr/code/src/install/dwb_msgs/lib/libdwb_msgs__rosidl_typesupport_fastrtps_c.so" to ""
[9.217s] -- Installing: /home/zr/code/src/install/dwb_msgs/lib/libdwb_msgs__rosidl_typesupport_fastrtps_cpp.so
[9.218s] -- Set runtime path of "/home/zr/code/src/install/dwb_msgs/lib/libdwb_msgs__rosidl_typesupport_fastrtps_cpp.so" to ""
[9.218s] -- Installing: /home/zr/code/src/install/dwb_msgs/lib/libdwb_msgs__rosidl_typesupport_introspection_c.so
[9.218s] -- Set runtime path of "/home/zr/code/src/install/dwb_msgs/lib/libdwb_msgs__rosidl_typesupport_introspection_c.so" to ""
[9.218s] -- Installing: /home/zr/code/src/install/dwb_msgs/lib/libdwb_msgs__rosidl_typesupport_c.so
[9.219s] -- Set runtime path of "/home/zr/code/src/install/dwb_msgs/lib/libdwb_msgs__rosidl_typesupport_c.so" to ""
[9.219s] -- Installing: /home/zr/code/src/install/dwb_msgs/lib/libdwb_msgs__rosidl_typesupport_introspection_cpp.so
[9.220s] -- Set runtime path of "/home/zr/code/src/install/dwb_msgs/lib/libdwb_msgs__rosidl_typesupport_introspection_cpp.so" to ""
[9.220s] -- Installing: /home/zr/code/src/install/dwb_msgs/lib/libdwb_msgs__rosidl_typesupport_cpp.so
[9.220s] -- Set runtime path of "/home/zr/code/src/install/dwb_msgs/lib/libdwb_msgs__rosidl_typesupport_cpp.so" to ""
[9.264s] Listing '/home/zr/code/src/install/dwb_msgs/local/lib/python3.10/dist-packages/dwb_msgs'...
[9.264s] Compiling '/home/zr/code/src/install/dwb_msgs/local/lib/python3.10/dist-packages/dwb_msgs/__init__.py'...
[9.264s] Listing '/home/zr/code/src/install/dwb_msgs/local/lib/python3.10/dist-packages/dwb_msgs/msg'...
[9.264s] Compiling '/home/zr/code/src/install/dwb_msgs/local/lib/python3.10/dist-packages/dwb_msgs/msg/__init__.py'...
[9.264s] Compiling '/home/zr/code/src/install/dwb_msgs/local/lib/python3.10/dist-packages/dwb_msgs/msg/_critic_score.py'...
[9.265s] Compiling '/home/zr/code/src/install/dwb_msgs/local/lib/python3.10/dist-packages/dwb_msgs/msg/_local_plan_evaluation.py'...
[9.265s] Compiling '/home/zr/code/src/install/dwb_msgs/local/lib/python3.10/dist-packages/dwb_msgs/msg/_trajectory2_d.py'...
[9.265s] Compiling '/home/zr/code/src/install/dwb_msgs/local/lib/python3.10/dist-packages/dwb_msgs/msg/_trajectory_score.py'...
[9.265s] Listing '/home/zr/code/src/install/dwb_msgs/local/lib/python3.10/dist-packages/dwb_msgs/srv'...
[9.265s] Compiling '/home/zr/code/src/install/dwb_msgs/local/lib/python3.10/dist-packages/dwb_msgs/srv/__init__.py'...
[9.265s] Compiling '/home/zr/code/src/install/dwb_msgs/local/lib/python3.10/dist-packages/dwb_msgs/srv/_debug_local_plan.py'...
[9.265s] Compiling '/home/zr/code/src/install/dwb_msgs/local/lib/python3.10/dist-packages/dwb_msgs/srv/_generate_trajectory.py'...
[9.265s] Compiling '/home/zr/code/src/install/dwb_msgs/local/lib/python3.10/dist-packages/dwb_msgs/srv/_generate_twists.py'...
[9.265s] Compiling '/home/zr/code/src/install/dwb_msgs/local/lib/python3.10/dist-packages/dwb_msgs/srv/_get_critic_score.py'...
[9.265s] Compiling '/home/zr/code/src/install/dwb_msgs/local/lib/python3.10/dist-packages/dwb_msgs/srv/_score_trajectory.py'...
[9.269s] -- Installing: /home/zr/code/src/install/dwb_msgs/lib/libdwb_msgs__rosidl_generator_py.so
[9.270s] -- Set runtime path of "/home/zr/code/src/install/dwb_msgs/lib/libdwb_msgs__rosidl_generator_py.so" to ""
[9.270s] -- Installing: /home/zr/code/src/install/dwb_msgs/share/dwb_msgs/cmake/export_dwb_msgs__rosidl_generator_cExport.cmake
[9.270s] -- Installing: /home/zr/code/src/install/dwb_msgs/share/dwb_msgs/cmake/export_dwb_msgs__rosidl_generator_cExport-noconfig.cmake
[9.270s] -- Installing: /home/zr/code/src/install/dwb_msgs/share/dwb_msgs/cmake/export_dwb_msgs__rosidl_typesupport_fastrtps_cExport.cmake
[9.270s] -- Installing: /home/zr/code/src/install/dwb_msgs/share/dwb_msgs/cmake/export_dwb_msgs__rosidl_typesupport_fastrtps_cExport-noconfig.cmake
[9.271s] -- Installing: /home/zr/code/src/install/dwb_msgs/share/dwb_msgs/cmake/export_dwb_msgs__rosidl_generator_cppExport.cmake
[9.271s] -- Installing: /home/zr/code/src/install/dwb_msgs/share/dwb_msgs/cmake/export_dwb_msgs__rosidl_typesupport_fastrtps_cppExport.cmake
[9.271s] -- Installing: /home/zr/code/src/install/dwb_msgs/share/dwb_msgs/cmake/export_dwb_msgs__rosidl_typesupport_fastrtps_cppExport-noconfig.cmake
[9.271s] -- Installing: /home/zr/code/src/install/dwb_msgs/share/dwb_msgs/cmake/dwb_msgs__rosidl_typesupport_introspection_cExport.cmake
[9.271s] -- Installing: /home/zr/code/src/install/dwb_msgs/share/dwb_msgs/cmake/dwb_msgs__rosidl_typesupport_introspection_cExport-noconfig.cmake
[9.271s] -- Installing: /home/zr/code/src/install/dwb_msgs/share/dwb_msgs/cmake/dwb_msgs__rosidl_typesupport_cExport.cmake
[9.272s] -- Installing: /home/zr/code/src/install/dwb_msgs/share/dwb_msgs/cmake/dwb_msgs__rosidl_typesupport_cExport-noconfig.cmake
[9.272s] -- Installing: /home/zr/code/src/install/dwb_msgs/share/dwb_msgs/cmake/dwb_msgs__rosidl_typesupport_introspection_cppExport.cmake
[9.272s] -- Installing: /home/zr/code/src/install/dwb_msgs/share/dwb_msgs/cmake/dwb_msgs__rosidl_typesupport_introspection_cppExport-noconfig.cmake
[9.272s] -- Installing: /home/zr/code/src/install/dwb_msgs/share/dwb_msgs/cmake/dwb_msgs__rosidl_typesupport_cppExport.cmake
[9.273s] -- Installing: /home/zr/code/src/install/dwb_msgs/share/dwb_msgs/cmake/dwb_msgs__rosidl_typesupport_cppExport-noconfig.cmake
[9.274s] -- Installing: /home/zr/code/src/install/dwb_msgs/share/dwb_msgs/cmake/export_dwb_msgs__rosidl_generator_pyExport.cmake
[9.274s] -- Installing: /home/zr/code/src/install/dwb_msgs/share/dwb_msgs/cmake/export_dwb_msgs__rosidl_generator_pyExport-noconfig.cmake
[9.280s] Invoked command in '/home/zr/code/src/build/dwb_msgs' returned '0': AMENT_PREFIX_PATH=/home/zr/code/src/install/nav_2d_msgs:${AMENT_PREFIX_PATH} CMAKE_PREFIX_PATH=/home/zr/code/src/install/nav_2d_msgs:/opt/ros/humble LD_LIBRARY_PATH=/home/zr/code/src/install/nav_2d_msgs/lib:${LD_LIBRARY_PATH} PYTHONPATH=/home/zr/code/src/install/nav_2d_msgs/local/lib/python3.10/dist-packages:${PYTHONPATH} /usr/bin/cmake --install /home/zr/code/src/build/dwb_msgs
