[0.277s] Invoking command in '/home/zr/code/src/build/sim_amcl_bringup': CMAKE_PREFIX_PATH=${CMAKE_PREFIX_PATH}:/home/zr/code/src/install/robot_relate_python:/opt/ros/humble /usr/bin/cmake /home/zr/code/src/sim/sim_amcl_bringup -DBUILD_TESTING=OFF -DCMAKE_C_COMPILER_LAUNCHER=ccache -DCMAKE_CXX_COMPILER_LAUNCHER=ccache -DAMENT_CMAKE_SYMLINK_INSTALL=1 -DCMAKE_INSTALL_PREFIX=/home/zr/code/src/install/sim_amcl_bringup
[0.342s] -- The C compiler identification is GNU 11.4.0
[0.402s] -- The CXX compiler identification is GNU 11.4.0
[0.410s] -- Detecting C compiler ABI info
[0.499s] -- Detecting C compiler ABI info - done
[0.505s] -- Check for working C compiler: /usr/bin/cc - skipped
[0.505s] -- Detecting C compile features
[0.505s] -- Detecting C compile features - done
[0.508s] -- Detecting CXX compiler ABI info
[0.599s] -- Detecting CXX compiler ABI info - done
[0.605s] -- Check for working CXX compiler: /usr/bin/c++ - skipped
[0.605s] -- Detecting CXX compile features
[0.605s] -- Detecting CXX compile features - done
[0.612s] -- Found ament_cmake: 1.3.14 (/opt/ros/humble/share/ament_cmake/cmake)
[0.764s] -- Found Python3: /usr/bin/python3 (found version "3.10.12") found components: Interpreter 
[0.824s] -- Override CMake install command with custom implementation using symlinks instead of copying resources
[0.974s] -- Configuring done
[0.976s] -- Generating done
[0.978s] -- Build files have been written to: /home/zr/code/src/build/sim_amcl_bringup
[0.983s] Invoked command in '/home/zr/code/src/build/sim_amcl_bringup' returned '0': CMAKE_PREFIX_PATH=${CMAKE_PREFIX_PATH}:/home/zr/code/src/install/robot_relate_python:/opt/ros/humble /usr/bin/cmake /home/zr/code/src/sim/sim_amcl_bringup -DBUILD_TESTING=OFF -DCMAKE_C_COMPILER_LAUNCHER=ccache -DCMAKE_CXX_COMPILER_LAUNCHER=ccache -DAMENT_CMAKE_SYMLINK_INSTALL=1 -DCMAKE_INSTALL_PREFIX=/home/zr/code/src/install/sim_amcl_bringup
[0.984s] Invoking command in '/home/zr/code/src/build/sim_amcl_bringup': CMAKE_PREFIX_PATH=${CMAKE_PREFIX_PATH}:/home/zr/code/src/install/robot_relate_python:/opt/ros/humble /usr/bin/cmake --build /home/zr/code/src/build/sim_amcl_bringup -- -j16 -l16
[1.042s] Invoked command in '/home/zr/code/src/build/sim_amcl_bringup' returned '0': CMAKE_PREFIX_PATH=${CMAKE_PREFIX_PATH}:/home/zr/code/src/install/robot_relate_python:/opt/ros/humble /usr/bin/cmake --build /home/zr/code/src/build/sim_amcl_bringup -- -j16 -l16
[1.043s] Invoking command in '/home/zr/code/src/build/sim_amcl_bringup': CMAKE_PREFIX_PATH=${CMAKE_PREFIX_PATH}:/home/zr/code/src/install/robot_relate_python:/opt/ros/humble /usr/bin/cmake --install /home/zr/code/src/build/sim_amcl_bringup
[1.054s] -- Install configuration: ""
[1.055s] -- Execute custom install script
[1.055s] -- Symlinking: /home/zr/code/src/install/sim_amcl_bringup/share/sim_amcl_bringup/launch/amcl_launch.py
[1.068s] -- Symlinking: /home/zr/code/src/install/sim_amcl_bringup/share/sim_amcl_bringup/maps/room.pgm
[1.078s] -- Symlinking: /home/zr/code/src/install/sim_amcl_bringup/share/sim_amcl_bringup/maps/room.yaml
[1.089s] -- Symlinking: /home/zr/code/src/install/sim_amcl_bringup/share/sim_amcl_bringup/params/amcl_params.yaml
[1.104s] -- Symlinking: /home/zr/code/src/install/sim_amcl_bringup/share/ament_index/resource_index/package_run_dependencies/sim_amcl_bringup
[1.117s] -- Symlinking: /home/zr/code/src/install/sim_amcl_bringup/share/ament_index/resource_index/parent_prefix_path/sim_amcl_bringup
[1.129s] -- Symlinking: /home/zr/code/src/install/sim_amcl_bringup/share/sim_amcl_bringup/environment/ament_prefix_path.sh
[1.140s] -- Symlinking: /home/zr/code/src/install/sim_amcl_bringup/share/sim_amcl_bringup/environment/ament_prefix_path.dsv
[1.152s] -- Symlinking: /home/zr/code/src/install/sim_amcl_bringup/share/sim_amcl_bringup/environment/path.sh
[1.163s] -- Symlinking: /home/zr/code/src/install/sim_amcl_bringup/share/sim_amcl_bringup/environment/path.dsv
[1.174s] -- Symlinking: /home/zr/code/src/install/sim_amcl_bringup/share/sim_amcl_bringup/local_setup.bash
[1.187s] -- Symlinking: /home/zr/code/src/install/sim_amcl_bringup/share/sim_amcl_bringup/local_setup.sh
[1.201s] -- Symlinking: /home/zr/code/src/install/sim_amcl_bringup/share/sim_amcl_bringup/local_setup.zsh
[1.213s] -- Symlinking: /home/zr/code/src/install/sim_amcl_bringup/share/sim_amcl_bringup/local_setup.dsv
[1.226s] -- Symlinking: /home/zr/code/src/install/sim_amcl_bringup/share/sim_amcl_bringup/package.dsv
[1.237s] -- Symlinking: /home/zr/code/src/install/sim_amcl_bringup/share/ament_index/resource_index/packages/sim_amcl_bringup
[1.249s] -- Symlinking: /home/zr/code/src/install/sim_amcl_bringup/share/sim_amcl_bringup/cmake/sim_amcl_bringupConfig.cmake
[1.264s] -- Symlinking: /home/zr/code/src/install/sim_amcl_bringup/share/sim_amcl_bringup/cmake/sim_amcl_bringupConfig-version.cmake
[1.276s] -- Symlinking: /home/zr/code/src/install/sim_amcl_bringup/share/sim_amcl_bringup/package.xml
[1.293s] Invoked command in '/home/zr/code/src/build/sim_amcl_bringup' returned '0': CMAKE_PREFIX_PATH=${CMAKE_PREFIX_PATH}:/home/zr/code/src/install/robot_relate_python:/opt/ros/humble /usr/bin/cmake --install /home/zr/code/src/build/sim_amcl_bringup
