[0.012s] Invoking command in '/home/zr/code/src/build/gac_nav2_behavior_tree': AMENT_PREFIX_PATH=/home/zr/code/src/install/nav2_util:${AMENT_PREFIX_PATH} CMAKE_PREFIX_PATH=/home/zr/code/src/install/nav2_util:/opt/ros/humble LD_LIBRARY_PATH=/home/zr/code/src/install/nav2_util/lib:${LD_LIBRARY_PATH} /usr/bin/cmake /home/zr/code/src/nav_ws_gazebo/src/gac_navigation2/gac_nav2_behavior_tree -DBUILD_TESTING=OFF -DCMAKE_C_COMPILER_LAUNCHER=ccache -DCMAKE_CXX_COMPILER_LAUNCHER=ccache -DAMENT_CMAKE_SYMLINK_INSTALL=1 -DCMAKE_INSTALL_PREFIX=/home/zr/code/src/install/gac_nav2_behavior_tree
[0.084s] -- The CXX compiler identification is GNU 11.4.0
[0.092s] -- Detecting CXX compiler ABI info
[0.194s] -- Detecting CXX compiler ABI info - done
[0.204s] -- Check for working CXX compiler: /usr/bin/c++ - skipped
[0.204s] -- Detecting CXX compile features
[0.207s] -- Detecting CXX compile features - done
[0.209s] -- Found ament_cmake: 1.3.14 (/opt/ros/humble/share/ament_cmake/cmake)
[0.354s] -- Found Python3: /usr/bin/python3 (found version "3.10.12") found components: Interpreter 
[0.424s] -- Override CMake install command with custom implementation using symlinks instead of copying resources
[0.466s] -- Found nav2_common: 1.1.20 (/opt/ros/humble/share/nav2_common/cmake)
[0.469s] -- Found rclcpp: 16.0.19 (/opt/ros/humble/share/rclcpp/cmake)
[0.521s] -- Found rosidl_generator_c: 3.1.8 (/opt/ros/humble/share/rosidl_generator_c/cmake)
[0.527s] -- Found rosidl_adapter: 3.1.8 (/opt/ros/humble/share/rosidl_adapter/cmake)
[0.536s] -- Found rosidl_generator_cpp: 3.1.8 (/opt/ros/humble/share/rosidl_generator_cpp/cmake)
[0.548s] -- Using all available rosidl_typesupport_c: rosidl_typesupport_fastrtps_c;rosidl_typesupport_introspection_c
[0.564s] -- Using all available rosidl_typesupport_cpp: rosidl_typesupport_fastrtps_cpp;rosidl_typesupport_introspection_cpp
[0.609s] -- Found rmw_implementation_cmake: 6.1.2 (/opt/ros/humble/share/rmw_implementation_cmake/cmake)
[0.613s] -- Found rmw_fastrtps_cpp: 6.2.10 (/opt/ros/humble/share/rmw_fastrtps_cpp/cmake)
[0.733s] -- Found OpenSSL: /usr/lib/x86_64-linux-gnu/libcrypto.so (found version "3.0.2")  
[0.768s] -- Found FastRTPS: /opt/ros/humble/include  
[0.824s] -- Using RMW implementation 'rmw_fastrtps_cpp' as default
[0.837s] -- Looking for C++ include pthread.h
[0.940s] -- Looking for C++ include pthread.h - found
[0.940s] -- Performing Test CMAKE_HAVE_LIBC_PTHREAD
[1.031s] -- Performing Test CMAKE_HAVE_LIBC_PTHREAD - Success
[1.032s] -- Found Threads: TRUE  
[1.112s] -- Found rclcpp_action: 16.0.19 (/opt/ros/humble/share/rclcpp_action/cmake)
[1.150s] -- Found rclcpp_lifecycle: 16.0.19 (/opt/ros/humble/share/rclcpp_lifecycle/cmake)
[1.169s] -- Found geometry_msgs: 4.9.1 (/opt/ros/humble/share/geometry_msgs/cmake)
[1.182s] -- Found sensor_msgs: 4.9.1 (/opt/ros/humble/share/sensor_msgs/cmake)
[1.199s] -- Found nav2_msgs: 1.1.20 (/opt/ros/humble/share/nav2_msgs/cmake)
[1.244s] -- Found tf2_ros: 0.25.20 (/opt/ros/humble/share/tf2_ros/cmake)
[1.310s] -- Found tf2_geometry_msgs: 0.25.20 (/opt/ros/humble/share/tf2_geometry_msgs/cmake)
[1.330s] -- Found eigen3_cmake_module: 0.1.1 (/opt/ros/humble/share/eigen3_cmake_module/cmake)
[1.331s] -- Found Eigen3: TRUE (found version "3.4.0") 
[1.331s] -- Ensuring Eigen3 include directory is part of orocos-kdl CMake target
[1.335s] -- Found std_srvs: 4.9.1 (/opt/ros/humble/share/std_srvs/cmake)
[1.343s] -- Found nav2_util: 1.1.14 (/home/zr/code/src/install/nav2_util/share/nav2_util/cmake)
[1.373s] -- Setting build type to Release as none was specified.
[2.436s] -- Configuring done
[3.547s] -- Generating done
[3.735s] -- Build files have been written to: /home/zr/code/src/build/gac_nav2_behavior_tree
[3.763s] Invoked command in '/home/zr/code/src/build/gac_nav2_behavior_tree' returned '0': AMENT_PREFIX_PATH=/home/zr/code/src/install/nav2_util:${AMENT_PREFIX_PATH} CMAKE_PREFIX_PATH=/home/zr/code/src/install/nav2_util:/opt/ros/humble LD_LIBRARY_PATH=/home/zr/code/src/install/nav2_util/lib:${LD_LIBRARY_PATH} /usr/bin/cmake /home/zr/code/src/nav_ws_gazebo/src/gac_navigation2/gac_nav2_behavior_tree -DBUILD_TESTING=OFF -DCMAKE_C_COMPILER_LAUNCHER=ccache -DCMAKE_CXX_COMPILER_LAUNCHER=ccache -DAMENT_CMAKE_SYMLINK_INSTALL=1 -DCMAKE_INSTALL_PREFIX=/home/zr/code/src/install/gac_nav2_behavior_tree
[3.770s] Invoking command in '/home/zr/code/src/build/gac_nav2_behavior_tree': AMENT_PREFIX_PATH=/home/zr/code/src/install/nav2_util:${AMENT_PREFIX_PATH} CMAKE_PREFIX_PATH=/home/zr/code/src/install/nav2_util:/opt/ros/humble LD_LIBRARY_PATH=/home/zr/code/src/install/nav2_util/lib:${LD_LIBRARY_PATH} /usr/bin/cmake --build /home/zr/code/src/build/gac_nav2_behavior_tree -- -j16 -l16
[3.847s] [  2%] [32mBuilding CXX object CMakeFiles/gac_nav2_behavior_tree.dir/src/behavior_tree_engine.cpp.o[0m
[3.847s] [  2%] [32mBuilding CXX object CMakeFiles/nav2_compute_path_through_poses_action_bt_node.dir/plugins/action/compute_path_through_poses_action.cpp.o[0m
[3.851s] [  3%] [32mBuilding CXX object CMakeFiles/nav2_controller_cancel_bt_node.dir/plugins/action/controller_cancel_node.cpp.o[0m
[3.855s] [  4%] [32mBuilding CXX object CMakeFiles/nav2_compute_path_to_pose_action_bt_node.dir/plugins/action/compute_path_to_pose_action.cpp.o[0m
[3.855s] [  5%] [32mBuilding CXX object CMakeFiles/nav2_wait_cancel_bt_node.dir/plugins/action/wait_cancel_node.cpp.o[0m
[3.861s] [  6%] [32mBuilding CXX object CMakeFiles/nav2_back_up_cancel_bt_node.dir/plugins/action/back_up_cancel_node.cpp.o[0m
[3.863s] [  7%] [32mBuilding CXX object CMakeFiles/nav2_spin_cancel_bt_node.dir/plugins/action/spin_cancel_node.cpp.o[0m
[3.865s] [  8%] [32mBuilding CXX object CMakeFiles/nav2_assisted_teleop_cancel_bt_node.dir/plugins/action/assisted_teleop_cancel_node.cpp.o[0m
[3.868s] [  9%] [32mBuilding CXX object CMakeFiles/nav2_smooth_path_action_bt_node.dir/plugins/action/smooth_path_action.cpp.o[0m
[3.873s] [ 10%] [32mBuilding CXX object CMakeFiles/nav2_drive_on_heading_cancel_bt_node.dir/plugins/action/drive_on_heading_cancel_node.cpp.o[0m
[3.878s] [ 11%] [32mBuilding CXX object CMakeFiles/nav2_back_up_action_bt_node.dir/plugins/action/back_up_action.cpp.o[0m
[3.882s] [ 12%] [32mBuilding CXX object CMakeFiles/nav2_follow_path_action_bt_node.dir/plugins/action/follow_path_action.cpp.o[0m
[3.891s] [ 13%] [32mBuilding CXX object CMakeFiles/nav2_drive_on_heading_bt_node.dir/plugins/action/drive_on_heading_action.cpp.o[0m
[3.900s] [ 14%] [32mBuilding CXX object CMakeFiles/nav2_assisted_teleop_action_bt_node.dir/plugins/action/assisted_teleop_action.cpp.o[0m
[3.903s] [ 15%] [32mBuilding CXX object CMakeFiles/nav2_wait_action_bt_node.dir/plugins/action/wait_action.cpp.o[0m
[3.918s] [ 16%] [32mBuilding CXX object CMakeFiles/nav2_spin_action_bt_node.dir/plugins/action/spin_action.cpp.o[0m
[4.721s] [ 17%] [32m[1mLinking CXX shared library libgac_nav2_behavior_tree.so[0m
[5.048s] [ 17%] Built target gac_nav2_behavior_tree
[5.131s] [ 18%] [32mBuilding CXX object CMakeFiles/nav2_clear_costmap_service_bt_node.dir/plugins/action/clear_costmap_service.cpp.o[0m
[13.710s] [ 19%] [32m[1mLinking CXX shared library libnav2_back_up_cancel_bt_node.so[0m
[14.111s] [ 20%] [32m[1mLinking CXX shared library libnav2_controller_cancel_bt_node.so[0m
[14.421s] [ 20%] Built target nav2_back_up_cancel_bt_node
[14.540s] [ 21%] [32mBuilding CXX object CMakeFiles/nav2_is_stuck_condition_bt_node.dir/plugins/condition/is_stuck_condition.cpp.o[0m
[14.725s] [ 21%] Built target nav2_controller_cancel_bt_node
[14.802s] [ 22%] [32mBuilding CXX object CMakeFiles/nav2_transform_available_condition_bt_node.dir/plugins/condition/transform_available_condition.cpp.o[0m
[14.868s] [ 23%] [32m[1mLinking CXX shared library libnav2_spin_cancel_bt_node.so[0m
[15.288s] [ 24%] [32m[1mLinking CXX shared library libnav2_is_stuck_condition_bt_node.so[0m
[15.540s] [ 25%] [32m[1mLinking CXX shared library libnav2_transform_available_condition_bt_node.so[0m
[15.577s] [ 25%] Built target nav2_spin_cancel_bt_node
[15.666s] [ 26%] [32mBuilding CXX object CMakeFiles/nav2_goal_reached_condition_bt_node.dir/plugins/condition/goal_reached_condition.cpp.o[0m
[15.988s] [ 26%] Built target nav2_transform_available_condition_bt_node
[16.066s] [ 27%] [32mBuilding CXX object CMakeFiles/nav2_globally_updated_goal_condition_bt_node.dir/plugins/condition/globally_updated_goal_condition.cpp.o[0m
[16.219s] [ 27%] Built target nav2_is_stuck_condition_bt_node
[16.285s] [ 28%] [32mBuilding CXX object CMakeFiles/nav2_goal_updated_condition_bt_node.dir/plugins/condition/goal_updated_condition.cpp.o[0m
[16.559s] [ 29%] [32m[1mLinking CXX shared library libnav2_goal_reached_condition_bt_node.so[0m
[16.756s] [ 30%] [32m[1mLinking CXX shared library libnav2_goal_updated_condition_bt_node.so[0m
[16.948s] [ 31%] [32m[1mLinking CXX shared library libnav2_wait_cancel_bt_node.so[0m
[17.034s] [ 32%] [32m[1mLinking CXX shared library libnav2_assisted_teleop_action_bt_node.so[0m
[17.084s] [ 32%] Built target nav2_goal_reached_condition_bt_node
[17.147s] [ 33%] [32mBuilding CXX object CMakeFiles/nav2_is_path_valid_condition_bt_node.dir/plugins/condition/is_path_valid_condition.cpp.o[0m
[17.193s] [ 33%] Built target nav2_goal_updated_condition_bt_node
[17.239s] [ 34%] [32m[1mLinking CXX shared library libnav2_globally_updated_goal_condition_bt_node.so[0m
[17.271s] [ 35%] [32mBuilding CXX object CMakeFiles/nav2_time_expired_condition_bt_node.dir/plugins/condition/time_expired_condition.cpp.o[0m
[17.408s] [ 36%] [32m[1mLinking CXX shared library libnav2_wait_action_bt_node.so[0m
[17.483s] [ 36%] Built target nav2_wait_cancel_bt_node
[17.550s] [ 36%] Built target nav2_assisted_teleop_action_bt_node
[17.582s] [ 37%] [32mBuilding CXX object CMakeFiles/nav2_path_expiring_timer_condition.dir/plugins/condition/path_expiring_timer_condition.cpp.o[0m
[17.659s] [ 38%] [32mBuilding CXX object CMakeFiles/nav2_distance_traveled_condition_bt_node.dir/plugins/condition/distance_traveled_condition.cpp.o[0m
[17.815s] [ 38%] Built target nav2_globally_updated_goal_condition_bt_node
[17.912s] [ 39%] [32mBuilding CXX object CMakeFiles/nav2_initial_pose_received_condition_bt_node.dir/plugins/condition/initial_pose_received_condition.cpp.o[0m
[18.044s] [ 39%] Built target nav2_wait_action_bt_node
[18.112s] [ 40%] [32mBuilding CXX object CMakeFiles/nav2_is_battery_charging_condition_bt_node.dir/plugins/condition/is_battery_charging_condition.cpp.o[0m
[18.168s] [ 41%] [32m[1mLinking CXX shared library libnav2_path_expiring_timer_condition.so[0m
[18.355s] [ 42%] [32m[1mLinking CXX shared library libnav2_time_expired_condition_bt_node.so[0m
[18.456s] [ 43%] [32m[1mLinking CXX shared library libnav2_assisted_teleop_cancel_bt_node.so[0m
[18.526s] [ 44%] [32m[1mLinking CXX shared library libnav2_initial_pose_received_condition_bt_node.so[0m
[18.693s] [ 45%] [32m[1mLinking CXX shared library libnav2_distance_traveled_condition_bt_node.so[0m
[18.792s] [ 45%] Built target nav2_path_expiring_timer_condition
[18.889s] [ 46%] [32mBuilding CXX object CMakeFiles/nav2_is_battery_low_condition_bt_node.dir/plugins/condition/is_battery_low_condition.cpp.o[0m
[18.895s] [ 47%] [32m[1mLinking CXX shared library libnav2_is_battery_charging_condition_bt_node.so[0m
[18.947s] [ 47%] Built target nav2_initial_pose_received_condition_bt_node
[19.034s] [ 48%] [32mBuilding CXX object CMakeFiles/nav2_reinitialize_global_localization_service_bt_node.dir/plugins/action/reinitialize_global_localization_service.cpp.o[0m
[19.065s] [ 48%] Built target nav2_time_expired_condition_bt_node
[19.156s] [ 49%] [32mBuilding CXX object CMakeFiles/nav2_rate_controller_bt_node.dir/plugins/decorator/rate_controller.cpp.o[0m
[19.165s] [ 50%] [32m[1mLinking CXX shared library libnav2_drive_on_heading_cancel_bt_node.so[0m
[19.219s] [ 50%] Built target nav2_assisted_teleop_cancel_bt_node
[19.303s] [ 51%] [32mBuilding CXX object CMakeFiles/nav2_distance_controller_bt_node.dir/plugins/decorator/distance_controller.cpp.o[0m
[19.526s] [ 51%] Built target nav2_distance_traveled_condition_bt_node
[19.606s] [ 52%] [32mBuilding CXX object CMakeFiles/nav2_speed_controller_bt_node.dir/plugins/decorator/speed_controller.cpp.o[0m
[19.636s] [ 52%] Built target nav2_drive_on_heading_cancel_bt_node
[19.707s] [ 52%] Built target nav2_is_battery_charging_condition_bt_node
[19.719s] [ 53%] [32mBuilding CXX object CMakeFiles/nav2_truncate_path_action_bt_node.dir/plugins/action/truncate_path_action.cpp.o[0m
[19.751s] [ 54%] [32m[1mLinking CXX shared library libnav2_back_up_action_bt_node.so[0m
[19.771s] [ 55%] [32mBuilding CXX object CMakeFiles/nav2_truncate_path_local_action_bt_node.dir/plugins/action/truncate_path_local_action.cpp.o[0m
[19.885s] [ 56%] [32m[1mLinking CXX shared library libnav2_rate_controller_bt_node.so[0m
[19.952s] [ 57%] [32m[1mLinking CXX shared library libnav2_smooth_path_action_bt_node.so[0m
[20.016s] [ 58%] [32m[1mLinking CXX shared library libnav2_is_battery_low_condition_bt_node.so[0m
[20.051s] [ 59%] [32m[1mLinking CXX shared library libnav2_distance_controller_bt_node.so[0m
[20.202s] [ 59%] Built target nav2_back_up_action_bt_node
[20.280s] [ 60%] [32mBuilding CXX object CMakeFiles/nav2_goal_updater_node_bt_node.dir/plugins/decorator/goal_updater_node.cpp.o[0m
[20.283s] [ 60%] Built target nav2_rate_controller_bt_node
[20.369s] [ 61%] [32m[1mLinking CXX shared library libnav2_reinitialize_global_localization_service_bt_node.so[0m
[20.395s] [ 62%] [32mBuilding CXX object CMakeFiles/nav2_path_longer_on_approach_bt_node.dir/plugins/decorator/path_longer_on_approach.cpp.o[0m
[20.440s] [ 63%] [32m[1mLinking CXX shared library libnav2_compute_path_through_poses_action_bt_node.so[0m
[20.460s] [ 63%] Built target nav2_distance_controller_bt_node
[20.533s] [ 64%] [32mBuilding CXX object CMakeFiles/nav2_recovery_node_bt_node.dir/plugins/control/recovery_node.cpp.o[0m
[20.727s] [ 64%] Built target nav2_reinitialize_global_localization_service_bt_node
[20.776s] [ 65%] [32m[1mLinking CXX shared library libnav2_truncate_path_local_action_bt_node.so[0m
[20.788s] [ 66%] [32mBuilding CXX object CMakeFiles/nav2_navigate_to_pose_action_bt_node.dir/plugins/action/navigate_to_pose_action.cpp.o[0m
[20.834s] [ 66%] Built target nav2_compute_path_through_poses_action_bt_node
[20.863s] [ 66%] Built target nav2_smooth_path_action_bt_node
[20.893s] [ 67%] [32m[1mLinking CXX shared library libnav2_truncate_path_action_bt_node.so[0m
[20.919s] [ 68%] [32mBuilding CXX object CMakeFiles/nav2_navigate_through_poses_action_bt_node.dir/plugins/action/navigate_through_poses_action.cpp.o[0m
[20.938s] [ 69%] [32mBuilding CXX object CMakeFiles/nav2_remove_passed_goals_action_bt_node.dir/plugins/action/remove_passed_goals_action.cpp.o[0m
[20.986s] [ 70%] [32m[1mLinking CXX shared library libnav2_speed_controller_bt_node.so[0m
[20.992s] [ 71%] [32m[1mLinking CXX shared library libnav2_recovery_node_bt_node.so[0m
[21.167s] [ 71%] Built target nav2_truncate_path_local_action_bt_node
[21.228s] [ 71%] Built target nav2_is_battery_low_condition_bt_node
[21.244s] [ 72%] [32mBuilding CXX object CMakeFiles/nav2_pipeline_sequence_bt_node.dir/plugins/control/pipeline_sequence.cpp.o[0m
[21.306s] [ 73%] [32mBuilding CXX object CMakeFiles/nav2_round_robin_node_bt_node.dir/plugins/control/round_robin_node.cpp.o[0m
[21.331s] [ 74%] [32m[1mLinking CXX shared library libnav2_spin_action_bt_node.so[0m
[21.402s] [ 75%] [32m[1mLinking CXX shared library libnav2_path_longer_on_approach_bt_node.so[0m
[21.439s] [ 75%] Built target nav2_truncate_path_action_bt_node
[21.510s] [ 76%] [32mBuilding CXX object CMakeFiles/nav2_single_trigger_bt_node.dir/plugins/decorator/single_trigger_node.cpp.o[0m
[21.566s] [ 77%] Built target nav2_recovery_node_bt_node
[21.566s] [ 77%] [32m[1mLinking CXX shared library libnav2_goal_updater_node_bt_node.so[0m
[21.651s] [ 78%] [32mBuilding CXX object CMakeFiles/nav2_planner_selector_bt_node.dir/plugins/action/planner_selector_node.cpp.o[0m
[21.676s] [ 78%] Built target nav2_speed_controller_bt_node
[21.695s] [ 79%] [32m[1mLinking CXX shared library libnav2_pipeline_sequence_bt_node.so[0m
[21.733s] [ 80%] [32m[1mLinking CXX shared library libnav2_compute_path_to_pose_action_bt_node.so[0m
[21.746s] [ 81%] [32mBuilding CXX object CMakeFiles/nav2_controller_selector_bt_node.dir/plugins/action/controller_selector_node.cpp.o[0m
[21.754s] [ 82%] [32m[1mLinking CXX shared library libnav2_remove_passed_goals_action_bt_node.so[0m
[21.783s] [ 82%] Built target nav2_spin_action_bt_node
[21.879s] [ 83%] [32mBuilding CXX object CMakeFiles/nav2_smoother_selector_bt_node.dir/plugins/action/smoother_selector_node.cpp.o[0m
[21.879s] [ 83%] Built target nav2_path_longer_on_approach_bt_node
[21.883s] [ 84%] [32m[1mLinking CXX shared library libnav2_round_robin_node_bt_node.so[0m
[21.979s] [ 85%] [32mBuilding CXX object CMakeFiles/nav2_goal_checker_selector_bt_node.dir/plugins/action/goal_checker_selector_node.cpp.o[0m
[22.092s] [ 85%] Built target nav2_goal_updater_node_bt_node
[22.127s] [ 86%] [32m[1mLinking CXX shared library libnav2_single_trigger_bt_node.so[0m
[22.198s] [ 87%] [32mBuilding CXX object CMakeFiles/nav2_progress_checker_selector_bt_node.dir/plugins/action/progress_checker_selector_node.cpp.o[0m
[22.259s] [ 87%] Built target nav2_round_robin_node_bt_node
[22.316s] [ 87%] Built target nav2_pipeline_sequence_bt_node
[22.316s] [ 87%] Built target nav2_compute_path_to_pose_action_bt_node
[22.343s] [ 88%] [32mBuilding CXX object CMakeFiles/nav2_goal_updated_controller_bt_node.dir/plugins/decorator/goal_updated_controller.cpp.o[0m
[22.356s] [ 89%] [32m[1mLinking CXX shared library libnav2_controller_selector_bt_node.so[0m
[22.440s] [ 90%] [32m[1mLinking CXX shared library libnav2_planner_selector_bt_node.so[0m
[22.571s] [ 90%] Built target nav2_remove_passed_goals_action_bt_node
[22.589s] [ 90%] Built target nav2_single_trigger_bt_node
[22.696s] [ 91%] [32m[1mLinking CXX shared library libnav2_smoother_selector_bt_node.so[0m
[22.725s] [ 92%] [32m[1mLinking CXX shared library libnav2_goal_checker_selector_bt_node.so[0m
[22.748s] [ 93%] [32m[1mLinking CXX shared library libnav2_drive_on_heading_bt_node.so[0m
[22.748s] [ 93%] Built target nav2_controller_selector_bt_node
[22.958s] [ 93%] Built target nav2_planner_selector_bt_node
[22.998s] [ 94%] [32m[1mLinking CXX shared library libnav2_progress_checker_selector_bt_node.so[0m
[23.076s] [ 94%] Built target nav2_drive_on_heading_bt_node
[23.142s] [ 94%] Built target nav2_goal_checker_selector_bt_node
[23.157s] [ 94%] Built target nav2_smoother_selector_bt_node
[23.202s] [ 95%] [32m[1mLinking CXX shared library libnav2_goal_updated_controller_bt_node.so[0m
[23.399s] [ 96%] [32m[1mLinking CXX shared library libnav2_follow_path_action_bt_node.so[0m
[23.426s] [ 96%] Built target nav2_progress_checker_selector_bt_node
[23.475s] [ 96%] Built target nav2_goal_updated_controller_bt_node
[23.702s] [ 96%] Built target nav2_follow_path_action_bt_node
[24.193s] [ 97%] [32m[1mLinking CXX shared library libnav2_clear_costmap_service_bt_node.so[0m
[24.421s] [ 97%] Built target nav2_clear_costmap_service_bt_node
[26.920s] [ 98%] [32m[1mLinking CXX shared library libnav2_is_path_valid_condition_bt_node.so[0m
[27.099s] [ 98%] Built target nav2_is_path_valid_condition_bt_node
[29.200s] [ 99%] [32m[1mLinking CXX shared library libnav2_navigate_to_pose_action_bt_node.so[0m
[29.392s] [ 99%] Built target nav2_navigate_to_pose_action_bt_node
[29.754s] [100%] [32m[1mLinking CXX shared library libnav2_navigate_through_poses_action_bt_node.so[0m
[29.941s] [100%] Built target nav2_navigate_through_poses_action_bt_node
[29.991s] Invoked command in '/home/zr/code/src/build/gac_nav2_behavior_tree' returned '0': AMENT_PREFIX_PATH=/home/zr/code/src/install/nav2_util:${AMENT_PREFIX_PATH} CMAKE_PREFIX_PATH=/home/zr/code/src/install/nav2_util:/opt/ros/humble LD_LIBRARY_PATH=/home/zr/code/src/install/nav2_util/lib:${LD_LIBRARY_PATH} /usr/bin/cmake --build /home/zr/code/src/build/gac_nav2_behavior_tree -- -j16 -l16
[29.995s] Invoking command in '/home/zr/code/src/build/gac_nav2_behavior_tree': AMENT_PREFIX_PATH=/home/zr/code/src/install/nav2_util:${AMENT_PREFIX_PATH} CMAKE_PREFIX_PATH=/home/zr/code/src/install/nav2_util:/opt/ros/humble LD_LIBRARY_PATH=/home/zr/code/src/install/nav2_util/lib:${LD_LIBRARY_PATH} /usr/bin/cmake --install /home/zr/code/src/build/gac_nav2_behavior_tree
[30.008s] -- Install configuration: "Release"
[30.009s] -- Execute custom install script
[30.010s] -- Symlinking: /home/zr/code/src/install/gac_nav2_behavior_tree/lib/libgac_nav2_behavior_tree.so
[30.020s] -- Symlinking: /home/zr/code/src/install/gac_nav2_behavior_tree/lib/libnav2_compute_path_to_pose_action_bt_node.so
[30.030s] -- Symlinking: /home/zr/code/src/install/gac_nav2_behavior_tree/lib/libnav2_compute_path_through_poses_action_bt_node.so
[30.041s] -- Symlinking: /home/zr/code/src/install/gac_nav2_behavior_tree/lib/libnav2_controller_cancel_bt_node.so
[30.054s] -- Symlinking: /home/zr/code/src/install/gac_nav2_behavior_tree/lib/libnav2_wait_cancel_bt_node.so
[30.065s] -- Symlinking: /home/zr/code/src/install/gac_nav2_behavior_tree/lib/libnav2_spin_cancel_bt_node.so
[30.075s] -- Symlinking: /home/zr/code/src/install/gac_nav2_behavior_tree/lib/libnav2_back_up_cancel_bt_node.so
[30.085s] -- Symlinking: /home/zr/code/src/install/gac_nav2_behavior_tree/lib/libnav2_assisted_teleop_cancel_bt_node.so
[30.095s] -- Symlinking: /home/zr/code/src/install/gac_nav2_behavior_tree/lib/libnav2_drive_on_heading_cancel_bt_node.so
[30.105s] -- Symlinking: /home/zr/code/src/install/gac_nav2_behavior_tree/lib/libnav2_smooth_path_action_bt_node.so
[30.115s] -- Symlinking: /home/zr/code/src/install/gac_nav2_behavior_tree/lib/libnav2_follow_path_action_bt_node.so
[30.125s] -- Symlinking: /home/zr/code/src/install/gac_nav2_behavior_tree/lib/libnav2_back_up_action_bt_node.so
[30.136s] -- Symlinking: /home/zr/code/src/install/gac_nav2_behavior_tree/lib/libnav2_drive_on_heading_bt_node.so
[30.148s] -- Symlinking: /home/zr/code/src/install/gac_nav2_behavior_tree/lib/libnav2_spin_action_bt_node.so
[30.160s] -- Symlinking: /home/zr/code/src/install/gac_nav2_behavior_tree/lib/libnav2_wait_action_bt_node.so
[30.170s] -- Symlinking: /home/zr/code/src/install/gac_nav2_behavior_tree/lib/libnav2_assisted_teleop_action_bt_node.so
[30.180s] -- Symlinking: /home/zr/code/src/install/gac_nav2_behavior_tree/lib/libnav2_clear_costmap_service_bt_node.so
[30.191s] -- Symlinking: /home/zr/code/src/install/gac_nav2_behavior_tree/lib/libnav2_is_stuck_condition_bt_node.so
[30.200s] -- Symlinking: /home/zr/code/src/install/gac_nav2_behavior_tree/lib/libnav2_transform_available_condition_bt_node.so
[30.210s] -- Symlinking: /home/zr/code/src/install/gac_nav2_behavior_tree/lib/libnav2_goal_reached_condition_bt_node.so
[30.220s] -- Symlinking: /home/zr/code/src/install/gac_nav2_behavior_tree/lib/libnav2_globally_updated_goal_condition_bt_node.so
[30.229s] -- Symlinking: /home/zr/code/src/install/gac_nav2_behavior_tree/lib/libnav2_goal_updated_condition_bt_node.so
[30.241s] -- Symlinking: /home/zr/code/src/install/gac_nav2_behavior_tree/lib/libnav2_is_path_valid_condition_bt_node.so
[30.255s] -- Symlinking: /home/zr/code/src/install/gac_nav2_behavior_tree/lib/libnav2_time_expired_condition_bt_node.so
[30.267s] -- Symlinking: /home/zr/code/src/install/gac_nav2_behavior_tree/lib/libnav2_path_expiring_timer_condition.so
[30.277s] -- Symlinking: /home/zr/code/src/install/gac_nav2_behavior_tree/lib/libnav2_distance_traveled_condition_bt_node.so
[30.287s] -- Symlinking: /home/zr/code/src/install/gac_nav2_behavior_tree/lib/libnav2_initial_pose_received_condition_bt_node.so
[30.298s] -- Symlinking: /home/zr/code/src/install/gac_nav2_behavior_tree/lib/libnav2_is_battery_charging_condition_bt_node.so
[30.310s] -- Symlinking: /home/zr/code/src/install/gac_nav2_behavior_tree/lib/libnav2_is_battery_low_condition_bt_node.so
[30.321s] -- Symlinking: /home/zr/code/src/install/gac_nav2_behavior_tree/lib/libnav2_reinitialize_global_localization_service_bt_node.so
[30.332s] -- Symlinking: /home/zr/code/src/install/gac_nav2_behavior_tree/lib/libnav2_rate_controller_bt_node.so
[30.344s] -- Symlinking: /home/zr/code/src/install/gac_nav2_behavior_tree/lib/libnav2_distance_controller_bt_node.so
[30.355s] -- Symlinking: /home/zr/code/src/install/gac_nav2_behavior_tree/lib/libnav2_speed_controller_bt_node.so
[30.369s] -- Symlinking: /home/zr/code/src/install/gac_nav2_behavior_tree/lib/libnav2_truncate_path_action_bt_node.so
[30.380s] -- Symlinking: /home/zr/code/src/install/gac_nav2_behavior_tree/lib/libnav2_truncate_path_local_action_bt_node.so
[30.391s] -- Symlinking: /home/zr/code/src/install/gac_nav2_behavior_tree/lib/libnav2_goal_updater_node_bt_node.so
[30.401s] -- Symlinking: /home/zr/code/src/install/gac_nav2_behavior_tree/lib/libnav2_path_longer_on_approach_bt_node.so
[30.411s] -- Symlinking: /home/zr/code/src/install/gac_nav2_behavior_tree/lib/libnav2_recovery_node_bt_node.so
[30.420s] -- Symlinking: /home/zr/code/src/install/gac_nav2_behavior_tree/lib/libnav2_navigate_to_pose_action_bt_node.so
[30.431s] -- Symlinking: /home/zr/code/src/install/gac_nav2_behavior_tree/lib/libnav2_navigate_through_poses_action_bt_node.so
[30.441s] -- Symlinking: /home/zr/code/src/install/gac_nav2_behavior_tree/lib/libnav2_remove_passed_goals_action_bt_node.so
[30.453s] -- Symlinking: /home/zr/code/src/install/gac_nav2_behavior_tree/lib/libnav2_pipeline_sequence_bt_node.so
[30.466s] -- Symlinking: /home/zr/code/src/install/gac_nav2_behavior_tree/lib/libnav2_round_robin_node_bt_node.so
[30.477s] -- Symlinking: /home/zr/code/src/install/gac_nav2_behavior_tree/lib/libnav2_single_trigger_bt_node.so
[30.488s] -- Symlinking: /home/zr/code/src/install/gac_nav2_behavior_tree/lib/libnav2_planner_selector_bt_node.so
[30.498s] -- Symlinking: /home/zr/code/src/install/gac_nav2_behavior_tree/lib/libnav2_controller_selector_bt_node.so
[30.509s] -- Symlinking: /home/zr/code/src/install/gac_nav2_behavior_tree/lib/libnav2_smoother_selector_bt_node.so
[30.518s] -- Symlinking: /home/zr/code/src/install/gac_nav2_behavior_tree/lib/libnav2_goal_checker_selector_bt_node.so
[30.529s] -- Symlinking: /home/zr/code/src/install/gac_nav2_behavior_tree/lib/libnav2_progress_checker_selector_bt_node.so
[30.539s] -- Symlinking: /home/zr/code/src/install/gac_nav2_behavior_tree/lib/libnav2_goal_updated_controller_bt_node.so
[30.553s] -- Symlinking: /home/zr/code/src/install/gac_nav2_behavior_tree/include//nav2_behavior_tree/behavior_tree_engine.hpp
[30.564s] -- Symlinking: /home/zr/code/src/install/gac_nav2_behavior_tree/include//nav2_behavior_tree/bt_action_node.hpp
[30.574s] -- Symlinking: /home/zr/code/src/install/gac_nav2_behavior_tree/include//nav2_behavior_tree/bt_action_server.hpp
[30.583s] -- Symlinking: /home/zr/code/src/install/gac_nav2_behavior_tree/include//nav2_behavior_tree/bt_action_server_impl.hpp
[30.593s] -- Symlinking: /home/zr/code/src/install/gac_nav2_behavior_tree/include//nav2_behavior_tree/bt_cancel_action_node.hpp
[30.602s] -- Symlinking: /home/zr/code/src/install/gac_nav2_behavior_tree/include//nav2_behavior_tree/bt_conversions.hpp
[30.612s] -- Symlinking: /home/zr/code/src/install/gac_nav2_behavior_tree/include//nav2_behavior_tree/bt_service_node.hpp
[30.622s] -- Symlinking: /home/zr/code/src/install/gac_nav2_behavior_tree/include//nav2_behavior_tree/plugins/action/assisted_teleop_action.hpp
[30.631s] -- Symlinking: /home/zr/code/src/install/gac_nav2_behavior_tree/include//nav2_behavior_tree/plugins/action/assisted_teleop_cancel_node.hpp
[30.642s] -- Symlinking: /home/zr/code/src/install/gac_nav2_behavior_tree/include//nav2_behavior_tree/plugins/action/back_up_action.hpp
[30.654s] -- Symlinking: /home/zr/code/src/install/gac_nav2_behavior_tree/include//nav2_behavior_tree/plugins/action/back_up_cancel_node.hpp
[30.666s] -- Symlinking: /home/zr/code/src/install/gac_nav2_behavior_tree/include//nav2_behavior_tree/plugins/action/clear_costmap_service.hpp
[30.676s] -- Symlinking: /home/zr/code/src/install/gac_nav2_behavior_tree/include//nav2_behavior_tree/plugins/action/compute_path_through_poses_action.hpp
[30.686s] -- Symlinking: /home/zr/code/src/install/gac_nav2_behavior_tree/include//nav2_behavior_tree/plugins/action/compute_path_to_pose_action.hpp
[30.696s] -- Symlinking: /home/zr/code/src/install/gac_nav2_behavior_tree/include//nav2_behavior_tree/plugins/action/controller_cancel_node.hpp
[30.706s] -- Symlinking: /home/zr/code/src/install/gac_nav2_behavior_tree/include//nav2_behavior_tree/plugins/action/controller_selector_node.hpp
[30.716s] -- Symlinking: /home/zr/code/src/install/gac_nav2_behavior_tree/include//nav2_behavior_tree/plugins/action/drive_on_heading_action.hpp
[30.726s] -- Symlinking: /home/zr/code/src/install/gac_nav2_behavior_tree/include//nav2_behavior_tree/plugins/action/drive_on_heading_cancel_node.hpp
[30.736s] -- Symlinking: /home/zr/code/src/install/gac_nav2_behavior_tree/include//nav2_behavior_tree/plugins/action/follow_path_action.hpp
[30.747s] -- Symlinking: /home/zr/code/src/install/gac_nav2_behavior_tree/include//nav2_behavior_tree/plugins/action/goal_checker_selector_node.hpp
[30.759s] -- Symlinking: /home/zr/code/src/install/gac_nav2_behavior_tree/include//nav2_behavior_tree/plugins/action/navigate_through_poses_action.hpp
[30.771s] -- Symlinking: /home/zr/code/src/install/gac_nav2_behavior_tree/include//nav2_behavior_tree/plugins/action/navigate_to_pose_action.hpp
[30.782s] -- Symlinking: /home/zr/code/src/install/gac_nav2_behavior_tree/include//nav2_behavior_tree/plugins/action/planner_selector_node.hpp
[30.792s] -- Symlinking: /home/zr/code/src/install/gac_nav2_behavior_tree/include//nav2_behavior_tree/plugins/action/progress_checker_selector_node.hpp
[30.803s] -- Symlinking: /home/zr/code/src/install/gac_nav2_behavior_tree/include//nav2_behavior_tree/plugins/action/reinitialize_global_localization_service.hpp
[30.813s] -- Symlinking: /home/zr/code/src/install/gac_nav2_behavior_tree/include//nav2_behavior_tree/plugins/action/remove_passed_goals_action.hpp
[30.823s] -- Symlinking: /home/zr/code/src/install/gac_nav2_behavior_tree/include//nav2_behavior_tree/plugins/action/smooth_path_action.hpp
[30.833s] -- Symlinking: /home/zr/code/src/install/gac_nav2_behavior_tree/include//nav2_behavior_tree/plugins/action/smoother_selector_node.hpp
[30.843s] -- Symlinking: /home/zr/code/src/install/gac_nav2_behavior_tree/include//nav2_behavior_tree/plugins/action/spin_action.hpp
[30.855s] -- Symlinking: /home/zr/code/src/install/gac_nav2_behavior_tree/include//nav2_behavior_tree/plugins/action/spin_cancel_node.hpp
[30.867s] -- Symlinking: /home/zr/code/src/install/gac_nav2_behavior_tree/include//nav2_behavior_tree/plugins/action/truncate_path_action.hpp
[30.879s] -- Symlinking: /home/zr/code/src/install/gac_nav2_behavior_tree/include//nav2_behavior_tree/plugins/action/truncate_path_local_action.hpp
[30.890s] -- Symlinking: /home/zr/code/src/install/gac_nav2_behavior_tree/include//nav2_behavior_tree/plugins/action/wait_action.hpp
[30.903s] -- Symlinking: /home/zr/code/src/install/gac_nav2_behavior_tree/include//nav2_behavior_tree/plugins/action/wait_cancel_node.hpp
[30.913s] -- Symlinking: /home/zr/code/src/install/gac_nav2_behavior_tree/include//nav2_behavior_tree/plugins/condition/distance_traveled_condition.hpp
[30.924s] -- Symlinking: /home/zr/code/src/install/gac_nav2_behavior_tree/include//nav2_behavior_tree/plugins/condition/globally_updated_goal_condition.hpp
[30.934s] -- Symlinking: /home/zr/code/src/install/gac_nav2_behavior_tree/include//nav2_behavior_tree/plugins/condition/goal_reached_condition.hpp
[30.946s] -- Symlinking: /home/zr/code/src/install/gac_nav2_behavior_tree/include//nav2_behavior_tree/plugins/condition/goal_updated_condition.hpp
[30.958s] -- Symlinking: /home/zr/code/src/install/gac_nav2_behavior_tree/include//nav2_behavior_tree/plugins/condition/initial_pose_received_condition.hpp
[30.970s] -- Symlinking: /home/zr/code/src/install/gac_nav2_behavior_tree/include//nav2_behavior_tree/plugins/condition/is_battery_charging_condition.hpp
[30.981s] -- Symlinking: /home/zr/code/src/install/gac_nav2_behavior_tree/include//nav2_behavior_tree/plugins/condition/is_battery_low_condition.hpp
[30.992s] -- Symlinking: /home/zr/code/src/install/gac_nav2_behavior_tree/include//nav2_behavior_tree/plugins/condition/is_path_valid_condition.hpp
[31.002s] -- Symlinking: /home/zr/code/src/install/gac_nav2_behavior_tree/include//nav2_behavior_tree/plugins/condition/is_stuck_condition.hpp
[31.013s] -- Symlinking: /home/zr/code/src/install/gac_nav2_behavior_tree/include//nav2_behavior_tree/plugins/condition/path_expiring_timer_condition.hpp
[31.024s] -- Symlinking: /home/zr/code/src/install/gac_nav2_behavior_tree/include//nav2_behavior_tree/plugins/condition/time_expired_condition.hpp
[31.034s] -- Symlinking: /home/zr/code/src/install/gac_nav2_behavior_tree/include//nav2_behavior_tree/plugins/condition/transform_available_condition.hpp
[31.045s] -- Symlinking: /home/zr/code/src/install/gac_nav2_behavior_tree/include//nav2_behavior_tree/plugins/control/pipeline_sequence.hpp
[31.059s] -- Symlinking: /home/zr/code/src/install/gac_nav2_behavior_tree/include//nav2_behavior_tree/plugins/control/recovery_node.hpp
[31.069s] -- Symlinking: /home/zr/code/src/install/gac_nav2_behavior_tree/include//nav2_behavior_tree/plugins/control/round_robin_node.hpp
[31.079s] -- Symlinking: /home/zr/code/src/install/gac_nav2_behavior_tree/include//nav2_behavior_tree/plugins/decorator/distance_controller.hpp
[31.088s] -- Symlinking: /home/zr/code/src/install/gac_nav2_behavior_tree/include//nav2_behavior_tree/plugins/decorator/goal_updated_controller.hpp
[31.098s] -- Symlinking: /home/zr/code/src/install/gac_nav2_behavior_tree/include//nav2_behavior_tree/plugins/decorator/goal_updater_node.hpp
[31.108s] -- Symlinking: /home/zr/code/src/install/gac_nav2_behavior_tree/include//nav2_behavior_tree/plugins/decorator/path_longer_on_approach.hpp
[31.117s] -- Symlinking: /home/zr/code/src/install/gac_nav2_behavior_tree/include//nav2_behavior_tree/plugins/decorator/rate_controller.hpp
[31.126s] -- Symlinking: /home/zr/code/src/install/gac_nav2_behavior_tree/include//nav2_behavior_tree/plugins/decorator/single_trigger_node.hpp
[31.136s] -- Symlinking: /home/zr/code/src/install/gac_nav2_behavior_tree/include//nav2_behavior_tree/plugins/decorator/speed_controller.hpp
[31.148s] -- Symlinking: /home/zr/code/src/install/gac_nav2_behavior_tree/include//nav2_behavior_tree/ros_topic_logger.hpp
[31.162s] -- Symlinking: /home/zr/code/src/install/gac_nav2_behavior_tree/share/gac_nav2_behavior_tree/nav2_tree_nodes.xml
[31.173s] -- Symlinking: /home/zr/code/src/install/gac_nav2_behavior_tree/share/gac_nav2_behavior_tree/environment/library_path.sh
[31.183s] -- Symlinking: /home/zr/code/src/install/gac_nav2_behavior_tree/share/gac_nav2_behavior_tree/environment/library_path.dsv
[31.193s] -- Symlinking: /home/zr/code/src/install/gac_nav2_behavior_tree/share/ament_index/resource_index/package_run_dependencies/gac_nav2_behavior_tree
[31.203s] -- Symlinking: /home/zr/code/src/install/gac_nav2_behavior_tree/share/ament_index/resource_index/parent_prefix_path/gac_nav2_behavior_tree
[31.213s] -- Symlinking: /home/zr/code/src/install/gac_nav2_behavior_tree/share/gac_nav2_behavior_tree/environment/ament_prefix_path.sh
[31.222s] -- Symlinking: /home/zr/code/src/install/gac_nav2_behavior_tree/share/gac_nav2_behavior_tree/environment/ament_prefix_path.dsv
[31.233s] -- Symlinking: /home/zr/code/src/install/gac_nav2_behavior_tree/share/gac_nav2_behavior_tree/environment/path.sh
[31.246s] -- Symlinking: /home/zr/code/src/install/gac_nav2_behavior_tree/share/gac_nav2_behavior_tree/environment/path.dsv
[31.258s] -- Symlinking: /home/zr/code/src/install/gac_nav2_behavior_tree/share/gac_nav2_behavior_tree/local_setup.bash
[31.269s] -- Symlinking: /home/zr/code/src/install/gac_nav2_behavior_tree/share/gac_nav2_behavior_tree/local_setup.sh
[31.279s] -- Symlinking: /home/zr/code/src/install/gac_nav2_behavior_tree/share/gac_nav2_behavior_tree/local_setup.zsh
[31.290s] -- Symlinking: /home/zr/code/src/install/gac_nav2_behavior_tree/share/gac_nav2_behavior_tree/local_setup.dsv
[31.300s] -- Symlinking: /home/zr/code/src/install/gac_nav2_behavior_tree/share/gac_nav2_behavior_tree/package.dsv
[31.311s] -- Symlinking: /home/zr/code/src/install/gac_nav2_behavior_tree/share/ament_index/resource_index/packages/gac_nav2_behavior_tree
[31.321s] -- Symlinking: /home/zr/code/src/install/gac_nav2_behavior_tree/share/gac_nav2_behavior_tree/cmake/ament_cmake_export_include_directories-extras.cmake
[31.331s] -- Symlinking: /home/zr/code/src/install/gac_nav2_behavior_tree/share/gac_nav2_behavior_tree/cmake/ament_cmake_export_libraries-extras.cmake
[31.341s] -- Symlinking: /home/zr/code/src/install/gac_nav2_behavior_tree/share/gac_nav2_behavior_tree/cmake/ament_cmake_export_dependencies-extras.cmake
[31.354s] -- Symlinking: /home/zr/code/src/install/gac_nav2_behavior_tree/share/gac_nav2_behavior_tree/cmake/gac_nav2_behavior_treeConfig.cmake
[31.365s] -- Symlinking: /home/zr/code/src/install/gac_nav2_behavior_tree/share/gac_nav2_behavior_tree/cmake/gac_nav2_behavior_treeConfig-version.cmake
[31.375s] -- Symlinking: /home/zr/code/src/install/gac_nav2_behavior_tree/share/gac_nav2_behavior_tree/package.xml
[31.389s] Invoked command in '/home/zr/code/src/build/gac_nav2_behavior_tree' returned '0': AMENT_PREFIX_PATH=/home/zr/code/src/install/nav2_util:${AMENT_PREFIX_PATH} CMAKE_PREFIX_PATH=/home/zr/code/src/install/nav2_util:/opt/ros/humble LD_LIBRARY_PATH=/home/zr/code/src/install/nav2_util/lib:${LD_LIBRARY_PATH} /usr/bin/cmake --install /home/zr/code/src/build/gac_nav2_behavior_tree
