running egg_info
creating ../../build/robot_relate_python/robot_relate_python.egg-info
writing ../../build/robot_relate_python/robot_relate_python.egg-info/PKG-INFO
writing dependency_links to ../../build/robot_relate_python/robot_relate_python.egg-info/dependency_links.txt
writing entry points to ../../build/robot_relate_python/robot_relate_python.egg-info/entry_points.txt
writing requirements to ../../build/robot_relate_python/robot_relate_python.egg-info/requires.txt
writing top-level names to ../../build/robot_relate_python/robot_relate_python.egg-info/top_level.txt
writing manifest file '../../build/robot_relate_python/robot_relate_python.egg-info/SOURCES.txt'
reading manifest file '../../build/robot_relate_python/robot_relate_python.egg-info/SOURCES.txt'
adding license file 'LICENSE'
writing manifest file '../../build/robot_relate_python/robot_relate_python.egg-info/SOURCES.txt'
running build
running build_py
creating /home/zr/code/src/build/robot_relate_python/build
creating /home/zr/code/src/build/robot_relate_python/build/lib
creating /home/zr/code/src/build/robot_relate_python/build/lib/robot_relate_python
copying robot_relate_python/set_initpose.py -> /home/zr/code/src/build/robot_relate_python/build/lib/robot_relate_python
copying robot_relate_python/get_realtime_pose.py -> /home/zr/code/src/build/robot_relate_python/build/lib/robot_relate_python
copying robot_relate_python/navigation_to_pose.py -> /home/zr/code/src/build/robot_relate_python/build/lib/robot_relate_python
copying robot_relate_python/__init__.py -> /home/zr/code/src/build/robot_relate_python/build/lib/robot_relate_python
copying robot_relate_python/waypoint_follow.py -> /home/zr/code/src/build/robot_relate_python/build/lib/robot_relate_python
copying robot_relate_python/cancel_navigation.py -> /home/zr/code/src/build/robot_relate_python/build/lib/robot_relate_python
running install
running install_lib
creating /home/zr/code/src/install/robot_relate_python/lib/python3.10/site-packages/robot_relate_python
copying /home/zr/code/src/build/robot_relate_python/build/lib/robot_relate_python/set_initpose.py -> /home/zr/code/src/install/robot_relate_python/lib/python3.10/site-packages/robot_relate_python
copying /home/zr/code/src/build/robot_relate_python/build/lib/robot_relate_python/get_realtime_pose.py -> /home/zr/code/src/install/robot_relate_python/lib/python3.10/site-packages/robot_relate_python
copying /home/zr/code/src/build/robot_relate_python/build/lib/robot_relate_python/navigation_to_pose.py -> /home/zr/code/src/install/robot_relate_python/lib/python3.10/site-packages/robot_relate_python
copying /home/zr/code/src/build/robot_relate_python/build/lib/robot_relate_python/__init__.py -> /home/zr/code/src/install/robot_relate_python/lib/python3.10/site-packages/robot_relate_python
copying /home/zr/code/src/build/robot_relate_python/build/lib/robot_relate_python/waypoint_follow.py -> /home/zr/code/src/install/robot_relate_python/lib/python3.10/site-packages/robot_relate_python
copying /home/zr/code/src/build/robot_relate_python/build/lib/robot_relate_python/cancel_navigation.py -> /home/zr/code/src/install/robot_relate_python/lib/python3.10/site-packages/robot_relate_python
byte-compiling /home/zr/code/src/install/robot_relate_python/lib/python3.10/site-packages/robot_relate_python/set_initpose.py to set_initpose.cpython-310.pyc
byte-compiling /home/zr/code/src/install/robot_relate_python/lib/python3.10/site-packages/robot_relate_python/get_realtime_pose.py to get_realtime_pose.cpython-310.pyc
byte-compiling /home/zr/code/src/install/robot_relate_python/lib/python3.10/site-packages/robot_relate_python/navigation_to_pose.py to navigation_to_pose.cpython-310.pyc
byte-compiling /home/zr/code/src/install/robot_relate_python/lib/python3.10/site-packages/robot_relate_python/__init__.py to __init__.cpython-310.pyc
byte-compiling /home/zr/code/src/install/robot_relate_python/lib/python3.10/site-packages/robot_relate_python/waypoint_follow.py to waypoint_follow.cpython-310.pyc
byte-compiling /home/zr/code/src/install/robot_relate_python/lib/python3.10/site-packages/robot_relate_python/cancel_navigation.py to cancel_navigation.cpython-310.pyc
running install_data
creating /home/zr/code/src/install/robot_relate_python/share/ament_index
creating /home/zr/code/src/install/robot_relate_python/share/ament_index/resource_index
creating /home/zr/code/src/install/robot_relate_python/share/ament_index/resource_index/packages
copying resource/robot_relate_python -> /home/zr/code/src/install/robot_relate_python/share/ament_index/resource_index/packages
copying package.xml -> /home/zr/code/src/install/robot_relate_python/share/robot_relate_python
running install_egg_info
Copying ../../build/robot_relate_python/robot_relate_python.egg-info to /home/zr/code/src/install/robot_relate_python/lib/python3.10/site-packages/robot_relate_python-0.0.0-py3.10.egg-info
running install_scripts
Installing cancel_navigation script to /home/zr/code/src/install/robot_relate_python/lib/robot_relate_python
Installing get_realtime_pose script to /home/zr/code/src/install/robot_relate_python/lib/robot_relate_python
Installing navigation_to_pose script to /home/zr/code/src/install/robot_relate_python/lib/robot_relate_python
Installing set_initpose script to /home/zr/code/src/install/robot_relate_python/lib/robot_relate_python
Installing waypoint_follow script to /home/zr/code/src/install/robot_relate_python/lib/robot_relate_python
writing list of installed files to '/home/zr/code/src/build/robot_relate_python/install.log'
