[0.668s] Invoking command in '/home/zr/code/src/sim/robot_relate_python': PYTHONPATH=/home/zr/code/src/build/robot_relate_python/prefix_override:/usr/lib/python3/dist-packages/colcon_core/task/python/colcon_distutils_commands:/home/zr/code/src/install/robot_relate_python/lib/python3.10/site-packages:${PYTHONPATH} /usr/bin/python3 -W ignore:setup.py install is deprecated -W ignore:easy_install command is deprecated setup.py egg_info --egg-base ../../build/robot_relate_python build --build-base /home/zr/code/src/build/robot_relate_python/build install --record /home/zr/code/src/build/robot_relate_python/install.log --single-version-externally-managed install_data
[0.887s] running egg_info
[0.888s] creating ../../build/robot_relate_python/robot_relate_python.egg-info
[0.888s] writing ../../build/robot_relate_python/robot_relate_python.egg-info/PKG-INFO
[0.888s] writing dependency_links to ../../build/robot_relate_python/robot_relate_python.egg-info/dependency_links.txt
[0.888s] writing entry points to ../../build/robot_relate_python/robot_relate_python.egg-info/entry_points.txt
[0.889s] writing requirements to ../../build/robot_relate_python/robot_relate_python.egg-info/requires.txt
[0.889s] writing top-level names to ../../build/robot_relate_python/robot_relate_python.egg-info/top_level.txt
[0.889s] writing manifest file '../../build/robot_relate_python/robot_relate_python.egg-info/SOURCES.txt'
[0.890s] reading manifest file '../../build/robot_relate_python/robot_relate_python.egg-info/SOURCES.txt'
[0.890s] adding license file 'LICENSE'
[0.891s] writing manifest file '../../build/robot_relate_python/robot_relate_python.egg-info/SOURCES.txt'
[0.891s] running build
[0.891s] running build_py
[0.891s] creating /home/zr/code/src/build/robot_relate_python/build
[0.891s] creating /home/zr/code/src/build/robot_relate_python/build/lib
[0.891s] creating /home/zr/code/src/build/robot_relate_python/build/lib/robot_relate_python
[0.891s] copying robot_relate_python/set_initpose.py -> /home/zr/code/src/build/robot_relate_python/build/lib/robot_relate_python
[0.925s] copying robot_relate_python/get_realtime_pose.py -> /home/zr/code/src/build/robot_relate_python/build/lib/robot_relate_python
[0.925s] copying robot_relate_python/navigation_to_pose.py -> /home/zr/code/src/build/robot_relate_python/build/lib/robot_relate_python
[0.926s] copying robot_relate_python/__init__.py -> /home/zr/code/src/build/robot_relate_python/build/lib/robot_relate_python
[0.926s] copying robot_relate_python/waypoint_follow.py -> /home/zr/code/src/build/robot_relate_python/build/lib/robot_relate_python
[0.926s] copying robot_relate_python/cancel_navigation.py -> /home/zr/code/src/build/robot_relate_python/build/lib/robot_relate_python
[0.927s] running install
[0.927s] running install_lib
[0.928s] creating /home/zr/code/src/install/robot_relate_python/lib/python3.10/site-packages/robot_relate_python
[0.928s] copying /home/zr/code/src/build/robot_relate_python/build/lib/robot_relate_python/set_initpose.py -> /home/zr/code/src/install/robot_relate_python/lib/python3.10/site-packages/robot_relate_python
[0.928s] copying /home/zr/code/src/build/robot_relate_python/build/lib/robot_relate_python/get_realtime_pose.py -> /home/zr/code/src/install/robot_relate_python/lib/python3.10/site-packages/robot_relate_python
[0.928s] copying /home/zr/code/src/build/robot_relate_python/build/lib/robot_relate_python/navigation_to_pose.py -> /home/zr/code/src/install/robot_relate_python/lib/python3.10/site-packages/robot_relate_python
[0.928s] copying /home/zr/code/src/build/robot_relate_python/build/lib/robot_relate_python/__init__.py -> /home/zr/code/src/install/robot_relate_python/lib/python3.10/site-packages/robot_relate_python
[0.928s] copying /home/zr/code/src/build/robot_relate_python/build/lib/robot_relate_python/waypoint_follow.py -> /home/zr/code/src/install/robot_relate_python/lib/python3.10/site-packages/robot_relate_python
[0.928s] copying /home/zr/code/src/build/robot_relate_python/build/lib/robot_relate_python/cancel_navigation.py -> /home/zr/code/src/install/robot_relate_python/lib/python3.10/site-packages/robot_relate_python
[0.929s] byte-compiling /home/zr/code/src/install/robot_relate_python/lib/python3.10/site-packages/robot_relate_python/set_initpose.py to set_initpose.cpython-310.pyc
[0.929s] byte-compiling /home/zr/code/src/install/robot_relate_python/lib/python3.10/site-packages/robot_relate_python/get_realtime_pose.py to get_realtime_pose.cpython-310.pyc
[0.930s] byte-compiling /home/zr/code/src/install/robot_relate_python/lib/python3.10/site-packages/robot_relate_python/navigation_to_pose.py to navigation_to_pose.cpython-310.pyc
[0.930s] byte-compiling /home/zr/code/src/install/robot_relate_python/lib/python3.10/site-packages/robot_relate_python/__init__.py to __init__.cpython-310.pyc
[0.930s] byte-compiling /home/zr/code/src/install/robot_relate_python/lib/python3.10/site-packages/robot_relate_python/waypoint_follow.py to waypoint_follow.cpython-310.pyc
[0.930s] byte-compiling /home/zr/code/src/install/robot_relate_python/lib/python3.10/site-packages/robot_relate_python/cancel_navigation.py to cancel_navigation.cpython-310.pyc
[0.931s] running install_data
[0.931s] creating /home/zr/code/src/install/robot_relate_python/share/ament_index
[0.931s] creating /home/zr/code/src/install/robot_relate_python/share/ament_index/resource_index
[0.931s] creating /home/zr/code/src/install/robot_relate_python/share/ament_index/resource_index/packages
[0.931s] copying resource/robot_relate_python -> /home/zr/code/src/install/robot_relate_python/share/ament_index/resource_index/packages
[0.931s] copying package.xml -> /home/zr/code/src/install/robot_relate_python/share/robot_relate_python
[0.931s] running install_egg_info
[0.935s] Copying ../../build/robot_relate_python/robot_relate_python.egg-info to /home/zr/code/src/install/robot_relate_python/lib/python3.10/site-packages/robot_relate_python-0.0.0-py3.10.egg-info
[0.935s] running install_scripts
[0.955s] Installing cancel_navigation script to /home/zr/code/src/install/robot_relate_python/lib/robot_relate_python
[0.955s] Installing get_realtime_pose script to /home/zr/code/src/install/robot_relate_python/lib/robot_relate_python
[0.955s] Installing navigation_to_pose script to /home/zr/code/src/install/robot_relate_python/lib/robot_relate_python
[0.956s] Installing set_initpose script to /home/zr/code/src/install/robot_relate_python/lib/robot_relate_python
[0.956s] Installing waypoint_follow script to /home/zr/code/src/install/robot_relate_python/lib/robot_relate_python
[0.956s] writing list of installed files to '/home/zr/code/src/build/robot_relate_python/install.log'
[0.989s] Invoked command in '/home/zr/code/src/sim/robot_relate_python' returned '0': PYTHONPATH=/home/zr/code/src/build/robot_relate_python/prefix_override:/usr/lib/python3/dist-packages/colcon_core/task/python/colcon_distutils_commands:/home/zr/code/src/install/robot_relate_python/lib/python3.10/site-packages:${PYTHONPATH} /usr/bin/python3 -W ignore:setup.py install is deprecated -W ignore:easy_install command is deprecated setup.py egg_info --egg-base ../../build/robot_relate_python build --build-base /home/zr/code/src/build/robot_relate_python/build install --record /home/zr/code/src/build/robot_relate_python/install.log --single-version-externally-managed install_data
