-- The C compiler identification is GNU 11.4.0
-- The CXX compiler identification is GNU 11.4.0
-- Detecting C compiler ABI info
-- Detecting C compiler ABI info - done
-- Check for working C compiler: /usr/bin/cc - skipped
-- Detecting C compile features
-- Detecting C compile features - done
-- Detecting CXX compiler ABI info
-- Detecting CXX compiler ABI info - done
-- Check for working CXX compiler: /usr/bin/c++ - skipped
-- Detecting CXX compile features
-- Detecting CXX compile features - done
-- Found ament_cmake: 1.3.14 (/opt/ros/humble/share/ament_cmake/cmake)
-- Found Python3: /usr/bin/python3 (found version "3.10.12") found components: Interpreter 
-- Override CMake install command with custom implementation using symlinks instead of copying resources
-- Found nav2_common: 1.1.20 (/opt/ros/humble/share/nav2_common/cmake)
-- Found rclcpp: 16.0.19 (/opt/ros/humble/share/rclcpp/cmake)
-- Found rosidl_generator_c: 3.1.8 (/opt/ros/humble/share/rosidl_generator_c/cmake)
-- Found rosidl_adapter: 3.1.8 (/opt/ros/humble/share/rosidl_adapter/cmake)
-- Found rosidl_generator_cpp: 3.1.8 (/opt/ros/humble/share/rosidl_generator_cpp/cmake)
-- Using all available rosidl_typesupport_c: rosidl_typesupport_fastrtps_c;rosidl_typesupport_introspection_c
-- Using all available rosidl_typesupport_cpp: rosidl_typesupport_fastrtps_cpp;rosidl_typesupport_introspection_cpp
-- Found rmw_implementation_cmake: 6.1.2 (/opt/ros/humble/share/rmw_implementation_cmake/cmake)
-- Found rmw_fastrtps_cpp: 6.2.10 (/opt/ros/humble/share/rmw_fastrtps_cpp/cmake)
-- Found OpenSSL: /usr/lib/x86_64-linux-gnu/libcrypto.so (found version "3.0.2")  
-- Found FastRTPS: /opt/ros/humble/include  
-- Using RMW implementation 'rmw_fastrtps_cpp' as default
-- Looking for pthread.h
-- Looking for pthread.h - found
-- Performing Test CMAKE_HAVE_LIBC_PTHREAD
-- Performing Test CMAKE_HAVE_LIBC_PTHREAD - Success
-- Found Threads: TRUE  
-- Found rclcpp_lifecycle: 16.0.19 (/opt/ros/humble/share/rclcpp_lifecycle/cmake)
-- Found rclcpp_components: 16.0.19 (/opt/ros/humble/share/rclcpp_components/cmake)
-- Found nav_msgs: 4.9.1 (/opt/ros/humble/share/nav_msgs/cmake)
-- Found nav2_msgs: 1.1.20 (/opt/ros/humble/share/nav2_msgs/cmake)
-- Found yaml_cpp_vendor: 8.0.2 (/opt/ros/humble/share/yaml_cpp_vendor/cmake)
-- Found tf2: 0.25.20 (/opt/ros/humble/share/tf2/cmake)
-- Found nav2_util: 1.1.14 (/home/zr/code/src/install/nav2_util/share/nav2_util/cmake)
-- Found eigen3_cmake_module: 0.1.1 (/opt/ros/humble/share/eigen3_cmake_module/cmake)
-- Found Eigen3: TRUE (found version "3.4.0") 
-- Ensuring Eigen3 include directory is part of orocos-kdl CMake target
-- Found GRAPHICSMAGICKCPP: /usr/include/GraphicsMagick  
-- Setting build type to Release as none was specified.
-- Configuring done
-- Generating done
-- Build files have been written to: /home/zr/code/src/build/nav2_map_server
[  6%] [32mBuilding CXX object CMakeFiles/map_io.dir/src/map_mode.cpp.o[0m
[ 13%] [32mBuilding CXX object CMakeFiles/map_io.dir/src/map_io.cpp.o[0m
[ 20%] [32m[1mLinking CXX shared library libmap_io.so[0m
[ 20%] Built target map_io
[ 26%] [32mBuilding CXX object CMakeFiles/map_server_core.dir/src/map_saver/map_saver.cpp.o[0m
[ 40%] [32mBuilding CXX object CMakeFiles/map_server_core.dir/src/map_server/map_server.cpp.o[0m
[ 40%] [32mBuilding CXX object CMakeFiles/map_server_core.dir/src/costmap_filter_info/costmap_filter_info_server.cpp.o[0m
[ 46%] [32m[1mLinking CXX shared library libmap_server_core.so[0m
[ 46%] Built target map_server_core
[ 53%] [32mBuilding CXX object CMakeFiles/map_saver_server.dir/src/map_saver/main_server.cpp.o[0m
[ 60%] [32mBuilding CXX object CMakeFiles/map_saver_cli.dir/src/map_saver/main_cli.cpp.o[0m
[ 66%] [32mBuilding CXX object CMakeFiles/map_server.dir/src/map_server/main.cpp.o[0m
[ 73%] [32mBuilding CXX object CMakeFiles/costmap_filter_info_server.dir/src/costmap_filter_info/main.cpp.o[0m
[ 80%] [32m[1mLinking CXX executable costmap_filter_info_server[0m
[ 86%] [32m[1mLinking CXX executable map_saver_cli[0m
[ 93%] [32m[1mLinking CXX executable map_server[0m
[ 93%] Built target costmap_filter_info_server
[100%] [32m[1mLinking CXX executable map_saver_server[0m
[100%] Built target map_saver_cli
[100%] Built target map_server
[100%] Built target map_saver_server
-- Install configuration: "Release"
-- Execute custom install script
-- Symlinking: /home/zr/code/src/install/nav2_map_server/lib/libmap_server_core.so
-- Symlinking: /home/zr/code/src/install/nav2_map_server/lib/libmap_io.so
-- Symlinking: /home/zr/code/src/install/nav2_map_server/lib/nav2_map_server/map_server
-- Symlinking: /home/zr/code/src/install/nav2_map_server/lib/nav2_map_server/map_saver_cli
-- Symlinking: /home/zr/code/src/install/nav2_map_server/lib/nav2_map_server/map_saver_server
-- Symlinking: /home/zr/code/src/install/nav2_map_server/lib/nav2_map_server/costmap_filter_info_server
-- Symlinking: /home/zr/code/src/install/nav2_map_server/include//nav2_map_server/costmap_filter_info_server.hpp
-- Symlinking: /home/zr/code/src/install/nav2_map_server/include//nav2_map_server/map_io.hpp
-- Symlinking: /home/zr/code/src/install/nav2_map_server/include//nav2_map_server/map_mode.hpp
-- Symlinking: /home/zr/code/src/install/nav2_map_server/include//nav2_map_server/map_saver.hpp
-- Symlinking: /home/zr/code/src/install/nav2_map_server/include//nav2_map_server/map_server.hpp
-- Symlinking: /home/zr/code/src/install/nav2_map_server/share/nav2_map_server/launch/map_saver_server.launch.py
-- Symlinking: /home/zr/code/src/install/nav2_map_server/share/nav2_map_server/environment/library_path.sh
-- Symlinking: /home/zr/code/src/install/nav2_map_server/share/nav2_map_server/environment/library_path.dsv
-- Symlinking: /home/zr/code/src/install/nav2_map_server/share/ament_index/resource_index/package_run_dependencies/nav2_map_server
-- Symlinking: /home/zr/code/src/install/nav2_map_server/share/ament_index/resource_index/parent_prefix_path/nav2_map_server
-- Symlinking: /home/zr/code/src/install/nav2_map_server/share/nav2_map_server/environment/ament_prefix_path.sh
-- Symlinking: /home/zr/code/src/install/nav2_map_server/share/nav2_map_server/environment/ament_prefix_path.dsv
-- Symlinking: /home/zr/code/src/install/nav2_map_server/share/nav2_map_server/environment/path.sh
-- Symlinking: /home/zr/code/src/install/nav2_map_server/share/nav2_map_server/environment/path.dsv
-- Symlinking: /home/zr/code/src/install/nav2_map_server/share/nav2_map_server/local_setup.bash
-- Symlinking: /home/zr/code/src/install/nav2_map_server/share/nav2_map_server/local_setup.sh
-- Symlinking: /home/zr/code/src/install/nav2_map_server/share/nav2_map_server/local_setup.zsh
-- Symlinking: /home/zr/code/src/install/nav2_map_server/share/nav2_map_server/local_setup.dsv
-- Symlinking: /home/zr/code/src/install/nav2_map_server/share/nav2_map_server/package.dsv
-- Symlinking: /home/zr/code/src/install/nav2_map_server/share/ament_index/resource_index/packages/nav2_map_server
-- Symlinking: /home/zr/code/src/install/nav2_map_server/share/ament_index/resource_index/rclcpp_components/nav2_map_server
-- Symlinking: /home/zr/code/src/install/nav2_map_server/share/nav2_map_server/cmake/ament_cmake_export_include_directories-extras.cmake
-- Symlinking: /home/zr/code/src/install/nav2_map_server/share/nav2_map_server/cmake/ament_cmake_export_libraries-extras.cmake
-- Symlinking: /home/zr/code/src/install/nav2_map_server/share/nav2_map_server/cmake/ament_cmake_export_dependencies-extras.cmake
-- Symlinking: /home/zr/code/src/install/nav2_map_server/share/nav2_map_server/cmake/nav2_map_serverConfig.cmake
-- Symlinking: /home/zr/code/src/install/nav2_map_server/share/nav2_map_server/cmake/nav2_map_serverConfig-version.cmake
-- Symlinking: /home/zr/code/src/install/nav2_map_server/share/nav2_map_server/package.xml
