-- The C compiler identification is GNU 11.4.0
-- The CXX compiler identification is GNU 11.4.0
-- Detecting C compiler ABI info
-- Detecting C compiler ABI info - done
-- Check for working C compiler: /usr/bin/cc - skipped
-- Detecting C compile features
-- Detecting C compile features - done
-- Detecting CXX compiler ABI info
-- Detecting CXX compiler ABI info - done
-- Check for working CXX compiler: /usr/bin/c++ - skipped
-- Detecting CXX compile features
-- Detecting CXX compile features - done
-- Found ament_cmake: 1.3.14 (/opt/ros/humble/share/ament_cmake/cmake)
-- Found Python3: /usr/bin/python3 (found version "3.10.12") found components: Interpreter 
-- Override CMake install command with custom implementation using symlinks instead of copying resources
-- Found gac_nav2_core: 1.1.14 (/home/zr/code/src/install/gac_nav2_core/share/gac_nav2_core/cmake)
-- Found rosidl_generator_c: 3.1.8 (/opt/ros/humble/share/rosidl_generator_c/cmake)
-- Found rosidl_adapter: 3.1.8 (/opt/ros/humble/share/rosidl_adapter/cmake)
-- Found rosidl_generator_cpp: 3.1.8 (/opt/ros/humble/share/rosidl_generator_cpp/cmake)
-- Using all available rosidl_typesupport_c: rosidl_typesupport_fastrtps_c;rosidl_typesupport_introspection_c
-- Using all available rosidl_typesupport_cpp: rosidl_typesupport_fastrtps_cpp;rosidl_typesupport_introspection_cpp
-- Found rmw_implementation_cmake: 6.1.2 (/opt/ros/humble/share/rmw_implementation_cmake/cmake)
-- Found rmw_fastrtps_cpp: 6.2.10 (/opt/ros/humble/share/rmw_fastrtps_cpp/cmake)
-- Found OpenSSL: /usr/lib/x86_64-linux-gnu/libcrypto.so (found version "3.0.2")  
-- Found FastRTPS: /opt/ros/humble/include  
-- Using RMW implementation 'rmw_fastrtps_cpp' as default
-- Looking for pthread.h
-- Looking for pthread.h - found
-- Performing Test CMAKE_HAVE_LIBC_PTHREAD
-- Performing Test CMAKE_HAVE_LIBC_PTHREAD - Success
-- Found Threads: TRUE  
-- Found Eigen3: TRUE (found version "3.4.0") 
-- Ensuring Eigen3 include directory is part of orocos-kdl CMake target
-- Found nav2_common: 1.1.20 (/opt/ros/humble/share/nav2_common/cmake)
-- Found nav_2d_utils: 1.1.14 (/home/zr/code/src/install/nav_2d_utils/share/nav_2d_utils/cmake)
-- Setting build type to Release as none was specified.
-- Configuring done
-- Generating done
-- Build files have been written to: /home/zr/code/src/build/gac_nav2_smoother
[ 37%] [32mBuilding CXX object CMakeFiles/simple_smoother.dir/src/simple_smoother.cpp.o[0m
[ 37%] [32mBuilding CXX object CMakeFiles/smoother_server_core.dir/src/nav2_smoother.cpp.o[0m
[ 37%] [32mBuilding CXX object CMakeFiles/savitzky_golay_smoother.dir/src/savitzky_golay_smoother.cpp.o[0m
[ 50%] [32m[1mLinking CXX shared library libsavitzky_golay_smoother.so[0m
[ 50%] Built target savitzky_golay_smoother
[ 62%] [32m[1mLinking CXX shared library libsimple_smoother.so[0m
[ 62%] Built target simple_smoother
[ 75%] [32m[1mLinking CXX shared library libsmoother_server_core.so[0m
[ 75%] Built target smoother_server_core
[ 87%] [32mBuilding CXX object CMakeFiles/smoother_server.dir/src/main.cpp.o[0m
[100%] [32m[1mLinking CXX executable smoother_server[0m
[100%] Built target smoother_server
-- Install configuration: "Release"
-- Execute custom install script
-- Symlinking: /home/zr/code/src/install/gac_nav2_smoother/share/gac_nav2_smoother//plugins.xml
-- Symlinking: /home/zr/code/src/install/gac_nav2_smoother/lib/libsmoother_server_core.so
-- Symlinking: /home/zr/code/src/install/gac_nav2_smoother/lib/libsimple_smoother.so
-- Symlinking: /home/zr/code/src/install/gac_nav2_smoother/lib/libsavitzky_golay_smoother.so
-- Symlinking: /home/zr/code/src/install/gac_nav2_smoother/lib/gac_nav2_smoother/smoother_server
-- Symlinking: /home/zr/code/src/install/gac_nav2_smoother/include//nav2_smoother/nav2_smoother.hpp
-- Symlinking: /home/zr/code/src/install/gac_nav2_smoother/include//nav2_smoother/savitzky_golay_smoother.hpp
-- Symlinking: /home/zr/code/src/install/gac_nav2_smoother/include//nav2_smoother/simple_smoother.hpp
-- Symlinking: /home/zr/code/src/install/gac_nav2_smoother/include//nav2_smoother/smoother_utils.hpp
-- Symlinking: /home/zr/code/src/install/gac_nav2_smoother/share/gac_nav2_smoother/environment/library_path.sh
-- Symlinking: /home/zr/code/src/install/gac_nav2_smoother/share/gac_nav2_smoother/environment/library_path.dsv
-- Symlinking: /home/zr/code/src/install/gac_nav2_smoother/share/ament_index/resource_index/package_run_dependencies/gac_nav2_smoother
-- Symlinking: /home/zr/code/src/install/gac_nav2_smoother/share/ament_index/resource_index/parent_prefix_path/gac_nav2_smoother
-- Symlinking: /home/zr/code/src/install/gac_nav2_smoother/share/gac_nav2_smoother/environment/ament_prefix_path.sh
-- Symlinking: /home/zr/code/src/install/gac_nav2_smoother/share/gac_nav2_smoother/environment/ament_prefix_path.dsv
-- Symlinking: /home/zr/code/src/install/gac_nav2_smoother/share/gac_nav2_smoother/environment/path.sh
-- Symlinking: /home/zr/code/src/install/gac_nav2_smoother/share/gac_nav2_smoother/environment/path.dsv
-- Symlinking: /home/zr/code/src/install/gac_nav2_smoother/share/gac_nav2_smoother/local_setup.bash
-- Symlinking: /home/zr/code/src/install/gac_nav2_smoother/share/gac_nav2_smoother/local_setup.sh
-- Symlinking: /home/zr/code/src/install/gac_nav2_smoother/share/gac_nav2_smoother/local_setup.zsh
-- Symlinking: /home/zr/code/src/install/gac_nav2_smoother/share/gac_nav2_smoother/local_setup.dsv
-- Symlinking: /home/zr/code/src/install/gac_nav2_smoother/share/gac_nav2_smoother/package.dsv
-- Symlinking: /home/zr/code/src/install/gac_nav2_smoother/share/ament_index/resource_index/packages/gac_nav2_smoother
-- Symlinking: /home/zr/code/src/install/gac_nav2_smoother/share/ament_index/resource_index/rclcpp_components/gac_nav2_smoother
-- Symlinking: /home/zr/code/src/install/gac_nav2_smoother/share/ament_index/resource_index/gac_nav2_core__pluginlib__plugin/gac_nav2_smoother
-- Symlinking: /home/zr/code/src/install/gac_nav2_smoother/share/gac_nav2_smoother/cmake/ament_cmake_export_include_directories-extras.cmake
-- Symlinking: /home/zr/code/src/install/gac_nav2_smoother/share/gac_nav2_smoother/cmake/ament_cmake_export_libraries-extras.cmake
-- Symlinking: /home/zr/code/src/install/gac_nav2_smoother/share/gac_nav2_smoother/cmake/ament_cmake_export_dependencies-extras.cmake
-- Symlinking: /home/zr/code/src/install/gac_nav2_smoother/share/gac_nav2_smoother/cmake/gac_nav2_smootherConfig.cmake
-- Symlinking: /home/zr/code/src/install/gac_nav2_smoother/share/gac_nav2_smoother/cmake/gac_nav2_smootherConfig-version.cmake
-- Symlinking: /home/zr/code/src/install/gac_nav2_smoother/share/gac_nav2_smoother/package.xml
