-- The C compiler identification is GNU 11.4.0
-- The CXX compiler identification is GNU 11.4.0
-- Detecting C compiler ABI info
-- Detecting C compiler ABI info - done
-- Check for working C compiler: /usr/bin/cc - skipped
-- Detecting C compile features
-- Detecting C compile features - done
-- Detecting CXX compiler ABI info
-- Detecting CXX compiler ABI info - done
-- Check for working CXX compiler: /usr/bin/c++ - skipped
-- Detecting CXX compile features
-- Detecting CXX compile features - done
-- Found ament_cmake: 1.3.14 (/opt/ros/humble/share/ament_cmake/cmake)
-- Found Python3: /usr/bin/python3 (found version "3.10.12") found components: Interpreter 
-- Override CMake install command with custom implementation using symlinks instead of copying resources
-- Found nav2_common: 1.1.20 (/opt/ros/humble/share/nav2_common/cmake)
-- Found rclcpp: 16.0.19 (/opt/ros/humble/share/rclcpp/cmake)
-- Found rosidl_generator_c: 3.1.8 (/opt/ros/humble/share/rosidl_generator_c/cmake)
-- Found rosidl_adapter: 3.1.8 (/opt/ros/humble/share/rosidl_adapter/cmake)
-- Found rosidl_generator_cpp: 3.1.8 (/opt/ros/humble/share/rosidl_generator_cpp/cmake)
-- Using all available rosidl_typesupport_c: rosidl_typesupport_fastrtps_c;rosidl_typesupport_introspection_c
-- Using all available rosidl_typesupport_cpp: rosidl_typesupport_fastrtps_cpp;rosidl_typesupport_introspection_cpp
-- Found rmw_implementation_cmake: 6.1.2 (/opt/ros/humble/share/rmw_implementation_cmake/cmake)
-- Found rmw_fastrtps_cpp: 6.2.10 (/opt/ros/humble/share/rmw_fastrtps_cpp/cmake)
-- Found OpenSSL: /usr/lib/x86_64-linux-gnu/libcrypto.so (found version "3.0.2")  
-- Found FastRTPS: /opt/ros/humble/include  
-- Using RMW implementation 'rmw_fastrtps_cpp' as default
-- Looking for pthread.h
-- Looking for pthread.h - found
-- Performing Test CMAKE_HAVE_LIBC_PTHREAD
-- Performing Test CMAKE_HAVE_LIBC_PTHREAD - Success
-- Found Threads: TRUE  
-- Setting build type to Release as none was specified.
-- Configuring done
-- Generating done
-- Build files have been written to: /home/zr/code/src/build/gac_nav2_voxel_grid
[ 50%] [32mBuilding CXX object CMakeFiles/voxel_grid.dir/src/voxel_grid.cpp.o[0m
[100%] [32m[1mLinking CXX shared library libvoxel_grid.so[0m
[100%] Built target voxel_grid
-- Install configuration: "Release"
-- Execute custom install script
-- Symlinking: /home/zr/code/src/install/gac_nav2_voxel_grid/lib/libvoxel_grid.so
-- Symlinking: /home/zr/code/src/install/gac_nav2_voxel_grid/include/nav2_voxel_grid/voxel_grid.hpp
-- Symlinking: /home/zr/code/src/install/gac_nav2_voxel_grid/share/gac_nav2_voxel_grid/environment/library_path.sh
-- Symlinking: /home/zr/code/src/install/gac_nav2_voxel_grid/share/gac_nav2_voxel_grid/environment/library_path.dsv
-- Symlinking: /home/zr/code/src/install/gac_nav2_voxel_grid/share/ament_index/resource_index/package_run_dependencies/gac_nav2_voxel_grid
-- Symlinking: /home/zr/code/src/install/gac_nav2_voxel_grid/share/ament_index/resource_index/parent_prefix_path/gac_nav2_voxel_grid
-- Symlinking: /home/zr/code/src/install/gac_nav2_voxel_grid/share/gac_nav2_voxel_grid/environment/ament_prefix_path.sh
-- Symlinking: /home/zr/code/src/install/gac_nav2_voxel_grid/share/gac_nav2_voxel_grid/environment/ament_prefix_path.dsv
-- Symlinking: /home/zr/code/src/install/gac_nav2_voxel_grid/share/gac_nav2_voxel_grid/environment/path.sh
-- Symlinking: /home/zr/code/src/install/gac_nav2_voxel_grid/share/gac_nav2_voxel_grid/environment/path.dsv
-- Symlinking: /home/zr/code/src/install/gac_nav2_voxel_grid/share/gac_nav2_voxel_grid/local_setup.bash
-- Symlinking: /home/zr/code/src/install/gac_nav2_voxel_grid/share/gac_nav2_voxel_grid/local_setup.sh
-- Symlinking: /home/zr/code/src/install/gac_nav2_voxel_grid/share/gac_nav2_voxel_grid/local_setup.zsh
-- Symlinking: /home/zr/code/src/install/gac_nav2_voxel_grid/share/gac_nav2_voxel_grid/local_setup.dsv
-- Symlinking: /home/zr/code/src/install/gac_nav2_voxel_grid/share/gac_nav2_voxel_grid/package.dsv
-- Symlinking: /home/zr/code/src/install/gac_nav2_voxel_grid/share/ament_index/resource_index/packages/gac_nav2_voxel_grid
-- Symlinking: /home/zr/code/src/install/gac_nav2_voxel_grid/share/gac_nav2_voxel_grid/cmake/ament_cmake_export_dependencies-extras.cmake
-- Symlinking: /home/zr/code/src/install/gac_nav2_voxel_grid/share/gac_nav2_voxel_grid/cmake/ament_cmake_export_include_directories-extras.cmake
-- Symlinking: /home/zr/code/src/install/gac_nav2_voxel_grid/share/gac_nav2_voxel_grid/cmake/ament_cmake_export_libraries-extras.cmake
-- Symlinking: /home/zr/code/src/install/gac_nav2_voxel_grid/share/gac_nav2_voxel_grid/cmake/gac_nav2_voxel_gridConfig.cmake
-- Symlinking: /home/zr/code/src/install/gac_nav2_voxel_grid/share/gac_nav2_voxel_grid/cmake/gac_nav2_voxel_gridConfig-version.cmake
-- Symlinking: /home/zr/code/src/install/gac_nav2_voxel_grid/share/gac_nav2_voxel_grid/package.xml
