[0.019s] Invoking command in '/home/zr/code/src/build/gac_nav2_voxel_grid': CMAKE_PREFIX_PATH=/opt/ros/humble /usr/bin/cmake /home/zr/code/src/nav_ws_gazebo/src/gac_navigation2/gac_nav2_voxel_grid -DBUILD_TESTING=OFF -DCMAKE_C_COMPILER_LAUNCHER=ccache -DCMAKE_CXX_COMPILER_LAUNCHER=ccache -DAMENT_CMAKE_SYMLINK_INSTALL=1 -DCMAKE_INSTALL_PREFIX=/home/zr/code/src/install/gac_nav2_voxel_grid
[0.094s] -- The C compiler identification is GNU 11.4.0
[0.149s] -- The CXX compiler identification is GNU 11.4.0
[0.156s] -- Detecting C compiler ABI info
[0.217s] -- Detecting C compiler ABI info - done
[0.225s] -- Check for working C compiler: /usr/bin/cc - skipped
[0.225s] -- Detecting C compile features
[0.226s] -- Detecting C compile features - done
[0.228s] -- Detecting CXX compiler ABI info
[0.295s] -- Detecting CXX compiler ABI info - done
[0.301s] -- Check for working CXX compiler: /usr/bin/c++ - skipped
[0.301s] -- Detecting CXX compile features
[0.302s] -- Detecting CXX compile features - done
[0.304s] -- Found ament_cmake: 1.3.14 (/opt/ros/humble/share/ament_cmake/cmake)
[0.442s] -- Found Python3: /usr/bin/python3 (found version "3.10.12") found components: Interpreter 
[0.496s] -- Override CMake install command with custom implementation using symlinks instead of copying resources
[0.550s] -- Found nav2_common: 1.1.20 (/opt/ros/humble/share/nav2_common/cmake)
[0.552s] -- Found rclcpp: 16.0.19 (/opt/ros/humble/share/rclcpp/cmake)
[0.589s] -- Found rosidl_generator_c: 3.1.8 (/opt/ros/humble/share/rosidl_generator_c/cmake)
[0.594s] -- Found rosidl_adapter: 3.1.8 (/opt/ros/humble/share/rosidl_adapter/cmake)
[0.602s] -- Found rosidl_generator_cpp: 3.1.8 (/opt/ros/humble/share/rosidl_generator_cpp/cmake)
[0.613s] -- Using all available rosidl_typesupport_c: rosidl_typesupport_fastrtps_c;rosidl_typesupport_introspection_c
[0.630s] -- Using all available rosidl_typesupport_cpp: rosidl_typesupport_fastrtps_cpp;rosidl_typesupport_introspection_cpp
[0.668s] -- Found rmw_implementation_cmake: 6.1.2 (/opt/ros/humble/share/rmw_implementation_cmake/cmake)
[0.670s] -- Found rmw_fastrtps_cpp: 6.2.10 (/opt/ros/humble/share/rmw_fastrtps_cpp/cmake)
[0.761s] -- Found OpenSSL: /usr/lib/x86_64-linux-gnu/libcrypto.so (found version "3.0.2")  
[0.789s] -- Found FastRTPS: /opt/ros/humble/include  
[0.834s] -- Using RMW implementation 'rmw_fastrtps_cpp' as default
[0.842s] -- Looking for pthread.h
[0.940s] -- Looking for pthread.h - found
[0.940s] -- Performing Test CMAKE_HAVE_LIBC_PTHREAD
[1.015s] -- Performing Test CMAKE_HAVE_LIBC_PTHREAD - Success
[1.016s] -- Found Threads: TRUE  
[1.060s] -- Setting build type to Release as none was specified.
[1.126s] -- Configuring done
[1.134s] -- Generating done
[1.137s] -- Build files have been written to: /home/zr/code/src/build/gac_nav2_voxel_grid
[1.146s] Invoked command in '/home/zr/code/src/build/gac_nav2_voxel_grid' returned '0': CMAKE_PREFIX_PATH=/opt/ros/humble /usr/bin/cmake /home/zr/code/src/nav_ws_gazebo/src/gac_navigation2/gac_nav2_voxel_grid -DBUILD_TESTING=OFF -DCMAKE_C_COMPILER_LAUNCHER=ccache -DCMAKE_CXX_COMPILER_LAUNCHER=ccache -DAMENT_CMAKE_SYMLINK_INSTALL=1 -DCMAKE_INSTALL_PREFIX=/home/zr/code/src/install/gac_nav2_voxel_grid
[1.148s] Invoking command in '/home/zr/code/src/build/gac_nav2_voxel_grid': CMAKE_PREFIX_PATH=/opt/ros/humble /usr/bin/cmake --build /home/zr/code/src/build/gac_nav2_voxel_grid -- -j16 -l16
[1.202s] [ 50%] [32mBuilding CXX object CMakeFiles/voxel_grid.dir/src/voxel_grid.cpp.o[0m
[1.228s] [100%] [32m[1mLinking CXX shared library libvoxel_grid.so[0m
[1.328s] [100%] Built target voxel_grid
[1.340s] Invoked command in '/home/zr/code/src/build/gac_nav2_voxel_grid' returned '0': CMAKE_PREFIX_PATH=/opt/ros/humble /usr/bin/cmake --build /home/zr/code/src/build/gac_nav2_voxel_grid -- -j16 -l16
[1.353s] Invoking command in '/home/zr/code/src/build/gac_nav2_voxel_grid': CMAKE_PREFIX_PATH=/opt/ros/humble /usr/bin/cmake --install /home/zr/code/src/build/gac_nav2_voxel_grid
[1.361s] -- Install configuration: "Release"
[1.362s] -- Execute custom install script
[1.363s] -- Symlinking: /home/zr/code/src/install/gac_nav2_voxel_grid/lib/libvoxel_grid.so
[1.370s] -- Symlinking: /home/zr/code/src/install/gac_nav2_voxel_grid/include/nav2_voxel_grid/voxel_grid.hpp
[1.379s] -- Symlinking: /home/zr/code/src/install/gac_nav2_voxel_grid/share/gac_nav2_voxel_grid/environment/library_path.sh
[1.388s] -- Symlinking: /home/zr/code/src/install/gac_nav2_voxel_grid/share/gac_nav2_voxel_grid/environment/library_path.dsv
[1.397s] -- Symlinking: /home/zr/code/src/install/gac_nav2_voxel_grid/share/ament_index/resource_index/package_run_dependencies/gac_nav2_voxel_grid
[1.407s] -- Symlinking: /home/zr/code/src/install/gac_nav2_voxel_grid/share/ament_index/resource_index/parent_prefix_path/gac_nav2_voxel_grid
[1.420s] -- Symlinking: /home/zr/code/src/install/gac_nav2_voxel_grid/share/gac_nav2_voxel_grid/environment/ament_prefix_path.sh
[1.432s] -- Symlinking: /home/zr/code/src/install/gac_nav2_voxel_grid/share/gac_nav2_voxel_grid/environment/ament_prefix_path.dsv
[1.442s] -- Symlinking: /home/zr/code/src/install/gac_nav2_voxel_grid/share/gac_nav2_voxel_grid/environment/path.sh
[1.452s] -- Symlinking: /home/zr/code/src/install/gac_nav2_voxel_grid/share/gac_nav2_voxel_grid/environment/path.dsv
[1.465s] -- Symlinking: /home/zr/code/src/install/gac_nav2_voxel_grid/share/gac_nav2_voxel_grid/local_setup.bash
[1.477s] -- Symlinking: /home/zr/code/src/install/gac_nav2_voxel_grid/share/gac_nav2_voxel_grid/local_setup.sh
[1.487s] -- Symlinking: /home/zr/code/src/install/gac_nav2_voxel_grid/share/gac_nav2_voxel_grid/local_setup.zsh
[1.499s] -- Symlinking: /home/zr/code/src/install/gac_nav2_voxel_grid/share/gac_nav2_voxel_grid/local_setup.dsv
[1.513s] -- Symlinking: /home/zr/code/src/install/gac_nav2_voxel_grid/share/gac_nav2_voxel_grid/package.dsv
[1.525s] -- Symlinking: /home/zr/code/src/install/gac_nav2_voxel_grid/share/ament_index/resource_index/packages/gac_nav2_voxel_grid
[1.540s] -- Symlinking: /home/zr/code/src/install/gac_nav2_voxel_grid/share/gac_nav2_voxel_grid/cmake/ament_cmake_export_dependencies-extras.cmake
[1.549s] -- Symlinking: /home/zr/code/src/install/gac_nav2_voxel_grid/share/gac_nav2_voxel_grid/cmake/ament_cmake_export_include_directories-extras.cmake
[1.559s] -- Symlinking: /home/zr/code/src/install/gac_nav2_voxel_grid/share/gac_nav2_voxel_grid/cmake/ament_cmake_export_libraries-extras.cmake
[1.569s] -- Symlinking: /home/zr/code/src/install/gac_nav2_voxel_grid/share/gac_nav2_voxel_grid/cmake/gac_nav2_voxel_gridConfig.cmake
[1.579s] -- Symlinking: /home/zr/code/src/install/gac_nav2_voxel_grid/share/gac_nav2_voxel_grid/cmake/gac_nav2_voxel_gridConfig-version.cmake
[1.590s] -- Symlinking: /home/zr/code/src/install/gac_nav2_voxel_grid/share/gac_nav2_voxel_grid/package.xml
[1.605s] Invoked command in '/home/zr/code/src/build/gac_nav2_voxel_grid' returned '0': CMAKE_PREFIX_PATH=/opt/ros/humble /usr/bin/cmake --install /home/zr/code/src/build/gac_nav2_voxel_grid
