[  7%] Built target gac_robot_task__rs
[  7%] Built target gac_robot_task__cpp
[ 12%] Built target gac_robot_task__rosidl_generator_c
[ 12%] Built target ament_cmake_python_symlink_gac_robot_task
[ 41%] Built target gac_robot_task__rosidl_typesupport_introspection_c
[ 41%] Built target gac_robot_task__rosidl_typesupport_c
[ 41%] Built target gac_robot_task__rosidl_typesupport_introspection_cpp
[ 43%] Built target gac_robot_task__rosidl_typesupport_fastrtps_c
[ 51%] Built target gac_robot_task__rosidl_typesupport_fastrtps_cpp
[ 58%] Built target gac_robot_task__rosidl_typesupport_cpp
[ 58%] Built target gac_robot_task
[35m[1mConsolidate compiler generated dependencies of target gac_robot_task_node[0m
[ 61%] Built target gac_robot_task__py
[ 64%] [32mBuilding CXX object CMakeFiles/gac_robot_task_node.dir/src/task_executor.cpp.o[0m
[ 69%] Built target gac_robot_task__rosidl_generator_py
[ 84%] Built target gac_robot_task__rosidl_typesupport_introspection_c__pyext
[ 84%] Built target gac_robot_task__rosidl_typesupport_fastrtps_c__pyext
[ 84%] Built target gac_robot_task__rosidl_typesupport_c__pyext
running egg_info
writing gac_robot_task.egg-info/PKG-INFO
writing dependency_links to gac_robot_task.egg-info/dependency_links.txt
writing top-level names to gac_robot_task.egg-info/top_level.txt
reading manifest file 'gac_robot_task.egg-info/SOURCES.txt'
writing manifest file 'gac_robot_task.egg-info/SOURCES.txt'
[ 84%] Built target ament_cmake_python_build_gac_robot_task_egg
[ 87%] [32m[1mLinking CXX executable gac_robot_task_node[0m
[100%] Built target gac_robot_task_node
-- Install configuration: ""
-- Execute custom install script
-- Up-to-date symlink: /home/zr/code/src/install/gac_robot_task/share/ament_index/resource_index/rosidl_interfaces/gac_robot_task
-- Up-to-date symlink: /home/zr/code/src/install/gac_robot_task/include/gac_robot_task/gac_robot_task/action/detail/navigate_tour__functions.h
-- Up-to-date symlink: /home/zr/code/src/install/gac_robot_task/include/gac_robot_task/gac_robot_task/action/detail/navigate_tour__struct.h
-- Up-to-date symlink: /home/zr/code/src/install/gac_robot_task/include/gac_robot_task/gac_robot_task/action/detail/navigate_tour__type_support.h
-- Up-to-date symlink: /home/zr/code/src/install/gac_robot_task/include/gac_robot_task/gac_robot_task/action/navigate_tour.h
-- Up-to-date symlink: /home/zr/code/src/install/gac_robot_task/include/gac_robot_task/gac_robot_task/msg/rosidl_generator_c__visibility_control.h
-- Up-to-date symlink: /home/zr/code/src/install/gac_robot_task/share/gac_robot_task/environment/library_path.sh
-- Up-to-date symlink: /home/zr/code/src/install/gac_robot_task/share/gac_robot_task/environment/library_path.dsv
-- Up-to-date symlink: /home/zr/code/src/install/gac_robot_task/include/gac_robot_task/gac_robot_task/action/detail/navigate_tour__rosidl_typesupport_fastrtps_c.h
-- Up-to-date symlink: /home/zr/code/src/install/gac_robot_task/include/gac_robot_task/gac_robot_task/msg/rosidl_typesupport_fastrtps_c__visibility_control.h
-- Up-to-date symlink: /home/zr/code/src/install/gac_robot_task/include/gac_robot_task/gac_robot_task/action/detail/navigate_tour__builder.hpp
-- Up-to-date symlink: /home/zr/code/src/install/gac_robot_task/include/gac_robot_task/gac_robot_task/action/detail/navigate_tour__struct.hpp
-- Up-to-date symlink: /home/zr/code/src/install/gac_robot_task/include/gac_robot_task/gac_robot_task/action/detail/navigate_tour__traits.hpp
-- Up-to-date symlink: /home/zr/code/src/install/gac_robot_task/include/gac_robot_task/gac_robot_task/action/detail/navigate_tour__type_support.hpp
-- Up-to-date symlink: /home/zr/code/src/install/gac_robot_task/include/gac_robot_task/gac_robot_task/action/navigate_tour.hpp
-- Up-to-date symlink: /home/zr/code/src/install/gac_robot_task/include/gac_robot_task/gac_robot_task/msg/rosidl_generator_cpp__visibility_control.hpp
-- Up-to-date symlink: /home/zr/code/src/install/gac_robot_task/include/gac_robot_task/gac_robot_task/action/detail/navigate_tour__rosidl_typesupport_fastrtps_cpp.hpp
-- Up-to-date symlink: /home/zr/code/src/install/gac_robot_task/include/gac_robot_task/gac_robot_task/msg/rosidl_typesupport_fastrtps_cpp__visibility_control.h
-- Up-to-date symlink: /home/zr/code/src/install/gac_robot_task/include/gac_robot_task/gac_robot_task/action/detail/navigate_tour__rosidl_typesupport_introspection_c.h
-- Up-to-date symlink: /home/zr/code/src/install/gac_robot_task/include/gac_robot_task/gac_robot_task/msg/rosidl_typesupport_introspection_c__visibility_control.h
-- Up-to-date symlink: /home/zr/code/src/install/gac_robot_task/include/gac_robot_task/gac_robot_task/action/detail/navigate_tour__rosidl_typesupport_introspection_cpp.hpp
-- Up-to-date symlink: /home/zr/code/src/install/gac_robot_task/share/gac_robot_task/environment/pythonpath.sh
-- Up-to-date symlink: /home/zr/code/src/install/gac_robot_task/share/gac_robot_task/environment/pythonpath.dsv
-- Up-to-date symlink: /home/zr/code/src/install/gac_robot_task/local/lib/python3.10/dist-packages/gac_robot_task-1.0.3-py3.10.egg-info/PKG-INFO
-- Up-to-date symlink: /home/zr/code/src/install/gac_robot_task/local/lib/python3.10/dist-packages/gac_robot_task-1.0.3-py3.10.egg-info/SOURCES.txt
-- Up-to-date symlink: /home/zr/code/src/install/gac_robot_task/local/lib/python3.10/dist-packages/gac_robot_task-1.0.3-py3.10.egg-info/dependency_links.txt
-- Up-to-date symlink: /home/zr/code/src/install/gac_robot_task/local/lib/python3.10/dist-packages/gac_robot_task-1.0.3-py3.10.egg-info/top_level.txt
-- Up-to-date symlink: /home/zr/code/src/install/gac_robot_task/local/lib/python3.10/dist-packages/gac_robot_task/__init__.py
-- Up-to-date symlink: /home/zr/code/src/install/gac_robot_task/local/lib/python3.10/dist-packages/gac_robot_task/_gac_robot_task_s.ep.rosidl_typesupport_c.c
-- Up-to-date symlink: /home/zr/code/src/install/gac_robot_task/local/lib/python3.10/dist-packages/gac_robot_task/_gac_robot_task_s.ep.rosidl_typesupport_fastrtps_c.c
-- Up-to-date symlink: /home/zr/code/src/install/gac_robot_task/local/lib/python3.10/dist-packages/gac_robot_task/_gac_robot_task_s.ep.rosidl_typesupport_introspection_c.c
-- Up-to-date symlink: /home/zr/code/src/install/gac_robot_task/local/lib/python3.10/dist-packages/gac_robot_task/action/__init__.py
-- Up-to-date symlink: /home/zr/code/src/install/gac_robot_task/local/lib/python3.10/dist-packages/gac_robot_task/action/_navigate_tour.py
-- Up-to-date symlink: /home/zr/code/src/install/gac_robot_task/local/lib/python3.10/dist-packages/gac_robot_task/action/_navigate_tour_s.c
-- Up-to-date symlink: /home/zr/code/src/install/gac_robot_task/local/lib/python3.10/dist-packages/gac_robot_task/gac_robot_task_s__rosidl_typesupport_c.cpython-310-x86_64-linux-gnu.so
-- Up-to-date symlink: /home/zr/code/src/install/gac_robot_task/local/lib/python3.10/dist-packages/gac_robot_task/gac_robot_task_s__rosidl_typesupport_fastrtps_c.cpython-310-x86_64-linux-gnu.so
-- Up-to-date symlink: /home/zr/code/src/install/gac_robot_task/local/lib/python3.10/dist-packages/gac_robot_task/gac_robot_task_s__rosidl_typesupport_introspection_c.cpython-310-x86_64-linux-gnu.so
-- Up-to-date symlink: /home/zr/code/src/install/gac_robot_task/local/lib/python3.10/dist-packages/gac_robot_task/libgac_robot_task__rosidl_generator_py.so
-- Up-to-date symlink: /home/zr/code/src/install/gac_robot_task/local/lib/python3.10/dist-packages/gac_robot_task/gac_robot_task_s__rosidl_typesupport_fastrtps_c.cpython-310-x86_64-linux-gnu.so
-- Up-to-date symlink: /home/zr/code/src/install/gac_robot_task/local/lib/python3.10/dist-packages/gac_robot_task/gac_robot_task_s__rosidl_typesupport_introspection_c.cpython-310-x86_64-linux-gnu.so
-- Up-to-date symlink: /home/zr/code/src/install/gac_robot_task/local/lib/python3.10/dist-packages/gac_robot_task/gac_robot_task_s__rosidl_typesupport_c.cpython-310-x86_64-linux-gnu.so
-- Up-to-date symlink: /home/zr/code/src/install/gac_robot_task/share/ament_index/resource_index/rust_packages/gac_robot_task
-- Up-to-date symlink: /home/zr/code/src/install/gac_robot_task/share/gac_robot_task/rust/Cargo.toml
-- Up-to-date symlink: /home/zr/code/src/install/gac_robot_task/share/gac_robot_task/rust/build.rs
-- Up-to-date symlink: /home/zr/code/src/install/gac_robot_task/share/gac_robot_task/rust/src/action.rs
-- Up-to-date symlink: /home/zr/code/src/install/gac_robot_task/share/gac_robot_task/rust/src/action/rmw.rs
-- Up-to-date symlink: /home/zr/code/src/install/gac_robot_task/share/gac_robot_task/rust/src/lib.rs
-- Up-to-date symlink: /home/zr/code/src/install/gac_robot_task/share/gac_robot_task/action/NavigateTour.idl
-- Up-to-date symlink: /home/zr/code/src/install/gac_robot_task/share/gac_robot_task/action/NavigateTour.action
-- Up-to-date symlink: /home/zr/code/src/install/gac_robot_task/lib/gac_robot_task/gac_robot_task_node
-- Up-to-date symlink: /home/zr/code/src/install/gac_robot_task/include/gac_robot_task/mqtt_pub_sub.hpp
-- Up-to-date symlink: /home/zr/code/src/install/gac_robot_task/include/gac_robot_task/task_executor.hpp
-- Up-to-date symlink: /home/zr/code/src/install/gac_robot_task/include/gac_robot_task/task_manager.hpp
-- Up-to-date symlink: /home/zr/code/src/install/gac_robot_task/include/gac_robot_task/xml_parser.hpp
-- Up-to-date symlink: /home/zr/code/src/install/gac_robot_task/share/gac_robot_task/config/tour_tasks_bk.xml
-- Up-to-date symlink: /home/zr/code/src/install/gac_robot_task/share/gac_robot_task/launch/gac_robot_task_launch.py
-- Up-to-date symlink: /home/zr/code/src/install/gac_robot_task/share/ament_index/resource_index/package_run_dependencies/gac_robot_task
-- Up-to-date symlink: /home/zr/code/src/install/gac_robot_task/share/ament_index/resource_index/parent_prefix_path/gac_robot_task
-- Up-to-date symlink: /home/zr/code/src/install/gac_robot_task/share/gac_robot_task/environment/ament_prefix_path.sh
-- Up-to-date symlink: /home/zr/code/src/install/gac_robot_task/share/gac_robot_task/environment/ament_prefix_path.dsv
-- Up-to-date symlink: /home/zr/code/src/install/gac_robot_task/share/gac_robot_task/environment/path.sh
-- Up-to-date symlink: /home/zr/code/src/install/gac_robot_task/share/gac_robot_task/environment/path.dsv
-- Up-to-date symlink: /home/zr/code/src/install/gac_robot_task/share/gac_robot_task/local_setup.bash
-- Up-to-date symlink: /home/zr/code/src/install/gac_robot_task/share/gac_robot_task/local_setup.sh
-- Up-to-date symlink: /home/zr/code/src/install/gac_robot_task/share/gac_robot_task/local_setup.zsh
-- Up-to-date symlink: /home/zr/code/src/install/gac_robot_task/share/gac_robot_task/local_setup.dsv
-- Symlinking: /home/zr/code/src/install/gac_robot_task/share/gac_robot_task/package.dsv
-- Up-to-date symlink: /home/zr/code/src/install/gac_robot_task/share/ament_index/resource_index/packages/gac_robot_task
-- Up-to-date symlink: /home/zr/code/src/install/gac_robot_task/share/gac_robot_task/cmake/rosidl_cmake-extras.cmake
-- Up-to-date symlink: /home/zr/code/src/install/gac_robot_task/share/gac_robot_task/cmake/ament_cmake_export_dependencies-extras.cmake
-- Up-to-date symlink: /home/zr/code/src/install/gac_robot_task/share/gac_robot_task/cmake/ament_cmake_export_include_directories-extras.cmake
-- Up-to-date symlink: /home/zr/code/src/install/gac_robot_task/share/gac_robot_task/cmake/ament_cmake_export_libraries-extras.cmake
-- Up-to-date symlink: /home/zr/code/src/install/gac_robot_task/share/gac_robot_task/cmake/ament_cmake_export_targets-extras.cmake
-- Up-to-date symlink: /home/zr/code/src/install/gac_robot_task/share/gac_robot_task/cmake/rosidl_cmake_export_typesupport_targets-extras.cmake
-- Up-to-date symlink: /home/zr/code/src/install/gac_robot_task/share/gac_robot_task/cmake/rosidl_cmake_export_typesupport_libraries-extras.cmake
-- Up-to-date symlink: /home/zr/code/src/install/gac_robot_task/share/gac_robot_task/cmake/gac_robot_taskConfig.cmake
-- Up-to-date symlink: /home/zr/code/src/install/gac_robot_task/share/gac_robot_task/cmake/gac_robot_taskConfig-version.cmake
-- Up-to-date symlink: /home/zr/code/src/install/gac_robot_task/share/gac_robot_task/package.xml
-- Up-to-date: /home/zr/code/src/install/gac_robot_task/lib/libgac_robot_task__rosidl_generator_c.so
-- Up-to-date: /home/zr/code/src/install/gac_robot_task/lib/libgac_robot_task__rosidl_typesupport_fastrtps_c.so
-- Up-to-date: /home/zr/code/src/install/gac_robot_task/lib/libgac_robot_task__rosidl_typesupport_fastrtps_cpp.so
-- Up-to-date: /home/zr/code/src/install/gac_robot_task/lib/libgac_robot_task__rosidl_typesupport_introspection_c.so
-- Up-to-date: /home/zr/code/src/install/gac_robot_task/lib/libgac_robot_task__rosidl_typesupport_c.so
-- Up-to-date: /home/zr/code/src/install/gac_robot_task/lib/libgac_robot_task__rosidl_typesupport_introspection_cpp.so
-- Up-to-date: /home/zr/code/src/install/gac_robot_task/lib/libgac_robot_task__rosidl_typesupport_cpp.so
Listing '/home/zr/code/src/install/gac_robot_task/local/lib/python3.10/dist-packages/gac_robot_task'...
Listing '/home/zr/code/src/install/gac_robot_task/local/lib/python3.10/dist-packages/gac_robot_task/action'...
-- Up-to-date: /home/zr/code/src/install/gac_robot_task/lib/libgac_robot_task__rosidl_generator_py.so
-- Up-to-date: /home/zr/code/src/install/gac_robot_task/share/gac_robot_task/cmake/export_gac_robot_task__rosidl_generator_cExport.cmake
-- Up-to-date: /home/zr/code/src/install/gac_robot_task/share/gac_robot_task/cmake/export_gac_robot_task__rosidl_generator_cExport-noconfig.cmake
-- Up-to-date: /home/zr/code/src/install/gac_robot_task/share/gac_robot_task/cmake/export_gac_robot_task__rosidl_typesupport_fastrtps_cExport.cmake
-- Up-to-date: /home/zr/code/src/install/gac_robot_task/share/gac_robot_task/cmake/export_gac_robot_task__rosidl_typesupport_fastrtps_cExport-noconfig.cmake
-- Up-to-date: /home/zr/code/src/install/gac_robot_task/share/gac_robot_task/cmake/export_gac_robot_task__rosidl_generator_cppExport.cmake
-- Up-to-date: /home/zr/code/src/install/gac_robot_task/share/gac_robot_task/cmake/export_gac_robot_task__rosidl_typesupport_fastrtps_cppExport.cmake
-- Up-to-date: /home/zr/code/src/install/gac_robot_task/share/gac_robot_task/cmake/export_gac_robot_task__rosidl_typesupport_fastrtps_cppExport-noconfig.cmake
-- Up-to-date: /home/zr/code/src/install/gac_robot_task/share/gac_robot_task/cmake/gac_robot_task__rosidl_typesupport_introspection_cExport.cmake
-- Up-to-date: /home/zr/code/src/install/gac_robot_task/share/gac_robot_task/cmake/gac_robot_task__rosidl_typesupport_introspection_cExport-noconfig.cmake
-- Up-to-date: /home/zr/code/src/install/gac_robot_task/share/gac_robot_task/cmake/gac_robot_task__rosidl_typesupport_cExport.cmake
-- Up-to-date: /home/zr/code/src/install/gac_robot_task/share/gac_robot_task/cmake/gac_robot_task__rosidl_typesupport_cExport-noconfig.cmake
-- Up-to-date: /home/zr/code/src/install/gac_robot_task/share/gac_robot_task/cmake/gac_robot_task__rosidl_typesupport_introspection_cppExport.cmake
-- Up-to-date: /home/zr/code/src/install/gac_robot_task/share/gac_robot_task/cmake/gac_robot_task__rosidl_typesupport_introspection_cppExport-noconfig.cmake
-- Up-to-date: /home/zr/code/src/install/gac_robot_task/share/gac_robot_task/cmake/gac_robot_task__rosidl_typesupport_cppExport.cmake
-- Up-to-date: /home/zr/code/src/install/gac_robot_task/share/gac_robot_task/cmake/gac_robot_task__rosidl_typesupport_cppExport-noconfig.cmake
-- Up-to-date: /home/zr/code/src/install/gac_robot_task/share/gac_robot_task/cmake/export_gac_robot_task__rosidl_generator_pyExport.cmake
-- Up-to-date: /home/zr/code/src/install/gac_robot_task/share/gac_robot_task/cmake/export_gac_robot_task__rosidl_generator_pyExport-noconfig.cmake
