[0.013s] Invoking command in '/home/zr/code/src/build/gac_nav2_velocity_smoother': AMENT_PREFIX_PATH=/home/zr/code/src/install/nav2_util:${AMENT_PREFIX_PATH} CMAKE_PREFIX_PATH=/home/zr/code/src/install/nav2_util:/opt/ros/humble LD_LIBRARY_PATH=/home/zr/code/src/install/nav2_util/lib:${LD_LIBRARY_PATH} /usr/bin/cmake /home/zr/code/src/nav_ws_gazebo/src/gac_navigation2/gac_nav2_velocity_smoother -DBUILD_TESTING=OFF -DCMAKE_C_COMPILER_LAUNCHER=ccache -DCMAKE_CXX_COMPILER_LAUNCHER=ccache -DAMENT_CMAKE_SYMLINK_INSTALL=1 -DCMAKE_INSTALL_PREFIX=/home/zr/code/src/install/gac_nav2_velocity_smoother
[0.120s] -- The C compiler identification is GNU 11.4.0
[0.179s] -- The CXX compiler identification is GNU 11.4.0
[0.194s] -- Detecting C compiler ABI info
[0.273s] -- Detecting C compiler ABI info - done
[0.301s] -- Check for working C compiler: /usr/bin/cc - skipped
[0.301s] -- Detecting C compile features
[0.301s] -- Detecting C compile features - done
[0.306s] -- Detecting CXX compiler ABI info
[0.473s] -- Detecting CXX compiler ABI info - done
[0.501s] -- Check for working CXX compiler: /usr/bin/c++ - skipped
[0.507s] -- Detecting CXX compile features
[0.510s] -- Detecting CXX compile features - done
[0.520s] -- Found ament_cmake: 1.3.14 (/opt/ros/humble/share/ament_cmake/cmake)
[0.949s] -- Found Python3: /usr/bin/python3 (found version "3.10.12") found components: Interpreter 
[1.037s] -- Override CMake install command with custom implementation using symlinks instead of copying resources
[1.082s] -- Found nav2_common: 1.1.20 (/opt/ros/humble/share/nav2_common/cmake)
[1.085s] -- Found rclcpp: 16.0.19 (/opt/ros/humble/share/rclcpp/cmake)
[1.152s] -- Found rosidl_generator_c: 3.1.8 (/opt/ros/humble/share/rosidl_generator_c/cmake)
[1.161s] -- Found rosidl_adapter: 3.1.8 (/opt/ros/humble/share/rosidl_adapter/cmake)
[1.173s] -- Found rosidl_generator_cpp: 3.1.8 (/opt/ros/humble/share/rosidl_generator_cpp/cmake)
[1.191s] -- Using all available rosidl_typesupport_c: rosidl_typesupport_fastrtps_c;rosidl_typesupport_introspection_c
[1.217s] -- Using all available rosidl_typesupport_cpp: rosidl_typesupport_fastrtps_cpp;rosidl_typesupport_introspection_cpp
[1.314s] -- Found rmw_implementation_cmake: 6.1.2 (/opt/ros/humble/share/rmw_implementation_cmake/cmake)
[1.322s] -- Found rmw_fastrtps_cpp: 6.2.10 (/opt/ros/humble/share/rmw_fastrtps_cpp/cmake)
[1.516s] -- Found OpenSSL: /usr/lib/x86_64-linux-gnu/libcrypto.so (found version "3.0.2")  
[1.620s] -- Found FastRTPS: /opt/ros/humble/include  
[1.758s] -- Using RMW implementation 'rmw_fastrtps_cpp' as default
[1.793s] -- Looking for pthread.h
[2.071s] -- Looking for pthread.h - found
[2.071s] -- Performing Test CMAKE_HAVE_LIBC_PTHREAD
[2.337s] -- Performing Test CMAKE_HAVE_LIBC_PTHREAD - Success
[2.339s] -- Found Threads: TRUE  
[2.498s] -- Found rclcpp_components: 16.0.19 (/opt/ros/humble/share/rclcpp_components/cmake)
[2.593s] -- Found geometry_msgs: 4.9.1 (/opt/ros/humble/share/geometry_msgs/cmake)
[2.630s] -- Found nav2_util: 1.1.14 (/home/zr/code/src/install/nav2_util/share/nav2_util/cmake)
[3.087s] -- Found eigen3_cmake_module: 0.1.1 (/opt/ros/humble/share/eigen3_cmake_module/cmake)
[3.095s] -- Found Eigen3: TRUE (found version "3.4.0") 
[3.095s] -- Ensuring Eigen3 include directory is part of orocos-kdl CMake target
[3.277s] -- Setting build type to Release as none was specified.
[3.667s] -- Configuring done
[3.894s] -- Generating done
[3.931s] -- Build files have been written to: /home/zr/code/src/build/gac_nav2_velocity_smoother
[4.009s] Invoked command in '/home/zr/code/src/build/gac_nav2_velocity_smoother' returned '0': AMENT_PREFIX_PATH=/home/zr/code/src/install/nav2_util:${AMENT_PREFIX_PATH} CMAKE_PREFIX_PATH=/home/zr/code/src/install/nav2_util:/opt/ros/humble LD_LIBRARY_PATH=/home/zr/code/src/install/nav2_util/lib:${LD_LIBRARY_PATH} /usr/bin/cmake /home/zr/code/src/nav_ws_gazebo/src/gac_navigation2/gac_nav2_velocity_smoother -DBUILD_TESTING=OFF -DCMAKE_C_COMPILER_LAUNCHER=ccache -DCMAKE_CXX_COMPILER_LAUNCHER=ccache -DAMENT_CMAKE_SYMLINK_INSTALL=1 -DCMAKE_INSTALL_PREFIX=/home/zr/code/src/install/gac_nav2_velocity_smoother
[4.010s] Invoking command in '/home/zr/code/src/build/gac_nav2_velocity_smoother': AMENT_PREFIX_PATH=/home/zr/code/src/install/nav2_util:${AMENT_PREFIX_PATH} CMAKE_PREFIX_PATH=/home/zr/code/src/install/nav2_util:/opt/ros/humble LD_LIBRARY_PATH=/home/zr/code/src/install/nav2_util/lib:${LD_LIBRARY_PATH} /usr/bin/cmake --build /home/zr/code/src/build/gac_nav2_velocity_smoother -- -j16 -l16
[4.195s] [ 25%] [32mBuilding CXX object CMakeFiles/velocity_smoother_core.dir/src/velocity_smoother.cpp.o[0m
[5.430s] [ 50%] [32m[1mLinking CXX shared library libvelocity_smoother_core.so[0m
[6.541s] [ 50%] Built target velocity_smoother_core
[6.606s] [ 75%] [32mBuilding CXX object CMakeFiles/velocity_smoother.dir/src/main.cpp.o[0m
[7.339s] [100%] [32m[1mLinking CXX executable velocity_smoother[0m
[7.755s] [100%] Built target velocity_smoother
[7.804s] Invoked command in '/home/zr/code/src/build/gac_nav2_velocity_smoother' returned '0': AMENT_PREFIX_PATH=/home/zr/code/src/install/nav2_util:${AMENT_PREFIX_PATH} CMAKE_PREFIX_PATH=/home/zr/code/src/install/nav2_util:/opt/ros/humble LD_LIBRARY_PATH=/home/zr/code/src/install/nav2_util/lib:${LD_LIBRARY_PATH} /usr/bin/cmake --build /home/zr/code/src/build/gac_nav2_velocity_smoother -- -j16 -l16
[7.805s] Invoking command in '/home/zr/code/src/build/gac_nav2_velocity_smoother': AMENT_PREFIX_PATH=/home/zr/code/src/install/nav2_util:${AMENT_PREFIX_PATH} CMAKE_PREFIX_PATH=/home/zr/code/src/install/nav2_util:/opt/ros/humble LD_LIBRARY_PATH=/home/zr/code/src/install/nav2_util/lib:${LD_LIBRARY_PATH} /usr/bin/cmake --install /home/zr/code/src/build/gac_nav2_velocity_smoother
[7.817s] -- Install configuration: "Release"
[7.818s] -- Execute custom install script
[7.819s] -- Symlinking: /home/zr/code/src/install/gac_nav2_velocity_smoother/lib/libvelocity_smoother_core.so
[7.834s] -- Symlinking: /home/zr/code/src/install/gac_nav2_velocity_smoother/lib/gac_nav2_velocity_smoother/velocity_smoother
[7.850s] -- Symlinking: /home/zr/code/src/install/gac_nav2_velocity_smoother/include//nav2_velocity_smoother/velocity_smoother.hpp
[7.865s] -- Symlinking: /home/zr/code/src/install/gac_nav2_velocity_smoother/share/gac_nav2_velocity_smoother/environment/library_path.sh
[7.898s] -- Symlinking: /home/zr/code/src/install/gac_nav2_velocity_smoother/share/gac_nav2_velocity_smoother/environment/library_path.dsv
[7.926s] -- Symlinking: /home/zr/code/src/install/gac_nav2_velocity_smoother/share/ament_index/resource_index/package_run_dependencies/gac_nav2_velocity_smoother
[7.953s] -- Symlinking: /home/zr/code/src/install/gac_nav2_velocity_smoother/share/ament_index/resource_index/parent_prefix_path/gac_nav2_velocity_smoother
[7.984s] -- Symlinking: /home/zr/code/src/install/gac_nav2_velocity_smoother/share/gac_nav2_velocity_smoother/environment/ament_prefix_path.sh
[8.019s] -- Symlinking: /home/zr/code/src/install/gac_nav2_velocity_smoother/share/gac_nav2_velocity_smoother/environment/ament_prefix_path.dsv
[8.125s] -- Symlinking: /home/zr/code/src/install/gac_nav2_velocity_smoother/share/gac_nav2_velocity_smoother/environment/path.sh
[8.164s] -- Symlinking: /home/zr/code/src/install/gac_nav2_velocity_smoother/share/gac_nav2_velocity_smoother/environment/path.dsv
[8.183s] -- Symlinking: /home/zr/code/src/install/gac_nav2_velocity_smoother/share/gac_nav2_velocity_smoother/local_setup.bash
[8.196s] -- Symlinking: /home/zr/code/src/install/gac_nav2_velocity_smoother/share/gac_nav2_velocity_smoother/local_setup.sh
[8.228s] -- Symlinking: /home/zr/code/src/install/gac_nav2_velocity_smoother/share/gac_nav2_velocity_smoother/local_setup.zsh
[8.247s] -- Symlinking: /home/zr/code/src/install/gac_nav2_velocity_smoother/share/gac_nav2_velocity_smoother/local_setup.dsv
[8.284s] -- Symlinking: /home/zr/code/src/install/gac_nav2_velocity_smoother/share/gac_nav2_velocity_smoother/package.dsv
[8.308s] -- Symlinking: /home/zr/code/src/install/gac_nav2_velocity_smoother/share/ament_index/resource_index/packages/gac_nav2_velocity_smoother
[8.325s] -- Symlinking: /home/zr/code/src/install/gac_nav2_velocity_smoother/share/ament_index/resource_index/rclcpp_components/gac_nav2_velocity_smoother
[8.366s] -- Symlinking: /home/zr/code/src/install/gac_nav2_velocity_smoother/share/gac_nav2_velocity_smoother/cmake/ament_cmake_export_include_directories-extras.cmake
[8.399s] -- Symlinking: /home/zr/code/src/install/gac_nav2_velocity_smoother/share/gac_nav2_velocity_smoother/cmake/ament_cmake_export_libraries-extras.cmake
[8.414s] -- Symlinking: /home/zr/code/src/install/gac_nav2_velocity_smoother/share/gac_nav2_velocity_smoother/cmake/ament_cmake_export_dependencies-extras.cmake
[8.432s] -- Symlinking: /home/zr/code/src/install/gac_nav2_velocity_smoother/share/gac_nav2_velocity_smoother/cmake/gac_nav2_velocity_smootherConfig.cmake
[8.458s] -- Symlinking: /home/zr/code/src/install/gac_nav2_velocity_smoother/share/gac_nav2_velocity_smoother/cmake/gac_nav2_velocity_smootherConfig-version.cmake
[8.475s] -- Symlinking: /home/zr/code/src/install/gac_nav2_velocity_smoother/share/gac_nav2_velocity_smoother/package.xml
[8.522s] Invoked command in '/home/zr/code/src/build/gac_nav2_velocity_smoother' returned '0': AMENT_PREFIX_PATH=/home/zr/code/src/install/nav2_util:${AMENT_PREFIX_PATH} CMAKE_PREFIX_PATH=/home/zr/code/src/install/nav2_util:/opt/ros/humble LD_LIBRARY_PATH=/home/zr/code/src/install/nav2_util/lib:${LD_LIBRARY_PATH} /usr/bin/cmake --install /home/zr/code/src/build/gac_nav2_velocity_smoother
