[0.061s] Invoking command in '/home/zr/code/src/build/nav2_regulated_pure_pursuit_controller': AMENT_PREFIX_PATH=/home/zr/code/src/install/gac_nav2_controller:/home/zr/code/src/install/gac_nav2_core:/home/zr/code/src/install/gac_nav2_costmap_2d:/home/zr/code/src/install/nav_2d_utils:/home/zr/code/src/install/nav2_map_server:/home/zr/code/src/install/nav2_lifecycle_manager:/home/zr/code/src/install/nav_2d_msgs:/home/zr/code/src/install/nav2_util:/home/zr/code/src/install/gac_nav2_voxel_grid:${AMENT_PREFIX_PATH} CMAKE_PREFIX_PATH=/home/zr/code/src/install/gac_nav2_controller:/home/zr/code/src/install/gac_nav2_core:/home/zr/code/src/install/gac_nav2_costmap_2d:/home/zr/code/src/install/nav_2d_utils:/home/zr/code/src/install/nav2_map_server:/home/zr/code/src/install/nav2_lifecycle_manager:/home/zr/code/src/install/nav_2d_msgs:/home/zr/code/src/install/nav2_util:/home/zr/code/src/install/gac_nav2_voxel_grid:/opt/ros/humble LD_LIBRARY_PATH=/home/zr/code/src/install/gac_nav2_controller/lib:/home/zr/code/src/install/gac_nav2_costmap_2d/lib:/home/zr/code/src/install/nav_2d_utils/lib:/home/zr/code/src/install/nav2_map_server/lib:/home/zr/code/src/install/nav2_lifecycle_manager/lib:/home/zr/code/src/install/nav_2d_msgs/lib:/home/zr/code/src/install/nav2_util/lib:/home/zr/code/src/install/gac_nav2_voxel_grid/lib:${LD_LIBRARY_PATH} PYTHONPATH=/home/zr/code/src/install/nav_2d_msgs/local/lib/python3.10/dist-packages:${PYTHONPATH} /usr/bin/cmake /home/zr/code/src/nav_ws_gazebo/src/gac_navigation2/nav2_regulated_pure_pursuit_controller -DBUILD_TESTING=OFF -DCMAKE_C_COMPILER_LAUNCHER=ccache -DCMAKE_CXX_COMPILER_LAUNCHER=ccache -DAMENT_CMAKE_SYMLINK_INSTALL=1 -DCMAKE_INSTALL_PREFIX=/home/zr/code/src/install/nav2_regulated_pure_pursuit_controller
[0.153s] -- The C compiler identification is GNU 11.4.0
[0.264s] -- The CXX compiler identification is GNU 11.4.0
[0.271s] -- Detecting C compiler ABI info
[0.409s] -- Detecting C compiler ABI info - done
[0.419s] -- Check for working C compiler: /usr/bin/cc - skipped
[0.420s] -- Detecting C compile features
[0.420s] -- Detecting C compile features - done
[0.426s] -- Detecting CXX compiler ABI info
[0.576s] -- Detecting CXX compiler ABI info - done
[0.583s] -- Check for working CXX compiler: /usr/bin/c++ - skipped
[0.584s] -- Detecting CXX compile features
[0.584s] -- Detecting CXX compile features - done
[0.589s] -- Found ament_cmake: 1.3.14 (/opt/ros/humble/share/ament_cmake/cmake)
[0.925s] -- Found Python3: /usr/bin/python3 (found version "3.10.12") found components: Interpreter 
[1.034s] -- Override CMake install command with custom implementation using symlinks instead of copying resources
[1.106s] -- Found nav2_common: 1.1.20 (/opt/ros/humble/share/nav2_common/cmake)
[1.107s] -- Found gac_nav2_core: 1.1.14 (/home/zr/code/src/install/gac_nav2_core/share/gac_nav2_core/cmake)
[1.201s] -- Found rosidl_generator_c: 3.1.8 (/opt/ros/humble/share/rosidl_generator_c/cmake)
[1.213s] -- Found rosidl_adapter: 3.1.8 (/opt/ros/humble/share/rosidl_adapter/cmake)
[1.232s] -- Found rosidl_generator_cpp: 3.1.8 (/opt/ros/humble/share/rosidl_generator_cpp/cmake)
[1.258s] -- Using all available rosidl_typesupport_c: rosidl_typesupport_fastrtps_c;rosidl_typesupport_introspection_c
[1.287s] -- Using all available rosidl_typesupport_cpp: rosidl_typesupport_fastrtps_cpp;rosidl_typesupport_introspection_cpp
[1.373s] -- Found rmw_implementation_cmake: 6.1.2 (/opt/ros/humble/share/rmw_implementation_cmake/cmake)
[1.379s] -- Found rmw_fastrtps_cpp: 6.2.10 (/opt/ros/humble/share/rmw_fastrtps_cpp/cmake)
[1.570s] -- Found OpenSSL: /usr/lib/x86_64-linux-gnu/libcrypto.so (found version "3.0.2")  
[1.622s] -- Found FastRTPS: /opt/ros/humble/include  
[1.703s] -- Using RMW implementation 'rmw_fastrtps_cpp' as default
[1.725s] -- Looking for pthread.h
[1.868s] -- Looking for pthread.h - found
[1.868s] -- Performing Test CMAKE_HAVE_LIBC_PTHREAD
[2.018s] -- Performing Test CMAKE_HAVE_LIBC_PTHREAD - Success
[2.019s] -- Found Threads: TRUE  
[2.494s] -- Found Eigen3: TRUE (found version "3.4.0") 
[2.495s] -- Ensuring Eigen3 include directory is part of orocos-kdl CMake target
[2.653s] -- Found gac_nav2_controller: 1.1.14 (/home/zr/code/src/install/gac_nav2_controller/share/gac_nav2_controller/cmake)
[2.708s] -- Setting build type to Release as none was specified.
[3.336s] -- Configuring done
[3.445s] -- Generating done
[3.467s] -- Build files have been written to: /home/zr/code/src/build/nav2_regulated_pure_pursuit_controller
[3.493s] Invoked command in '/home/zr/code/src/build/nav2_regulated_pure_pursuit_controller' returned '0': AMENT_PREFIX_PATH=/home/zr/code/src/install/gac_nav2_controller:/home/zr/code/src/install/gac_nav2_core:/home/zr/code/src/install/gac_nav2_costmap_2d:/home/zr/code/src/install/nav_2d_utils:/home/zr/code/src/install/nav2_map_server:/home/zr/code/src/install/nav2_lifecycle_manager:/home/zr/code/src/install/nav_2d_msgs:/home/zr/code/src/install/nav2_util:/home/zr/code/src/install/gac_nav2_voxel_grid:${AMENT_PREFIX_PATH} CMAKE_PREFIX_PATH=/home/zr/code/src/install/gac_nav2_controller:/home/zr/code/src/install/gac_nav2_core:/home/zr/code/src/install/gac_nav2_costmap_2d:/home/zr/code/src/install/nav_2d_utils:/home/zr/code/src/install/nav2_map_server:/home/zr/code/src/install/nav2_lifecycle_manager:/home/zr/code/src/install/nav_2d_msgs:/home/zr/code/src/install/nav2_util:/home/zr/code/src/install/gac_nav2_voxel_grid:/opt/ros/humble LD_LIBRARY_PATH=/home/zr/code/src/install/gac_nav2_controller/lib:/home/zr/code/src/install/gac_nav2_costmap_2d/lib:/home/zr/code/src/install/nav_2d_utils/lib:/home/zr/code/src/install/nav2_map_server/lib:/home/zr/code/src/install/nav2_lifecycle_manager/lib:/home/zr/code/src/install/nav_2d_msgs/lib:/home/zr/code/src/install/nav2_util/lib:/home/zr/code/src/install/gac_nav2_voxel_grid/lib:${LD_LIBRARY_PATH} PYTHONPATH=/home/zr/code/src/install/nav_2d_msgs/local/lib/python3.10/dist-packages:${PYTHONPATH} /usr/bin/cmake /home/zr/code/src/nav_ws_gazebo/src/gac_navigation2/nav2_regulated_pure_pursuit_controller -DBUILD_TESTING=OFF -DCMAKE_C_COMPILER_LAUNCHER=ccache -DCMAKE_CXX_COMPILER_LAUNCHER=ccache -DAMENT_CMAKE_SYMLINK_INSTALL=1 -DCMAKE_INSTALL_PREFIX=/home/zr/code/src/install/nav2_regulated_pure_pursuit_controller
[3.494s] Invoking command in '/home/zr/code/src/build/nav2_regulated_pure_pursuit_controller': AMENT_PREFIX_PATH=/home/zr/code/src/install/gac_nav2_controller:/home/zr/code/src/install/gac_nav2_core:/home/zr/code/src/install/gac_nav2_costmap_2d:/home/zr/code/src/install/nav_2d_utils:/home/zr/code/src/install/nav2_map_server:/home/zr/code/src/install/nav2_lifecycle_manager:/home/zr/code/src/install/nav_2d_msgs:/home/zr/code/src/install/nav2_util:/home/zr/code/src/install/gac_nav2_voxel_grid:${AMENT_PREFIX_PATH} CMAKE_PREFIX_PATH=/home/zr/code/src/install/gac_nav2_controller:/home/zr/code/src/install/gac_nav2_core:/home/zr/code/src/install/gac_nav2_costmap_2d:/home/zr/code/src/install/nav_2d_utils:/home/zr/code/src/install/nav2_map_server:/home/zr/code/src/install/nav2_lifecycle_manager:/home/zr/code/src/install/nav_2d_msgs:/home/zr/code/src/install/nav2_util:/home/zr/code/src/install/gac_nav2_voxel_grid:/opt/ros/humble LD_LIBRARY_PATH=/home/zr/code/src/install/gac_nav2_controller/lib:/home/zr/code/src/install/gac_nav2_costmap_2d/lib:/home/zr/code/src/install/nav_2d_utils/lib:/home/zr/code/src/install/nav2_map_server/lib:/home/zr/code/src/install/nav2_lifecycle_manager/lib:/home/zr/code/src/install/nav_2d_msgs/lib:/home/zr/code/src/install/nav2_util/lib:/home/zr/code/src/install/gac_nav2_voxel_grid/lib:${LD_LIBRARY_PATH} PYTHONPATH=/home/zr/code/src/install/nav_2d_msgs/local/lib/python3.10/dist-packages:${PYTHONPATH} /usr/bin/cmake --build /home/zr/code/src/build/nav2_regulated_pure_pursuit_controller -- -j16 -l16
[3.595s] [ 50%] [32mBuilding CXX object CMakeFiles/nav2_regulated_pure_pursuit_controller.dir/src/regulated_pure_pursuit_controller.cpp.o[0m
[13.036s] [100%] [32m[1mLinking CXX shared library libnav2_regulated_pure_pursuit_controller.so[0m
[13.307s] [100%] Built target nav2_regulated_pure_pursuit_controller
[13.346s] Invoked command in '/home/zr/code/src/build/nav2_regulated_pure_pursuit_controller' returned '0': AMENT_PREFIX_PATH=/home/zr/code/src/install/gac_nav2_controller:/home/zr/code/src/install/gac_nav2_core:/home/zr/code/src/install/gac_nav2_costmap_2d:/home/zr/code/src/install/nav_2d_utils:/home/zr/code/src/install/nav2_map_server:/home/zr/code/src/install/nav2_lifecycle_manager:/home/zr/code/src/install/nav_2d_msgs:/home/zr/code/src/install/nav2_util:/home/zr/code/src/install/gac_nav2_voxel_grid:${AMENT_PREFIX_PATH} CMAKE_PREFIX_PATH=/home/zr/code/src/install/gac_nav2_controller:/home/zr/code/src/install/gac_nav2_core:/home/zr/code/src/install/gac_nav2_costmap_2d:/home/zr/code/src/install/nav_2d_utils:/home/zr/code/src/install/nav2_map_server:/home/zr/code/src/install/nav2_lifecycle_manager:/home/zr/code/src/install/nav_2d_msgs:/home/zr/code/src/install/nav2_util:/home/zr/code/src/install/gac_nav2_voxel_grid:/opt/ros/humble LD_LIBRARY_PATH=/home/zr/code/src/install/gac_nav2_controller/lib:/home/zr/code/src/install/gac_nav2_costmap_2d/lib:/home/zr/code/src/install/nav_2d_utils/lib:/home/zr/code/src/install/nav2_map_server/lib:/home/zr/code/src/install/nav2_lifecycle_manager/lib:/home/zr/code/src/install/nav_2d_msgs/lib:/home/zr/code/src/install/nav2_util/lib:/home/zr/code/src/install/gac_nav2_voxel_grid/lib:${LD_LIBRARY_PATH} PYTHONPATH=/home/zr/code/src/install/nav_2d_msgs/local/lib/python3.10/dist-packages:${PYTHONPATH} /usr/bin/cmake --build /home/zr/code/src/build/nav2_regulated_pure_pursuit_controller -- -j16 -l16
[13.348s] Invoking command in '/home/zr/code/src/build/nav2_regulated_pure_pursuit_controller': AMENT_PREFIX_PATH=/home/zr/code/src/install/gac_nav2_controller:/home/zr/code/src/install/gac_nav2_core:/home/zr/code/src/install/gac_nav2_costmap_2d:/home/zr/code/src/install/nav_2d_utils:/home/zr/code/src/install/nav2_map_server:/home/zr/code/src/install/nav2_lifecycle_manager:/home/zr/code/src/install/nav_2d_msgs:/home/zr/code/src/install/nav2_util:/home/zr/code/src/install/gac_nav2_voxel_grid:${AMENT_PREFIX_PATH} CMAKE_PREFIX_PATH=/home/zr/code/src/install/gac_nav2_controller:/home/zr/code/src/install/gac_nav2_core:/home/zr/code/src/install/gac_nav2_costmap_2d:/home/zr/code/src/install/nav_2d_utils:/home/zr/code/src/install/nav2_map_server:/home/zr/code/src/install/nav2_lifecycle_manager:/home/zr/code/src/install/nav_2d_msgs:/home/zr/code/src/install/nav2_util:/home/zr/code/src/install/gac_nav2_voxel_grid:/opt/ros/humble LD_LIBRARY_PATH=/home/zr/code/src/install/gac_nav2_controller/lib:/home/zr/code/src/install/gac_nav2_costmap_2d/lib:/home/zr/code/src/install/nav_2d_utils/lib:/home/zr/code/src/install/nav2_map_server/lib:/home/zr/code/src/install/nav2_lifecycle_manager/lib:/home/zr/code/src/install/nav_2d_msgs/lib:/home/zr/code/src/install/nav2_util/lib:/home/zr/code/src/install/gac_nav2_voxel_grid/lib:${LD_LIBRARY_PATH} PYTHONPATH=/home/zr/code/src/install/nav_2d_msgs/local/lib/python3.10/dist-packages:${PYTHONPATH} /usr/bin/cmake --install /home/zr/code/src/build/nav2_regulated_pure_pursuit_controller
[13.356s] -- Install configuration: "Release"
[13.356s] -- Execute custom install script
[13.356s] -- Symlinking: /home/zr/code/src/install/nav2_regulated_pure_pursuit_controller/lib/libnav2_regulated_pure_pursuit_controller.so
[13.369s] -- Symlinking: /home/zr/code/src/install/nav2_regulated_pure_pursuit_controller/include//nav2_regulated_pure_pursuit_controller/regulated_pure_pursuit_controller.hpp
[13.380s] -- Symlinking: /home/zr/code/src/install/nav2_regulated_pure_pursuit_controller/share/nav2_regulated_pure_pursuit_controller/environment/library_path.sh
[13.390s] -- Symlinking: /home/zr/code/src/install/nav2_regulated_pure_pursuit_controller/share/nav2_regulated_pure_pursuit_controller/environment/library_path.dsv
[13.401s] -- Symlinking: /home/zr/code/src/install/nav2_regulated_pure_pursuit_controller/share/nav2_regulated_pure_pursuit_controller//nav2_regulated_pure_pursuit_controller.xml
[13.411s] -- Symlinking: /home/zr/code/src/install/nav2_regulated_pure_pursuit_controller/share/ament_index/resource_index/package_run_dependencies/nav2_regulated_pure_pursuit_controller
[13.423s] -- Symlinking: /home/zr/code/src/install/nav2_regulated_pure_pursuit_controller/share/ament_index/resource_index/parent_prefix_path/nav2_regulated_pure_pursuit_controller
[13.433s] -- Symlinking: /home/zr/code/src/install/nav2_regulated_pure_pursuit_controller/share/nav2_regulated_pure_pursuit_controller/environment/ament_prefix_path.sh
[13.445s] -- Symlinking: /home/zr/code/src/install/nav2_regulated_pure_pursuit_controller/share/nav2_regulated_pure_pursuit_controller/environment/ament_prefix_path.dsv
[13.456s] -- Symlinking: /home/zr/code/src/install/nav2_regulated_pure_pursuit_controller/share/nav2_regulated_pure_pursuit_controller/environment/path.sh
[13.467s] -- Symlinking: /home/zr/code/src/install/nav2_regulated_pure_pursuit_controller/share/nav2_regulated_pure_pursuit_controller/environment/path.dsv
[13.476s] -- Symlinking: /home/zr/code/src/install/nav2_regulated_pure_pursuit_controller/share/nav2_regulated_pure_pursuit_controller/local_setup.bash
[13.485s] -- Symlinking: /home/zr/code/src/install/nav2_regulated_pure_pursuit_controller/share/nav2_regulated_pure_pursuit_controller/local_setup.sh
[13.495s] -- Symlinking: /home/zr/code/src/install/nav2_regulated_pure_pursuit_controller/share/nav2_regulated_pure_pursuit_controller/local_setup.zsh
[13.507s] -- Symlinking: /home/zr/code/src/install/nav2_regulated_pure_pursuit_controller/share/nav2_regulated_pure_pursuit_controller/local_setup.dsv
[13.517s] -- Symlinking: /home/zr/code/src/install/nav2_regulated_pure_pursuit_controller/share/nav2_regulated_pure_pursuit_controller/package.dsv
[13.528s] -- Symlinking: /home/zr/code/src/install/nav2_regulated_pure_pursuit_controller/share/ament_index/resource_index/packages/nav2_regulated_pure_pursuit_controller
[13.537s] -- Symlinking: /home/zr/code/src/install/nav2_regulated_pure_pursuit_controller/share/ament_index/resource_index/gac_nav2_core__pluginlib__plugin/nav2_regulated_pure_pursuit_controller
[13.546s] -- Symlinking: /home/zr/code/src/install/nav2_regulated_pure_pursuit_controller/share/nav2_regulated_pure_pursuit_controller/cmake/ament_cmake_export_include_directories-extras.cmake
[13.555s] -- Symlinking: /home/zr/code/src/install/nav2_regulated_pure_pursuit_controller/share/nav2_regulated_pure_pursuit_controller/cmake/ament_cmake_export_libraries-extras.cmake
[13.565s] -- Symlinking: /home/zr/code/src/install/nav2_regulated_pure_pursuit_controller/share/nav2_regulated_pure_pursuit_controller/cmake/ament_cmake_export_dependencies-extras.cmake
[13.575s] -- Symlinking: /home/zr/code/src/install/nav2_regulated_pure_pursuit_controller/share/nav2_regulated_pure_pursuit_controller/cmake/nav2_regulated_pure_pursuit_controllerConfig.cmake
[13.584s] -- Symlinking: /home/zr/code/src/install/nav2_regulated_pure_pursuit_controller/share/nav2_regulated_pure_pursuit_controller/cmake/nav2_regulated_pure_pursuit_controllerConfig-version.cmake
[13.594s] -- Symlinking: /home/zr/code/src/install/nav2_regulated_pure_pursuit_controller/share/nav2_regulated_pure_pursuit_controller/package.xml
[13.607s] Invoked command in '/home/zr/code/src/build/nav2_regulated_pure_pursuit_controller' returned '0': AMENT_PREFIX_PATH=/home/zr/code/src/install/gac_nav2_controller:/home/zr/code/src/install/gac_nav2_core:/home/zr/code/src/install/gac_nav2_costmap_2d:/home/zr/code/src/install/nav_2d_utils:/home/zr/code/src/install/nav2_map_server:/home/zr/code/src/install/nav2_lifecycle_manager:/home/zr/code/src/install/nav_2d_msgs:/home/zr/code/src/install/nav2_util:/home/zr/code/src/install/gac_nav2_voxel_grid:${AMENT_PREFIX_PATH} CMAKE_PREFIX_PATH=/home/zr/code/src/install/gac_nav2_controller:/home/zr/code/src/install/gac_nav2_core:/home/zr/code/src/install/gac_nav2_costmap_2d:/home/zr/code/src/install/nav_2d_utils:/home/zr/code/src/install/nav2_map_server:/home/zr/code/src/install/nav2_lifecycle_manager:/home/zr/code/src/install/nav_2d_msgs:/home/zr/code/src/install/nav2_util:/home/zr/code/src/install/gac_nav2_voxel_grid:/opt/ros/humble LD_LIBRARY_PATH=/home/zr/code/src/install/gac_nav2_controller/lib:/home/zr/code/src/install/gac_nav2_costmap_2d/lib:/home/zr/code/src/install/nav_2d_utils/lib:/home/zr/code/src/install/nav2_map_server/lib:/home/zr/code/src/install/nav2_lifecycle_manager/lib:/home/zr/code/src/install/nav_2d_msgs/lib:/home/zr/code/src/install/nav2_util/lib:/home/zr/code/src/install/gac_nav2_voxel_grid/lib:${LD_LIBRARY_PATH} PYTHONPATH=/home/zr/code/src/install/nav_2d_msgs/local/lib/python3.10/dist-packages:${PYTHONPATH} /usr/bin/cmake --install /home/zr/code/src/build/nav2_regulated_pure_pursuit_controller
