-- The C compiler identification is GNU 11.4.0
-- The CXX compiler identification is GNU 11.4.0
-- Detecting C compiler ABI info
-- Detecting C compiler ABI info - done
-- Check for working C compiler: /usr/bin/cc - skipped
-- Detecting C compile features
-- Detecting C compile features - done
-- Detecting CXX compiler ABI info
-- Detecting CXX compiler ABI info - done
-- Check for working CXX compiler: /usr/bin/c++ - skipped
-- Detecting CXX compile features
-- Detecting CXX compile features - done
-- Found ament_cmake: 1.3.14 (/opt/ros/humble/share/ament_cmake/cmake)
-- Found Python3: /usr/bin/python3 (found version "3.10.12") found components: Interpreter 
-- Override CMake install command with custom implementation using symlinks instead of copying resources
-- Found nav2_common: 1.1.20 (/opt/ros/humble/share/nav2_common/cmake)
-- Found nav2_msgs: 1.1.20 (/opt/ros/humble/share/nav2_msgs/cmake)
-- Found rosidl_generator_c: 3.1.8 (/opt/ros/humble/share/rosidl_generator_c/cmake)
-- Found rosidl_adapter: 3.1.8 (/opt/ros/humble/share/rosidl_adapter/cmake)
-- Found rosidl_generator_cpp: 3.1.8 (/opt/ros/humble/share/rosidl_generator_cpp/cmake)
-- Using all available rosidl_typesupport_c: rosidl_typesupport_fastrtps_c;rosidl_typesupport_introspection_c
-- Using all available rosidl_typesupport_cpp: rosidl_typesupport_fastrtps_cpp;rosidl_typesupport_introspection_cpp
-- Found tf2_ros: 0.25.20 (/opt/ros/humble/share/tf2_ros/cmake)
-- Found rmw_implementation_cmake: 6.1.2 (/opt/ros/humble/share/rmw_implementation_cmake/cmake)
-- Found rmw_fastrtps_cpp: 6.2.10 (/opt/ros/humble/share/rmw_fastrtps_cpp/cmake)
-- Found OpenSSL: /usr/lib/x86_64-linux-gnu/libcrypto.so (found version "3.0.2")  
-- Found FastRTPS: /opt/ros/humble/include  
-- Using RMW implementation 'rmw_fastrtps_cpp' as default
-- Looking for pthread.h
-- Looking for pthread.h - found
-- Performing Test CMAKE_HAVE_LIBC_PTHREAD
-- Performing Test CMAKE_HAVE_LIBC_PTHREAD - Success
-- Found Threads: TRUE  
-- Found tf2_geometry_msgs: 0.25.20 (/opt/ros/humble/share/tf2_geometry_msgs/cmake)
-- Found eigen3_cmake_module: 0.1.1 (/opt/ros/humble/share/eigen3_cmake_module/cmake)
-- Found Eigen3: TRUE (found version "3.4.0") 
-- Ensuring Eigen3 include directory is part of orocos-kdl CMake target
-- Found lifecycle_msgs: 1.2.2 (/opt/ros/humble/share/lifecycle_msgs/cmake)
-- Found rclcpp_lifecycle: 16.0.19 (/opt/ros/humble/share/rclcpp_lifecycle/cmake)
-- Found bondcpp: 4.1.4 (/opt/ros/humble/share/bondcpp/cmake)
-- Setting build type to Release as none was specified.
-- Found Boost: /usr/lib/x86_64-linux-gnu/cmake/Boost-1.74.0/BoostConfig.cmake (found version "1.74.0") found components: program_options 
-- Configuring done
-- Generating done
-- Build files have been written to: /home/zr/code/src/build/nav2_util
[  8%] [32mBuilding CXX object src/CMakeFiles/nav2_util_core.dir/costmap.cpp.o[0m
[ 16%] [32mBuilding CXX object src/CMakeFiles/nav2_util_core.dir/node_utils.cpp.o[0m
[ 25%] [32mBuilding CXX object src/CMakeFiles/nav2_util_core.dir/string_utils.cpp.o[0m
[ 41%] [32mBuilding CXX object src/CMakeFiles/nav2_util_core.dir/lifecycle_node.cpp.o[0m
[ 50%] [32mBuilding CXX object src/CMakeFiles/nav2_util_core.dir/lifecycle_utils.cpp.o[0m
[ 50%] [32mBuilding CXX object src/CMakeFiles/nav2_util_core.dir/robot_utils.cpp.o[0m
[ 58%] [32mBuilding CXX object src/CMakeFiles/nav2_util_core.dir/node_thread.cpp.o[0m
[ 66%] [32mBuilding CXX object src/CMakeFiles/nav2_util_core.dir/lifecycle_service_client.cpp.o[0m
[ 75%] [32mBuilding CXX object src/CMakeFiles/nav2_util_core.dir/odometry_utils.cpp.o[0m
[ 83%] [32m[1mLinking CXX shared library libnav2_util_core.so[0m
[ 83%] Built target nav2_util_core
[ 91%] [32mBuilding CXX object src/CMakeFiles/lifecycle_bringup.dir/lifecycle_bringup_commandline.cpp.o[0m
[100%] [32m[1mLinking CXX executable lifecycle_bringup[0m
[100%] Built target lifecycle_bringup
-- Install configuration: "Release"
-- Execute custom install script
-- Symlinking: /home/zr/code/src/install/nav2_util/lib/libnav2_util_core.so
-- Symlinking: /home/zr/code/src/install/nav2_util/lib/nav2_util/lifecycle_bringup
-- Symlinking: /home/zr/code/src/install/nav2_util/include//nav2_util/clear_entirely_costmap_service_client.hpp
-- Symlinking: /home/zr/code/src/install/nav2_util/include//nav2_util/costmap.hpp
-- Symlinking: /home/zr/code/src/install/nav2_util/include//nav2_util/execution_timer.hpp
-- Symlinking: /home/zr/code/src/install/nav2_util/include//nav2_util/geometry_utils.hpp
-- Symlinking: /home/zr/code/src/install/nav2_util/include//nav2_util/lifecycle_node.hpp
-- Symlinking: /home/zr/code/src/install/nav2_util/include//nav2_util/lifecycle_service_client.hpp
-- Symlinking: /home/zr/code/src/install/nav2_util/include//nav2_util/lifecycle_utils.hpp
-- Symlinking: /home/zr/code/src/install/nav2_util/include//nav2_util/line_iterator.hpp
-- Symlinking: /home/zr/code/src/install/nav2_util/include//nav2_util/node_thread.hpp
-- Symlinking: /home/zr/code/src/install/nav2_util/include//nav2_util/node_utils.hpp
-- Symlinking: /home/zr/code/src/install/nav2_util/include//nav2_util/occ_grid_values.hpp
-- Symlinking: /home/zr/code/src/install/nav2_util/include//nav2_util/odometry_utils.hpp
-- Symlinking: /home/zr/code/src/install/nav2_util/include//nav2_util/robot_utils.hpp
-- Symlinking: /home/zr/code/src/install/nav2_util/include//nav2_util/service_client.hpp
-- Symlinking: /home/zr/code/src/install/nav2_util/include//nav2_util/simple_action_server.hpp
-- Symlinking: /home/zr/code/src/install/nav2_util/include//nav2_util/string_utils.hpp
-- Symlinking: /home/zr/code/src/install/nav2_util/share/nav2_util/environment/library_path.sh
-- Symlinking: /home/zr/code/src/install/nav2_util/share/nav2_util/environment/library_path.dsv
-- Symlinking: /home/zr/code/src/install/nav2_util/share/ament_index/resource_index/package_run_dependencies/nav2_util
-- Symlinking: /home/zr/code/src/install/nav2_util/share/ament_index/resource_index/parent_prefix_path/nav2_util
-- Symlinking: /home/zr/code/src/install/nav2_util/share/nav2_util/environment/ament_prefix_path.sh
-- Symlinking: /home/zr/code/src/install/nav2_util/share/nav2_util/environment/ament_prefix_path.dsv
-- Symlinking: /home/zr/code/src/install/nav2_util/share/nav2_util/environment/path.sh
-- Symlinking: /home/zr/code/src/install/nav2_util/share/nav2_util/environment/path.dsv
-- Symlinking: /home/zr/code/src/install/nav2_util/share/nav2_util/local_setup.bash
-- Symlinking: /home/zr/code/src/install/nav2_util/share/nav2_util/local_setup.sh
-- Symlinking: /home/zr/code/src/install/nav2_util/share/nav2_util/local_setup.zsh
-- Symlinking: /home/zr/code/src/install/nav2_util/share/nav2_util/local_setup.dsv
-- Symlinking: /home/zr/code/src/install/nav2_util/share/nav2_util/package.dsv
-- Symlinking: /home/zr/code/src/install/nav2_util/share/ament_index/resource_index/packages/nav2_util
-- Symlinking: /home/zr/code/src/install/nav2_util/share/nav2_util/cmake/ament_cmake_export_include_directories-extras.cmake
-- Symlinking: /home/zr/code/src/install/nav2_util/share/nav2_util/cmake/ament_cmake_export_libraries-extras.cmake
-- Symlinking: /home/zr/code/src/install/nav2_util/share/nav2_util/cmake/ament_cmake_export_dependencies-extras.cmake
-- Symlinking: /home/zr/code/src/install/nav2_util/share/nav2_util/cmake/nav2_utilConfig.cmake
-- Symlinking: /home/zr/code/src/install/nav2_util/share/nav2_util/cmake/nav2_utilConfig-version.cmake
-- Symlinking: /home/zr/code/src/install/nav2_util/share/nav2_util/package.xml
