CMake Deprecation Warning at /opt/ros/humble/share/rosidl_cmake/cmake/rosidl_target_interfaces.cmake:32 (message):
  Use rosidl_get_typesupport_target() and target_link_libraries() instead of
  rosidl_target_interfaces()
Call Stack (most recent call first):
  CMakeLists.txt:171 (rosidl_target_interfaces)


In file included from /home/zr/code/src/nav_ws_gazebo/src/gac_robot_task/src/task_executor.cpp:2:
/home/zr/code/src/nav_ws_gazebo/src/gac_robot_task/include/gac_robot_task/task_executor.hpp: In member function ‘virtual void gac_robot_task::ConnectListener::on_failure(const mqtt::token&)’:
/home/zr/code/src/nav_ws_gazebo/src/gac_robot_task/include/gac_robot_task/task_executor.hpp:36:38: warning: unused parameter ‘asyncActionToken’ [-Wunused-parameter]
   36 |   void on_failure(const mqtt::token &asyncActionToken) override {
      |                   ~~~~~~~~~~~~~~~~~~~^~~~~~~~~~~~~~~~
/home/zr/code/src/nav_ws_gazebo/src/gac_robot_task/include/gac_robot_task/task_executor.hpp: In member function ‘virtual void gac_robot_task::ConnectListener::on_success(const mqtt::token&)’:
/home/zr/code/src/nav_ws_gazebo/src/gac_robot_task/include/gac_robot_task/task_executor.hpp:42:38: warning: unused parameter ‘asyncActionToken’ [-Wunused-parameter]
   42 |   void on_success(const mqtt::token &asyncActionToken) override {
      |                   ~~~~~~~~~~~~~~~~~~~^~~~~~~~~~~~~~~~
/home/zr/code/src/nav_ws_gazebo/src/gac_robot_task/include/gac_robot_task/task_executor.hpp: In member function ‘virtual void gac_robot_task::PublishListener::on_failure(const mqtt::token&)’:
/home/zr/code/src/nav_ws_gazebo/src/gac_robot_task/include/gac_robot_task/task_executor.hpp:60:38: warning: unused parameter ‘asyncActionToken’ [-Wunused-parameter]
   60 |   void on_failure(const mqtt::token &asyncActionToken) override {
      |                   ~~~~~~~~~~~~~~~~~~~^~~~~~~~~~~~~~~~
/home/zr/code/src/nav_ws_gazebo/src/gac_robot_task/include/gac_robot_task/task_executor.hpp: In member function ‘virtual void gac_robot_task::PublishListener::on_success(const mqtt::token&)’:
/home/zr/code/src/nav_ws_gazebo/src/gac_robot_task/include/gac_robot_task/task_executor.hpp:64:38: warning: unused parameter ‘asyncActionToken’ [-Wunused-parameter]
   64 |   void on_success(const mqtt::token &asyncActionToken) override {}
      |                   ~~~~~~~~~~~~~~~~~~~^~~~~~~~~~~~~~~~
In file included from /home/zr/code/src/nav_ws_gazebo/src/gac_robot_task/include/gac_robot_task/task_manager.hpp:5,
                 from /home/zr/code/src/nav_ws_gazebo/src/gac_robot_task/src/task_manager.cpp:2:
/home/zr/code/src/nav_ws_gazebo/src/gac_robot_task/include/gac_robot_task/task_executor.hpp: In member function ‘virtual void gac_robot_task::ConnectListener::on_failure(const mqtt::token&)’:
/home/zr/code/src/nav_ws_gazebo/src/gac_robot_task/include/gac_robot_task/task_executor.hpp:36:38: warning: unused parameter ‘asyncActionToken’ [-Wunused-parameter]
   36 |   void on_failure(const mqtt::token &asyncActionToken) override {
      |                   ~~~~~~~~~~~~~~~~~~~^~~~~~~~~~~~~~~~
/home/zr/code/src/nav_ws_gazebo/src/gac_robot_task/include/gac_robot_task/task_executor.hpp: In member function ‘virtual void gac_robot_task::ConnectListener::on_success(const mqtt::token&)’:
/home/zr/code/src/nav_ws_gazebo/src/gac_robot_task/include/gac_robot_task/task_executor.hpp:42:38: warning: unused parameter ‘asyncActionToken’ [-Wunused-parameter]
   42 |   void on_success(const mqtt::token &asyncActionToken) override {
      |                   ~~~~~~~~~~~~~~~~~~~^~~~~~~~~~~~~~~~
/home/zr/code/src/nav_ws_gazebo/src/gac_robot_task/include/gac_robot_task/task_executor.hpp: In member function ‘virtual void gac_robot_task::PublishListener::on_failure(const mqtt::token&)’:
/home/zr/code/src/nav_ws_gazebo/src/gac_robot_task/include/gac_robot_task/task_executor.hpp:60:38: warning: unused parameter ‘asyncActionToken’ [-Wunused-parameter]
   60 |   void on_failure(const mqtt::token &asyncActionToken) override {
      |                   ~~~~~~~~~~~~~~~~~~~^~~~~~~~~~~~~~~~
/home/zr/code/src/nav_ws_gazebo/src/gac_robot_task/include/gac_robot_task/task_executor.hpp: In member function ‘virtual void gac_robot_task::PublishListener::on_success(const mqtt::token&)’:
/home/zr/code/src/nav_ws_gazebo/src/gac_robot_task/include/gac_robot_task/task_executor.hpp:64:38: warning: unused parameter ‘asyncActionToken’ [-Wunused-parameter]
   64 |   void on_success(const mqtt::token &asyncActionToken) override {}
      |                   ~~~~~~~~~~~~~~~~~~~^~~~~~~~~~~~~~~~
In file included from /home/zr/code/src/nav_ws_gazebo/src/gac_robot_task/include/gac_robot_task/task_manager.hpp:5,
                 from /home/zr/code/src/nav_ws_gazebo/src/gac_robot_task/src/robot_task_node.cpp:5:
/home/zr/code/src/nav_ws_gazebo/src/gac_robot_task/include/gac_robot_task/task_executor.hpp: In member function ‘virtual void gac_robot_task::ConnectListener::on_failure(const mqtt::token&)’:
/home/zr/code/src/nav_ws_gazebo/src/gac_robot_task/include/gac_robot_task/task_executor.hpp:36:38: warning: unused parameter ‘asyncActionToken’ [-Wunused-parameter]
   36 |   void on_failure(const mqtt::token &asyncActionToken) override {
      |                   ~~~~~~~~~~~~~~~~~~~^~~~~~~~~~~~~~~~
/home/zr/code/src/nav_ws_gazebo/src/gac_robot_task/include/gac_robot_task/task_executor.hpp: In member function ‘virtual void gac_robot_task::ConnectListener::on_success(const mqtt::token&)’:
/home/zr/code/src/nav_ws_gazebo/src/gac_robot_task/include/gac_robot_task/task_executor.hpp:42:38: warning: unused parameter ‘asyncActionToken’ [-Wunused-parameter]
   42 |   void on_success(const mqtt::token &asyncActionToken) override {
      |                   ~~~~~~~~~~~~~~~~~~~^~~~~~~~~~~~~~~~
/home/zr/code/src/nav_ws_gazebo/src/gac_robot_task/include/gac_robot_task/task_executor.hpp: In member function ‘virtual void gac_robot_task::PublishListener::on_failure(const mqtt::token&)’:
/home/zr/code/src/nav_ws_gazebo/src/gac_robot_task/include/gac_robot_task/task_executor.hpp:60:38: warning: unused parameter ‘asyncActionToken’ [-Wunused-parameter]
   60 |   void on_failure(const mqtt::token &asyncActionToken) override {
      |                   ~~~~~~~~~~~~~~~~~~~^~~~~~~~~~~~~~~~
/home/zr/code/src/nav_ws_gazebo/src/gac_robot_task/include/gac_robot_task/task_executor.hpp: In member function ‘virtual void gac_robot_task::PublishListener::on_success(const mqtt::token&)’:
/home/zr/code/src/nav_ws_gazebo/src/gac_robot_task/include/gac_robot_task/task_executor.hpp:64:38: warning: unused parameter ‘asyncActionToken’ [-Wunused-parameter]
   64 |   void on_success(const mqtt::token &asyncActionToken) override {}
      |                   ~~~~~~~~~~~~~~~~~~~^~~~~~~~~~~~~~~~
/home/zr/code/src/nav_ws_gazebo/src/gac_robot_task/src/task_executor.cpp: In member function ‘void gac_robot_task::TaskExecutor::ConnectHandler(const string&)’:
/home/zr/code/src/nav_ws_gazebo/src/gac_robot_task/src/task_executor.cpp:476:54: warning: unused parameter ‘cause’ [-Wunused-parameter]
  476 | void TaskExecutor::ConnectHandler(const std::string &cause) {
      |                                   ~~~~~~~~~~~~~~~~~~~^~~~~
/home/zr/code/src/nav_ws_gazebo/src/gac_robot_task/src/task_executor.cpp: In member function ‘void gac_robot_task::TaskExecutor::DisconnectHandler(const mqtt::properties&, mqtt::ReasonCode)’:
/home/zr/code/src/nav_ws_gazebo/src/gac_robot_task/src/task_executor.cpp:489:64: warning: unused parameter ‘properties’ [-Wunused-parameter]
  489 |   void TaskExecutor::DisconnectHandler(const mqtt::properties &properties,
      |                                        ~~~~~~~~~~~~~~~~~~~~~~~~^~~~~~~~~~
/home/zr/code/src/nav_ws_gazebo/src/gac_robot_task/src/task_manager.cpp: In member function ‘void gac_robot_task::TaskManager::CancelTopicCallback(std_msgs::msg::Empty_<std::allocator<void> >::SharedPtr)’:
/home/zr/code/src/nav_ws_gazebo/src/gac_robot_task/src/task_manager.cpp:474:77: warning: unused parameter ‘msg’ [-Wunused-parameter]
  474 | void TaskManager::CancelTopicCallback(const std_msgs::msg::Empty::SharedPtr msg) {
      |                                       ~~~~~~~~~~~~~~~~~~~~~~~~~~~~~~~~~~~~~~^~~
