-- The C compiler identification is GNU 11.4.0
-- The CXX compiler identification is GNU 11.4.0
-- Detecting C compiler ABI info
-- Detecting C compiler ABI info - done
-- Check for working C compiler: /usr/bin/cc - skipped
-- Detecting C compile features
-- Detecting C compile features - done
-- Detecting CXX compiler ABI info
-- Detecting CXX compiler ABI info - done
-- Check for working CXX compiler: /usr/bin/c++ - skipped
-- Detecting CXX compile features
-- Detecting CXX compile features - done
-- Found ament_cmake: 1.3.14 (/opt/ros/humble/share/ament_cmake/cmake)
-- Found Python3: /usr/bin/python3 (found version "3.10.12") found components: Interpreter 
-- Override CMake install command with custom implementation using symlinks instead of copying resources
-- Found rclcpp: 16.0.19 (/opt/ros/humble/share/rclcpp/cmake)
-- Found rosidl_generator_c: 3.1.8 (/opt/ros/humble/share/rosidl_generator_c/cmake)
-- Found rosidl_adapter: 3.1.8 (/opt/ros/humble/share/rosidl_adapter/cmake)
-- Found rosidl_generator_cpp: 3.1.8 (/opt/ros/humble/share/rosidl_generator_cpp/cmake)
-- Using all available rosidl_typesupport_c: rosidl_typesupport_fastrtps_c;rosidl_typesupport_introspection_c
-- Using all available rosidl_typesupport_cpp: rosidl_typesupport_fastrtps_cpp;rosidl_typesupport_introspection_cpp
-- Found rmw_implementation_cmake: 6.1.2 (/opt/ros/humble/share/rmw_implementation_cmake/cmake)
-- Found rmw_fastrtps_cpp: 6.2.10 (/opt/ros/humble/share/rmw_fastrtps_cpp/cmake)
-- Found OpenSSL: /usr/lib/x86_64-linux-gnu/libcrypto.so (found version "3.0.2")  
-- Found FastRTPS: /opt/ros/humble/include  
-- Using RMW implementation 'rmw_fastrtps_cpp' as default
-- Looking for pthread.h
-- Looking for pthread.h - found
-- Performing Test CMAKE_HAVE_LIBC_PTHREAD
-- Performing Test CMAKE_HAVE_LIBC_PTHREAD - Success
-- Found Threads: TRUE  
-- Found rclcpp_action: 16.0.19 (/opt/ros/humble/share/rclcpp_action/cmake)
-- Found sensor_msgs: 4.9.1 (/opt/ros/humble/share/sensor_msgs/cmake)
-- Found nav2_msgs: 1.1.20 (/home/zr/code/test/nav2_ws/install/nav2_msgs/share/nav2_msgs/cmake)
-- Found rosidl_default_generators: 1.2.1 (/opt/ros/humble/share/rosidl_default_generators/cmake)
-- Found tinyxml2_vendor: 0.7.7 (/opt/ros/humble/share/tinyxml2_vendor/cmake)
-- Found PkgConfig: /usr/bin/pkg-config (found version "0.29.2") 
-- Found Protobuf: /usr/lib/x86_64-linux-gnu/libprotobuf.so (found version "3.12.4") 
-- Checking for module 'tinyxml2'
--   Found tinyxml2, version 9.0.0
-- Found ament_cmake_ros: 0.10.0 (/opt/ros/humble/share/ament_cmake_ros/cmake)
-- Using all available rosidl_typesupport_c: rosidl_typesupport_fastrtps_c;rosidl_typesupport_introspection_c
-- Using all available rosidl_typesupport_cpp: rosidl_typesupport_fastrtps_cpp;rosidl_typesupport_introspection_cpp
-- Found PythonInterp: /usr/bin/python3 (found suitable version "3.10.12", minimum required is "3.6") 
-- Found python_cmake_module: 0.10.0 (/opt/ros/humble/share/python_cmake_module/cmake)
-- Found PythonLibs: /usr/lib/x86_64-linux-gnu/libpython3.10.so (found suitable version "3.10.12", minimum required is "3.5") 
-- Using PYTHON_EXECUTABLE: /usr/bin/python3
-- Using PYTHON_INCLUDE_DIRS: /usr/include/python3.10
-- Using PYTHON_LIBRARIES: /usr/lib/x86_64-linux-gnu/libpython3.10.so
-- Found PythonExtra: .so  
CMake Deprecation Warning at /opt/ros/humble/share/rosidl_cmake/cmake/rosidl_target_interfaces.cmake:32 (message):
  Use rosidl_get_typesupport_target() and target_link_libraries() instead of
  rosidl_target_interfaces()
Call Stack (most recent call first):
  CMakeLists.txt:171 (rosidl_target_interfaces)


-- Found ament_lint_auto: 0.12.15 (/opt/ros/humble/share/ament_lint_auto/cmake)
-- Added test 'cppcheck' to perform static code analysis on C / C++ code
-- Configured cppcheck include dirs: /home/zr/code/src/nav_ws_gazebo/src/gac_robot_task/include
-- Configured cppcheck exclude dirs and/or files: 
-- Added test 'flake8' to check Python code syntax and style conventions
-- Added test 'lint_cmake' to check CMake code style
-- Added test 'pep257' to check Python code against some of the docstring style conventions in PEP 257
-- Added test 'uncrustify' to check C / C++ code style
-- Configured uncrustify additional arguments: 
-- Added test 'xmllint' to check XML markup files
-- Configuring done
-- Generating done
-- Build files have been written to: /home/zr/code/src/build/gac_robot_task
[  2%] Generating C code for ROS interfaces
[  5%] Generating Rust code for ROS interfaces
[  7%] Generating C++ code for ROS interfaces
[  7%] Built target ament_cmake_python_symlink_gac_robot_task
running egg_info
creating gac_robot_task.egg-info
writing gac_robot_task.egg-info/PKG-INFO
writing dependency_links to gac_robot_task.egg-info/dependency_links.txt
writing top-level names to gac_robot_task.egg-info/top_level.txt
writing manifest file 'gac_robot_task.egg-info/SOURCES.txt'
reading manifest file 'gac_robot_task.egg-info/SOURCES.txt'
writing manifest file 'gac_robot_task.egg-info/SOURCES.txt'
[  7%] Built target ament_cmake_python_build_gac_robot_task_egg
[  7%] Built target gac_robot_task__rs
[  7%] Built target gac_robot_task__cpp
[ 15%] Building C object CMakeFiles/gac_robot_task__rosidl_generator_c.dir/rosidl_generator_c/gac_robot_task/action/detail/navigate_tour__functions.c.o
[ 17%] Generating C++ type support for eProsima Fast-RTPS
[ 17%] Generating C++ type support dispatch for ROS interfaces
[ 17%] Generating C++ introspection for ROS interfaces
[ 20%] Linking C shared library libgac_robot_task__rosidl_generator_c.so
[ 20%] Built target gac_robot_task__rosidl_generator_c
[ 28%] Generating C introspection for ROS interfaces
[ 28%] Generating C type support dispatch for ROS interfaces
[ 28%] Generating C type support for eProsima Fast-RTPS
[ 30%] Building CXX object CMakeFiles/gac_robot_task__rosidl_typesupport_cpp.dir/rosidl_typesupport_cpp/gac_robot_task/action/navigate_tour__type_support.cpp.o
[ 33%] Building CXX object CMakeFiles/gac_robot_task__rosidl_typesupport_introspection_cpp.dir/rosidl_typesupport_introspection_cpp/gac_robot_task/action/detail/navigate_tour__type_support.cpp.o
[ 35%] Building CXX object CMakeFiles/gac_robot_task__rosidl_typesupport_fastrtps_cpp.dir/rosidl_typesupport_fastrtps_cpp/gac_robot_task/action/detail/dds_fastrtps/navigate_tour__type_support.cpp.o
[ 38%] Building CXX object CMakeFiles/gac_robot_task__rosidl_typesupport_c.dir/rosidl_typesupport_c/gac_robot_task/action/navigate_tour__type_support.cpp.o
[ 41%] Linking CXX shared library libgac_robot_task__rosidl_typesupport_c.so
[ 43%] Building CXX object CMakeFiles/gac_robot_task__rosidl_typesupport_fastrtps_c.dir/rosidl_typesupport_fastrtps_c/gac_robot_task/action/detail/navigate_tour__type_support_c.cpp.o
[ 46%] Building C object CMakeFiles/gac_robot_task__rosidl_typesupport_introspection_c.dir/rosidl_typesupport_introspection_c/gac_robot_task/action/detail/navigate_tour__type_support.c.o
[ 46%] Built target gac_robot_task__rosidl_typesupport_c
[ 48%] Linking C shared library libgac_robot_task__rosidl_typesupport_introspection_c.so
[ 48%] Built target gac_robot_task__rosidl_typesupport_introspection_c
[ 51%] Linking CXX shared library libgac_robot_task__rosidl_typesupport_cpp.so
[ 51%] Built target gac_robot_task__rosidl_typesupport_cpp
[ 53%] Linking CXX shared library libgac_robot_task__rosidl_typesupport_introspection_cpp.so
[ 56%] Linking CXX shared library libgac_robot_task__rosidl_typesupport_fastrtps_cpp.so
[ 58%] Linking CXX shared library libgac_robot_task__rosidl_typesupport_fastrtps_c.so
[ 58%] Built target gac_robot_task__rosidl_typesupport_introspection_cpp
[ 58%] Built target gac_robot_task__rosidl_typesupport_fastrtps_cpp
[ 58%] Built target gac_robot_task__rosidl_typesupport_fastrtps_c
[ 58%] Built target gac_robot_task
[ 61%] Running C++ protocol buffer compiler on /home/zr/code/src/nav_ws_gazebo/src/gac_robot_task/proto/app_audio_play.proto
[ 64%] Generating Python code for ROS interfaces
[ 76%] Building CXX object CMakeFiles/gac_robot_task_node.dir/src/robot_task_node.cpp.o
[ 76%] Building CXX object CMakeFiles/gac_robot_task_node.dir/src/xml_parser.cpp.o
[ 76%] Building CXX object CMakeFiles/gac_robot_task_node.dir/src/task_manager.cpp.o
[ 76%] Building CXX object CMakeFiles/gac_robot_task_node.dir/proto/app_audio_play.pb.cc.o
[ 76%] Building CXX object CMakeFiles/gac_robot_task_node.dir/src/task_executor.cpp.o
[ 76%] Built target gac_robot_task__py
[ 79%] Building C object CMakeFiles/gac_robot_task__rosidl_generator_py.dir/rosidl_generator_py/gac_robot_task/action/_navigate_tour_s.c.o
[ 82%] Linking C shared library rosidl_generator_py/gac_robot_task/libgac_robot_task__rosidl_generator_py.so
[ 82%] Built target gac_robot_task__rosidl_generator_py
[ 89%] Building C object CMakeFiles/gac_robot_task__rosidl_typesupport_fastrtps_c__pyext.dir/rosidl_generator_py/gac_robot_task/_gac_robot_task_s.ep.rosidl_typesupport_fastrtps_c.c.o
[ 89%] Building C object CMakeFiles/gac_robot_task__rosidl_typesupport_c__pyext.dir/rosidl_generator_py/gac_robot_task/_gac_robot_task_s.ep.rosidl_typesupport_c.c.o
[ 89%] Building C object CMakeFiles/gac_robot_task__rosidl_typesupport_introspection_c__pyext.dir/rosidl_generator_py/gac_robot_task/_gac_robot_task_s.ep.rosidl_typesupport_introspection_c.c.o
[ 97%] Linking C shared library rosidl_generator_py/gac_robot_task/gac_robot_task_s__rosidl_typesupport_c.cpython-310-x86_64-linux-gnu.so
[ 97%] Linking C shared library rosidl_generator_py/gac_robot_task/gac_robot_task_s__rosidl_typesupport_introspection_c.cpython-310-x86_64-linux-gnu.so
[ 97%] Linking C shared library rosidl_generator_py/gac_robot_task/gac_robot_task_s__rosidl_typesupport_fastrtps_c.cpython-310-x86_64-linux-gnu.so
[ 97%] Built target gac_robot_task__rosidl_typesupport_fastrtps_c__pyext
[ 97%] Built target gac_robot_task__rosidl_typesupport_c__pyext
[ 97%] Built target gac_robot_task__rosidl_typesupport_introspection_c__pyext
In file included from /home/zr/code/src/nav_ws_gazebo/src/gac_robot_task/src/task_executor.cpp:2:
/home/zr/code/src/nav_ws_gazebo/src/gac_robot_task/include/gac_robot_task/task_executor.hpp: In member function ‘virtual void gac_robot_task::ConnectListener::on_failure(const mqtt::token&)’:
/home/zr/code/src/nav_ws_gazebo/src/gac_robot_task/include/gac_robot_task/task_executor.hpp:36:38: warning: unused parameter ‘asyncActionToken’ [-Wunused-parameter]
   36 |   void on_failure(const mqtt::token &asyncActionToken) override {
      |                   ~~~~~~~~~~~~~~~~~~~^~~~~~~~~~~~~~~~
/home/zr/code/src/nav_ws_gazebo/src/gac_robot_task/include/gac_robot_task/task_executor.hpp: In member function ‘virtual void gac_robot_task::ConnectListener::on_success(const mqtt::token&)’:
/home/zr/code/src/nav_ws_gazebo/src/gac_robot_task/include/gac_robot_task/task_executor.hpp:42:38: warning: unused parameter ‘asyncActionToken’ [-Wunused-parameter]
   42 |   void on_success(const mqtt::token &asyncActionToken) override {
      |                   ~~~~~~~~~~~~~~~~~~~^~~~~~~~~~~~~~~~
/home/zr/code/src/nav_ws_gazebo/src/gac_robot_task/include/gac_robot_task/task_executor.hpp: In member function ‘virtual void gac_robot_task::PublishListener::on_failure(const mqtt::token&)’:
/home/zr/code/src/nav_ws_gazebo/src/gac_robot_task/include/gac_robot_task/task_executor.hpp:60:38: warning: unused parameter ‘asyncActionToken’ [-Wunused-parameter]
   60 |   void on_failure(const mqtt::token &asyncActionToken) override {
      |                   ~~~~~~~~~~~~~~~~~~~^~~~~~~~~~~~~~~~
/home/zr/code/src/nav_ws_gazebo/src/gac_robot_task/include/gac_robot_task/task_executor.hpp: In member function ‘virtual void gac_robot_task::PublishListener::on_success(const mqtt::token&)’:
/home/zr/code/src/nav_ws_gazebo/src/gac_robot_task/include/gac_robot_task/task_executor.hpp:64:38: warning: unused parameter ‘asyncActionToken’ [-Wunused-parameter]
   64 |   void on_success(const mqtt::token &asyncActionToken) override {}
      |                   ~~~~~~~~~~~~~~~~~~~^~~~~~~~~~~~~~~~
In file included from /home/zr/code/src/nav_ws_gazebo/src/gac_robot_task/include/gac_robot_task/task_manager.hpp:5,
                 from /home/zr/code/src/nav_ws_gazebo/src/gac_robot_task/src/task_manager.cpp:2:
/home/zr/code/src/nav_ws_gazebo/src/gac_robot_task/include/gac_robot_task/task_executor.hpp: In member function ‘virtual void gac_robot_task::ConnectListener::on_failure(const mqtt::token&)’:
/home/zr/code/src/nav_ws_gazebo/src/gac_robot_task/include/gac_robot_task/task_executor.hpp:36:38: warning: unused parameter ‘asyncActionToken’ [-Wunused-parameter]
   36 |   void on_failure(const mqtt::token &asyncActionToken) override {
      |                   ~~~~~~~~~~~~~~~~~~~^~~~~~~~~~~~~~~~
/home/zr/code/src/nav_ws_gazebo/src/gac_robot_task/include/gac_robot_task/task_executor.hpp: In member function ‘virtual void gac_robot_task::ConnectListener::on_success(const mqtt::token&)’:
/home/zr/code/src/nav_ws_gazebo/src/gac_robot_task/include/gac_robot_task/task_executor.hpp:42:38: warning: unused parameter ‘asyncActionToken’ [-Wunused-parameter]
   42 |   void on_success(const mqtt::token &asyncActionToken) override {
      |                   ~~~~~~~~~~~~~~~~~~~^~~~~~~~~~~~~~~~
/home/zr/code/src/nav_ws_gazebo/src/gac_robot_task/include/gac_robot_task/task_executor.hpp: In member function ‘virtual void gac_robot_task::PublishListener::on_failure(const mqtt::token&)’:
/home/zr/code/src/nav_ws_gazebo/src/gac_robot_task/include/gac_robot_task/task_executor.hpp:60:38: warning: unused parameter ‘asyncActionToken’ [-Wunused-parameter]
   60 |   void on_failure(const mqtt::token &asyncActionToken) override {
      |                   ~~~~~~~~~~~~~~~~~~~^~~~~~~~~~~~~~~~
/home/zr/code/src/nav_ws_gazebo/src/gac_robot_task/include/gac_robot_task/task_executor.hpp: In member function ‘virtual void gac_robot_task::PublishListener::on_success(const mqtt::token&)’:
/home/zr/code/src/nav_ws_gazebo/src/gac_robot_task/include/gac_robot_task/task_executor.hpp:64:38: warning: unused parameter ‘asyncActionToken’ [-Wunused-parameter]
   64 |   void on_success(const mqtt::token &asyncActionToken) override {}
      |                   ~~~~~~~~~~~~~~~~~~~^~~~~~~~~~~~~~~~
In file included from /home/zr/code/src/nav_ws_gazebo/src/gac_robot_task/include/gac_robot_task/task_manager.hpp:5,
                 from /home/zr/code/src/nav_ws_gazebo/src/gac_robot_task/src/robot_task_node.cpp:5:
/home/zr/code/src/nav_ws_gazebo/src/gac_robot_task/include/gac_robot_task/task_executor.hpp: In member function ‘virtual void gac_robot_task::ConnectListener::on_failure(const mqtt::token&)’:
/home/zr/code/src/nav_ws_gazebo/src/gac_robot_task/include/gac_robot_task/task_executor.hpp:36:38: warning: unused parameter ‘asyncActionToken’ [-Wunused-parameter]
   36 |   void on_failure(const mqtt::token &asyncActionToken) override {
      |                   ~~~~~~~~~~~~~~~~~~~^~~~~~~~~~~~~~~~
/home/zr/code/src/nav_ws_gazebo/src/gac_robot_task/include/gac_robot_task/task_executor.hpp: In member function ‘virtual void gac_robot_task::ConnectListener::on_success(const mqtt::token&)’:
/home/zr/code/src/nav_ws_gazebo/src/gac_robot_task/include/gac_robot_task/task_executor.hpp:42:38: warning: unused parameter ‘asyncActionToken’ [-Wunused-parameter]
   42 |   void on_success(const mqtt::token &asyncActionToken) override {
      |                   ~~~~~~~~~~~~~~~~~~~^~~~~~~~~~~~~~~~
/home/zr/code/src/nav_ws_gazebo/src/gac_robot_task/include/gac_robot_task/task_executor.hpp: In member function ‘virtual void gac_robot_task::PublishListener::on_failure(const mqtt::token&)’:
/home/zr/code/src/nav_ws_gazebo/src/gac_robot_task/include/gac_robot_task/task_executor.hpp:60:38: warning: unused parameter ‘asyncActionToken’ [-Wunused-parameter]
   60 |   void on_failure(const mqtt::token &asyncActionToken) override {
      |                   ~~~~~~~~~~~~~~~~~~~^~~~~~~~~~~~~~~~
/home/zr/code/src/nav_ws_gazebo/src/gac_robot_task/include/gac_robot_task/task_executor.hpp: In member function ‘virtual void gac_robot_task::PublishListener::on_success(const mqtt::token&)’:
/home/zr/code/src/nav_ws_gazebo/src/gac_robot_task/include/gac_robot_task/task_executor.hpp:64:38: warning: unused parameter ‘asyncActionToken’ [-Wunused-parameter]
   64 |   void on_success(const mqtt::token &asyncActionToken) override {}
      |                   ~~~~~~~~~~~~~~~~~~~^~~~~~~~~~~~~~~~
/home/zr/code/src/nav_ws_gazebo/src/gac_robot_task/src/task_executor.cpp: In member function ‘void gac_robot_task::TaskExecutor::ConnectHandler(const string&)’:
/home/zr/code/src/nav_ws_gazebo/src/gac_robot_task/src/task_executor.cpp:476:54: warning: unused parameter ‘cause’ [-Wunused-parameter]
  476 | void TaskExecutor::ConnectHandler(const std::string &cause) {
      |                                   ~~~~~~~~~~~~~~~~~~~^~~~~
/home/zr/code/src/nav_ws_gazebo/src/gac_robot_task/src/task_executor.cpp: In member function ‘void gac_robot_task::TaskExecutor::DisconnectHandler(const mqtt::properties&, mqtt::ReasonCode)’:
/home/zr/code/src/nav_ws_gazebo/src/gac_robot_task/src/task_executor.cpp:489:64: warning: unused parameter ‘properties’ [-Wunused-parameter]
  489 |   void TaskExecutor::DisconnectHandler(const mqtt::properties &properties,
      |                                        ~~~~~~~~~~~~~~~~~~~~~~~~^~~~~~~~~~
/home/zr/code/src/nav_ws_gazebo/src/gac_robot_task/src/task_manager.cpp: In member function ‘void gac_robot_task::TaskManager::CancelTopicCallback(std_msgs::msg::Empty_<std::allocator<void> >::SharedPtr)’:
/home/zr/code/src/nav_ws_gazebo/src/gac_robot_task/src/task_manager.cpp:474:77: warning: unused parameter ‘msg’ [-Wunused-parameter]
  474 | void TaskManager::CancelTopicCallback(const std_msgs::msg::Empty::SharedPtr msg) {
      |                                       ~~~~~~~~~~~~~~~~~~~~~~~~~~~~~~~~~~~~~~^~~
[100%] Linking CXX executable gac_robot_task_node
[100%] Built target gac_robot_task_node
-- Install configuration: ""
-- Execute custom install script
-- Symlinking: /home/zr/code/src/install/gac_robot_task/share/ament_index/resource_index/rosidl_interfaces/gac_robot_task
-- Symlinking: /home/zr/code/src/install/gac_robot_task/include/gac_robot_task/gac_robot_task/action/detail/navigate_tour__functions.h
-- Symlinking: /home/zr/code/src/install/gac_robot_task/include/gac_robot_task/gac_robot_task/action/detail/navigate_tour__struct.h
-- Symlinking: /home/zr/code/src/install/gac_robot_task/include/gac_robot_task/gac_robot_task/action/detail/navigate_tour__type_support.h
-- Symlinking: /home/zr/code/src/install/gac_robot_task/include/gac_robot_task/gac_robot_task/action/navigate_tour.h
-- Symlinking: /home/zr/code/src/install/gac_robot_task/include/gac_robot_task/gac_robot_task/msg/rosidl_generator_c__visibility_control.h
-- Symlinking: /home/zr/code/src/install/gac_robot_task/share/gac_robot_task/environment/library_path.sh
-- Symlinking: /home/zr/code/src/install/gac_robot_task/share/gac_robot_task/environment/library_path.dsv
-- Symlinking: /home/zr/code/src/install/gac_robot_task/include/gac_robot_task/gac_robot_task/action/detail/navigate_tour__rosidl_typesupport_fastrtps_c.h
-- Symlinking: /home/zr/code/src/install/gac_robot_task/include/gac_robot_task/gac_robot_task/msg/rosidl_typesupport_fastrtps_c__visibility_control.h
-- Symlinking: /home/zr/code/src/install/gac_robot_task/include/gac_robot_task/gac_robot_task/action/detail/navigate_tour__builder.hpp
-- Symlinking: /home/zr/code/src/install/gac_robot_task/include/gac_robot_task/gac_robot_task/action/detail/navigate_tour__struct.hpp
-- Symlinking: /home/zr/code/src/install/gac_robot_task/include/gac_robot_task/gac_robot_task/action/detail/navigate_tour__traits.hpp
-- Symlinking: /home/zr/code/src/install/gac_robot_task/include/gac_robot_task/gac_robot_task/action/detail/navigate_tour__type_support.hpp
-- Symlinking: /home/zr/code/src/install/gac_robot_task/include/gac_robot_task/gac_robot_task/action/navigate_tour.hpp
-- Symlinking: /home/zr/code/src/install/gac_robot_task/include/gac_robot_task/gac_robot_task/msg/rosidl_generator_cpp__visibility_control.hpp
-- Symlinking: /home/zr/code/src/install/gac_robot_task/include/gac_robot_task/gac_robot_task/action/detail/navigate_tour__rosidl_typesupport_fastrtps_cpp.hpp
-- Symlinking: /home/zr/code/src/install/gac_robot_task/include/gac_robot_task/gac_robot_task/msg/rosidl_typesupport_fastrtps_cpp__visibility_control.h
-- Symlinking: /home/zr/code/src/install/gac_robot_task/include/gac_robot_task/gac_robot_task/action/detail/navigate_tour__rosidl_typesupport_introspection_c.h
-- Symlinking: /home/zr/code/src/install/gac_robot_task/include/gac_robot_task/gac_robot_task/msg/rosidl_typesupport_introspection_c__visibility_control.h
-- Symlinking: /home/zr/code/src/install/gac_robot_task/include/gac_robot_task/gac_robot_task/action/detail/navigate_tour__rosidl_typesupport_introspection_cpp.hpp
-- Symlinking: /home/zr/code/src/install/gac_robot_task/share/gac_robot_task/environment/pythonpath.sh
-- Symlinking: /home/zr/code/src/install/gac_robot_task/share/gac_robot_task/environment/pythonpath.dsv
-- Symlinking: /home/zr/code/src/install/gac_robot_task/local/lib/python3.10/dist-packages/gac_robot_task-1.0.3-py3.10.egg-info/PKG-INFO
-- Symlinking: /home/zr/code/src/install/gac_robot_task/local/lib/python3.10/dist-packages/gac_robot_task-1.0.3-py3.10.egg-info/SOURCES.txt
-- Symlinking: /home/zr/code/src/install/gac_robot_task/local/lib/python3.10/dist-packages/gac_robot_task-1.0.3-py3.10.egg-info/dependency_links.txt
-- Symlinking: /home/zr/code/src/install/gac_robot_task/local/lib/python3.10/dist-packages/gac_robot_task-1.0.3-py3.10.egg-info/top_level.txt
-- Symlinking: /home/zr/code/src/install/gac_robot_task/local/lib/python3.10/dist-packages/gac_robot_task/__init__.py
-- Symlinking: /home/zr/code/src/install/gac_robot_task/local/lib/python3.10/dist-packages/gac_robot_task/_gac_robot_task_s.ep.rosidl_typesupport_c.c
-- Symlinking: /home/zr/code/src/install/gac_robot_task/local/lib/python3.10/dist-packages/gac_robot_task/_gac_robot_task_s.ep.rosidl_typesupport_fastrtps_c.c
-- Symlinking: /home/zr/code/src/install/gac_robot_task/local/lib/python3.10/dist-packages/gac_robot_task/_gac_robot_task_s.ep.rosidl_typesupport_introspection_c.c
-- Symlinking: /home/zr/code/src/install/gac_robot_task/local/lib/python3.10/dist-packages/gac_robot_task/action/__init__.py
-- Symlinking: /home/zr/code/src/install/gac_robot_task/local/lib/python3.10/dist-packages/gac_robot_task/action/_navigate_tour.py
-- Symlinking: /home/zr/code/src/install/gac_robot_task/local/lib/python3.10/dist-packages/gac_robot_task/action/_navigate_tour_s.c
-- Symlinking: /home/zr/code/src/install/gac_robot_task/local/lib/python3.10/dist-packages/gac_robot_task/gac_robot_task_s__rosidl_typesupport_c.cpython-310-x86_64-linux-gnu.so
-- Symlinking: /home/zr/code/src/install/gac_robot_task/local/lib/python3.10/dist-packages/gac_robot_task/gac_robot_task_s__rosidl_typesupport_fastrtps_c.cpython-310-x86_64-linux-gnu.so
-- Symlinking: /home/zr/code/src/install/gac_robot_task/local/lib/python3.10/dist-packages/gac_robot_task/gac_robot_task_s__rosidl_typesupport_introspection_c.cpython-310-x86_64-linux-gnu.so
-- Symlinking: /home/zr/code/src/install/gac_robot_task/local/lib/python3.10/dist-packages/gac_robot_task/libgac_robot_task__rosidl_generator_py.so
-- Up-to-date symlink: /home/zr/code/src/install/gac_robot_task/local/lib/python3.10/dist-packages/gac_robot_task/gac_robot_task_s__rosidl_typesupport_fastrtps_c.cpython-310-x86_64-linux-gnu.so
-- Up-to-date symlink: /home/zr/code/src/install/gac_robot_task/local/lib/python3.10/dist-packages/gac_robot_task/gac_robot_task_s__rosidl_typesupport_introspection_c.cpython-310-x86_64-linux-gnu.so
-- Up-to-date symlink: /home/zr/code/src/install/gac_robot_task/local/lib/python3.10/dist-packages/gac_robot_task/gac_robot_task_s__rosidl_typesupport_c.cpython-310-x86_64-linux-gnu.so
-- Symlinking: /home/zr/code/src/install/gac_robot_task/share/ament_index/resource_index/rust_packages/gac_robot_task
-- Symlinking: /home/zr/code/src/install/gac_robot_task/share/gac_robot_task/rust/Cargo.toml
-- Symlinking: /home/zr/code/src/install/gac_robot_task/share/gac_robot_task/rust/build.rs
-- Symlinking: /home/zr/code/src/install/gac_robot_task/share/gac_robot_task/rust/src/action.rs
-- Symlinking: /home/zr/code/src/install/gac_robot_task/share/gac_robot_task/rust/src/action/rmw.rs
-- Symlinking: /home/zr/code/src/install/gac_robot_task/share/gac_robot_task/rust/src/lib.rs
-- Symlinking: /home/zr/code/src/install/gac_robot_task/share/gac_robot_task/action/NavigateTour.idl
-- Symlinking: /home/zr/code/src/install/gac_robot_task/share/gac_robot_task/action/NavigateTour.action
-- Symlinking: /home/zr/code/src/install/gac_robot_task/lib/gac_robot_task/gac_robot_task_node
-- Symlinking: /home/zr/code/src/install/gac_robot_task/include/gac_robot_task/mqtt_pub_sub.hpp
-- Symlinking: /home/zr/code/src/install/gac_robot_task/include/gac_robot_task/task_executor.hpp
-- Symlinking: /home/zr/code/src/install/gac_robot_task/include/gac_robot_task/task_manager.hpp
-- Symlinking: /home/zr/code/src/install/gac_robot_task/include/gac_robot_task/xml_parser.hpp
-- Symlinking: /home/zr/code/src/install/gac_robot_task/share/gac_robot_task/config/tour_tasks_bk.xml
-- Symlinking: /home/zr/code/src/install/gac_robot_task/share/gac_robot_task/launch/gac_robot_task_launch.py
-- Symlinking: /home/zr/code/src/install/gac_robot_task/share/ament_index/resource_index/package_run_dependencies/gac_robot_task
-- Symlinking: /home/zr/code/src/install/gac_robot_task/share/ament_index/resource_index/parent_prefix_path/gac_robot_task
-- Symlinking: /home/zr/code/src/install/gac_robot_task/share/gac_robot_task/environment/ament_prefix_path.sh
-- Symlinking: /home/zr/code/src/install/gac_robot_task/share/gac_robot_task/environment/ament_prefix_path.dsv
-- Symlinking: /home/zr/code/src/install/gac_robot_task/share/gac_robot_task/environment/path.sh
-- Symlinking: /home/zr/code/src/install/gac_robot_task/share/gac_robot_task/environment/path.dsv
-- Symlinking: /home/zr/code/src/install/gac_robot_task/share/gac_robot_task/local_setup.bash
-- Symlinking: /home/zr/code/src/install/gac_robot_task/share/gac_robot_task/local_setup.sh
-- Symlinking: /home/zr/code/src/install/gac_robot_task/share/gac_robot_task/local_setup.zsh
-- Symlinking: /home/zr/code/src/install/gac_robot_task/share/gac_robot_task/local_setup.dsv
-- Symlinking: /home/zr/code/src/install/gac_robot_task/share/gac_robot_task/package.dsv
-- Symlinking: /home/zr/code/src/install/gac_robot_task/share/ament_index/resource_index/packages/gac_robot_task
-- Symlinking: /home/zr/code/src/install/gac_robot_task/share/gac_robot_task/cmake/rosidl_cmake-extras.cmake
-- Symlinking: /home/zr/code/src/install/gac_robot_task/share/gac_robot_task/cmake/ament_cmake_export_dependencies-extras.cmake
-- Symlinking: /home/zr/code/src/install/gac_robot_task/share/gac_robot_task/cmake/ament_cmake_export_include_directories-extras.cmake
-- Symlinking: /home/zr/code/src/install/gac_robot_task/share/gac_robot_task/cmake/ament_cmake_export_libraries-extras.cmake
-- Symlinking: /home/zr/code/src/install/gac_robot_task/share/gac_robot_task/cmake/ament_cmake_export_targets-extras.cmake
-- Symlinking: /home/zr/code/src/install/gac_robot_task/share/gac_robot_task/cmake/rosidl_cmake_export_typesupport_targets-extras.cmake
-- Symlinking: /home/zr/code/src/install/gac_robot_task/share/gac_robot_task/cmake/rosidl_cmake_export_typesupport_libraries-extras.cmake
-- Symlinking: /home/zr/code/src/install/gac_robot_task/share/gac_robot_task/cmake/gac_robot_taskConfig.cmake
-- Symlinking: /home/zr/code/src/install/gac_robot_task/share/gac_robot_task/cmake/gac_robot_taskConfig-version.cmake
-- Symlinking: /home/zr/code/src/install/gac_robot_task/share/gac_robot_task/package.xml
-- Installing: /home/zr/code/src/install/gac_robot_task/lib/libgac_robot_task__rosidl_generator_c.so
-- Set runtime path of "/home/zr/code/src/install/gac_robot_task/lib/libgac_robot_task__rosidl_generator_c.so" to ""
-- Installing: /home/zr/code/src/install/gac_robot_task/lib/libgac_robot_task__rosidl_typesupport_fastrtps_c.so
-- Set runtime path of "/home/zr/code/src/install/gac_robot_task/lib/libgac_robot_task__rosidl_typesupport_fastrtps_c.so" to ""
-- Installing: /home/zr/code/src/install/gac_robot_task/lib/libgac_robot_task__rosidl_typesupport_fastrtps_cpp.so
-- Set runtime path of "/home/zr/code/src/install/gac_robot_task/lib/libgac_robot_task__rosidl_typesupport_fastrtps_cpp.so" to ""
-- Installing: /home/zr/code/src/install/gac_robot_task/lib/libgac_robot_task__rosidl_typesupport_introspection_c.so
-- Set runtime path of "/home/zr/code/src/install/gac_robot_task/lib/libgac_robot_task__rosidl_typesupport_introspection_c.so" to ""
-- Installing: /home/zr/code/src/install/gac_robot_task/lib/libgac_robot_task__rosidl_typesupport_c.so
-- Set runtime path of "/home/zr/code/src/install/gac_robot_task/lib/libgac_robot_task__rosidl_typesupport_c.so" to ""
-- Installing: /home/zr/code/src/install/gac_robot_task/lib/libgac_robot_task__rosidl_typesupport_introspection_cpp.so
-- Set runtime path of "/home/zr/code/src/install/gac_robot_task/lib/libgac_robot_task__rosidl_typesupport_introspection_cpp.so" to ""
-- Installing: /home/zr/code/src/install/gac_robot_task/lib/libgac_robot_task__rosidl_typesupport_cpp.so
-- Set runtime path of "/home/zr/code/src/install/gac_robot_task/lib/libgac_robot_task__rosidl_typesupport_cpp.so" to ""
Listing '/home/zr/code/src/install/gac_robot_task/local/lib/python3.10/dist-packages/gac_robot_task'...
Compiling '/home/zr/code/src/install/gac_robot_task/local/lib/python3.10/dist-packages/gac_robot_task/__init__.py'...
Listing '/home/zr/code/src/install/gac_robot_task/local/lib/python3.10/dist-packages/gac_robot_task/action'...
Compiling '/home/zr/code/src/install/gac_robot_task/local/lib/python3.10/dist-packages/gac_robot_task/action/__init__.py'...
Compiling '/home/zr/code/src/install/gac_robot_task/local/lib/python3.10/dist-packages/gac_robot_task/action/_navigate_tour.py'...
-- Installing: /home/zr/code/src/install/gac_robot_task/lib/libgac_robot_task__rosidl_generator_py.so
-- Set runtime path of "/home/zr/code/src/install/gac_robot_task/lib/libgac_robot_task__rosidl_generator_py.so" to ""
-- Installing: /home/zr/code/src/install/gac_robot_task/share/gac_robot_task/cmake/export_gac_robot_task__rosidl_generator_cExport.cmake
-- Installing: /home/zr/code/src/install/gac_robot_task/share/gac_robot_task/cmake/export_gac_robot_task__rosidl_generator_cExport-noconfig.cmake
-- Installing: /home/zr/code/src/install/gac_robot_task/share/gac_robot_task/cmake/export_gac_robot_task__rosidl_typesupport_fastrtps_cExport.cmake
-- Installing: /home/zr/code/src/install/gac_robot_task/share/gac_robot_task/cmake/export_gac_robot_task__rosidl_typesupport_fastrtps_cExport-noconfig.cmake
-- Installing: /home/zr/code/src/install/gac_robot_task/share/gac_robot_task/cmake/export_gac_robot_task__rosidl_generator_cppExport.cmake
-- Installing: /home/zr/code/src/install/gac_robot_task/share/gac_robot_task/cmake/export_gac_robot_task__rosidl_typesupport_fastrtps_cppExport.cmake
-- Installing: /home/zr/code/src/install/gac_robot_task/share/gac_robot_task/cmake/export_gac_robot_task__rosidl_typesupport_fastrtps_cppExport-noconfig.cmake
-- Installing: /home/zr/code/src/install/gac_robot_task/share/gac_robot_task/cmake/gac_robot_task__rosidl_typesupport_introspection_cExport.cmake
-- Installing: /home/zr/code/src/install/gac_robot_task/share/gac_robot_task/cmake/gac_robot_task__rosidl_typesupport_introspection_cExport-noconfig.cmake
-- Installing: /home/zr/code/src/install/gac_robot_task/share/gac_robot_task/cmake/gac_robot_task__rosidl_typesupport_cExport.cmake
-- Installing: /home/zr/code/src/install/gac_robot_task/share/gac_robot_task/cmake/gac_robot_task__rosidl_typesupport_cExport-noconfig.cmake
-- Installing: /home/zr/code/src/install/gac_robot_task/share/gac_robot_task/cmake/gac_robot_task__rosidl_typesupport_introspection_cppExport.cmake
-- Installing: /home/zr/code/src/install/gac_robot_task/share/gac_robot_task/cmake/gac_robot_task__rosidl_typesupport_introspection_cppExport-noconfig.cmake
-- Installing: /home/zr/code/src/install/gac_robot_task/share/gac_robot_task/cmake/gac_robot_task__rosidl_typesupport_cppExport.cmake
-- Installing: /home/zr/code/src/install/gac_robot_task/share/gac_robot_task/cmake/gac_robot_task__rosidl_typesupport_cppExport-noconfig.cmake
-- Installing: /home/zr/code/src/install/gac_robot_task/share/gac_robot_task/cmake/export_gac_robot_task__rosidl_generator_pyExport.cmake
-- Installing: /home/zr/code/src/install/gac_robot_task/share/gac_robot_task/cmake/export_gac_robot_task__rosidl_generator_pyExport-noconfig.cmake
