[0.011s] Invoking command in '/home/zr/code/src/build/robot_relate': CMAKE_PREFIX_PATH=/opt/ros/humble /usr/bin/cmake /home/zr/code/src/sim/robot_relate -DCMAKE_INSTALL_PREFIX=/home/zr/code/src/install/robot_relate
[0.096s] -- The C compiler identification is GNU 11.4.0
[0.151s] -- The CXX compiler identification is GNU 11.4.0
[0.158s] -- Detecting C compiler ABI info
[0.225s] -- Detecting C compiler ABI info - done
[0.231s] -- Check for working C compiler: /usr/bin/cc - skipped
[0.231s] -- Detecting C compile features
[0.231s] -- Detecting C compile features - done
[0.233s] -- Detecting CXX compiler ABI info
[0.310s] -- Detecting CXX compiler ABI info - done
[0.318s] -- Check for working CXX compiler: /usr/bin/c++ - skipped
[0.318s] -- Detecting CXX compile features
[0.318s] -- Detecting CXX compile features - done
[0.321s] -- Found ament_cmake: 1.3.14 (/opt/ros/humble/share/ament_cmake/cmake)
[0.446s] -- Found Python3: /usr/bin/python3 (found version "3.10.12") found components: Interpreter 
[0.522s] -- Found ament_lint_auto: 0.12.15 (/opt/ros/humble/share/ament_lint_auto/cmake)
[0.622s] -- Added test 'flake8' to check Python code syntax and style conventions
[0.622s] -- Added test 'lint_cmake' to check CMake code style
[0.623s] -- Added test 'pep257' to check Python code against some of the docstring style conventions in PEP 257
[0.626s] -- Added test 'xmllint' to check XML markup files
[0.627s] -- Configuring done
[0.630s] -- Generating done
[0.632s] -- Build files have been written to: /home/zr/code/src/build/robot_relate
[0.636s] Invoked command in '/home/zr/code/src/build/robot_relate' returned '0': CMAKE_PREFIX_PATH=/opt/ros/humble /usr/bin/cmake /home/zr/code/src/sim/robot_relate -DCMAKE_INSTALL_PREFIX=/home/zr/code/src/install/robot_relate
[0.638s] Invoking command in '/home/zr/code/src/build/robot_relate': CMAKE_PREFIX_PATH=/opt/ros/humble /usr/bin/cmake --build /home/zr/code/src/build/robot_relate -- -j16 -l16
[0.680s] Invoked command in '/home/zr/code/src/build/robot_relate' returned '0': CMAKE_PREFIX_PATH=/opt/ros/humble /usr/bin/cmake --build /home/zr/code/src/build/robot_relate -- -j16 -l16
[0.690s] Invoking command in '/home/zr/code/src/build/robot_relate': CMAKE_PREFIX_PATH=/opt/ros/humble /usr/bin/cmake --install /home/zr/code/src/build/robot_relate
[0.698s] -- Install configuration: ""
[0.698s] -- Installing: /home/zr/code/src/install/robot_relate/share/robot_relate/launch
[0.698s] -- Installing: /home/zr/code/src/install/robot_relate/share/robot_relate/launch/gazebo_sim.launch.py
[0.699s] -- Installing: /home/zr/code/src/install/robot_relate/share/robot_relate/launch/display_robot.launch.py
[0.699s] -- Installing: /home/zr/code/src/install/robot_relate/share/robot_relate/launch/navigation2.launch.py
[0.699s] -- Installing: /home/zr/code/src/install/robot_relate/share/robot_relate/urdf
[0.699s] -- Installing: /home/zr/code/src/install/robot_relate/share/robot_relate/urdf/first_robot.urdf
[0.699s] -- Installing: /home/zr/code/src/install/robot_relate/share/robot_relate/urdf/first_robot.gv
[0.699s] -- Installing: /home/zr/code/src/install/robot_relate/share/robot_relate/urdf/fishbot
[0.700s] -- Installing: /home/zr/code/src/install/robot_relate/share/robot_relate/urdf/fishbot/fishbot.urdf.xacro
[0.700s] -- Installing: /home/zr/code/src/install/robot_relate/share/robot_relate/urdf/fishbot/actuator
[0.700s] -- Installing: /home/zr/code/src/install/robot_relate/share/robot_relate/urdf/fishbot/actuator/wheel.urdf.xacro
[0.700s] -- Installing: /home/zr/code/src/install/robot_relate/share/robot_relate/urdf/fishbot/actuator/caster.urdf.xacro
[0.700s] -- Installing: /home/zr/code/src/install/robot_relate/share/robot_relate/urdf/fishbot/plugins
[0.700s] -- Installing: /home/zr/code/src/install/robot_relate/share/robot_relate/urdf/fishbot/plugins/gazebo_sensor_plugin.xacro
[0.701s] -- Installing: /home/zr/code/src/install/robot_relate/share/robot_relate/urdf/fishbot/plugins/gazebo_control_plugin.xacro
[0.701s] -- Installing: /home/zr/code/src/install/robot_relate/share/robot_relate/urdf/fishbot/fishbot.ros2_control.xacro
[0.701s] -- Installing: /home/zr/code/src/install/robot_relate/share/robot_relate/urdf/fishbot/sensor
[0.701s] -- Installing: /home/zr/code/src/install/robot_relate/share/robot_relate/urdf/fishbot/sensor/laser.urdf.xacro
[0.701s] -- Installing: /home/zr/code/src/install/robot_relate/share/robot_relate/urdf/fishbot/sensor/imu.urdf.xacro
[0.701s] -- Installing: /home/zr/code/src/install/robot_relate/share/robot_relate/urdf/fishbot/sensor/camera.urdf.xacro
[0.702s] -- Installing: /home/zr/code/src/install/robot_relate/share/robot_relate/urdf/fishbot/common_inertia.xacro
[0.702s] -- Installing: /home/zr/code/src/install/robot_relate/share/robot_relate/urdf/fishbot/base.urdf.xacro
[0.702s] -- Installing: /home/zr/code/src/install/robot_relate/share/robot_relate/urdf/first_robot.urdf.xacro
[0.702s] -- Installing: /home/zr/code/src/install/robot_relate/share/robot_relate/urdf/first_robot.pdf
[0.702s] -- Installing: /home/zr/code/src/install/robot_relate/share/robot_relate/config
[0.702s] -- Installing: /home/zr/code/src/install/robot_relate/share/robot_relate/config/rviz
[0.702s] -- Installing: /home/zr/code/src/install/robot_relate/share/robot_relate/config/rviz/dispaly_model.rviz
[0.706s] -- Installing: /home/zr/code/src/install/robot_relate/share/robot_relate/config/fishbot_ros2_controller.yaml
[0.706s] -- Installing: /home/zr/code/src/install/robot_relate/share/robot_relate/config/nav2_params.yaml
[0.707s] -- Installing: /home/zr/code/src/install/robot_relate/share/robot_relate/world
[0.707s] -- Installing: /home/zr/code/src/install/robot_relate/share/robot_relate/world/room
[0.707s] -- Installing: /home/zr/code/src/install/robot_relate/share/robot_relate/world/room/model.config
[0.707s] -- Installing: /home/zr/code/src/install/robot_relate/share/robot_relate/world/room/model.sdf
[0.707s] -- Installing: /home/zr/code/src/install/robot_relate/share/robot_relate/world/custom_room.world
[0.708s] -- Installing: /home/zr/code/src/install/robot_relate/share/robot_relate/maps
[0.708s] -- Installing: /home/zr/code/src/install/robot_relate/share/robot_relate/maps/room.pgm
[0.708s] -- Installing: /home/zr/code/src/install/robot_relate/share/robot_relate/maps/room.yaml
[0.708s] -- Installing: /home/zr/code/src/install/robot_relate/share/ament_index/resource_index/package_run_dependencies/robot_relate
[0.709s] -- Installing: /home/zr/code/src/install/robot_relate/share/ament_index/resource_index/parent_prefix_path/robot_relate
[0.709s] -- Installing: /home/zr/code/src/install/robot_relate/share/robot_relate/environment/ament_prefix_path.sh
[0.709s] -- Installing: /home/zr/code/src/install/robot_relate/share/robot_relate/environment/ament_prefix_path.dsv
[0.709s] -- Installing: /home/zr/code/src/install/robot_relate/share/robot_relate/environment/path.sh
[0.709s] -- Installing: /home/zr/code/src/install/robot_relate/share/robot_relate/environment/path.dsv
[0.709s] -- Installing: /home/zr/code/src/install/robot_relate/share/robot_relate/local_setup.bash
[0.710s] -- Installing: /home/zr/code/src/install/robot_relate/share/robot_relate/local_setup.sh
[0.710s] -- Installing: /home/zr/code/src/install/robot_relate/share/robot_relate/local_setup.zsh
[0.711s] -- Installing: /home/zr/code/src/install/robot_relate/share/robot_relate/local_setup.dsv
[0.711s] -- Installing: /home/zr/code/src/install/robot_relate/share/robot_relate/package.dsv
[0.711s] -- Installing: /home/zr/code/src/install/robot_relate/share/ament_index/resource_index/packages/robot_relate
[0.711s] -- Installing: /home/zr/code/src/install/robot_relate/share/robot_relate/cmake/robot_relateConfig.cmake
[0.711s] -- Installing: /home/zr/code/src/install/robot_relate/share/robot_relate/cmake/robot_relateConfig-version.cmake
[0.711s] -- Installing: /home/zr/code/src/install/robot_relate/share/robot_relate/package.xml
[0.717s] Invoked command in '/home/zr/code/src/build/robot_relate' returned '0': CMAKE_PREFIX_PATH=/opt/ros/humble /usr/bin/cmake --install /home/zr/code/src/build/robot_relate
