-- The C compiler identification is GNU 11.4.0
-- The CXX compiler identification is GNU 11.4.0
-- Detecting C compiler ABI info
-- Detecting C compiler ABI info - done
-- Check for working C compiler: /usr/bin/cc - skipped
-- Detecting C compile features
-- Detecting C compile features - done
-- Detecting CXX compiler ABI info
-- Detecting CXX compiler ABI info - done
-- Check for working CXX compiler: /usr/bin/c++ - skipped
-- Detecting CXX compile features
-- Detecting CXX compile features - done
-- Found ament_cmake: 1.3.14 (/opt/ros/humble/share/ament_cmake/cmake)
-- Found Python3: /usr/bin/python3 (found version "3.10.12") found components: Interpreter 
-- Override CMake install command with custom implementation using symlinks instead of copying resources
-- Found nav2_common: 1.1.20 (/opt/ros/humble/share/nav2_common/cmake)
-- Found rclcpp: 16.0.19 (/opt/ros/humble/share/rclcpp/cmake)
-- Found rosidl_generator_c: 3.1.8 (/opt/ros/humble/share/rosidl_generator_c/cmake)
-- Found rosidl_adapter: 3.1.8 (/opt/ros/humble/share/rosidl_adapter/cmake)
-- Found rosidl_generator_cpp: 3.1.8 (/opt/ros/humble/share/rosidl_generator_cpp/cmake)
-- Using all available rosidl_typesupport_c: rosidl_typesupport_fastrtps_c;rosidl_typesupport_introspection_c
-- Using all available rosidl_typesupport_cpp: rosidl_typesupport_fastrtps_cpp;rosidl_typesupport_introspection_cpp
-- Found rmw_implementation_cmake: 6.1.2 (/opt/ros/humble/share/rmw_implementation_cmake/cmake)
-- Found rmw_fastrtps_cpp: 6.2.10 (/opt/ros/humble/share/rmw_fastrtps_cpp/cmake)
-- Found OpenSSL: /usr/lib/x86_64-linux-gnu/libcrypto.so (found version "3.0.2")  
-- Found FastRTPS: /opt/ros/humble/include  
-- Using RMW implementation 'rmw_fastrtps_cpp' as default
-- Looking for pthread.h
-- Looking for pthread.h - found
-- Performing Test CMAKE_HAVE_LIBC_PTHREAD
-- Performing Test CMAKE_HAVE_LIBC_PTHREAD - Success
-- Found Threads: TRUE  
-- Found rclcpp_action: 16.0.19 (/opt/ros/humble/share/rclcpp_action/cmake)
-- Found rclcpp_lifecycle: 16.0.19 (/opt/ros/humble/share/rclcpp_lifecycle/cmake)
-- Found rclcpp_components: 16.0.19 (/opt/ros/humble/share/rclcpp_components/cmake)
-- Found gac_nav2_behavior_tree: 1.1.14 (/home/zr/code/src/install/gac_nav2_behavior_tree/share/gac_nav2_behavior_tree/cmake)
-- Found eigen3_cmake_module: 0.1.1 (/opt/ros/humble/share/eigen3_cmake_module/cmake)
-- Found Eigen3: TRUE (found version "3.4.0") 
-- Ensuring Eigen3 include directory is part of orocos-kdl CMake target
-- Found gac_nav2_costmap_2d: 1.1.14 (/home/zr/code/src/install/gac_nav2_costmap_2d/share/gac_nav2_costmap_2d/cmake)
-- Found gac_nav2_core: 1.1.14 (/home/zr/code/src/install/gac_nav2_core/share/gac_nav2_core/cmake)
-- Setting build type to Release as none was specified.
-- Configuring done
-- Generating done
-- Build files have been written to: /home/zr/code/src/build/gac_nav2_behaviors
[  7%] [32mBuilding CXX object CMakeFiles/nav2_wait_behavior.dir/plugins/wait.cpp.o[0m
[ 14%] [32mBuilding CXX object CMakeFiles/nav2_spin_behavior.dir/plugins/spin.cpp.o[0m
[ 35%] [32mBuilding CXX object CMakeFiles/nav2_drive_on_heading_behavior.dir/plugins/drive_on_heading.cpp.o[0m
[ 35%] [32mBuilding CXX object CMakeFiles/nav2_assisted_teleop_behavior.dir/plugins/assisted_teleop.cpp.o[0m
[ 35%] [32mBuilding CXX object CMakeFiles/nav2_back_up_behavior.dir/plugins/back_up.cpp.o[0m
[ 42%] [32mBuilding CXX object CMakeFiles/behavior_server_core.dir/src/behavior_server.cpp.o[0m
[ 50%] [32m[1mLinking CXX shared library libnav2_back_up_behavior.so[0m
[ 57%] [32m[1mLinking CXX shared library libnav2_spin_behavior.so[0m
[ 64%] [32m[1mLinking CXX shared library libnav2_wait_behavior.so[0m
[ 64%] Built target nav2_back_up_behavior
[ 71%] [32m[1mLinking CXX shared library libnav2_drive_on_heading_behavior.so[0m
[ 71%] Built target nav2_spin_behavior
[ 71%] Built target nav2_wait_behavior
[ 71%] Built target nav2_drive_on_heading_behavior
[ 78%] [32m[1mLinking CXX shared library libbehavior_server_core.so[0m
[ 78%] Built target behavior_server_core
[ 85%] [32mBuilding CXX object CMakeFiles/behavior_server.dir/src/main.cpp.o[0m
[ 92%] [32m[1mLinking CXX executable behavior_server[0m
[ 92%] Built target behavior_server
[100%] [32m[1mLinking CXX shared library libnav2_assisted_teleop_behavior.so[0m
[100%] Built target nav2_assisted_teleop_behavior
-- Install configuration: "Release"
-- Execute custom install script
-- Symlinking: /home/zr/code/src/install/gac_nav2_behaviors/share/gac_nav2_behaviors//behavior_plugin.xml
-- Symlinking: /home/zr/code/src/install/gac_nav2_behaviors/lib/libbehavior_server_core.so
-- Symlinking: /home/zr/code/src/install/gac_nav2_behaviors/lib/libnav2_spin_behavior.so
-- Symlinking: /home/zr/code/src/install/gac_nav2_behaviors/lib/libnav2_wait_behavior.so
-- Symlinking: /home/zr/code/src/install/gac_nav2_behaviors/lib/libnav2_assisted_teleop_behavior.so
-- Symlinking: /home/zr/code/src/install/gac_nav2_behaviors/lib/libnav2_drive_on_heading_behavior.so
-- Symlinking: /home/zr/code/src/install/gac_nav2_behaviors/lib/libnav2_back_up_behavior.so
-- Symlinking: /home/zr/code/src/install/gac_nav2_behaviors/lib/gac_nav2_behaviors/behavior_server
-- Symlinking: /home/zr/code/src/install/gac_nav2_behaviors/include//nav2_behaviors/behavior_server.hpp
-- Symlinking: /home/zr/code/src/install/gac_nav2_behaviors/include//nav2_behaviors/plugins/assisted_teleop.hpp
-- Symlinking: /home/zr/code/src/install/gac_nav2_behaviors/include//nav2_behaviors/plugins/back_up.hpp
-- Symlinking: /home/zr/code/src/install/gac_nav2_behaviors/include//nav2_behaviors/plugins/drive_on_heading.hpp
-- Symlinking: /home/zr/code/src/install/gac_nav2_behaviors/include//nav2_behaviors/plugins/spin.hpp
-- Symlinking: /home/zr/code/src/install/gac_nav2_behaviors/include//nav2_behaviors/plugins/wait.hpp
-- Symlinking: /home/zr/code/src/install/gac_nav2_behaviors/include//nav2_behaviors/timed_behavior.hpp
-- Up-to-date symlink: /home/zr/code/src/install/gac_nav2_behaviors/share/gac_nav2_behaviors/behavior_plugin.xml
-- Symlinking: /home/zr/code/src/install/gac_nav2_behaviors/share/gac_nav2_behaviors/plugins//assisted_teleop.cpp
-- Symlinking: /home/zr/code/src/install/gac_nav2_behaviors/share/gac_nav2_behaviors/plugins//back_up.cpp
-- Symlinking: /home/zr/code/src/install/gac_nav2_behaviors/share/gac_nav2_behaviors/plugins//drive_on_heading.cpp
-- Symlinking: /home/zr/code/src/install/gac_nav2_behaviors/share/gac_nav2_behaviors/plugins//spin.cpp
-- Symlinking: /home/zr/code/src/install/gac_nav2_behaviors/share/gac_nav2_behaviors/plugins//wait.cpp
-- Symlinking: /home/zr/code/src/install/gac_nav2_behaviors/share/gac_nav2_behaviors/environment/library_path.sh
-- Symlinking: /home/zr/code/src/install/gac_nav2_behaviors/share/gac_nav2_behaviors/environment/library_path.dsv
-- Symlinking: /home/zr/code/src/install/gac_nav2_behaviors/share/ament_index/resource_index/package_run_dependencies/gac_nav2_behaviors
-- Symlinking: /home/zr/code/src/install/gac_nav2_behaviors/share/ament_index/resource_index/parent_prefix_path/gac_nav2_behaviors
-- Symlinking: /home/zr/code/src/install/gac_nav2_behaviors/share/gac_nav2_behaviors/environment/ament_prefix_path.sh
-- Symlinking: /home/zr/code/src/install/gac_nav2_behaviors/share/gac_nav2_behaviors/environment/ament_prefix_path.dsv
-- Symlinking: /home/zr/code/src/install/gac_nav2_behaviors/share/gac_nav2_behaviors/environment/path.sh
-- Symlinking: /home/zr/code/src/install/gac_nav2_behaviors/share/gac_nav2_behaviors/environment/path.dsv
-- Symlinking: /home/zr/code/src/install/gac_nav2_behaviors/share/gac_nav2_behaviors/local_setup.bash
-- Symlinking: /home/zr/code/src/install/gac_nav2_behaviors/share/gac_nav2_behaviors/local_setup.sh
-- Symlinking: /home/zr/code/src/install/gac_nav2_behaviors/share/gac_nav2_behaviors/local_setup.zsh
-- Symlinking: /home/zr/code/src/install/gac_nav2_behaviors/share/gac_nav2_behaviors/local_setup.dsv
-- Symlinking: /home/zr/code/src/install/gac_nav2_behaviors/share/gac_nav2_behaviors/package.dsv
-- Symlinking: /home/zr/code/src/install/gac_nav2_behaviors/share/ament_index/resource_index/packages/gac_nav2_behaviors
-- Symlinking: /home/zr/code/src/install/gac_nav2_behaviors/share/ament_index/resource_index/rclcpp_components/gac_nav2_behaviors
-- Symlinking: /home/zr/code/src/install/gac_nav2_behaviors/share/ament_index/resource_index/gac_nav2_core__pluginlib__plugin/gac_nav2_behaviors
-- Symlinking: /home/zr/code/src/install/gac_nav2_behaviors/share/gac_nav2_behaviors/cmake/ament_cmake_export_include_directories-extras.cmake
-- Symlinking: /home/zr/code/src/install/gac_nav2_behaviors/share/gac_nav2_behaviors/cmake/ament_cmake_export_libraries-extras.cmake
-- Symlinking: /home/zr/code/src/install/gac_nav2_behaviors/share/gac_nav2_behaviors/cmake/ament_cmake_export_dependencies-extras.cmake
-- Symlinking: /home/zr/code/src/install/gac_nav2_behaviors/share/gac_nav2_behaviors/cmake/gac_nav2_behaviorsConfig.cmake
-- Symlinking: /home/zr/code/src/install/gac_nav2_behaviors/share/gac_nav2_behaviors/cmake/gac_nav2_behaviorsConfig-version.cmake
-- Symlinking: /home/zr/code/src/install/gac_nav2_behaviors/share/gac_nav2_behaviors/package.xml
