[0.019s] Invoking command in '/home/zr/code/src/build/costmap_queue': AMENT_PREFIX_PATH=/home/zr/code/src/install/gac_nav2_costmap_2d:/home/zr/code/src/install/nav2_map_server:/home/zr/code/src/install/nav2_lifecycle_manager:/home/zr/code/src/install/nav2_util:/home/zr/code/src/install/gac_nav2_voxel_grid:${AMENT_PREFIX_PATH} CMAKE_PREFIX_PATH=/home/zr/code/src/install/gac_nav2_costmap_2d:/home/zr/code/src/install/nav2_map_server:/home/zr/code/src/install/nav2_lifecycle_manager:/home/zr/code/src/install/nav2_util:/home/zr/code/src/install/gac_nav2_voxel_grid:/opt/ros/humble LD_LIBRARY_PATH=/home/zr/code/src/install/gac_nav2_costmap_2d/lib:/home/zr/code/src/install/nav2_map_server/lib:/home/zr/code/src/install/nav2_lifecycle_manager/lib:/home/zr/code/src/install/nav2_util/lib:/home/zr/code/src/install/gac_nav2_voxel_grid/lib:${LD_LIBRARY_PATH} /usr/bin/cmake /home/zr/code/src/nav_ws_gazebo/src/gac_navigation2/nav2_dwb_controller/costmap_queue -DBUILD_TESTING=OFF -DCMAKE_C_COMPILER_LAUNCHER=ccache -DCMAKE_CXX_COMPILER_LAUNCHER=ccache -DAMENT_CMAKE_SYMLINK_INSTALL=1 -DCMAKE_INSTALL_PREFIX=/home/zr/code/src/install/costmap_queue
[0.072s] -- The C compiler identification is GNU 11.4.0
[0.126s] -- The CXX compiler identification is GNU 11.4.0
[0.133s] -- Detecting C compiler ABI info
[0.202s] -- Detecting C compiler ABI info - done
[0.207s] -- Check for working C compiler: /usr/bin/cc - skipped
[0.208s] -- Detecting C compile features
[0.208s] -- Detecting C compile features - done
[0.210s] -- Detecting CXX compiler ABI info
[0.287s] -- Detecting CXX compiler ABI info - done
[0.294s] -- Check for working CXX compiler: /usr/bin/c++ - skipped
[0.294s] -- Detecting CXX compile features
[0.294s] -- Detecting CXX compile features - done
[0.297s] -- Found ament_cmake: 1.3.14 (/opt/ros/humble/share/ament_cmake/cmake)
[0.428s] -- Found Python3: /usr/bin/python3 (found version "3.10.12") found components: Interpreter 
[0.481s] -- Override CMake install command with custom implementation using symlinks instead of copying resources
[0.524s] -- Found nav2_common: 1.1.20 (/opt/ros/humble/share/nav2_common/cmake)
[0.525s] -- Found gac_nav2_costmap_2d: 1.1.14 (/home/zr/code/src/install/gac_nav2_costmap_2d/share/gac_nav2_costmap_2d/cmake)
[0.578s] -- Found rosidl_generator_c: 3.1.8 (/opt/ros/humble/share/rosidl_generator_c/cmake)
[0.584s] -- Found rosidl_adapter: 3.1.8 (/opt/ros/humble/share/rosidl_adapter/cmake)
[0.597s] -- Found rosidl_generator_cpp: 3.1.8 (/opt/ros/humble/share/rosidl_generator_cpp/cmake)
[0.611s] -- Using all available rosidl_typesupport_c: rosidl_typesupport_fastrtps_c;rosidl_typesupport_introspection_c
[0.626s] -- Using all available rosidl_typesupport_cpp: rosidl_typesupport_fastrtps_cpp;rosidl_typesupport_introspection_cpp
[0.718s] -- Found rmw_implementation_cmake: 6.1.2 (/opt/ros/humble/share/rmw_implementation_cmake/cmake)
[0.721s] -- Found rmw_fastrtps_cpp: 6.2.10 (/opt/ros/humble/share/rmw_fastrtps_cpp/cmake)
[0.822s] -- Found OpenSSL: /usr/lib/x86_64-linux-gnu/libcrypto.so (found version "3.0.2")  
[0.851s] -- Found FastRTPS: /opt/ros/humble/include  
[0.901s] -- Using RMW implementation 'rmw_fastrtps_cpp' as default
[0.910s] -- Looking for pthread.h
[0.987s] -- Looking for pthread.h - found
[0.987s] -- Performing Test CMAKE_HAVE_LIBC_PTHREAD
[1.063s] -- Performing Test CMAKE_HAVE_LIBC_PTHREAD - Success
[1.064s] -- Found Threads: TRUE  
[1.281s] -- Found Eigen3: TRUE (found version "3.4.0") 
[1.281s] -- Ensuring Eigen3 include directory is part of orocos-kdl CMake target
[1.401s] -- Setting build type to Release as none was specified.
[1.461s] -- Configuring done
[1.504s] -- Generating done
[1.509s] -- Build files have been written to: /home/zr/code/src/build/costmap_queue
[1.522s] Invoked command in '/home/zr/code/src/build/costmap_queue' returned '0': AMENT_PREFIX_PATH=/home/zr/code/src/install/gac_nav2_costmap_2d:/home/zr/code/src/install/nav2_map_server:/home/zr/code/src/install/nav2_lifecycle_manager:/home/zr/code/src/install/nav2_util:/home/zr/code/src/install/gac_nav2_voxel_grid:${AMENT_PREFIX_PATH} CMAKE_PREFIX_PATH=/home/zr/code/src/install/gac_nav2_costmap_2d:/home/zr/code/src/install/nav2_map_server:/home/zr/code/src/install/nav2_lifecycle_manager:/home/zr/code/src/install/nav2_util:/home/zr/code/src/install/gac_nav2_voxel_grid:/opt/ros/humble LD_LIBRARY_PATH=/home/zr/code/src/install/gac_nav2_costmap_2d/lib:/home/zr/code/src/install/nav2_map_server/lib:/home/zr/code/src/install/nav2_lifecycle_manager/lib:/home/zr/code/src/install/nav2_util/lib:/home/zr/code/src/install/gac_nav2_voxel_grid/lib:${LD_LIBRARY_PATH} /usr/bin/cmake /home/zr/code/src/nav_ws_gazebo/src/gac_navigation2/nav2_dwb_controller/costmap_queue -DBUILD_TESTING=OFF -DCMAKE_C_COMPILER_LAUNCHER=ccache -DCMAKE_CXX_COMPILER_LAUNCHER=ccache -DAMENT_CMAKE_SYMLINK_INSTALL=1 -DCMAKE_INSTALL_PREFIX=/home/zr/code/src/install/costmap_queue
[1.524s] Invoking command in '/home/zr/code/src/build/costmap_queue': AMENT_PREFIX_PATH=/home/zr/code/src/install/gac_nav2_costmap_2d:/home/zr/code/src/install/nav2_map_server:/home/zr/code/src/install/nav2_lifecycle_manager:/home/zr/code/src/install/nav2_util:/home/zr/code/src/install/gac_nav2_voxel_grid:${AMENT_PREFIX_PATH} CMAKE_PREFIX_PATH=/home/zr/code/src/install/gac_nav2_costmap_2d:/home/zr/code/src/install/nav2_map_server:/home/zr/code/src/install/nav2_lifecycle_manager:/home/zr/code/src/install/nav2_util:/home/zr/code/src/install/gac_nav2_voxel_grid:/opt/ros/humble LD_LIBRARY_PATH=/home/zr/code/src/install/gac_nav2_costmap_2d/lib:/home/zr/code/src/install/nav2_map_server/lib:/home/zr/code/src/install/nav2_lifecycle_manager/lib:/home/zr/code/src/install/nav2_util/lib:/home/zr/code/src/install/gac_nav2_voxel_grid/lib:${LD_LIBRARY_PATH} /usr/bin/cmake --build /home/zr/code/src/build/costmap_queue -- -j16 -l16
[1.582s] [ 66%] [32mBuilding CXX object CMakeFiles/costmap_queue.dir/src/costmap_queue.cpp.o[0m
[1.582s] [ 66%] [32mBuilding CXX object CMakeFiles/costmap_queue.dir/src/limited_costmap_queue.cpp.o[0m
[1.856s] [100%] [32m[1mLinking CXX shared library libcostmap_queue.so[0m
[2.101s] [100%] Built target costmap_queue
[2.120s] Invoked command in '/home/zr/code/src/build/costmap_queue' returned '0': AMENT_PREFIX_PATH=/home/zr/code/src/install/gac_nav2_costmap_2d:/home/zr/code/src/install/nav2_map_server:/home/zr/code/src/install/nav2_lifecycle_manager:/home/zr/code/src/install/nav2_util:/home/zr/code/src/install/gac_nav2_voxel_grid:${AMENT_PREFIX_PATH} CMAKE_PREFIX_PATH=/home/zr/code/src/install/gac_nav2_costmap_2d:/home/zr/code/src/install/nav2_map_server:/home/zr/code/src/install/nav2_lifecycle_manager:/home/zr/code/src/install/nav2_util:/home/zr/code/src/install/gac_nav2_voxel_grid:/opt/ros/humble LD_LIBRARY_PATH=/home/zr/code/src/install/gac_nav2_costmap_2d/lib:/home/zr/code/src/install/nav2_map_server/lib:/home/zr/code/src/install/nav2_lifecycle_manager/lib:/home/zr/code/src/install/nav2_util/lib:/home/zr/code/src/install/gac_nav2_voxel_grid/lib:${LD_LIBRARY_PATH} /usr/bin/cmake --build /home/zr/code/src/build/costmap_queue -- -j16 -l16
[2.121s] Invoking command in '/home/zr/code/src/build/costmap_queue': AMENT_PREFIX_PATH=/home/zr/code/src/install/gac_nav2_costmap_2d:/home/zr/code/src/install/nav2_map_server:/home/zr/code/src/install/nav2_lifecycle_manager:/home/zr/code/src/install/nav2_util:/home/zr/code/src/install/gac_nav2_voxel_grid:${AMENT_PREFIX_PATH} CMAKE_PREFIX_PATH=/home/zr/code/src/install/gac_nav2_costmap_2d:/home/zr/code/src/install/nav2_map_server:/home/zr/code/src/install/nav2_lifecycle_manager:/home/zr/code/src/install/nav2_util:/home/zr/code/src/install/gac_nav2_voxel_grid:/opt/ros/humble LD_LIBRARY_PATH=/home/zr/code/src/install/gac_nav2_costmap_2d/lib:/home/zr/code/src/install/nav2_map_server/lib:/home/zr/code/src/install/nav2_lifecycle_manager/lib:/home/zr/code/src/install/nav2_util/lib:/home/zr/code/src/install/gac_nav2_voxel_grid/lib:${LD_LIBRARY_PATH} /usr/bin/cmake --install /home/zr/code/src/build/costmap_queue
[2.129s] -- Install configuration: "Release"
[2.129s] -- Execute custom install script
[2.129s] -- Symlinking: /home/zr/code/src/install/costmap_queue/lib/libcostmap_queue.so
[2.139s] -- Symlinking: /home/zr/code/src/install/costmap_queue/include//costmap_queue/costmap_queue.hpp
[2.151s] -- Symlinking: /home/zr/code/src/install/costmap_queue/include//costmap_queue/limited_costmap_queue.hpp
[2.159s] -- Symlinking: /home/zr/code/src/install/costmap_queue/include//costmap_queue/map_based_queue.hpp
[2.168s] -- Symlinking: /home/zr/code/src/install/costmap_queue/share/costmap_queue/environment/library_path.sh
[2.179s] -- Symlinking: /home/zr/code/src/install/costmap_queue/share/costmap_queue/environment/library_path.dsv
[2.192s] -- Symlinking: /home/zr/code/src/install/costmap_queue/share/ament_index/resource_index/package_run_dependencies/costmap_queue
[2.204s] -- Symlinking: /home/zr/code/src/install/costmap_queue/share/ament_index/resource_index/parent_prefix_path/costmap_queue
[2.214s] -- Symlinking: /home/zr/code/src/install/costmap_queue/share/costmap_queue/environment/ament_prefix_path.sh
[2.225s] -- Symlinking: /home/zr/code/src/install/costmap_queue/share/costmap_queue/environment/ament_prefix_path.dsv
[2.233s] -- Symlinking: /home/zr/code/src/install/costmap_queue/share/costmap_queue/environment/path.sh
[2.242s] -- Symlinking: /home/zr/code/src/install/costmap_queue/share/costmap_queue/environment/path.dsv
[2.252s] -- Symlinking: /home/zr/code/src/install/costmap_queue/share/costmap_queue/local_setup.bash
[2.263s] -- Symlinking: /home/zr/code/src/install/costmap_queue/share/costmap_queue/local_setup.sh
[2.273s] -- Symlinking: /home/zr/code/src/install/costmap_queue/share/costmap_queue/local_setup.zsh
[2.285s] -- Symlinking: /home/zr/code/src/install/costmap_queue/share/costmap_queue/local_setup.dsv
[2.298s] -- Symlinking: /home/zr/code/src/install/costmap_queue/share/costmap_queue/package.dsv
[2.309s] -- Symlinking: /home/zr/code/src/install/costmap_queue/share/ament_index/resource_index/packages/costmap_queue
[2.319s] -- Symlinking: /home/zr/code/src/install/costmap_queue/share/costmap_queue/cmake/ament_cmake_export_include_directories-extras.cmake
[2.329s] -- Symlinking: /home/zr/code/src/install/costmap_queue/share/costmap_queue/cmake/ament_cmake_export_libraries-extras.cmake
[2.339s] -- Symlinking: /home/zr/code/src/install/costmap_queue/share/costmap_queue/cmake/costmap_queueConfig.cmake
[2.349s] -- Symlinking: /home/zr/code/src/install/costmap_queue/share/costmap_queue/cmake/costmap_queueConfig-version.cmake
[2.360s] -- Symlinking: /home/zr/code/src/install/costmap_queue/share/costmap_queue/package.xml
[2.374s] Invoked command in '/home/zr/code/src/build/costmap_queue' returned '0': AMENT_PREFIX_PATH=/home/zr/code/src/install/gac_nav2_costmap_2d:/home/zr/code/src/install/nav2_map_server:/home/zr/code/src/install/nav2_lifecycle_manager:/home/zr/code/src/install/nav2_util:/home/zr/code/src/install/gac_nav2_voxel_grid:${AMENT_PREFIX_PATH} CMAKE_PREFIX_PATH=/home/zr/code/src/install/gac_nav2_costmap_2d:/home/zr/code/src/install/nav2_map_server:/home/zr/code/src/install/nav2_lifecycle_manager:/home/zr/code/src/install/nav2_util:/home/zr/code/src/install/gac_nav2_voxel_grid:/opt/ros/humble LD_LIBRARY_PATH=/home/zr/code/src/install/gac_nav2_costmap_2d/lib:/home/zr/code/src/install/nav2_map_server/lib:/home/zr/code/src/install/nav2_lifecycle_manager/lib:/home/zr/code/src/install/nav2_util/lib:/home/zr/code/src/install/gac_nav2_voxel_grid/lib:${LD_LIBRARY_PATH} /usr/bin/cmake --install /home/zr/code/src/build/costmap_queue
