-- The C compiler identification is GNU 11.4.0
-- The CXX compiler identification is GNU 11.4.0
-- Detecting C compiler ABI info
-- Detecting C compiler ABI info - done
-- Check for working C compiler: /usr/bin/cc - skipped
-- Detecting C compile features
-- Detecting C compile features - done
-- Detecting CXX compiler ABI info
-- Detecting CXX compiler ABI info - done
-- Check for working CXX compiler: /usr/bin/c++ - skipped
-- Detecting CXX compile features
-- Detecting CXX compile features - done
-- Found ament_cmake: 1.3.14 (/opt/ros/humble/share/ament_cmake/cmake)
-- Found Python3: /usr/bin/python3 (found version "3.10.12") found components: Interpreter 
-- Override CMake install command with custom implementation using symlinks instead of copying resources
-- Found gac_nav2_core: 1.1.14 (/home/zr/code/src/install/gac_nav2_core/share/gac_nav2_core/cmake)
-- Found rosidl_generator_c: 3.1.8 (/opt/ros/humble/share/rosidl_generator_c/cmake)
-- Found rosidl_adapter: 3.1.8 (/opt/ros/humble/share/rosidl_adapter/cmake)
-- Found rosidl_generator_cpp: 3.1.8 (/opt/ros/humble/share/rosidl_generator_cpp/cmake)
-- Using all available rosidl_typesupport_c: rosidl_typesupport_fastrtps_c;rosidl_typesupport_introspection_c
-- Using all available rosidl_typesupport_cpp: rosidl_typesupport_fastrtps_cpp;rosidl_typesupport_introspection_cpp
-- Found rmw_implementation_cmake: 6.1.2 (/opt/ros/humble/share/rmw_implementation_cmake/cmake)
-- Found rmw_fastrtps_cpp: 6.2.10 (/opt/ros/humble/share/rmw_fastrtps_cpp/cmake)
-- Found OpenSSL: /usr/lib/x86_64-linux-gnu/libcrypto.so (found version "3.0.2")  
-- Found FastRTPS: /opt/ros/humble/include  
-- Using RMW implementation 'rmw_fastrtps_cpp' as default
-- Looking for pthread.h
-- Looking for pthread.h - found
-- Performing Test CMAKE_HAVE_LIBC_PTHREAD
-- Performing Test CMAKE_HAVE_LIBC_PTHREAD - Success
-- Found Threads: TRUE  
-- Found Eigen3: TRUE (found version "3.4.0") 
-- Ensuring Eigen3 include directory is part of orocos-kdl CMake target
-- Found nav2_common: 1.1.20 (/opt/ros/humble/share/nav2_common/cmake)
-- Found nav_2d_utils: 1.1.14 (/home/zr/code/src/install/nav_2d_utils/share/nav_2d_utils/cmake)
-- Setting build type to Release as none was specified.
-- Configuring done
-- Generating done
-- Build files have been written to: /home/zr/code/src/build/gac_nav2_controller
[ 25%] [32mBuilding CXX object CMakeFiles/simple_goal_checker.dir/plugins/simple_goal_checker.cpp.o[0m
[ 25%] [32mBuilding CXX object CMakeFiles/simple_progress_checker.dir/plugins/simple_progress_checker.cpp.o[0m
[ 25%] [32mBuilding CXX object CMakeFiles/controller_server_core.dir/src/controller_server.cpp.o[0m
[ 33%] [32m[1mLinking CXX shared library libsimple_progress_checker.so[0m
[ 33%] Built target simple_progress_checker
[ 41%] [32mBuilding CXX object CMakeFiles/pose_progress_checker.dir/plugins/pose_progress_checker.cpp.o[0m
[ 50%] [32m[1mLinking CXX shared library libpose_progress_checker.so[0m
[ 50%] Built target pose_progress_checker
[ 58%] [32m[1mLinking CXX shared library libsimple_goal_checker.so[0m
[ 58%] Built target simple_goal_checker
[ 66%] [32mBuilding CXX object CMakeFiles/stopped_goal_checker.dir/plugins/stopped_goal_checker.cpp.o[0m
[ 75%] [32m[1mLinking CXX shared library libstopped_goal_checker.so[0m
[ 75%] Built target stopped_goal_checker
[ 83%] [32m[1mLinking CXX shared library libcontroller_server_core.so[0m
[ 83%] Built target controller_server_core
[ 91%] [32mBuilding CXX object CMakeFiles/controller_server.dir/src/main.cpp.o[0m
[100%] [32m[1mLinking CXX executable controller_server[0m
[100%] Built target controller_server
-- Install configuration: "Release"
-- Execute custom install script
-- Symlinking: /home/zr/code/src/install/gac_nav2_controller/lib/libsimple_progress_checker.so
-- Symlinking: /home/zr/code/src/install/gac_nav2_controller/lib/libpose_progress_checker.so
-- Symlinking: /home/zr/code/src/install/gac_nav2_controller/lib/libsimple_goal_checker.so
-- Symlinking: /home/zr/code/src/install/gac_nav2_controller/lib/libstopped_goal_checker.so
-- Symlinking: /home/zr/code/src/install/gac_nav2_controller/lib/libcontroller_server_core.so
-- Symlinking: /home/zr/code/src/install/gac_nav2_controller/lib/gac_nav2_controller/controller_server
-- Symlinking: /home/zr/code/src/install/gac_nav2_controller/include//nav2_controller/controller_server.hpp
-- Symlinking: /home/zr/code/src/install/gac_nav2_controller/include//nav2_controller/plugins/pose_progress_checker.hpp
-- Symlinking: /home/zr/code/src/install/gac_nav2_controller/include//nav2_controller/plugins/simple_goal_checker.hpp
-- Symlinking: /home/zr/code/src/install/gac_nav2_controller/include//nav2_controller/plugins/simple_progress_checker.hpp
-- Symlinking: /home/zr/code/src/install/gac_nav2_controller/include//nav2_controller/plugins/stopped_goal_checker.hpp
-- Symlinking: /home/zr/code/src/install/gac_nav2_controller/share/gac_nav2_controller/environment/library_path.sh
-- Symlinking: /home/zr/code/src/install/gac_nav2_controller/share/gac_nav2_controller/environment/library_path.dsv
-- Symlinking: /home/zr/code/src/install/gac_nav2_controller/share/gac_nav2_controller//plugins.xml
-- Symlinking: /home/zr/code/src/install/gac_nav2_controller/share/ament_index/resource_index/package_run_dependencies/gac_nav2_controller
-- Symlinking: /home/zr/code/src/install/gac_nav2_controller/share/ament_index/resource_index/parent_prefix_path/gac_nav2_controller
-- Symlinking: /home/zr/code/src/install/gac_nav2_controller/share/gac_nav2_controller/environment/ament_prefix_path.sh
-- Symlinking: /home/zr/code/src/install/gac_nav2_controller/share/gac_nav2_controller/environment/ament_prefix_path.dsv
-- Symlinking: /home/zr/code/src/install/gac_nav2_controller/share/gac_nav2_controller/environment/path.sh
-- Symlinking: /home/zr/code/src/install/gac_nav2_controller/share/gac_nav2_controller/environment/path.dsv
-- Symlinking: /home/zr/code/src/install/gac_nav2_controller/share/gac_nav2_controller/local_setup.bash
-- Symlinking: /home/zr/code/src/install/gac_nav2_controller/share/gac_nav2_controller/local_setup.sh
-- Symlinking: /home/zr/code/src/install/gac_nav2_controller/share/gac_nav2_controller/local_setup.zsh
-- Symlinking: /home/zr/code/src/install/gac_nav2_controller/share/gac_nav2_controller/local_setup.dsv
-- Symlinking: /home/zr/code/src/install/gac_nav2_controller/share/gac_nav2_controller/package.dsv
-- Symlinking: /home/zr/code/src/install/gac_nav2_controller/share/ament_index/resource_index/packages/gac_nav2_controller
-- Symlinking: /home/zr/code/src/install/gac_nav2_controller/share/ament_index/resource_index/rclcpp_components/gac_nav2_controller
-- Symlinking: /home/zr/code/src/install/gac_nav2_controller/share/ament_index/resource_index/gac_nav2_core__pluginlib__plugin/gac_nav2_controller
-- Symlinking: /home/zr/code/src/install/gac_nav2_controller/share/gac_nav2_controller/cmake/ament_cmake_export_include_directories-extras.cmake
-- Symlinking: /home/zr/code/src/install/gac_nav2_controller/share/gac_nav2_controller/cmake/ament_cmake_export_libraries-extras.cmake
-- Symlinking: /home/zr/code/src/install/gac_nav2_controller/share/gac_nav2_controller/cmake/ament_cmake_export_dependencies-extras.cmake
-- Symlinking: /home/zr/code/src/install/gac_nav2_controller/share/gac_nav2_controller/cmake/gac_nav2_controllerConfig.cmake
-- Symlinking: /home/zr/code/src/install/gac_nav2_controller/share/gac_nav2_controller/cmake/gac_nav2_controllerConfig-version.cmake
-- Symlinking: /home/zr/code/src/install/gac_nav2_controller/share/gac_nav2_controller/package.xml
