[0.026s] Invoking command in '/home/zr/code/src/build/gac_nav2_controller': AMENT_PREFIX_PATH=/home/zr/code/src/install/gac_nav2_core:/home/zr/code/src/install/gac_nav2_costmap_2d:/home/zr/code/src/install/nav_2d_utils:/home/zr/code/src/install/nav2_map_server:/home/zr/code/src/install/nav2_lifecycle_manager:/home/zr/code/src/install/nav_2d_msgs:/home/zr/code/src/install/nav2_util:/home/zr/code/src/install/gac_nav2_voxel_grid:${AMENT_PREFIX_PATH} CMAKE_PREFIX_PATH=/home/zr/code/src/install/gac_nav2_core:/home/zr/code/src/install/gac_nav2_costmap_2d:/home/zr/code/src/install/nav_2d_utils:/home/zr/code/src/install/nav2_map_server:/home/zr/code/src/install/nav2_lifecycle_manager:/home/zr/code/src/install/nav_2d_msgs:/home/zr/code/src/install/nav2_util:/home/zr/code/src/install/gac_nav2_voxel_grid:/opt/ros/humble LD_LIBRARY_PATH=/home/zr/code/src/install/gac_nav2_costmap_2d/lib:/home/zr/code/src/install/nav_2d_utils/lib:/home/zr/code/src/install/nav2_map_server/lib:/home/zr/code/src/install/nav2_lifecycle_manager/lib:/home/zr/code/src/install/nav_2d_msgs/lib:/home/zr/code/src/install/nav2_util/lib:/home/zr/code/src/install/gac_nav2_voxel_grid/lib:${LD_LIBRARY_PATH} PYTHONPATH=/home/zr/code/src/install/nav_2d_msgs/local/lib/python3.10/dist-packages:${PYTHONPATH} /usr/bin/cmake /home/zr/code/src/nav_ws_gazebo/src/gac_navigation2/gac_nav2_controller -DBUILD_TESTING=OFF -DCMAKE_C_COMPILER_LAUNCHER=ccache -DCMAKE_CXX_COMPILER_LAUNCHER=ccache -DAMENT_CMAKE_SYMLINK_INSTALL=1 -DCMAKE_INSTALL_PREFIX=/home/zr/code/src/install/gac_nav2_controller
[0.097s] -- The C compiler identification is GNU 11.4.0
[0.157s] -- The CXX compiler identification is GNU 11.4.0
[0.169s] -- Detecting C compiler ABI info
[0.266s] -- Detecting C compiler ABI info - done
[0.278s] -- Check for working C compiler: /usr/bin/cc - skipped
[0.278s] -- Detecting C compile features
[0.280s] -- Detecting C compile features - done
[0.286s] -- Detecting CXX compiler ABI info
[0.370s] -- Detecting CXX compiler ABI info - done
[0.379s] -- Check for working CXX compiler: /usr/bin/c++ - skipped
[0.379s] -- Detecting CXX compile features
[0.379s] -- Detecting CXX compile features - done
[0.384s] -- Found ament_cmake: 1.3.14 (/opt/ros/humble/share/ament_cmake/cmake)
[0.527s] -- Found Python3: /usr/bin/python3 (found version "3.10.12") found components: Interpreter 
[0.596s] -- Override CMake install command with custom implementation using symlinks instead of copying resources
[0.645s] -- Found gac_nav2_core: 1.1.14 (/home/zr/code/src/install/gac_nav2_core/share/gac_nav2_core/cmake)
[0.709s] -- Found rosidl_generator_c: 3.1.8 (/opt/ros/humble/share/rosidl_generator_c/cmake)
[0.716s] -- Found rosidl_adapter: 3.1.8 (/opt/ros/humble/share/rosidl_adapter/cmake)
[0.726s] -- Found rosidl_generator_cpp: 3.1.8 (/opt/ros/humble/share/rosidl_generator_cpp/cmake)
[0.739s] -- Using all available rosidl_typesupport_c: rosidl_typesupport_fastrtps_c;rosidl_typesupport_introspection_c
[0.764s] -- Using all available rosidl_typesupport_cpp: rosidl_typesupport_fastrtps_cpp;rosidl_typesupport_introspection_cpp
[0.815s] -- Found rmw_implementation_cmake: 6.1.2 (/opt/ros/humble/share/rmw_implementation_cmake/cmake)
[0.819s] -- Found rmw_fastrtps_cpp: 6.2.10 (/opt/ros/humble/share/rmw_fastrtps_cpp/cmake)
[0.929s] -- Found OpenSSL: /usr/lib/x86_64-linux-gnu/libcrypto.so (found version "3.0.2")  
[0.966s] -- Found FastRTPS: /opt/ros/humble/include  
[1.016s] -- Using RMW implementation 'rmw_fastrtps_cpp' as default
[1.027s] -- Looking for pthread.h
[1.108s] -- Looking for pthread.h - found
[1.108s] -- Performing Test CMAKE_HAVE_LIBC_PTHREAD
[1.189s] -- Performing Test CMAKE_HAVE_LIBC_PTHREAD - Success
[1.190s] -- Found Threads: TRUE  
[1.497s] -- Found Eigen3: TRUE (found version "3.4.0") 
[1.498s] -- Ensuring Eigen3 include directory is part of orocos-kdl CMake target
[1.612s] -- Found nav2_common: 1.1.20 (/opt/ros/humble/share/nav2_common/cmake)
[1.614s] -- Found nav_2d_utils: 1.1.14 (/home/zr/code/src/install/nav_2d_utils/share/nav_2d_utils/cmake)
[1.635s] -- Setting build type to Release as none was specified.
[2.430s] -- Configuring done
[2.721s] -- Generating done
[2.744s] -- Build files have been written to: /home/zr/code/src/build/gac_nav2_controller
[2.768s] Invoked command in '/home/zr/code/src/build/gac_nav2_controller' returned '0': AMENT_PREFIX_PATH=/home/zr/code/src/install/gac_nav2_core:/home/zr/code/src/install/gac_nav2_costmap_2d:/home/zr/code/src/install/nav_2d_utils:/home/zr/code/src/install/nav2_map_server:/home/zr/code/src/install/nav2_lifecycle_manager:/home/zr/code/src/install/nav_2d_msgs:/home/zr/code/src/install/nav2_util:/home/zr/code/src/install/gac_nav2_voxel_grid:${AMENT_PREFIX_PATH} CMAKE_PREFIX_PATH=/home/zr/code/src/install/gac_nav2_core:/home/zr/code/src/install/gac_nav2_costmap_2d:/home/zr/code/src/install/nav_2d_utils:/home/zr/code/src/install/nav2_map_server:/home/zr/code/src/install/nav2_lifecycle_manager:/home/zr/code/src/install/nav_2d_msgs:/home/zr/code/src/install/nav2_util:/home/zr/code/src/install/gac_nav2_voxel_grid:/opt/ros/humble LD_LIBRARY_PATH=/home/zr/code/src/install/gac_nav2_costmap_2d/lib:/home/zr/code/src/install/nav_2d_utils/lib:/home/zr/code/src/install/nav2_map_server/lib:/home/zr/code/src/install/nav2_lifecycle_manager/lib:/home/zr/code/src/install/nav_2d_msgs/lib:/home/zr/code/src/install/nav2_util/lib:/home/zr/code/src/install/gac_nav2_voxel_grid/lib:${LD_LIBRARY_PATH} PYTHONPATH=/home/zr/code/src/install/nav_2d_msgs/local/lib/python3.10/dist-packages:${PYTHONPATH} /usr/bin/cmake /home/zr/code/src/nav_ws_gazebo/src/gac_navigation2/gac_nav2_controller -DBUILD_TESTING=OFF -DCMAKE_C_COMPILER_LAUNCHER=ccache -DCMAKE_CXX_COMPILER_LAUNCHER=ccache -DAMENT_CMAKE_SYMLINK_INSTALL=1 -DCMAKE_INSTALL_PREFIX=/home/zr/code/src/install/gac_nav2_controller
[2.768s] Invoking command in '/home/zr/code/src/build/gac_nav2_controller': AMENT_PREFIX_PATH=/home/zr/code/src/install/gac_nav2_core:/home/zr/code/src/install/gac_nav2_costmap_2d:/home/zr/code/src/install/nav_2d_utils:/home/zr/code/src/install/nav2_map_server:/home/zr/code/src/install/nav2_lifecycle_manager:/home/zr/code/src/install/nav_2d_msgs:/home/zr/code/src/install/nav2_util:/home/zr/code/src/install/gac_nav2_voxel_grid:${AMENT_PREFIX_PATH} CMAKE_PREFIX_PATH=/home/zr/code/src/install/gac_nav2_core:/home/zr/code/src/install/gac_nav2_costmap_2d:/home/zr/code/src/install/nav_2d_utils:/home/zr/code/src/install/nav2_map_server:/home/zr/code/src/install/nav2_lifecycle_manager:/home/zr/code/src/install/nav_2d_msgs:/home/zr/code/src/install/nav2_util:/home/zr/code/src/install/gac_nav2_voxel_grid:/opt/ros/humble LD_LIBRARY_PATH=/home/zr/code/src/install/gac_nav2_costmap_2d/lib:/home/zr/code/src/install/nav_2d_utils/lib:/home/zr/code/src/install/nav2_map_server/lib:/home/zr/code/src/install/nav2_lifecycle_manager/lib:/home/zr/code/src/install/nav_2d_msgs/lib:/home/zr/code/src/install/nav2_util/lib:/home/zr/code/src/install/gac_nav2_voxel_grid/lib:${LD_LIBRARY_PATH} PYTHONPATH=/home/zr/code/src/install/nav_2d_msgs/local/lib/python3.10/dist-packages:${PYTHONPATH} /usr/bin/cmake --build /home/zr/code/src/build/gac_nav2_controller -- -j16 -l16
[2.835s] [ 25%] [32mBuilding CXX object CMakeFiles/simple_goal_checker.dir/plugins/simple_goal_checker.cpp.o[0m
[2.835s] [ 25%] [32mBuilding CXX object CMakeFiles/simple_progress_checker.dir/plugins/simple_progress_checker.cpp.o[0m
[2.835s] [ 25%] [32mBuilding CXX object CMakeFiles/controller_server_core.dir/src/controller_server.cpp.o[0m
[3.335s] [ 33%] [32m[1mLinking CXX shared library libsimple_progress_checker.so[0m
[3.621s] [ 33%] Built target simple_progress_checker
[3.647s] [ 41%] [32mBuilding CXX object CMakeFiles/pose_progress_checker.dir/plugins/pose_progress_checker.cpp.o[0m
[4.252s] [ 50%] [32m[1mLinking CXX shared library libpose_progress_checker.so[0m
[4.640s] [ 50%] Built target pose_progress_checker
[11.844s] [ 58%] [32m[1mLinking CXX shared library libsimple_goal_checker.so[0m
[12.263s] [ 58%] Built target simple_goal_checker
[12.305s] [ 66%] [32mBuilding CXX object CMakeFiles/stopped_goal_checker.dir/plugins/stopped_goal_checker.cpp.o[0m
[20.422s] [ 75%] [32m[1mLinking CXX shared library libstopped_goal_checker.so[0m
[20.731s] [ 75%] Built target stopped_goal_checker
[33.203s] [ 83%] [32m[1mLinking CXX shared library libcontroller_server_core.so[0m
[33.682s] [ 83%] Built target controller_server_core
[33.710s] [ 91%] [32mBuilding CXX object CMakeFiles/controller_server.dir/src/main.cpp.o[0m
[41.811s] [100%] [32m[1mLinking CXX executable controller_server[0m
[42.141s] [100%] Built target controller_server
[42.194s] Invoked command in '/home/zr/code/src/build/gac_nav2_controller' returned '0': AMENT_PREFIX_PATH=/home/zr/code/src/install/gac_nav2_core:/home/zr/code/src/install/gac_nav2_costmap_2d:/home/zr/code/src/install/nav_2d_utils:/home/zr/code/src/install/nav2_map_server:/home/zr/code/src/install/nav2_lifecycle_manager:/home/zr/code/src/install/nav_2d_msgs:/home/zr/code/src/install/nav2_util:/home/zr/code/src/install/gac_nav2_voxel_grid:${AMENT_PREFIX_PATH} CMAKE_PREFIX_PATH=/home/zr/code/src/install/gac_nav2_core:/home/zr/code/src/install/gac_nav2_costmap_2d:/home/zr/code/src/install/nav_2d_utils:/home/zr/code/src/install/nav2_map_server:/home/zr/code/src/install/nav2_lifecycle_manager:/home/zr/code/src/install/nav_2d_msgs:/home/zr/code/src/install/nav2_util:/home/zr/code/src/install/gac_nav2_voxel_grid:/opt/ros/humble LD_LIBRARY_PATH=/home/zr/code/src/install/gac_nav2_costmap_2d/lib:/home/zr/code/src/install/nav_2d_utils/lib:/home/zr/code/src/install/nav2_map_server/lib:/home/zr/code/src/install/nav2_lifecycle_manager/lib:/home/zr/code/src/install/nav_2d_msgs/lib:/home/zr/code/src/install/nav2_util/lib:/home/zr/code/src/install/gac_nav2_voxel_grid/lib:${LD_LIBRARY_PATH} PYTHONPATH=/home/zr/code/src/install/nav_2d_msgs/local/lib/python3.10/dist-packages:${PYTHONPATH} /usr/bin/cmake --build /home/zr/code/src/build/gac_nav2_controller -- -j16 -l16
[42.196s] Invoking command in '/home/zr/code/src/build/gac_nav2_controller': AMENT_PREFIX_PATH=/home/zr/code/src/install/gac_nav2_core:/home/zr/code/src/install/gac_nav2_costmap_2d:/home/zr/code/src/install/nav_2d_utils:/home/zr/code/src/install/nav2_map_server:/home/zr/code/src/install/nav2_lifecycle_manager:/home/zr/code/src/install/nav_2d_msgs:/home/zr/code/src/install/nav2_util:/home/zr/code/src/install/gac_nav2_voxel_grid:${AMENT_PREFIX_PATH} CMAKE_PREFIX_PATH=/home/zr/code/src/install/gac_nav2_core:/home/zr/code/src/install/gac_nav2_costmap_2d:/home/zr/code/src/install/nav_2d_utils:/home/zr/code/src/install/nav2_map_server:/home/zr/code/src/install/nav2_lifecycle_manager:/home/zr/code/src/install/nav_2d_msgs:/home/zr/code/src/install/nav2_util:/home/zr/code/src/install/gac_nav2_voxel_grid:/opt/ros/humble LD_LIBRARY_PATH=/home/zr/code/src/install/gac_nav2_costmap_2d/lib:/home/zr/code/src/install/nav_2d_utils/lib:/home/zr/code/src/install/nav2_map_server/lib:/home/zr/code/src/install/nav2_lifecycle_manager/lib:/home/zr/code/src/install/nav_2d_msgs/lib:/home/zr/code/src/install/nav2_util/lib:/home/zr/code/src/install/gac_nav2_voxel_grid/lib:${LD_LIBRARY_PATH} PYTHONPATH=/home/zr/code/src/install/nav_2d_msgs/local/lib/python3.10/dist-packages:${PYTHONPATH} /usr/bin/cmake --install /home/zr/code/src/build/gac_nav2_controller
[42.205s] -- Install configuration: "Release"
[42.205s] -- Execute custom install script
[42.206s] -- Symlinking: /home/zr/code/src/install/gac_nav2_controller/lib/libsimple_progress_checker.so
[42.216s] -- Symlinking: /home/zr/code/src/install/gac_nav2_controller/lib/libpose_progress_checker.so
[42.226s] -- Symlinking: /home/zr/code/src/install/gac_nav2_controller/lib/libsimple_goal_checker.so
[42.236s] -- Symlinking: /home/zr/code/src/install/gac_nav2_controller/lib/libstopped_goal_checker.so
[42.246s] -- Symlinking: /home/zr/code/src/install/gac_nav2_controller/lib/libcontroller_server_core.so
[42.257s] -- Symlinking: /home/zr/code/src/install/gac_nav2_controller/lib/gac_nav2_controller/controller_server
[42.270s] -- Symlinking: /home/zr/code/src/install/gac_nav2_controller/include//nav2_controller/controller_server.hpp
[42.282s] -- Symlinking: /home/zr/code/src/install/gac_nav2_controller/include//nav2_controller/plugins/pose_progress_checker.hpp
[42.294s] -- Symlinking: /home/zr/code/src/install/gac_nav2_controller/include//nav2_controller/plugins/simple_goal_checker.hpp
[42.304s] -- Symlinking: /home/zr/code/src/install/gac_nav2_controller/include//nav2_controller/plugins/simple_progress_checker.hpp
[42.315s] -- Symlinking: /home/zr/code/src/install/gac_nav2_controller/include//nav2_controller/plugins/stopped_goal_checker.hpp
[42.326s] -- Symlinking: /home/zr/code/src/install/gac_nav2_controller/share/gac_nav2_controller/environment/library_path.sh
[42.336s] -- Symlinking: /home/zr/code/src/install/gac_nav2_controller/share/gac_nav2_controller/environment/library_path.dsv
[42.346s] -- Symlinking: /home/zr/code/src/install/gac_nav2_controller/share/gac_nav2_controller//plugins.xml
[42.358s] -- Symlinking: /home/zr/code/src/install/gac_nav2_controller/share/ament_index/resource_index/package_run_dependencies/gac_nav2_controller
[42.372s] -- Symlinking: /home/zr/code/src/install/gac_nav2_controller/share/ament_index/resource_index/parent_prefix_path/gac_nav2_controller
[42.383s] -- Symlinking: /home/zr/code/src/install/gac_nav2_controller/share/gac_nav2_controller/environment/ament_prefix_path.sh
[42.394s] -- Symlinking: /home/zr/code/src/install/gac_nav2_controller/share/gac_nav2_controller/environment/ament_prefix_path.dsv
[42.404s] -- Symlinking: /home/zr/code/src/install/gac_nav2_controller/share/gac_nav2_controller/environment/path.sh
[42.415s] -- Symlinking: /home/zr/code/src/install/gac_nav2_controller/share/gac_nav2_controller/environment/path.dsv
[42.425s] -- Symlinking: /home/zr/code/src/install/gac_nav2_controller/share/gac_nav2_controller/local_setup.bash
[42.435s] -- Symlinking: /home/zr/code/src/install/gac_nav2_controller/share/gac_nav2_controller/local_setup.sh
[42.445s] -- Symlinking: /home/zr/code/src/install/gac_nav2_controller/share/gac_nav2_controller/local_setup.zsh
[42.458s] -- Symlinking: /home/zr/code/src/install/gac_nav2_controller/share/gac_nav2_controller/local_setup.dsv
[42.471s] -- Symlinking: /home/zr/code/src/install/gac_nav2_controller/share/gac_nav2_controller/package.dsv
[42.484s] -- Symlinking: /home/zr/code/src/install/gac_nav2_controller/share/ament_index/resource_index/packages/gac_nav2_controller
[42.495s] -- Symlinking: /home/zr/code/src/install/gac_nav2_controller/share/ament_index/resource_index/rclcpp_components/gac_nav2_controller
[42.506s] -- Symlinking: /home/zr/code/src/install/gac_nav2_controller/share/ament_index/resource_index/gac_nav2_core__pluginlib__plugin/gac_nav2_controller
[42.517s] -- Symlinking: /home/zr/code/src/install/gac_nav2_controller/share/gac_nav2_controller/cmake/ament_cmake_export_include_directories-extras.cmake
[42.527s] -- Symlinking: /home/zr/code/src/install/gac_nav2_controller/share/gac_nav2_controller/cmake/ament_cmake_export_libraries-extras.cmake
[42.537s] -- Symlinking: /home/zr/code/src/install/gac_nav2_controller/share/gac_nav2_controller/cmake/ament_cmake_export_dependencies-extras.cmake
[42.547s] -- Symlinking: /home/zr/code/src/install/gac_nav2_controller/share/gac_nav2_controller/cmake/gac_nav2_controllerConfig.cmake
[42.559s] -- Symlinking: /home/zr/code/src/install/gac_nav2_controller/share/gac_nav2_controller/cmake/gac_nav2_controllerConfig-version.cmake
[42.572s] -- Symlinking: /home/zr/code/src/install/gac_nav2_controller/share/gac_nav2_controller/package.xml
[42.587s] Invoked command in '/home/zr/code/src/build/gac_nav2_controller' returned '0': AMENT_PREFIX_PATH=/home/zr/code/src/install/gac_nav2_core:/home/zr/code/src/install/gac_nav2_costmap_2d:/home/zr/code/src/install/nav_2d_utils:/home/zr/code/src/install/nav2_map_server:/home/zr/code/src/install/nav2_lifecycle_manager:/home/zr/code/src/install/nav_2d_msgs:/home/zr/code/src/install/nav2_util:/home/zr/code/src/install/gac_nav2_voxel_grid:${AMENT_PREFIX_PATH} CMAKE_PREFIX_PATH=/home/zr/code/src/install/gac_nav2_core:/home/zr/code/src/install/gac_nav2_costmap_2d:/home/zr/code/src/install/nav_2d_utils:/home/zr/code/src/install/nav2_map_server:/home/zr/code/src/install/nav2_lifecycle_manager:/home/zr/code/src/install/nav_2d_msgs:/home/zr/code/src/install/nav2_util:/home/zr/code/src/install/gac_nav2_voxel_grid:/opt/ros/humble LD_LIBRARY_PATH=/home/zr/code/src/install/gac_nav2_costmap_2d/lib:/home/zr/code/src/install/nav_2d_utils/lib:/home/zr/code/src/install/nav2_map_server/lib:/home/zr/code/src/install/nav2_lifecycle_manager/lib:/home/zr/code/src/install/nav_2d_msgs/lib:/home/zr/code/src/install/nav2_util/lib:/home/zr/code/src/install/gac_nav2_voxel_grid/lib:${LD_LIBRARY_PATH} PYTHONPATH=/home/zr/code/src/install/nav_2d_msgs/local/lib/python3.10/dist-packages:${PYTHONPATH} /usr/bin/cmake --install /home/zr/code/src/build/gac_nav2_controller
