-- Found ament_cmake: 1.3.14 (/opt/ros/humble/share/ament_cmake/cmake)
-- Override CMake install command with custom implementation using symlinks instead of copying resources
-- Found rclcpp: 16.0.19 (/opt/ros/humble/share/rclcpp/cmake)
-- Found rosidl_generator_c: 3.1.8 (/opt/ros/humble/share/rosidl_generator_c/cmake)
-- Found rosidl_adapter: 3.1.8 (/opt/ros/humble/share/rosidl_adapter/cmake)
-- Found rosidl_generator_cpp: 3.1.8 (/opt/ros/humble/share/rosidl_generator_cpp/cmake)
-- Using all available rosidl_typesupport_c: rosidl_typesupport_fastrtps_c;rosidl_typesupport_introspection_c
-- Using all available rosidl_typesupport_cpp: rosidl_typesupport_fastrtps_cpp;rosidl_typesupport_introspection_cpp
-- Found rmw_implementation_cmake: 6.1.2 (/opt/ros/humble/share/rmw_implementation_cmake/cmake)
-- Found rmw_fastrtps_cpp: 6.2.10 (/opt/ros/humble/share/rmw_fastrtps_cpp/cmake)
-- Using RMW implementation 'rmw_fastrtps_cpp' as default
-- Found rclpy: 3.3.21 (/opt/ros/humble/share/rclpy/cmake)
-- Found std_srvs: 4.9.1 (/opt/ros/humble/share/std_srvs/cmake)
-- Found tf2_msgs: 0.25.20 (/opt/ros/humble/share/tf2_msgs/cmake)
-- Found vizanti_msgs: 0.1.0 (/home/zr/code/src/install/vizanti_msgs/share/vizanti_msgs/cmake)
-- Found rosbridge_suite: 2.0.6 (/opt/ros/humble/share/rosbridge_suite/cmake)
-- Found rosidl_default_generators: 1.2.1 (/opt/ros/humble/share/rosidl_default_generators/cmake)
[31mCMake Error at /opt/ros/humble/share/rosidl_cmake/cmake/rosidl_generate_interfaces.cmake:93 (message):
  rosidl_generate_interfaces() the passed file 'srv/NaviPatrol.srv' doesn't
  exist relative to the CMAKE_CURRENT_SOURCE_DIR
  '/home/zr/code/src/vizanti_server/src/vizanti/vizanti_server'
Call Stack (most recent call first):
  CMakeLists.txt:27 (rosidl_generate_interfaces)

[0m
-- Configuring incomplete, errors occurred!
See also "/home/zr/code/src/build/vizanti_server/CMakeFiles/CMakeOutput.log".
gmake: *** [Makefile:977：cmake_check_build_system] 错误 1
