[0.027s] Invoking command in '/home/zr/code/src/build/vizanti_server': AMENT_PREFIX_PATH=/home/zr/code/src/install/vizanti_msgs:${AMENT_PREFIX_PATH} CMAKE_PREFIX_PATH=/home/zr/code/src/install/vizanti_msgs:/home/zr/code/test/nav2_ws/install/nav2_system_tests:/home/zr/code/test/nav2_ws/install/nav2_bringup:/home/zr/code/test/nav2_ws/install/navigation2:/home/zr/code/test/nav2_ws/install/nav2_smoother:/home/zr/code/test/nav2_ws/install/nav2_rotation_shim_controller:/home/zr/code/test/nav2_ws/install/nav2_graceful_controller:/home/zr/code/test/nav2_ws/install/nav2_dwb_controller:/home/zr/code/test/nav2_ws/install/nav2_controller:/home/zr/code/test/nav2_ws/install/dwb_plugins:/home/zr/code/test/nav2_ws/install/dwb_critics:/home/zr/code/test/nav2_ws/install/dwb_core:/home/zr/code/test/nav2_ws/install/nav_2d_utils:/home/zr/code/test/nav2_ws/install/dwb_msgs:/home/zr/code/test/nav2_ws/install/nav_2d_msgs:/home/zr/code/test/nav2_ws/install/nav2_waypoint_follower:/home/zr/code/test/nav2_ws/install/nav2_theta_star_planner:/home/zr/code/test/nav2_ws/install/nav2_smac_planner:/home/zr/code/test/nav2_ws/install/nav2_route:/home/zr/code/test/nav2_ws/install/nav2_regulated_pure_pursuit_controller:/home/zr/code/test/nav2_ws/install/nav2_planner:/home/zr/code/test/nav2_ws/install/nav2_navfn_planner:/home/zr/code/test/nav2_ws/install/nav2_mppi_controller:/home/zr/code/test/nav2_ws/install/nav2_constrained_smoother:/home/zr/code/test/nav2_ws/install/nav2_bt_navigator:/home/zr/code/test/nav2_ws/install/nav2_behaviors:/home/zr/code/test/nav2_ws/install/nav2_core:/home/zr/code/test/nav2_ws/install/nav2_collision_monitor:/home/zr/code/test/nav2_ws/install/costmap_queue:/home/zr/code/test/nav2_ws/install/nav2_costmap_2d:/home/zr/code/test/nav2_ws/install/nav2_voxel_grid:/home/zr/code/test/nav2_ws/install/nav2_velocity_smoother:/home/zr/code/test/nav2_ws/install/nav2_rviz_plugins:/home/zr/code/test/nav2_ws/install/nav2_map_server:/home/zr/code/test/nav2_ws/install/nav2_lifecycle_manager:/home/zr/code/test/nav2_ws/install/nav2_behavior_tree:/home/zr/code/test/nav2_ws/install/nav2_amcl:/home/zr/code/test/nav2_ws/install/nav2_util:/home/zr/code/test/nav2_ws/install/nav2_msgs:/home/zr/code/test/nav2_ws/install/nav2_common:/home/zr/code/test/nav2_ws/install/nav2_simple_commander:/opt/ros/humble LD_LIBRARY_PATH=/home/zr/code/src/install/vizanti_msgs/lib:${LD_LIBRARY_PATH} PYTHONPATH=/home/zr/code/src/install/vizanti_msgs/local/lib/python3.10/dist-packages:${PYTHONPATH} /usr/bin/cmake --build /home/zr/code/src/build/vizanti_server -- -j16 -l16
[0.190s] -- Found ament_cmake: 1.3.14 (/opt/ros/humble/share/ament_cmake/cmake)
[0.349s] -- Override CMake install command with custom implementation using symlinks instead of copying resources
[0.369s] -- Found rclcpp: 16.0.19 (/opt/ros/humble/share/rclcpp/cmake)
[0.415s] -- Found rosidl_generator_c: 3.1.8 (/opt/ros/humble/share/rosidl_generator_c/cmake)
[0.418s] -- Found rosidl_adapter: 3.1.8 (/opt/ros/humble/share/rosidl_adapter/cmake)
[0.427s] -- Found rosidl_generator_cpp: 3.1.8 (/opt/ros/humble/share/rosidl_generator_cpp/cmake)
[0.440s] -- Using all available rosidl_typesupport_c: rosidl_typesupport_fastrtps_c;rosidl_typesupport_introspection_c
[0.455s] -- Using all available rosidl_typesupport_cpp: rosidl_typesupport_fastrtps_cpp;rosidl_typesupport_introspection_cpp
[0.501s] -- Found rmw_implementation_cmake: 6.1.2 (/opt/ros/humble/share/rmw_implementation_cmake/cmake)
[0.505s] -- Found rmw_fastrtps_cpp: 6.2.10 (/opt/ros/humble/share/rmw_fastrtps_cpp/cmake)
[0.700s] -- Using RMW implementation 'rmw_fastrtps_cpp' as default
[0.867s] -- Found rclpy: 3.3.21 (/opt/ros/humble/share/rclpy/cmake)
[0.868s] -- Found std_srvs: 4.9.1 (/opt/ros/humble/share/std_srvs/cmake)
[0.880s] -- Found tf2_msgs: 0.25.20 (/opt/ros/humble/share/tf2_msgs/cmake)
[0.965s] -- Found vizanti_msgs: 0.1.0 (/home/zr/code/src/install/vizanti_msgs/share/vizanti_msgs/cmake)
[1.103s] -- Found rosbridge_suite: 2.0.6 (/opt/ros/humble/share/rosbridge_suite/cmake)
[1.104s] -- Found rosidl_default_generators: 1.2.1 (/opt/ros/humble/share/rosidl_default_generators/cmake)
[1.123s] [31mCMake Error at /opt/ros/humble/share/rosidl_cmake/cmake/rosidl_generate_interfaces.cmake:93 (message):
[1.123s]   rosidl_generate_interfaces() the passed file 'srv/NaviPatrol.srv' doesn't
[1.123s]   exist relative to the CMAKE_CURRENT_SOURCE_DIR
[1.123s]   '/home/zr/code/src/vizanti_server/src/vizanti/vizanti_server'
[1.124s] Call Stack (most recent call first):
[1.124s]   CMakeLists.txt:27 (rosidl_generate_interfaces)
[1.124s] 
[1.124s] [0m
[1.124s] -- Configuring incomplete, errors occurred!
[1.124s] See also "/home/zr/code/src/build/vizanti_server/CMakeFiles/CMakeOutput.log".
[1.145s] gmake: *** [Makefile:977：cmake_check_build_system] 错误 1
[1.150s] Invoked command in '/home/zr/code/src/build/vizanti_server' returned '2': AMENT_PREFIX_PATH=/home/zr/code/src/install/vizanti_msgs:${AMENT_PREFIX_PATH} CMAKE_PREFIX_PATH=/home/zr/code/src/install/vizanti_msgs:/home/zr/code/test/nav2_ws/install/nav2_system_tests:/home/zr/code/test/nav2_ws/install/nav2_bringup:/home/zr/code/test/nav2_ws/install/navigation2:/home/zr/code/test/nav2_ws/install/nav2_smoother:/home/zr/code/test/nav2_ws/install/nav2_rotation_shim_controller:/home/zr/code/test/nav2_ws/install/nav2_graceful_controller:/home/zr/code/test/nav2_ws/install/nav2_dwb_controller:/home/zr/code/test/nav2_ws/install/nav2_controller:/home/zr/code/test/nav2_ws/install/dwb_plugins:/home/zr/code/test/nav2_ws/install/dwb_critics:/home/zr/code/test/nav2_ws/install/dwb_core:/home/zr/code/test/nav2_ws/install/nav_2d_utils:/home/zr/code/test/nav2_ws/install/dwb_msgs:/home/zr/code/test/nav2_ws/install/nav_2d_msgs:/home/zr/code/test/nav2_ws/install/nav2_waypoint_follower:/home/zr/code/test/nav2_ws/install/nav2_theta_star_planner:/home/zr/code/test/nav2_ws/install/nav2_smac_planner:/home/zr/code/test/nav2_ws/install/nav2_route:/home/zr/code/test/nav2_ws/install/nav2_regulated_pure_pursuit_controller:/home/zr/code/test/nav2_ws/install/nav2_planner:/home/zr/code/test/nav2_ws/install/nav2_navfn_planner:/home/zr/code/test/nav2_ws/install/nav2_mppi_controller:/home/zr/code/test/nav2_ws/install/nav2_constrained_smoother:/home/zr/code/test/nav2_ws/install/nav2_bt_navigator:/home/zr/code/test/nav2_ws/install/nav2_behaviors:/home/zr/code/test/nav2_ws/install/nav2_core:/home/zr/code/test/nav2_ws/install/nav2_collision_monitor:/home/zr/code/test/nav2_ws/install/costmap_queue:/home/zr/code/test/nav2_ws/install/nav2_costmap_2d:/home/zr/code/test/nav2_ws/install/nav2_voxel_grid:/home/zr/code/test/nav2_ws/install/nav2_velocity_smoother:/home/zr/code/test/nav2_ws/install/nav2_rviz_plugins:/home/zr/code/test/nav2_ws/install/nav2_map_server:/home/zr/code/test/nav2_ws/install/nav2_lifecycle_manager:/home/zr/code/test/nav2_ws/install/nav2_behavior_tree:/home/zr/code/test/nav2_ws/install/nav2_amcl:/home/zr/code/test/nav2_ws/install/nav2_util:/home/zr/code/test/nav2_ws/install/nav2_msgs:/home/zr/code/test/nav2_ws/install/nav2_common:/home/zr/code/test/nav2_ws/install/nav2_simple_commander:/opt/ros/humble LD_LIBRARY_PATH=/home/zr/code/src/install/vizanti_msgs/lib:${LD_LIBRARY_PATH} PYTHONPATH=/home/zr/code/src/install/vizanti_msgs/local/lib/python3.10/dist-packages:${PYTHONPATH} /usr/bin/cmake --build /home/zr/code/src/build/vizanti_server -- -j16 -l16
