[  7%] Built target gac_robot_task__rosidl_generator_c
[ 10%] Built target gac_robot_task__rs
[ 12%] Built target gac_robot_task__cpp
[ 12%] Built target ament_cmake_python_symlink_gac_robot_task
[ 25%] Built target gac_robot_task__rosidl_typesupport_introspection_c
[ 28%] Built target gac_robot_task__rosidl_typesupport_fastrtps_c
[ 35%] Built target gac_robot_task__rosidl_typesupport_c
[ 58%] Built target gac_robot_task__rosidl_typesupport_cpp
[ 58%] Built target gac_robot_task__rosidl_typesupport_introspection_cpp
[ 58%] Built target gac_robot_task__rosidl_typesupport_fastrtps_cpp
[ 58%] Built target gac_robot_task
[ 61%] Built target gac_robot_task__py
[ 64%] [32mBuilding CXX object CMakeFiles/gac_robot_task_node.dir/src/task_executor.cpp.o[0m
[ 69%] Built target gac_robot_task__rosidl_generator_py
[ 84%] Built target gac_robot_task__rosidl_typesupport_fastrtps_c__pyext
[ 84%] Built target gac_robot_task__rosidl_typesupport_c__pyext
[ 84%] Built target gac_robot_task__rosidl_typesupport_introspection_c__pyext
running egg_info
writing gac_robot_task.egg-info/PKG-INFO
writing dependency_links to gac_robot_task.egg-info/dependency_links.txt
writing top-level names to gac_robot_task.egg-info/top_level.txt
reading manifest file 'gac_robot_task.egg-info/SOURCES.txt'
writing manifest file 'gac_robot_task.egg-info/SOURCES.txt'
[ 84%] Built target ament_cmake_python_build_gac_robot_task_egg
