-- The C compiler identification is GNU 11.4.0
-- The CXX compiler identification is GNU 11.4.0
-- Detecting C compiler ABI info
-- Detecting C compiler ABI info - done
-- Check for working C compiler: /usr/bin/cc - skipped
-- Detecting C compile features
-- Detecting C compile features - done
-- Detecting CXX compiler ABI info
-- Detecting CXX compiler ABI info - done
-- Check for working CXX compiler: /usr/bin/c++ - skipped
-- Detecting CXX compile features
-- Detecting CXX compile features - done
-- Found ament_cmake: 1.3.14 (/opt/ros/humble/share/ament_cmake/cmake)
-- Found Python3: /usr/bin/python3 (found version "3.10.12") found components: Interpreter 
-- Override CMake install command with custom implementation using symlinks instead of copying resources
-- Configuring done
-- Generating done
-- Build files have been written to: /home/zr/code/src/build/gac_nav2_bringup
-- Install configuration: ""
-- Execute custom install script
-- Symlinking: /home/zr/code/src/install/gac_nav2_bringup/share/gac_nav2_bringup/launch/bringup_launch.py
-- Symlinking: /home/zr/code/src/install/gac_nav2_bringup/share/gac_nav2_bringup/launch/localization_launch.py
-- Symlinking: /home/zr/code/src/install/gac_nav2_bringup/share/gac_nav2_bringup/launch/navigation_launch.py
-- Symlinking: /home/zr/code/src/install/gac_nav2_bringup/share/gac_nav2_bringup/launch/slam_launch.py
-- Symlinking: /home/zr/code/src/install/gac_nav2_bringup/share/gac_nav2_bringup/maps/default.pgm
-- Symlinking: /home/zr/code/src/install/gac_nav2_bringup/share/gac_nav2_bringup/maps/default.yaml
-- Symlinking: /home/zr/code/src/install/gac_nav2_bringup/share/gac_nav2_bringup/params/gac_nav2_params.yaml
-- Symlinking: /home/zr/code/src/install/gac_nav2_bringup/share/gac_nav2_bringup/params/gac_navigation_ws.service
-- Symlinking: /home/zr/code/src/install/gac_nav2_bringup/share/gac_nav2_bringup/params/navigation_ws.sh
-- Symlinking: /home/zr/code/src/install/gac_nav2_bringup/share/ament_index/resource_index/package_run_dependencies/gac_nav2_bringup
-- Symlinking: /home/zr/code/src/install/gac_nav2_bringup/share/ament_index/resource_index/parent_prefix_path/gac_nav2_bringup
-- Symlinking: /home/zr/code/src/install/gac_nav2_bringup/share/gac_nav2_bringup/environment/ament_prefix_path.sh
-- Symlinking: /home/zr/code/src/install/gac_nav2_bringup/share/gac_nav2_bringup/environment/ament_prefix_path.dsv
-- Symlinking: /home/zr/code/src/install/gac_nav2_bringup/share/gac_nav2_bringup/environment/path.sh
-- Symlinking: /home/zr/code/src/install/gac_nav2_bringup/share/gac_nav2_bringup/environment/path.dsv
-- Symlinking: /home/zr/code/src/install/gac_nav2_bringup/share/gac_nav2_bringup/local_setup.bash
-- Symlinking: /home/zr/code/src/install/gac_nav2_bringup/share/gac_nav2_bringup/local_setup.sh
-- Symlinking: /home/zr/code/src/install/gac_nav2_bringup/share/gac_nav2_bringup/local_setup.zsh
-- Symlinking: /home/zr/code/src/install/gac_nav2_bringup/share/gac_nav2_bringup/local_setup.dsv
-- Symlinking: /home/zr/code/src/install/gac_nav2_bringup/share/gac_nav2_bringup/package.dsv
-- Symlinking: /home/zr/code/src/install/gac_nav2_bringup/share/ament_index/resource_index/packages/gac_nav2_bringup
-- Symlinking: /home/zr/code/src/install/gac_nav2_bringup/share/gac_nav2_bringup/cmake/gac_nav2_bringupConfig.cmake
-- Symlinking: /home/zr/code/src/install/gac_nav2_bringup/share/gac_nav2_bringup/cmake/gac_nav2_bringupConfig-version.cmake
-- Symlinking: /home/zr/code/src/install/gac_nav2_bringup/share/gac_nav2_bringup/package.xml
