-- The C compiler identification is GNU 11.4.0
-- The CXX compiler identification is GNU 11.4.0
-- Detecting C compiler ABI info
-- Detecting C compiler ABI info - done
-- Check for working C compiler: /usr/bin/cc - skipped
-- Detecting C compile features
-- Detecting C compile features - done
-- Detecting CXX compiler ABI info
-- Detecting CXX compiler ABI info - done
-- Check for working CXX compiler: /usr/bin/c++ - skipped
-- Detecting CXX compile features
-- Detecting CXX compile features - done
-- Found ament_cmake: 1.3.14 (/opt/ros/humble/share/ament_cmake/cmake)
-- Found Python3: /usr/bin/python3 (found version "3.10.12") found components: Interpreter 
-- Override CMake install command with custom implementation using symlinks instead of copying resources
-- Found geometry_msgs: 4.9.1 (/opt/ros/humble/share/geometry_msgs/cmake)
-- Found rosidl_generator_c: 3.1.8 (/opt/ros/humble/share/rosidl_generator_c/cmake)
-- Found rosidl_adapter: 3.1.8 (/opt/ros/humble/share/rosidl_adapter/cmake)
-- Found rosidl_generator_cpp: 3.1.8 (/opt/ros/humble/share/rosidl_generator_cpp/cmake)
-- Using all available rosidl_typesupport_c: rosidl_typesupport_fastrtps_c;rosidl_typesupport_introspection_c
-- Using all available rosidl_typesupport_cpp: rosidl_typesupport_fastrtps_cpp;rosidl_typesupport_introspection_cpp
-- Found lifecycle_msgs: 1.2.2 (/opt/ros/humble/share/lifecycle_msgs/cmake)
-- Found nav2_common: 1.1.20 (/opt/ros/humble/share/nav2_common/cmake)
-- Found nav2_msgs: 1.1.20 (/opt/ros/humble/share/nav2_msgs/cmake)
-- Found nav2_util: 1.1.14 (/home/zr/code/src/install/nav2_util/share/nav2_util/cmake)
-- Found rmw_implementation_cmake: 6.1.2 (/opt/ros/humble/share/rmw_implementation_cmake/cmake)
-- Found rmw_fastrtps_cpp: 6.2.10 (/opt/ros/humble/share/rmw_fastrtps_cpp/cmake)
-- Found OpenSSL: /usr/lib/x86_64-linux-gnu/libcrypto.so (found version "3.0.2")  
-- Found FastRTPS: /opt/ros/humble/include  
-- Using RMW implementation 'rmw_fastrtps_cpp' as default
-- Looking for pthread.h
-- Looking for pthread.h - found
-- Performing Test CMAKE_HAVE_LIBC_PTHREAD
-- Performing Test CMAKE_HAVE_LIBC_PTHREAD - Success
-- Found Threads: TRUE  
-- Found eigen3_cmake_module: 0.1.1 (/opt/ros/humble/share/eigen3_cmake_module/cmake)
-- Found Eigen3: TRUE (found version "3.4.0") 
-- Ensuring Eigen3 include directory is part of orocos-kdl CMake target
-- Found std_srvs: 4.9.1 (/opt/ros/humble/share/std_srvs/cmake)
-- Found diagnostic_updater: 4.0.6 (/opt/ros/humble/share/diagnostic_updater/cmake)
-- Setting build type to Release as none was specified.
-- Configuring done
-- Generating done
-- Build files have been written to: /home/zr/code/src/build/nav2_lifecycle_manager
[ 40%] [32mBuilding CXX object CMakeFiles/nav2_lifecycle_manager_core.dir/src/lifecycle_manager_client.cpp.o[0m
[ 40%] [32mBuilding CXX object CMakeFiles/nav2_lifecycle_manager_core.dir/src/lifecycle_manager.cpp.o[0m
[ 60%] [32m[1mLinking CXX shared library libnav2_lifecycle_manager_core.so[0m
[ 60%] Built target nav2_lifecycle_manager_core
[ 80%] [32mBuilding CXX object CMakeFiles/lifecycle_manager.dir/src/main.cpp.o[0m
[100%] [32m[1mLinking CXX executable lifecycle_manager[0m
[100%] Built target lifecycle_manager
-- Install configuration: "Release"
-- Execute custom install script
-- Symlinking: /home/zr/code/src/install/nav2_lifecycle_manager/lib/libnav2_lifecycle_manager_core.so
-- Symlinking: /home/zr/code/src/install/nav2_lifecycle_manager/lib/nav2_lifecycle_manager/lifecycle_manager
-- Symlinking: /home/zr/code/src/install/nav2_lifecycle_manager/include//nav2_lifecycle_manager/lifecycle_manager.hpp
-- Symlinking: /home/zr/code/src/install/nav2_lifecycle_manager/include//nav2_lifecycle_manager/lifecycle_manager_client.hpp
-- Symlinking: /home/zr/code/src/install/nav2_lifecycle_manager/share/nav2_lifecycle_manager/environment/library_path.sh
-- Symlinking: /home/zr/code/src/install/nav2_lifecycle_manager/share/nav2_lifecycle_manager/environment/library_path.dsv
-- Symlinking: /home/zr/code/src/install/nav2_lifecycle_manager/share/ament_index/resource_index/package_run_dependencies/nav2_lifecycle_manager
-- Symlinking: /home/zr/code/src/install/nav2_lifecycle_manager/share/ament_index/resource_index/parent_prefix_path/nav2_lifecycle_manager
-- Symlinking: /home/zr/code/src/install/nav2_lifecycle_manager/share/nav2_lifecycle_manager/environment/ament_prefix_path.sh
-- Symlinking: /home/zr/code/src/install/nav2_lifecycle_manager/share/nav2_lifecycle_manager/environment/ament_prefix_path.dsv
-- Symlinking: /home/zr/code/src/install/nav2_lifecycle_manager/share/nav2_lifecycle_manager/environment/path.sh
-- Symlinking: /home/zr/code/src/install/nav2_lifecycle_manager/share/nav2_lifecycle_manager/environment/path.dsv
-- Symlinking: /home/zr/code/src/install/nav2_lifecycle_manager/share/nav2_lifecycle_manager/local_setup.bash
-- Symlinking: /home/zr/code/src/install/nav2_lifecycle_manager/share/nav2_lifecycle_manager/local_setup.sh
-- Symlinking: /home/zr/code/src/install/nav2_lifecycle_manager/share/nav2_lifecycle_manager/local_setup.zsh
-- Symlinking: /home/zr/code/src/install/nav2_lifecycle_manager/share/nav2_lifecycle_manager/local_setup.dsv
-- Symlinking: /home/zr/code/src/install/nav2_lifecycle_manager/share/nav2_lifecycle_manager/package.dsv
-- Symlinking: /home/zr/code/src/install/nav2_lifecycle_manager/share/ament_index/resource_index/packages/nav2_lifecycle_manager
-- Symlinking: /home/zr/code/src/install/nav2_lifecycle_manager/share/ament_index/resource_index/rclcpp_components/nav2_lifecycle_manager
-- Symlinking: /home/zr/code/src/install/nav2_lifecycle_manager/share/nav2_lifecycle_manager/cmake/ament_cmake_export_include_directories-extras.cmake
-- Symlinking: /home/zr/code/src/install/nav2_lifecycle_manager/share/nav2_lifecycle_manager/cmake/ament_cmake_export_libraries-extras.cmake
-- Symlinking: /home/zr/code/src/install/nav2_lifecycle_manager/share/nav2_lifecycle_manager/cmake/ament_cmake_export_dependencies-extras.cmake
-- Symlinking: /home/zr/code/src/install/nav2_lifecycle_manager/share/nav2_lifecycle_manager/cmake/nav2_lifecycle_managerConfig.cmake
-- Symlinking: /home/zr/code/src/install/nav2_lifecycle_manager/share/nav2_lifecycle_manager/cmake/nav2_lifecycle_managerConfig-version.cmake
-- Symlinking: /home/zr/code/src/install/nav2_lifecycle_manager/share/nav2_lifecycle_manager/package.xml
