[0.010s] Invoking command in '/home/zr/code/src/build/nav2_keepout_pkg': CMAKE_PREFIX_PATH=/opt/ros/humble /usr/bin/cmake /home/zr/code/src/nav_ws_gazebo/src/gac_nav2_keepout_pkg -DCMAKE_INSTALL_PREFIX=/home/zr/code/src/install/nav2_keepout_pkg
[0.064s] -- The C compiler identification is GNU 11.4.0
[0.118s] -- The CXX compiler identification is GNU 11.4.0
[0.125s] -- Detecting C compiler ABI info
[0.193s] -- Detecting C compiler ABI info - done
[0.197s] -- Check for working C compiler: /usr/bin/cc - skipped
[0.197s] -- Detecting C compile features
[0.198s] -- Detecting C compile features - done
[0.200s] -- Detecting CXX compiler ABI info
[0.280s] -- Detecting CXX compiler ABI info - done
[0.286s] -- Check for working CXX compiler: /usr/bin/c++ - skipped
[0.286s] -- Detecting CXX compile features
[0.286s] -- Detecting CXX compile features - done
[0.289s] -- Found ament_cmake: 1.3.14 (/opt/ros/humble/share/ament_cmake/cmake)
[0.428s] -- Found Python3: /usr/bin/python3 (found version "3.10.12") found components: Interpreter 
[0.542s] -- Found ament_lint_auto: 0.12.15 (/opt/ros/humble/share/ament_lint_auto/cmake)
[0.618s] -- Added test 'flake8' to check Python code syntax and style conventions
[0.619s] -- Added test 'lint_cmake' to check CMake code style
[0.619s] -- Added test 'pep257' to check Python code against some of the docstring style conventions in PEP 257
[0.622s] -- Added test 'xmllint' to check XML markup files
[0.624s] -- Configuring done
[0.627s] -- Generating done
[0.628s] -- Build files have been written to: /home/zr/code/src/build/nav2_keepout_pkg
[0.633s] Invoked command in '/home/zr/code/src/build/nav2_keepout_pkg' returned '0': CMAKE_PREFIX_PATH=/opt/ros/humble /usr/bin/cmake /home/zr/code/src/nav_ws_gazebo/src/gac_nav2_keepout_pkg -DCMAKE_INSTALL_PREFIX=/home/zr/code/src/install/nav2_keepout_pkg
[0.635s] Invoking command in '/home/zr/code/src/build/nav2_keepout_pkg': CMAKE_PREFIX_PATH=/opt/ros/humble /usr/bin/cmake --build /home/zr/code/src/build/nav2_keepout_pkg -- -j16 -l16
[0.675s] Invoked command in '/home/zr/code/src/build/nav2_keepout_pkg' returned '0': CMAKE_PREFIX_PATH=/opt/ros/humble /usr/bin/cmake --build /home/zr/code/src/build/nav2_keepout_pkg -- -j16 -l16
[0.685s] Invoking command in '/home/zr/code/src/build/nav2_keepout_pkg': CMAKE_PREFIX_PATH=/opt/ros/humble /usr/bin/cmake --install /home/zr/code/src/build/nav2_keepout_pkg
[0.693s] -- Install configuration: ""
[0.693s] -- Installing: /home/zr/code/src/install/nav2_keepout_pkg/lib/nav2_keepout_pkg/dynamic_keepout_mask_server.py
[0.693s] -- Installing: /home/zr/code/src/install/nav2_keepout_pkg/share/nav2_keepout_pkg/launch
[0.693s] -- Installing: /home/zr/code/src/install/nav2_keepout_pkg/share/nav2_keepout_pkg/launch/__pycache__
[0.693s] -- Installing: /home/zr/code/src/install/nav2_keepout_pkg/share/nav2_keepout_pkg/launch/costmap_filter_info.launch.py
[0.693s] -- Installing: /home/zr/code/src/install/nav2_keepout_pkg/share/nav2_keepout_pkg/params
[0.694s] -- Installing: /home/zr/code/src/install/nav2_keepout_pkg/share/nav2_keepout_pkg/params/keepout_params.yaml
[0.694s] -- Installing: /home/zr/code/src/install/nav2_keepout_pkg/share/nav2_keepout_pkg/maps
[0.694s] -- Installing: /home/zr/code/src/install/nav2_keepout_pkg/share/nav2_keepout_pkg/maps/keepout_room.yaml
[0.694s] -- Installing: /home/zr/code/src/install/nav2_keepout_pkg/share/nav2_keepout_pkg/maps/keepout_room.pgm
[0.695s] -- Installing: /home/zr/code/src/install/nav2_keepout_pkg/share/ament_index/resource_index/package_run_dependencies/nav2_keepout_pkg
[0.695s] -- Installing: /home/zr/code/src/install/nav2_keepout_pkg/share/ament_index/resource_index/parent_prefix_path/nav2_keepout_pkg
[0.695s] -- Installing: /home/zr/code/src/install/nav2_keepout_pkg/share/nav2_keepout_pkg/environment/ament_prefix_path.sh
[0.695s] -- Installing: /home/zr/code/src/install/nav2_keepout_pkg/share/nav2_keepout_pkg/environment/ament_prefix_path.dsv
[0.695s] -- Installing: /home/zr/code/src/install/nav2_keepout_pkg/share/nav2_keepout_pkg/environment/path.sh
[0.695s] -- Installing: /home/zr/code/src/install/nav2_keepout_pkg/share/nav2_keepout_pkg/environment/path.dsv
[0.696s] -- Installing: /home/zr/code/src/install/nav2_keepout_pkg/share/nav2_keepout_pkg/local_setup.bash
[0.696s] -- Installing: /home/zr/code/src/install/nav2_keepout_pkg/share/nav2_keepout_pkg/local_setup.sh
[0.696s] -- Installing: /home/zr/code/src/install/nav2_keepout_pkg/share/nav2_keepout_pkg/local_setup.zsh
[0.696s] -- Installing: /home/zr/code/src/install/nav2_keepout_pkg/share/nav2_keepout_pkg/local_setup.dsv
[0.696s] -- Installing: /home/zr/code/src/install/nav2_keepout_pkg/share/nav2_keepout_pkg/package.dsv
[0.696s] -- Installing: /home/zr/code/src/install/nav2_keepout_pkg/share/ament_index/resource_index/packages/nav2_keepout_pkg
[0.696s] -- Installing: /home/zr/code/src/install/nav2_keepout_pkg/share/nav2_keepout_pkg/cmake/nav2_keepout_pkgConfig.cmake
[0.697s] -- Installing: /home/zr/code/src/install/nav2_keepout_pkg/share/nav2_keepout_pkg/cmake/nav2_keepout_pkgConfig-version.cmake
[0.697s] -- Installing: /home/zr/code/src/install/nav2_keepout_pkg/share/nav2_keepout_pkg/package.xml
[0.699s] Invoked command in '/home/zr/code/src/build/nav2_keepout_pkg' returned '0': CMAKE_PREFIX_PATH=/opt/ros/humble /usr/bin/cmake --install /home/zr/code/src/build/nav2_keepout_pkg
