-- The C compiler identification is GNU 11.4.0
-- The CXX compiler identification is GNU 11.4.0
-- Detecting C compiler ABI info
-- Detecting C compiler ABI info - done
-- Check for working C compiler: /usr/bin/cc - skipped
-- Detecting C compile features
-- Detecting C compile features - done
-- Detecting CXX compiler ABI info
-- Detecting CXX compiler ABI info - done
-- Check for working CXX compiler: /usr/bin/c++ - skipped
-- Detecting CXX compile features
-- Detecting CXX compile features - done
-- Found ament_cmake: 1.3.14 (/opt/ros/humble/share/ament_cmake/cmake)
-- Found Python3: /usr/bin/python3 (found version "3.10.12") found components: Interpreter 
-- Override CMake install command with custom implementation using symlinks instead of copying resources
-- Found rclcpp: 16.0.19 (/opt/ros/humble/share/rclcpp/cmake)
-- Found rosidl_generator_c: 3.1.8 (/opt/ros/humble/share/rosidl_generator_c/cmake)
-- Found rosidl_adapter: 3.1.8 (/opt/ros/humble/share/rosidl_adapter/cmake)
-- Found rosidl_generator_cpp: 3.1.8 (/opt/ros/humble/share/rosidl_generator_cpp/cmake)
-- Using all available rosidl_typesupport_c: rosidl_typesupport_fastrtps_c;rosidl_typesupport_introspection_c
-- Using all available rosidl_typesupport_cpp: rosidl_typesupport_fastrtps_cpp;rosidl_typesupport_introspection_cpp
-- Found rmw_implementation_cmake: 6.1.2 (/opt/ros/humble/share/rmw_implementation_cmake/cmake)
-- Found rmw_fastrtps_cpp: 6.2.10 (/opt/ros/humble/share/rmw_fastrtps_cpp/cmake)
-- Found OpenSSL: /usr/lib/x86_64-linux-gnu/libcrypto.so (found version "3.0.2")  
-- Found FastRTPS: /opt/ros/humble/include  
-- Using RMW implementation 'rmw_fastrtps_cpp' as default
-- Looking for pthread.h
-- Looking for pthread.h - found
-- Performing Test CMAKE_HAVE_LIBC_PTHREAD
-- Performing Test CMAKE_HAVE_LIBC_PTHREAD - Success
-- Found Threads: TRUE  
-- Found nav_msgs: 4.9.1 (/opt/ros/humble/share/nav_msgs/cmake)
-- Found rclcpp_action: 16.0.19 (/opt/ros/humble/share/rclcpp_action/cmake)
-- Found rclcpp_lifecycle: 16.0.19 (/opt/ros/humble/share/rclcpp_lifecycle/cmake)
-- Found nav2_util: 1.1.14 (/home/zr/code/src/install/nav2_util/share/nav2_util/cmake)
-- Found eigen3_cmake_module: 0.1.1 (/opt/ros/humble/share/eigen3_cmake_module/cmake)
-- Found Eigen3: TRUE (found version "3.4.0") 
-- Ensuring Eigen3 include directory is part of orocos-kdl CMake target
-- Found gac_nav2_costmap_2d: 1.1.14 (/home/zr/code/src/install/gac_nav2_costmap_2d/share/gac_nav2_costmap_2d/cmake)
-- Found gac_nav2_core: 1.1.14 (/home/zr/code/src/install/gac_nav2_core/share/gac_nav2_core/cmake)
-- Found nav2_navfn_planner: 1.1.20 (/opt/ros/humble/share/nav2_navfn_planner/cmake)
-- Found nlohmann_json: /usr/lib/cmake/nlohmann_json/nlohmann_jsonConfig.cmake (found version "3.10.5") 
-- Configuring done
[33mCMake Warning at CMakeLists.txt:49 (add_library):
  Cannot generate a safe runtime search path for target
  nav2_fixed_path_route_plugin because there is a cycle in the constraint
  graph:

    dir 0 is [/home/zr/code/src/install/gac_nav2_costmap_2d/lib]
      dir 2 must precede it due to runtime library [liblayers.so]
    dir 1 is [/home/zr/code/src/install/gac_nav2_voxel_grid/lib]
      dir 2 must precede it due to runtime library [libvoxel_grid.so]
    dir 2 is [/opt/ros/humble/lib]
      dir 0 must precede it due to runtime library [liblayers.so]
      dir 1 must precede it due to runtime library [libvoxel_grid.so]
      dir 3 must precede it due to runtime library [libnav2_util_core.so]
    dir 3 is [/home/zr/code/src/install/nav2_util/lib]
      dir 2 must precede it due to runtime library [libnav2_util_core.so]

  Some of these libraries may not be found correctly.

[0m
-- Generating done
-- Build files have been written to: /home/zr/code/src/build/nav2_fixed_path_route
[ 50%] [32mBuilding CXX object CMakeFiles/nav2_fixed_path_route_plugin.dir/src/nav2_fixed_path_route.cpp.o[0m
[100%] [32m[1mLinking CXX shared library libnav2_fixed_path_route_plugin.so[0m
[100%] Built target nav2_fixed_path_route_plugin
-- Install configuration: ""
-- Execute custom install script
-- Symlinking: /home/zr/code/src/install/nav2_fixed_path_route/share/nav2_fixed_path_route//nav2_fixed_path_route_plugin.xml
-- Symlinking: /home/zr/code/src/install/nav2_fixed_path_route/lib/libnav2_fixed_path_route_plugin.so
-- Symlinking: /home/zr/code/src/install/nav2_fixed_path_route/include//nav2_fixed_path_route.hpp
-- Up-to-date symlink: /home/zr/code/src/install/nav2_fixed_path_route/share/nav2_fixed_path_route/nav2_fixed_path_route_plugin.xml
-- Symlinking: /home/zr/code/src/install/nav2_fixed_path_route/share/nav2_fixed_path_route/environment/library_path.sh
-- Symlinking: /home/zr/code/src/install/nav2_fixed_path_route/share/nav2_fixed_path_route/environment/library_path.dsv
-- Symlinking: /home/zr/code/src/install/nav2_fixed_path_route/share/ament_index/resource_index/package_run_dependencies/nav2_fixed_path_route
-- Symlinking: /home/zr/code/src/install/nav2_fixed_path_route/share/ament_index/resource_index/parent_prefix_path/nav2_fixed_path_route
-- Symlinking: /home/zr/code/src/install/nav2_fixed_path_route/share/nav2_fixed_path_route/environment/ament_prefix_path.sh
-- Symlinking: /home/zr/code/src/install/nav2_fixed_path_route/share/nav2_fixed_path_route/environment/ament_prefix_path.dsv
-- Symlinking: /home/zr/code/src/install/nav2_fixed_path_route/share/nav2_fixed_path_route/environment/path.sh
-- Symlinking: /home/zr/code/src/install/nav2_fixed_path_route/share/nav2_fixed_path_route/environment/path.dsv
-- Symlinking: /home/zr/code/src/install/nav2_fixed_path_route/share/nav2_fixed_path_route/local_setup.bash
-- Symlinking: /home/zr/code/src/install/nav2_fixed_path_route/share/nav2_fixed_path_route/local_setup.sh
-- Symlinking: /home/zr/code/src/install/nav2_fixed_path_route/share/nav2_fixed_path_route/local_setup.zsh
-- Symlinking: /home/zr/code/src/install/nav2_fixed_path_route/share/nav2_fixed_path_route/local_setup.dsv
-- Symlinking: /home/zr/code/src/install/nav2_fixed_path_route/share/nav2_fixed_path_route/package.dsv
-- Symlinking: /home/zr/code/src/install/nav2_fixed_path_route/share/ament_index/resource_index/packages/nav2_fixed_path_route
-- Symlinking: /home/zr/code/src/install/nav2_fixed_path_route/share/ament_index/resource_index/gac_nav2_core__pluginlib__plugin/nav2_fixed_path_route
-- Symlinking: /home/zr/code/src/install/nav2_fixed_path_route/share/nav2_fixed_path_route/cmake/ament_cmake_export_include_directories-extras.cmake
-- Symlinking: /home/zr/code/src/install/nav2_fixed_path_route/share/nav2_fixed_path_route/cmake/ament_cmake_export_libraries-extras.cmake
-- Symlinking: /home/zr/code/src/install/nav2_fixed_path_route/share/nav2_fixed_path_route/cmake/ament_cmake_export_dependencies-extras.cmake
-- Symlinking: /home/zr/code/src/install/nav2_fixed_path_route/share/nav2_fixed_path_route/cmake/nav2_fixed_path_routeConfig.cmake
-- Symlinking: /home/zr/code/src/install/nav2_fixed_path_route/share/nav2_fixed_path_route/cmake/nav2_fixed_path_routeConfig-version.cmake
-- Symlinking: /home/zr/code/src/install/nav2_fixed_path_route/share/nav2_fixed_path_route/package.xml
