[0.086s] DEBUG:colcon:Command line arguments: ['/usr/bin/colcon', 'build', '--base-paths', 'sim', '--symlink-install', '--cmake-args', '-DBUILD_TESTING=OFF', '-DCMAKE_C_COMPILER_LAUNCHER=ccache', '-DCMAKE_CXX_COMPILER_LAUNCHER=ccache']
[0.086s] DEBUG:colcon:Parsed command line arguments: Namespace(log_base=None, log_level=None, verb_name='build', build_base='build', install_base='install', merge_install=False, symlink_install=True, test_result_base=None, continue_on_error=False, executor='parallel', parallel_workers=16, event_handlers=None, ignore_user_meta=False, metas=['./colcon.meta'], base_paths=['sim'], packages_ignore=None, packages_ignore_regex=None, paths=None, packages_up_to=None, packages_up_to_regex=None, packages_above=None, packages_above_and_dependencies=None, packages_above_depth=None, packages_select_by_dep=None, packages_skip_by_dep=None, packages_skip_up_to=None, packages_select_build_failed=False, packages_skip_build_finished=False, packages_select_test_failures=False, packages_skip_test_passed=False, packages_select=None, packages_skip=None, packages_select_regex=None, packages_skip_regex=None, packages_start=None, packages_end=None, allow_overriding=[], cmake_args=['-DBUILD_TESTING=OFF', '-DCMAKE_C_COMPILER_LAUNCHER=ccache', '-DCMAKE_CXX_COMPILER_LAUNCHER=ccache'], cmake_target=None, cmake_target_skip_unavailable=False, cmake_clean_cache=False, cmake_clean_first=False, cmake_force_configure=False, ament_cmake_args=None, catkin_cmake_args=None, catkin_skip_building_tests=False, verb_parser=<colcon_defaults.argument_parser.defaults.DefaultArgumentsDecorator object at 0x78dfb13a8f10>, verb_extension=<colcon_core.verb.build.BuildVerb object at 0x78dfb13a8970>, main=<bound method BuildVerb.main of <colcon_core.verb.build.BuildVerb object at 0x78dfb13a8970>>)
[0.261s] Level 1:colcon.colcon_core.package_discovery:discover_packages(colcon_meta) check parameters
[0.261s] Level 1:colcon.colcon_core.package_discovery:discover_packages(recursive) check parameters
[0.261s] Level 1:colcon.colcon_core.package_discovery:discover_packages(ignore) check parameters
[0.261s] Level 1:colcon.colcon_core.package_discovery:discover_packages(path) check parameters
[0.261s] Level 1:colcon.colcon_core.package_discovery:discover_packages(recursive) discover
[0.261s] INFO:colcon.colcon_core.package_discovery:Crawling recursively for packages in '/home/zr/code/src/sim'
[0.262s] Level 1:colcon.colcon_core.package_identification:_identify(sim) by extensions ['ignore', 'ignore_ament_install']
[0.262s] Level 1:colcon.colcon_core.package_identification:_identify(sim) by extension 'ignore'
[0.262s] Level 1:colcon.colcon_core.package_identification:_identify(sim) by extension 'ignore_ament_install'
[0.262s] Level 1:colcon.colcon_core.package_identification:_identify(sim) by extensions ['colcon_pkg']
[0.262s] Level 1:colcon.colcon_core.package_identification:_identify(sim) by extension 'colcon_pkg'
[0.262s] Level 1:colcon.colcon_core.package_identification:_identify(sim) by extensions ['colcon_meta']
[0.262s] Level 1:colcon.colcon_core.package_identification:_identify(sim) by extension 'colcon_meta'
[0.262s] Level 1:colcon.colcon_core.package_identification:_identify(sim) by extensions ['ros']
[0.262s] Level 1:colcon.colcon_core.package_identification:_identify(sim) by extension 'ros'
[0.277s] Level 1:colcon.colcon_core.package_identification:_identify(sim) by extensions ['cmake', 'python']
[0.277s] Level 1:colcon.colcon_core.package_identification:_identify(sim) by extension 'cmake'
[0.277s] Level 1:colcon.colcon_core.package_identification:_identify(sim) by extension 'python'
[0.277s] Level 1:colcon.colcon_core.package_identification:_identify(sim) by extensions ['python_setup_py']
[0.277s] Level 1:colcon.colcon_core.package_identification:_identify(sim) by extension 'python_setup_py'
[0.277s] Level 1:colcon.colcon_core.package_identification:_identify(sim/build) by extensions ['ignore', 'ignore_ament_install']
[0.277s] Level 1:colcon.colcon_core.package_identification:_identify(sim/build) by extension 'ignore'
[0.277s] Level 1:colcon.colcon_core.package_identification:_identify(sim/build) ignored
[0.277s] Level 1:colcon.colcon_core.package_identification:_identify(sim/defender_3a) by extensions ['ignore', 'ignore_ament_install']
[0.277s] Level 1:colcon.colcon_core.package_identification:_identify(sim/defender_3a) by extension 'ignore'
[0.277s] Level 1:colcon.colcon_core.package_identification:_identify(sim/defender_3a) by extension 'ignore_ament_install'
[0.277s] Level 1:colcon.colcon_core.package_identification:_identify(sim/defender_3a) by extensions ['colcon_pkg']
[0.277s] Level 1:colcon.colcon_core.package_identification:_identify(sim/defender_3a) by extension 'colcon_pkg'
[0.277s] Level 1:colcon.colcon_core.package_identification:_identify(sim/defender_3a) by extensions ['colcon_meta']
[0.277s] Level 1:colcon.colcon_core.package_identification:_identify(sim/defender_3a) by extension 'colcon_meta'
[0.277s] Level 1:colcon.colcon_core.package_identification:_identify(sim/defender_3a) by extensions ['ros']
[0.277s] Level 1:colcon.colcon_core.package_identification:_identify(sim/defender_3a) by extension 'ros'
[0.279s] DEBUG:colcon.colcon_core.package_identification:Package 'sim/defender_3a' with type 'ros.ament_cmake' and name 'defender_3a'
[0.279s] Level 1:colcon.colcon_core.package_identification:_identify(sim/install) by extensions ['ignore', 'ignore_ament_install']
[0.279s] Level 1:colcon.colcon_core.package_identification:_identify(sim/install) by extension 'ignore'
[0.279s] Level 1:colcon.colcon_core.package_identification:_identify(sim/install) ignored
[0.279s] Level 1:colcon.colcon_core.package_identification:_identify(sim/log) by extensions ['ignore', 'ignore_ament_install']
[0.279s] Level 1:colcon.colcon_core.package_identification:_identify(sim/log) by extension 'ignore'
[0.279s] Level 1:colcon.colcon_core.package_identification:_identify(sim/log) ignored
[0.280s] Level 1:colcon.colcon_core.package_identification:_identify(sim/robot_relate) by extensions ['ignore', 'ignore_ament_install']
[0.280s] Level 1:colcon.colcon_core.package_identification:_identify(sim/robot_relate) by extension 'ignore'
[0.280s] Level 1:colcon.colcon_core.package_identification:_identify(sim/robot_relate) by extension 'ignore_ament_install'
[0.280s] Level 1:colcon.colcon_core.package_identification:_identify(sim/robot_relate) by extensions ['colcon_pkg']
[0.280s] Level 1:colcon.colcon_core.package_identification:_identify(sim/robot_relate) by extension 'colcon_pkg'
[0.280s] Level 1:colcon.colcon_core.package_identification:_identify(sim/robot_relate) by extensions ['colcon_meta']
[0.280s] Level 1:colcon.colcon_core.package_identification:_identify(sim/robot_relate) by extension 'colcon_meta'
[0.280s] Level 1:colcon.colcon_core.package_identification:_identify(sim/robot_relate) by extensions ['ros']
[0.280s] Level 1:colcon.colcon_core.package_identification:_identify(sim/robot_relate) by extension 'ros'
[0.280s] DEBUG:colcon.colcon_core.package_identification:Package 'sim/robot_relate' with type 'ros.ament_cmake' and name 'robot_relate'
[0.281s] Level 1:colcon.colcon_core.package_identification:_identify(sim/robot_relate_python) by extensions ['ignore', 'ignore_ament_install']
[0.281s] Level 1:colcon.colcon_core.package_identification:_identify(sim/robot_relate_python) by extension 'ignore'
[0.281s] Level 1:colcon.colcon_core.package_identification:_identify(sim/robot_relate_python) by extension 'ignore_ament_install'
[0.281s] Level 1:colcon.colcon_core.package_identification:_identify(sim/robot_relate_python) by extensions ['colcon_pkg']
[0.281s] Level 1:colcon.colcon_core.package_identification:_identify(sim/robot_relate_python) by extension 'colcon_pkg'
[0.281s] Level 1:colcon.colcon_core.package_identification:_identify(sim/robot_relate_python) by extensions ['colcon_meta']
[0.281s] Level 1:colcon.colcon_core.package_identification:_identify(sim/robot_relate_python) by extension 'colcon_meta'
[0.281s] Level 1:colcon.colcon_core.package_identification:_identify(sim/robot_relate_python) by extensions ['ros']
[0.281s] Level 1:colcon.colcon_core.package_identification:_identify(sim/robot_relate_python) by extension 'ros'
[0.282s] DEBUG:colcon.colcon_core.package_identification:Package 'sim/robot_relate_python' with type 'ros.ament_python' and name 'robot_relate_python'
[0.282s] Level 1:colcon.colcon_core.package_identification:_identify(sim/sim_amcl_bringup) by extensions ['ignore', 'ignore_ament_install']
[0.282s] Level 1:colcon.colcon_core.package_identification:_identify(sim/sim_amcl_bringup) by extension 'ignore'
[0.282s] Level 1:colcon.colcon_core.package_identification:_identify(sim/sim_amcl_bringup) by extension 'ignore_ament_install'
[0.282s] Level 1:colcon.colcon_core.package_identification:_identify(sim/sim_amcl_bringup) by extensions ['colcon_pkg']
[0.282s] Level 1:colcon.colcon_core.package_identification:_identify(sim/sim_amcl_bringup) by extension 'colcon_pkg'
[0.282s] Level 1:colcon.colcon_core.package_identification:_identify(sim/sim_amcl_bringup) by extensions ['colcon_meta']
[0.282s] Level 1:colcon.colcon_core.package_identification:_identify(sim/sim_amcl_bringup) by extension 'colcon_meta'
[0.282s] Level 1:colcon.colcon_core.package_identification:_identify(sim/sim_amcl_bringup) by extensions ['ros']
[0.282s] Level 1:colcon.colcon_core.package_identification:_identify(sim/sim_amcl_bringup) by extension 'ros'
[0.283s] DEBUG:colcon.colcon_core.package_identification:Package 'sim/sim_amcl_bringup' with type 'ros.ament_cmake' and name 'sim_amcl_bringup'
[0.283s] Level 1:colcon.colcon_core.package_discovery:discover_packages(recursive) using defaults
[0.297s] Level 1:colcon.colcon_core.package_discovery:discover_packages(prefix_path) check parameters
[0.297s] Level 1:colcon.colcon_core.package_discovery:discover_packages(prefix_path) discover
[0.300s] DEBUG:colcon.colcon_installed_package_information.package_discovery:Found 35 installed packages in /home/zr/code/src/install
[0.302s] DEBUG:colcon.colcon_installed_package_information.package_discovery:Found 448 installed packages in /opt/ros/humble
[0.304s] Level 1:colcon.colcon_core.package_discovery:discover_packages(prefix_path) using defaults
[0.345s] Level 5:colcon.colcon_core.verb:set package 'defender_3a' build argument 'cmake_args' from command line to '['-DBUILD_TESTING=OFF', '-DCMAKE_C_COMPILER_LAUNCHER=ccache', '-DCMAKE_CXX_COMPILER_LAUNCHER=ccache']'
[0.345s] Level 5:colcon.colcon_core.verb:set package 'defender_3a' build argument 'cmake_target' from command line to 'None'
[0.345s] Level 5:colcon.colcon_core.verb:set package 'defender_3a' build argument 'cmake_target_skip_unavailable' from command line to 'False'
[0.345s] Level 5:colcon.colcon_core.verb:set package 'defender_3a' build argument 'cmake_clean_cache' from command line to 'False'
[0.345s] Level 5:colcon.colcon_core.verb:set package 'defender_3a' build argument 'cmake_clean_first' from command line to 'False'
[0.345s] Level 5:colcon.colcon_core.verb:set package 'defender_3a' build argument 'cmake_force_configure' from command line to 'False'
[0.345s] Level 5:colcon.colcon_core.verb:set package 'defender_3a' build argument 'ament_cmake_args' from command line to 'None'
[0.345s] Level 5:colcon.colcon_core.verb:set package 'defender_3a' build argument 'catkin_cmake_args' from command line to 'None'
[0.345s] Level 5:colcon.colcon_core.verb:set package 'defender_3a' build argument 'catkin_skip_building_tests' from command line to 'False'
[0.345s] DEBUG:colcon.colcon_core.verb:Building package 'defender_3a' with the following arguments: {'ament_cmake_args': None, 'build_base': '/home/zr/code/src/build/defender_3a', 'catkin_cmake_args': None, 'catkin_skip_building_tests': False, 'cmake_args': ['-DBUILD_TESTING=OFF', '-DCMAKE_C_COMPILER_LAUNCHER=ccache', '-DCMAKE_CXX_COMPILER_LAUNCHER=ccache'], 'cmake_clean_cache': False, 'cmake_clean_first': False, 'cmake_force_configure': False, 'cmake_target': None, 'cmake_target_skip_unavailable': False, 'install_base': '/home/zr/code/src/install/defender_3a', 'merge_install': False, 'path': '/home/zr/code/src/sim/defender_3a', 'symlink_install': True, 'test_result_base': None}
[0.346s] Level 5:colcon.colcon_core.verb:set package 'robot_relate' build argument 'cmake_args' from command line to '['-DBUILD_TESTING=OFF', '-DCMAKE_C_COMPILER_LAUNCHER=ccache', '-DCMAKE_CXX_COMPILER_LAUNCHER=ccache']'
[0.346s] Level 5:colcon.colcon_core.verb:set package 'robot_relate' build argument 'cmake_target' from command line to 'None'
[0.346s] Level 5:colcon.colcon_core.verb:set package 'robot_relate' build argument 'cmake_target_skip_unavailable' from command line to 'False'
[0.346s] Level 5:colcon.colcon_core.verb:set package 'robot_relate' build argument 'cmake_clean_cache' from command line to 'False'
[0.346s] Level 5:colcon.colcon_core.verb:set package 'robot_relate' build argument 'cmake_clean_first' from command line to 'False'
[0.346s] Level 5:colcon.colcon_core.verb:set package 'robot_relate' build argument 'cmake_force_configure' from command line to 'False'
[0.346s] Level 5:colcon.colcon_core.verb:set package 'robot_relate' build argument 'ament_cmake_args' from command line to 'None'
[0.346s] Level 5:colcon.colcon_core.verb:set package 'robot_relate' build argument 'catkin_cmake_args' from command line to 'None'
[0.346s] Level 5:colcon.colcon_core.verb:set package 'robot_relate' build argument 'catkin_skip_building_tests' from command line to 'False'
[0.346s] DEBUG:colcon.colcon_core.verb:Building package 'robot_relate' with the following arguments: {'ament_cmake_args': None, 'build_base': '/home/zr/code/src/build/robot_relate', 'catkin_cmake_args': None, 'catkin_skip_building_tests': False, 'cmake_args': ['-DBUILD_TESTING=OFF', '-DCMAKE_C_COMPILER_LAUNCHER=ccache', '-DCMAKE_CXX_COMPILER_LAUNCHER=ccache'], 'cmake_clean_cache': False, 'cmake_clean_first': False, 'cmake_force_configure': False, 'cmake_target': None, 'cmake_target_skip_unavailable': False, 'install_base': '/home/zr/code/src/install/robot_relate', 'merge_install': False, 'path': '/home/zr/code/src/sim/robot_relate', 'symlink_install': True, 'test_result_base': None}
[0.346s] Level 5:colcon.colcon_core.verb:set package 'robot_relate_python' build argument 'cmake_args' from command line to '['-DBUILD_TESTING=OFF', '-DCMAKE_C_COMPILER_LAUNCHER=ccache', '-DCMAKE_CXX_COMPILER_LAUNCHER=ccache']'
[0.346s] Level 5:colcon.colcon_core.verb:set package 'robot_relate_python' build argument 'cmake_target' from command line to 'None'
[0.346s] Level 5:colcon.colcon_core.verb:set package 'robot_relate_python' build argument 'cmake_target_skip_unavailable' from command line to 'False'
[0.346s] Level 5:colcon.colcon_core.verb:set package 'robot_relate_python' build argument 'cmake_clean_cache' from command line to 'False'
[0.346s] Level 5:colcon.colcon_core.verb:set package 'robot_relate_python' build argument 'cmake_clean_first' from command line to 'False'
[0.346s] Level 5:colcon.colcon_core.verb:set package 'robot_relate_python' build argument 'cmake_force_configure' from command line to 'False'
[0.346s] Level 5:colcon.colcon_core.verb:set package 'robot_relate_python' build argument 'ament_cmake_args' from command line to 'None'
[0.346s] Level 5:colcon.colcon_core.verb:set package 'robot_relate_python' build argument 'catkin_cmake_args' from command line to 'None'
[0.346s] Level 5:colcon.colcon_core.verb:set package 'robot_relate_python' build argument 'catkin_skip_building_tests' from command line to 'False'
[0.346s] DEBUG:colcon.colcon_core.verb:Building package 'robot_relate_python' with the following arguments: {'ament_cmake_args': None, 'build_base': '/home/zr/code/src/build/robot_relate_python', 'catkin_cmake_args': None, 'catkin_skip_building_tests': False, 'cmake_args': ['-DBUILD_TESTING=OFF', '-DCMAKE_C_COMPILER_LAUNCHER=ccache', '-DCMAKE_CXX_COMPILER_LAUNCHER=ccache'], 'cmake_clean_cache': False, 'cmake_clean_first': False, 'cmake_force_configure': False, 'cmake_target': None, 'cmake_target_skip_unavailable': False, 'install_base': '/home/zr/code/src/install/robot_relate_python', 'merge_install': False, 'path': '/home/zr/code/src/sim/robot_relate_python', 'symlink_install': True, 'test_result_base': None}
[0.346s] Level 5:colcon.colcon_core.verb:set package 'sim_amcl_bringup' build argument 'cmake_args' from command line to '['-DBUILD_TESTING=OFF', '-DCMAKE_C_COMPILER_LAUNCHER=ccache', '-DCMAKE_CXX_COMPILER_LAUNCHER=ccache']'
[0.346s] Level 5:colcon.colcon_core.verb:set package 'sim_amcl_bringup' build argument 'cmake_target' from command line to 'None'
[0.346s] Level 5:colcon.colcon_core.verb:set package 'sim_amcl_bringup' build argument 'cmake_target_skip_unavailable' from command line to 'False'
[0.346s] Level 5:colcon.colcon_core.verb:set package 'sim_amcl_bringup' build argument 'cmake_clean_cache' from command line to 'False'
[0.346s] Level 5:colcon.colcon_core.verb:set package 'sim_amcl_bringup' build argument 'cmake_clean_first' from command line to 'False'
[0.346s] Level 5:colcon.colcon_core.verb:set package 'sim_amcl_bringup' build argument 'cmake_force_configure' from command line to 'False'
[0.347s] Level 5:colcon.colcon_core.verb:set package 'sim_amcl_bringup' build argument 'ament_cmake_args' from command line to 'None'
[0.347s] Level 5:colcon.colcon_core.verb:set package 'sim_amcl_bringup' build argument 'catkin_cmake_args' from command line to 'None'
[0.347s] Level 5:colcon.colcon_core.verb:set package 'sim_amcl_bringup' build argument 'catkin_skip_building_tests' from command line to 'False'
[0.347s] DEBUG:colcon.colcon_core.verb:Building package 'sim_amcl_bringup' with the following arguments: {'ament_cmake_args': None, 'build_base': '/home/zr/code/src/build/sim_amcl_bringup', 'catkin_cmake_args': None, 'catkin_skip_building_tests': False, 'cmake_args': ['-DBUILD_TESTING=OFF', '-DCMAKE_C_COMPILER_LAUNCHER=ccache', '-DCMAKE_CXX_COMPILER_LAUNCHER=ccache'], 'cmake_clean_cache': False, 'cmake_clean_first': False, 'cmake_force_configure': False, 'cmake_target': None, 'cmake_target_skip_unavailable': False, 'install_base': '/home/zr/code/src/install/sim_amcl_bringup', 'merge_install': False, 'path': '/home/zr/code/src/sim/sim_amcl_bringup', 'symlink_install': True, 'test_result_base': None}
[0.347s] INFO:colcon.colcon_core.executor:Executing jobs using 'parallel' executor
[0.348s] DEBUG:colcon.colcon_parallel_executor.executor.parallel:run_until_complete
[0.348s] INFO:colcon.colcon_ros.task.ament_cmake.build:Building ROS package in '/home/zr/code/src/sim/defender_3a' with build type 'ament_cmake'
[0.348s] INFO:colcon.colcon_cmake.task.cmake.build:Building CMake package in '/home/zr/code/src/sim/defender_3a'
[0.349s] INFO:colcon.colcon_core.plugin_system:Skipping extension 'colcon_core.shell.bat': Not used on non-Windows systems
[0.349s] INFO:colcon.colcon_core.shell:Skip shell extension 'powershell' for command environment: Not usable outside of PowerShell
[0.349s] DEBUG:colcon.colcon_core.shell:Skip shell extension 'dsv' for command environment
[0.355s] INFO:colcon.colcon_ros.task.ament_cmake.build:Building ROS package in '/home/zr/code/src/sim/robot_relate' with build type 'ament_cmake'
[0.355s] INFO:colcon.colcon_cmake.task.cmake.build:Building CMake package in '/home/zr/code/src/sim/robot_relate'
[0.355s] INFO:colcon.colcon_core.shell:Skip shell extension 'powershell' for command environment: Not usable outside of PowerShell
[0.355s] DEBUG:colcon.colcon_core.shell:Skip shell extension 'dsv' for command environment
[0.361s] INFO:colcon.colcon_ros.task.ament_python.build:Building ROS package in '/home/zr/code/src/sim/robot_relate_python' with build type 'ament_python'
[0.361s] Level 1:colcon.colcon_core.shell:create_environment_hook('robot_relate_python', 'ament_prefix_path')
[0.361s] INFO:colcon.colcon_core.shell:Creating environment hook '/home/zr/code/src/install/robot_relate_python/share/robot_relate_python/hook/ament_prefix_path.ps1'
[0.362s] INFO:colcon.colcon_core.shell:Creating environment descriptor '/home/zr/code/src/install/robot_relate_python/share/robot_relate_python/hook/ament_prefix_path.dsv'
[0.362s] INFO:colcon.colcon_core.shell:Creating environment hook '/home/zr/code/src/install/robot_relate_python/share/robot_relate_python/hook/ament_prefix_path.sh'
[0.363s] INFO:colcon.colcon_core.shell:Skip shell extension 'powershell' for command environment: Not usable outside of PowerShell
[0.363s] DEBUG:colcon.colcon_core.shell:Skip shell extension 'dsv' for command environment
[0.368s] INFO:colcon.colcon_ros.task.ament_cmake.build:Building ROS package in '/home/zr/code/src/sim/sim_amcl_bringup' with build type 'ament_cmake'
[0.368s] INFO:colcon.colcon_cmake.task.cmake.build:Building CMake package in '/home/zr/code/src/sim/sim_amcl_bringup'
[0.368s] INFO:colcon.colcon_core.shell:Skip shell extension 'powershell' for command environment: Not usable outside of PowerShell
[0.368s] DEBUG:colcon.colcon_core.shell:Skip shell extension 'dsv' for command environment
[0.377s] DEBUG:colcon.colcon_core.event_handler.log_command:Invoking command in '/home/zr/code/src/build/defender_3a': CMAKE_PREFIX_PATH=${CMAKE_PREFIX_PATH}:/home/zr/code/src/install/robot_relate_python:/opt/ros/humble /usr/bin/cmake --build /home/zr/code/src/build/defender_3a -- -j16 -l16
[0.381s] DEBUG:colcon.colcon_core.event_handler.log_command:Invoking command in '/home/zr/code/src/build/robot_relate': CMAKE_PREFIX_PATH=${CMAKE_PREFIX_PATH}:/home/zr/code/src/install/robot_relate_python:/opt/ros/humble /usr/bin/cmake /home/zr/code/src/sim/robot_relate -DBUILD_TESTING=OFF -DCMAKE_C_COMPILER_LAUNCHER=ccache -DCMAKE_CXX_COMPILER_LAUNCHER=ccache -DAMENT_CMAKE_SYMLINK_INSTALL=1 -DCMAKE_INSTALL_PREFIX=/home/zr/code/src/install/robot_relate
[0.634s] INFO:colcon.colcon_core.task.python.build:Building Python package in '/home/zr/code/src/sim/robot_relate_python'
[0.635s] INFO:colcon.colcon_core.shell:Skip shell extension 'powershell' for command environment: Not usable outside of PowerShell
[0.635s] DEBUG:colcon.colcon_core.shell:Skip shell extension 'dsv' for command environment
[0.645s] DEBUG:colcon.colcon_core.event_handler.log_command:Invoking command in '/home/zr/code/src/build/sim_amcl_bringup': CMAKE_PREFIX_PATH=${CMAKE_PREFIX_PATH}:/home/zr/code/src/install/robot_relate_python:/opt/ros/humble /usr/bin/cmake /home/zr/code/src/sim/sim_amcl_bringup -DBUILD_TESTING=OFF -DCMAKE_C_COMPILER_LAUNCHER=ccache -DCMAKE_CXX_COMPILER_LAUNCHER=ccache -DAMENT_CMAKE_SYMLINK_INSTALL=1 -DCMAKE_INSTALL_PREFIX=/home/zr/code/src/install/sim_amcl_bringup
[0.646s] DEBUG:colcon.colcon_core.event_handler.log_command:Invoked command in '/home/zr/code/src/build/defender_3a' returned '0': CMAKE_PREFIX_PATH=${CMAKE_PREFIX_PATH}:/home/zr/code/src/install/robot_relate_python:/opt/ros/humble /usr/bin/cmake --build /home/zr/code/src/build/defender_3a -- -j16 -l16
[0.658s] DEBUG:colcon.colcon_core.event_handler.log_command:Invoking command in '/home/zr/code/src/build/defender_3a': CMAKE_PREFIX_PATH=${CMAKE_PREFIX_PATH}:/home/zr/code/src/install/robot_relate_python:/opt/ros/humble /usr/bin/cmake --install /home/zr/code/src/build/defender_3a
[0.659s] DEBUG:colcon.colcon_core.event_handler.log_command:Invoked command in '/home/zr/code/src/build/robot_relate' returned '0': CMAKE_PREFIX_PATH=${CMAKE_PREFIX_PATH}:/home/zr/code/src/install/robot_relate_python:/opt/ros/humble /usr/bin/cmake /home/zr/code/src/sim/robot_relate -DBUILD_TESTING=OFF -DCMAKE_C_COMPILER_LAUNCHER=ccache -DCMAKE_CXX_COMPILER_LAUNCHER=ccache -DAMENT_CMAKE_SYMLINK_INSTALL=1 -DCMAKE_INSTALL_PREFIX=/home/zr/code/src/install/robot_relate
[0.660s] DEBUG:colcon.colcon_core.event_handler.log_command:Invoking command in '/home/zr/code/src/build/robot_relate': CMAKE_PREFIX_PATH=${CMAKE_PREFIX_PATH}:/home/zr/code/src/install/robot_relate_python:/opt/ros/humble /usr/bin/cmake --build /home/zr/code/src/build/robot_relate -- -j16 -l16
[0.691s] Level 1:colcon.colcon_core.environment:create_environment_scripts_only(defender_3a)
[0.692s] DEBUG:colcon.colcon_core.event_handler.log_command:Invoked command in '/home/zr/code/src/build/defender_3a' returned '0': CMAKE_PREFIX_PATH=${CMAKE_PREFIX_PATH}:/home/zr/code/src/install/robot_relate_python:/opt/ros/humble /usr/bin/cmake --install /home/zr/code/src/build/defender_3a
[0.694s] Level 1:colcon.colcon_core.environment:checking '/home/zr/code/src/install/defender_3a' for CMake module files
[0.694s] Level 1:colcon.colcon_core.environment:checking '/home/zr/code/src/install/defender_3a' for CMake config files
[0.694s] Level 1:colcon.colcon_core.shell:create_environment_hook('defender_3a', 'cmake_prefix_path')
[0.694s] INFO:colcon.colcon_core.shell:Creating environment hook '/home/zr/code/src/install/defender_3a/share/defender_3a/hook/cmake_prefix_path.ps1'
[0.695s] INFO:colcon.colcon_core.shell:Creating environment descriptor '/home/zr/code/src/install/defender_3a/share/defender_3a/hook/cmake_prefix_path.dsv'
[0.695s] INFO:colcon.colcon_core.shell:Creating environment hook '/home/zr/code/src/install/defender_3a/share/defender_3a/hook/cmake_prefix_path.sh'
[0.695s] Level 1:colcon.colcon_core.environment:checking '/home/zr/code/src/install/defender_3a/bin'
[0.696s] Level 1:colcon.colcon_core.environment:checking '/home/zr/code/src/install/defender_3a/lib/pkgconfig/defender_3a.pc'
[0.696s] Level 1:colcon.colcon_core.environment:checking '/home/zr/code/src/install/defender_3a/lib/python3.10/site-packages'
[0.696s] Level 1:colcon.colcon_core.environment:checking '/home/zr/code/src/install/defender_3a/bin'
[0.696s] INFO:colcon.colcon_core.shell:Creating package script '/home/zr/code/src/install/defender_3a/share/defender_3a/package.ps1'
[0.697s] INFO:colcon.colcon_core.shell:Creating package descriptor '/home/zr/code/src/install/defender_3a/share/defender_3a/package.dsv'
[0.697s] INFO:colcon.colcon_core.shell:Creating package script '/home/zr/code/src/install/defender_3a/share/defender_3a/package.sh'
[0.698s] INFO:colcon.colcon_core.shell:Creating package script '/home/zr/code/src/install/defender_3a/share/defender_3a/package.bash'
[0.698s] INFO:colcon.colcon_core.shell:Creating package script '/home/zr/code/src/install/defender_3a/share/defender_3a/package.zsh'
[0.699s] Level 1:colcon.colcon_core.environment:create_file_with_runtime_dependencies(/home/zr/code/src/install/defender_3a/share/colcon-core/packages/defender_3a)
[0.699s] Level 1:colcon.colcon_core.environment:create_environment_scripts_only(defender_3a)
[0.699s] Level 1:colcon.colcon_core.environment:checking '/home/zr/code/src/install/defender_3a' for CMake module files
[0.700s] Level 1:colcon.colcon_core.environment:checking '/home/zr/code/src/install/defender_3a' for CMake config files
[0.700s] Level 1:colcon.colcon_core.shell:create_environment_hook('defender_3a', 'cmake_prefix_path')
[0.700s] INFO:colcon.colcon_core.shell:Creating environment hook '/home/zr/code/src/install/defender_3a/share/defender_3a/hook/cmake_prefix_path.ps1'
[0.700s] INFO:colcon.colcon_core.shell:Creating environment descriptor '/home/zr/code/src/install/defender_3a/share/defender_3a/hook/cmake_prefix_path.dsv'
[0.701s] INFO:colcon.colcon_core.shell:Creating environment hook '/home/zr/code/src/install/defender_3a/share/defender_3a/hook/cmake_prefix_path.sh'
[0.701s] Level 1:colcon.colcon_core.environment:checking '/home/zr/code/src/install/defender_3a/bin'
[0.701s] Level 1:colcon.colcon_core.environment:checking '/home/zr/code/src/install/defender_3a/lib/pkgconfig/defender_3a.pc'
[0.701s] Level 1:colcon.colcon_core.environment:checking '/home/zr/code/src/install/defender_3a/lib/python3.10/site-packages'
[0.702s] Level 1:colcon.colcon_core.environment:checking '/home/zr/code/src/install/defender_3a/bin'
[0.702s] INFO:colcon.colcon_core.shell:Creating package script '/home/zr/code/src/install/defender_3a/share/defender_3a/package.ps1'
[0.702s] INFO:colcon.colcon_core.shell:Creating package descriptor '/home/zr/code/src/install/defender_3a/share/defender_3a/package.dsv'
[0.702s] INFO:colcon.colcon_core.shell:Creating package script '/home/zr/code/src/install/defender_3a/share/defender_3a/package.sh'
[0.703s] INFO:colcon.colcon_core.shell:Creating package script '/home/zr/code/src/install/defender_3a/share/defender_3a/package.bash'
[0.703s] INFO:colcon.colcon_core.shell:Creating package script '/home/zr/code/src/install/defender_3a/share/defender_3a/package.zsh'
[0.703s] Level 1:colcon.colcon_core.environment:create_file_with_runtime_dependencies(/home/zr/code/src/install/defender_3a/share/colcon-core/packages/defender_3a)
[0.713s] DEBUG:colcon.colcon_core.event_handler.log_command:Invoked command in '/home/zr/code/src/build/robot_relate' returned '0': CMAKE_PREFIX_PATH=${CMAKE_PREFIX_PATH}:/home/zr/code/src/install/robot_relate_python:/opt/ros/humble /usr/bin/cmake --build /home/zr/code/src/build/robot_relate -- -j16 -l16
[0.715s] DEBUG:colcon.colcon_core.event_handler.log_command:Invoking command in '/home/zr/code/src/build/robot_relate': CMAKE_PREFIX_PATH=${CMAKE_PREFIX_PATH}:/home/zr/code/src/install/robot_relate_python:/opt/ros/humble /usr/bin/cmake --install /home/zr/code/src/build/robot_relate
[1.067s] DEBUG:colcon.colcon_core.task.python.build:While undoing a previous installation files outside the Python library path are being ignored: /home/zr/code/src/install/robot_relate_python/share/ament_index/resource_index/packages/robot_relate_python
[1.067s] DEBUG:colcon.colcon_core.task.python.build:While undoing a previous installation files outside the Python library path are being ignored: /home/zr/code/src/install/robot_relate_python/share/robot_relate_python/package.xml
[1.068s] DEBUG:colcon.colcon_core.task.python.build:While undoing a previous installation files outside the Python library path are being ignored: /home/zr/code/src/install/robot_relate_python/lib/robot_relate_python/cancel_navigation
[1.068s] DEBUG:colcon.colcon_core.task.python.build:While undoing a previous installation files outside the Python library path are being ignored: /home/zr/code/src/install/robot_relate_python/lib/robot_relate_python/get_realtime_pose
[1.068s] DEBUG:colcon.colcon_core.task.python.build:While undoing a previous installation files outside the Python library path are being ignored: /home/zr/code/src/install/robot_relate_python/lib/robot_relate_python/navigation_to_pose
[1.068s] DEBUG:colcon.colcon_core.task.python.build:While undoing a previous installation files outside the Python library path are being ignored: /home/zr/code/src/install/robot_relate_python/lib/robot_relate_python/set_initpose
[1.068s] DEBUG:colcon.colcon_core.task.python.build:While undoing a previous installation files outside the Python library path are being ignored: /home/zr/code/src/install/robot_relate_python/lib/robot_relate_python/waypoint_follow
[1.070s] DEBUG:colcon.colcon_core.event_handler.log_command:Invoking command in '/home/zr/code/src/build/robot_relate_python': PYTHONPATH=/home/zr/code/src/build/robot_relate_python/prefix_override:/usr/lib/python3/dist-packages/colcon_core/task/python/colcon_distutils_commands:/home/zr/code/src/install/robot_relate_python/lib/python3.10/site-packages:${PYTHONPATH} /usr/bin/python3 -W ignore:setup.py install is deprecated -W ignore:easy_install command is deprecated setup.py develop --editable --build-directory /home/zr/code/src/build/robot_relate_python/build --no-deps symlink_data --force
[1.230s] Level 1:colcon.colcon_core.environment:create_environment_scripts_only(robot_relate)
[1.231s] Level 1:colcon.colcon_core.environment:checking '/home/zr/code/src/install/robot_relate' for CMake module files
[1.231s] DEBUG:colcon.colcon_core.event_handler.log_command:Invoked command in '/home/zr/code/src/build/robot_relate' returned '0': CMAKE_PREFIX_PATH=${CMAKE_PREFIX_PATH}:/home/zr/code/src/install/robot_relate_python:/opt/ros/humble /usr/bin/cmake --install /home/zr/code/src/build/robot_relate
[1.232s] Level 1:colcon.colcon_core.environment:checking '/home/zr/code/src/install/robot_relate' for CMake config files
[1.232s] Level 1:colcon.colcon_core.shell:create_environment_hook('robot_relate', 'cmake_prefix_path')
[1.232s] INFO:colcon.colcon_core.shell:Creating environment hook '/home/zr/code/src/install/robot_relate/share/robot_relate/hook/cmake_prefix_path.ps1'
[1.233s] INFO:colcon.colcon_core.shell:Creating environment descriptor '/home/zr/code/src/install/robot_relate/share/robot_relate/hook/cmake_prefix_path.dsv'
[1.233s] INFO:colcon.colcon_core.shell:Creating environment hook '/home/zr/code/src/install/robot_relate/share/robot_relate/hook/cmake_prefix_path.sh'
[1.234s] Level 1:colcon.colcon_core.environment:checking '/home/zr/code/src/install/robot_relate/bin'
[1.234s] Level 1:colcon.colcon_core.environment:checking '/home/zr/code/src/install/robot_relate/lib/pkgconfig/robot_relate.pc'
[1.234s] Level 1:colcon.colcon_core.environment:checking '/home/zr/code/src/install/robot_relate/lib/python3.10/site-packages'
[1.234s] Level 1:colcon.colcon_core.environment:checking '/home/zr/code/src/install/robot_relate/bin'
[1.235s] INFO:colcon.colcon_core.shell:Creating package script '/home/zr/code/src/install/robot_relate/share/robot_relate/package.ps1'
[1.235s] INFO:colcon.colcon_core.shell:Creating package descriptor '/home/zr/code/src/install/robot_relate/share/robot_relate/package.dsv'
[1.235s] INFO:colcon.colcon_core.shell:Creating package script '/home/zr/code/src/install/robot_relate/share/robot_relate/package.sh'
[1.236s] INFO:colcon.colcon_core.shell:Creating package script '/home/zr/code/src/install/robot_relate/share/robot_relate/package.bash'
[1.236s] INFO:colcon.colcon_core.shell:Creating package script '/home/zr/code/src/install/robot_relate/share/robot_relate/package.zsh'
[1.237s] Level 1:colcon.colcon_core.environment:create_file_with_runtime_dependencies(/home/zr/code/src/install/robot_relate/share/colcon-core/packages/robot_relate)
[1.237s] Level 1:colcon.colcon_core.environment:create_environment_scripts_only(robot_relate)
[1.237s] Level 1:colcon.colcon_core.environment:checking '/home/zr/code/src/install/robot_relate' for CMake module files
[1.238s] Level 1:colcon.colcon_core.environment:checking '/home/zr/code/src/install/robot_relate' for CMake config files
[1.238s] Level 1:colcon.colcon_core.shell:create_environment_hook('robot_relate', 'cmake_prefix_path')
[1.238s] INFO:colcon.colcon_core.shell:Creating environment hook '/home/zr/code/src/install/robot_relate/share/robot_relate/hook/cmake_prefix_path.ps1'
[1.269s] INFO:colcon.colcon_core.shell:Creating environment descriptor '/home/zr/code/src/install/robot_relate/share/robot_relate/hook/cmake_prefix_path.dsv'
[1.269s] INFO:colcon.colcon_core.shell:Creating environment hook '/home/zr/code/src/install/robot_relate/share/robot_relate/hook/cmake_prefix_path.sh'
[1.270s] Level 1:colcon.colcon_core.environment:checking '/home/zr/code/src/install/robot_relate/bin'
[1.270s] Level 1:colcon.colcon_core.environment:checking '/home/zr/code/src/install/robot_relate/lib/pkgconfig/robot_relate.pc'
[1.270s] Level 1:colcon.colcon_core.environment:checking '/home/zr/code/src/install/robot_relate/lib/python3.10/site-packages'
[1.270s] Level 1:colcon.colcon_core.environment:checking '/home/zr/code/src/install/robot_relate/bin'
[1.271s] INFO:colcon.colcon_core.shell:Creating package script '/home/zr/code/src/install/robot_relate/share/robot_relate/package.ps1'
[1.271s] INFO:colcon.colcon_core.shell:Creating package descriptor '/home/zr/code/src/install/robot_relate/share/robot_relate/package.dsv'
[1.272s] INFO:colcon.colcon_core.shell:Creating package script '/home/zr/code/src/install/robot_relate/share/robot_relate/package.sh'
[1.273s] INFO:colcon.colcon_core.shell:Creating package script '/home/zr/code/src/install/robot_relate/share/robot_relate/package.bash'
[1.273s] INFO:colcon.colcon_core.shell:Creating package script '/home/zr/code/src/install/robot_relate/share/robot_relate/package.zsh'
[1.273s] Level 1:colcon.colcon_core.environment:create_file_with_runtime_dependencies(/home/zr/code/src/install/robot_relate/share/colcon-core/packages/robot_relate)
[1.351s] DEBUG:colcon.colcon_core.event_handler.log_command:Invoked command in '/home/zr/code/src/build/sim_amcl_bringup' returned '0': CMAKE_PREFIX_PATH=${CMAKE_PREFIX_PATH}:/home/zr/code/src/install/robot_relate_python:/opt/ros/humble /usr/bin/cmake /home/zr/code/src/sim/sim_amcl_bringup -DBUILD_TESTING=OFF -DCMAKE_C_COMPILER_LAUNCHER=ccache -DCMAKE_CXX_COMPILER_LAUNCHER=ccache -DAMENT_CMAKE_SYMLINK_INSTALL=1 -DCMAKE_INSTALL_PREFIX=/home/zr/code/src/install/sim_amcl_bringup
[1.352s] DEBUG:colcon.colcon_core.event_handler.log_command:Invoking command in '/home/zr/code/src/build/sim_amcl_bringup': CMAKE_PREFIX_PATH=${CMAKE_PREFIX_PATH}:/home/zr/code/src/install/robot_relate_python:/opt/ros/humble /usr/bin/cmake --build /home/zr/code/src/build/sim_amcl_bringup -- -j16 -l16
[1.410s] DEBUG:colcon.colcon_core.event_handler.log_command:Invoked command in '/home/zr/code/src/build/sim_amcl_bringup' returned '0': CMAKE_PREFIX_PATH=${CMAKE_PREFIX_PATH}:/home/zr/code/src/install/robot_relate_python:/opt/ros/humble /usr/bin/cmake --build /home/zr/code/src/build/sim_amcl_bringup -- -j16 -l16
[1.412s] DEBUG:colcon.colcon_core.event_handler.log_command:Invoking command in '/home/zr/code/src/build/sim_amcl_bringup': CMAKE_PREFIX_PATH=${CMAKE_PREFIX_PATH}:/home/zr/code/src/install/robot_relate_python:/opt/ros/humble /usr/bin/cmake --install /home/zr/code/src/build/sim_amcl_bringup
[1.579s] Level 1:colcon.colcon_core.shell:create_environment_hook('robot_relate_python', 'pythonpath_develop')
[1.579s] INFO:colcon.colcon_core.shell:Creating environment hook '/home/zr/code/src/build/robot_relate_python/share/robot_relate_python/hook/pythonpath_develop.ps1'
[1.579s] DEBUG:colcon.colcon_core.event_handler.log_command:Invoked command in '/home/zr/code/src/build/robot_relate_python' returned '0': PYTHONPATH=/home/zr/code/src/build/robot_relate_python/prefix_override:/usr/lib/python3/dist-packages/colcon_core/task/python/colcon_distutils_commands:/home/zr/code/src/install/robot_relate_python/lib/python3.10/site-packages:${PYTHONPATH} /usr/bin/python3 -W ignore:setup.py install is deprecated -W ignore:easy_install command is deprecated setup.py develop --editable --build-directory /home/zr/code/src/build/robot_relate_python/build --no-deps symlink_data --force
[1.580s] INFO:colcon.colcon_core.shell:Creating environment descriptor '/home/zr/code/src/build/robot_relate_python/share/robot_relate_python/hook/pythonpath_develop.dsv'
[1.580s] INFO:colcon.colcon_core.shell:Creating environment hook '/home/zr/code/src/build/robot_relate_python/share/robot_relate_python/hook/pythonpath_develop.sh'
[1.581s] Level 1:colcon.colcon_core.environment:checking '/home/zr/code/src/install/robot_relate_python' for CMake module files
[1.581s] Level 1:colcon.colcon_core.environment:checking '/home/zr/code/src/install/robot_relate_python' for CMake config files
[1.581s] Level 1:colcon.colcon_core.environment:checking '/home/zr/code/src/install/robot_relate_python/lib'
[1.582s] Level 1:colcon.colcon_core.environment:checking '/home/zr/code/src/install/robot_relate_python/bin'
[1.582s] Level 1:colcon.colcon_core.environment:checking '/home/zr/code/src/install/robot_relate_python/lib/pkgconfig/robot_relate_python.pc'
[1.582s] Level 1:colcon.colcon_core.environment:checking '/home/zr/code/src/install/robot_relate_python/lib/python3.10/site-packages'
[1.582s] Level 1:colcon.colcon_core.shell:create_environment_hook('robot_relate_python', 'pythonpath')
[1.582s] INFO:colcon.colcon_core.shell:Creating environment hook '/home/zr/code/src/install/robot_relate_python/share/robot_relate_python/hook/pythonpath.ps1'
[1.582s] INFO:colcon.colcon_core.shell:Creating environment descriptor '/home/zr/code/src/install/robot_relate_python/share/robot_relate_python/hook/pythonpath.dsv'
[1.583s] INFO:colcon.colcon_core.shell:Creating environment hook '/home/zr/code/src/install/robot_relate_python/share/robot_relate_python/hook/pythonpath.sh'
[1.583s] Level 1:colcon.colcon_core.environment:checking '/home/zr/code/src/install/robot_relate_python/bin'
[1.583s] Level 1:colcon.colcon_core.environment:create_environment_scripts_only(robot_relate_python)
[1.583s] INFO:colcon.colcon_core.shell:Creating package script '/home/zr/code/src/install/robot_relate_python/share/robot_relate_python/package.ps1'
[1.584s] INFO:colcon.colcon_core.shell:Creating package descriptor '/home/zr/code/src/install/robot_relate_python/share/robot_relate_python/package.dsv'
[1.584s] INFO:colcon.colcon_core.shell:Creating package script '/home/zr/code/src/install/robot_relate_python/share/robot_relate_python/package.sh'
[1.584s] INFO:colcon.colcon_core.shell:Creating package script '/home/zr/code/src/install/robot_relate_python/share/robot_relate_python/package.bash'
[1.585s] INFO:colcon.colcon_core.shell:Creating package script '/home/zr/code/src/install/robot_relate_python/share/robot_relate_python/package.zsh'
[1.585s] Level 1:colcon.colcon_core.environment:create_file_with_runtime_dependencies(/home/zr/code/src/install/robot_relate_python/share/colcon-core/packages/robot_relate_python)
[1.660s] Level 1:colcon.colcon_core.environment:create_environment_scripts_only(sim_amcl_bringup)
[1.661s] Level 1:colcon.colcon_core.environment:checking '/home/zr/code/src/install/sim_amcl_bringup' for CMake module files
[1.661s] DEBUG:colcon.colcon_core.event_handler.log_command:Invoked command in '/home/zr/code/src/build/sim_amcl_bringup' returned '0': CMAKE_PREFIX_PATH=${CMAKE_PREFIX_PATH}:/home/zr/code/src/install/robot_relate_python:/opt/ros/humble /usr/bin/cmake --install /home/zr/code/src/build/sim_amcl_bringup
[1.662s] Level 1:colcon.colcon_core.environment:checking '/home/zr/code/src/install/sim_amcl_bringup' for CMake config files
[1.662s] Level 1:colcon.colcon_core.shell:create_environment_hook('sim_amcl_bringup', 'cmake_prefix_path')
[1.662s] INFO:colcon.colcon_core.shell:Creating environment hook '/home/zr/code/src/install/sim_amcl_bringup/share/sim_amcl_bringup/hook/cmake_prefix_path.ps1'
[1.663s] INFO:colcon.colcon_core.shell:Creating environment descriptor '/home/zr/code/src/install/sim_amcl_bringup/share/sim_amcl_bringup/hook/cmake_prefix_path.dsv'
[1.663s] INFO:colcon.colcon_core.shell:Creating environment hook '/home/zr/code/src/install/sim_amcl_bringup/share/sim_amcl_bringup/hook/cmake_prefix_path.sh'
[1.663s] Level 1:colcon.colcon_core.environment:checking '/home/zr/code/src/install/sim_amcl_bringup/bin'
[1.664s] Level 1:colcon.colcon_core.environment:checking '/home/zr/code/src/install/sim_amcl_bringup/lib/pkgconfig/sim_amcl_bringup.pc'
[1.664s] Level 1:colcon.colcon_core.environment:checking '/home/zr/code/src/install/sim_amcl_bringup/lib/python3.10/site-packages'
[1.664s] Level 1:colcon.colcon_core.environment:checking '/home/zr/code/src/install/sim_amcl_bringup/bin'
[1.664s] INFO:colcon.colcon_core.shell:Creating package script '/home/zr/code/src/install/sim_amcl_bringup/share/sim_amcl_bringup/package.ps1'
[1.665s] INFO:colcon.colcon_core.shell:Creating package descriptor '/home/zr/code/src/install/sim_amcl_bringup/share/sim_amcl_bringup/package.dsv'
[1.665s] INFO:colcon.colcon_core.shell:Creating package script '/home/zr/code/src/install/sim_amcl_bringup/share/sim_amcl_bringup/package.sh'
[1.665s] INFO:colcon.colcon_core.shell:Creating package script '/home/zr/code/src/install/sim_amcl_bringup/share/sim_amcl_bringup/package.bash'
[1.665s] INFO:colcon.colcon_core.shell:Creating package script '/home/zr/code/src/install/sim_amcl_bringup/share/sim_amcl_bringup/package.zsh'
[1.666s] Level 1:colcon.colcon_core.environment:create_file_with_runtime_dependencies(/home/zr/code/src/install/sim_amcl_bringup/share/colcon-core/packages/sim_amcl_bringup)
[1.666s] Level 1:colcon.colcon_core.environment:create_environment_scripts_only(sim_amcl_bringup)
[1.666s] Level 1:colcon.colcon_core.environment:checking '/home/zr/code/src/install/sim_amcl_bringup' for CMake module files
[1.667s] Level 1:colcon.colcon_core.environment:checking '/home/zr/code/src/install/sim_amcl_bringup' for CMake config files
[1.667s] Level 1:colcon.colcon_core.shell:create_environment_hook('sim_amcl_bringup', 'cmake_prefix_path')
[1.667s] INFO:colcon.colcon_core.shell:Creating environment hook '/home/zr/code/src/install/sim_amcl_bringup/share/sim_amcl_bringup/hook/cmake_prefix_path.ps1'
[1.667s] INFO:colcon.colcon_core.shell:Creating environment descriptor '/home/zr/code/src/install/sim_amcl_bringup/share/sim_amcl_bringup/hook/cmake_prefix_path.dsv'
[1.667s] INFO:colcon.colcon_core.shell:Creating environment hook '/home/zr/code/src/install/sim_amcl_bringup/share/sim_amcl_bringup/hook/cmake_prefix_path.sh'
[1.668s] Level 1:colcon.colcon_core.environment:checking '/home/zr/code/src/install/sim_amcl_bringup/bin'
[1.668s] Level 1:colcon.colcon_core.environment:checking '/home/zr/code/src/install/sim_amcl_bringup/lib/pkgconfig/sim_amcl_bringup.pc'
[1.668s] Level 1:colcon.colcon_core.environment:checking '/home/zr/code/src/install/sim_amcl_bringup/lib/python3.10/site-packages'
[1.668s] Level 1:colcon.colcon_core.environment:checking '/home/zr/code/src/install/sim_amcl_bringup/bin'
[1.668s] INFO:colcon.colcon_core.shell:Creating package script '/home/zr/code/src/install/sim_amcl_bringup/share/sim_amcl_bringup/package.ps1'
[1.669s] INFO:colcon.colcon_core.shell:Creating package descriptor '/home/zr/code/src/install/sim_amcl_bringup/share/sim_amcl_bringup/package.dsv'
[1.669s] INFO:colcon.colcon_core.shell:Creating package script '/home/zr/code/src/install/sim_amcl_bringup/share/sim_amcl_bringup/package.sh'
[1.670s] INFO:colcon.colcon_core.shell:Creating package script '/home/zr/code/src/install/sim_amcl_bringup/share/sim_amcl_bringup/package.bash'
[1.670s] INFO:colcon.colcon_core.shell:Creating package script '/home/zr/code/src/install/sim_amcl_bringup/share/sim_amcl_bringup/package.zsh'
[1.670s] Level 1:colcon.colcon_core.environment:create_file_with_runtime_dependencies(/home/zr/code/src/install/sim_amcl_bringup/share/colcon-core/packages/sim_amcl_bringup)
[1.670s] DEBUG:colcon.colcon_parallel_executor.executor.parallel:closing loop
[1.671s] DEBUG:colcon.colcon_parallel_executor.executor.parallel:loop closed
[1.671s] DEBUG:colcon.colcon_parallel_executor.executor.parallel:run_until_complete finished with '0'
[1.671s] DEBUG:colcon.colcon_core.event_reactor:joining thread
[1.677s] INFO:colcon.colcon_core.plugin_system:Skipping extension 'colcon_notification.desktop_notification.terminal_notifier': Not used on non-Darwin systems
[1.677s] INFO:colcon.colcon_core.plugin_system:Skipping extension 'colcon_notification.desktop_notification.win32': Not used on non-Windows systems
[1.677s] INFO:colcon.colcon_notification.desktop_notification:Sending desktop notification using 'notify2'
[1.688s] DEBUG:colcon.colcon_core.event_reactor:joined thread
[1.689s] INFO:colcon.colcon_core.shell:Creating prefix script '/home/zr/code/src/install/local_setup.ps1'
[1.690s] INFO:colcon.colcon_core.shell:Creating prefix util module '/home/zr/code/src/install/_local_setup_util_ps1.py'
[1.691s] INFO:colcon.colcon_core.shell:Creating prefix chain script '/home/zr/code/src/install/setup.ps1'
[1.694s] INFO:colcon.colcon_core.shell:Creating prefix script '/home/zr/code/src/install/local_setup.sh'
[1.695s] INFO:colcon.colcon_core.shell:Creating prefix util module '/home/zr/code/src/install/_local_setup_util_sh.py'
[1.695s] INFO:colcon.colcon_core.shell:Creating prefix chain script '/home/zr/code/src/install/setup.sh'
[1.697s] INFO:colcon.colcon_core.shell:Creating prefix script '/home/zr/code/src/install/local_setup.bash'
[1.698s] INFO:colcon.colcon_core.shell:Creating prefix chain script '/home/zr/code/src/install/setup.bash'
[1.700s] INFO:colcon.colcon_core.shell:Creating prefix script '/home/zr/code/src/install/local_setup.zsh'
[1.700s] INFO:colcon.colcon_core.shell:Creating prefix chain script '/home/zr/code/src/install/setup.zsh'
